cpc_AnyKeyPressed
cpc_AssignKey
cpc_Bit2Mask
cpc_bitleft2mask
cpc_bitright2mask
cpc_DeleteKeys
cpc_GetScrAddress
cpc_GetScrAddress0
cpc_InvalidateRect
cpc_KeysData
cpc_PutSpTileMap
cpc_PutSpTileMap12x24CA
cpc_PutSpTileMap16x16PxM1
cpc_PutSpTileMap16x24PxM1
cpc_PutSPTileMap2Bx8
cpc_PutSPTileMap4Bx16
cpc_PutSPTileMap4Bx24
cpc_PutSPTileMap4x8Px
cpc_PutSpTileMap8x16Px
cpc_PutSpTileMap8x24Px
cpc_PutSpTileMap8x8Px
cpc_PutSpTileMap8x8PxM1
cpc_PutTrSp12x24TileMapGCA
cpc_PutTrSp16x16TileMapGPxM1
cpc_PutTrSp16x16TileMapGPxM1P
cpc_PutTrSp16x16TileMapPxM1
cpc_PutTrSp16x24TileMapGPxM1P
cpc_PutTrSp16x24TileMapPxM1
cpc_PutTrSp2Bx8TileMap
cpc_PutTrSp2Bx8TileMapG
cpc_PutTrSp4Bx16TileMap
cpc_PutTrSp4Bx16TileMapG
cpc_PutTrSp4Bx24TileMap
cpc_PutTrSp4Bx24TileMapG
cpc_PutTrSp4x8TileMapGPx
cpc_PutTrSp4x8TileMapPx
cpc_PutTrSp8x16TileMapGPx
cpc_PutTrSp8x16TileMapGPxP
cpc_PutTrSp8x16TileMapPx
cpc_PutTrSp8x24TileMapGPx
cpc_PutTrSp8x24TileMapGPxP
cpc_PutTrSp8x24TileMapPx
cpc_PutTrSp8x8TileMapGPxM1
cpc_PutTrSp8x8TileMapPx
cpc_PutTrSp8x8TileMapPxM1
cpc_RedefineKey
cpc_ResetTouchedTiles
cpc_ScanKeyboard
cpc_SetMode
cpc_ShowTileMap
cpc_ShowTouchedTiles
cpc_TblLookup
cpc_TestKey
cpc_TestKeyboard
cpc_TestKeyF
cpc_UpdateTileMap
cpc_UpdScr
cpc_UpdScrM1P
cpc_UpdScrP
cpc_UpdTileTable
