ACFAIL				= C28C, L: SPADDCOLSPR
ACLOOP				= C20F, L: SPADDCOLSPR
ACNOCRY				= C1FE, L: SPADDCOLSPR
ACNOCRY3			= C25F, L: SPADDCOLSPR
ADJLOOP				= D51C, L: SPMOVESPRABS
ADJUSTGRAPHICS			= D65F, L: SPMOVESPRABS
APBRANCH1			= 5EE7, L: CHURROMAIN
APBRANCH2			= 5F2A, L: CHURROMAIN
APBRANCH3			= 5F16, L: CHURROMAIN
APBRANCH4			= 5F0D, L: CHURROMAIN
APGET4BITS			= 5EFF, L: CHURROMAIN
APLOOP				= 5EEC, L: CHURROMAIN
APLOOP0				= 5EE9, L: CHURROMAIN
APSKIP2				= 5F49, L: CHURROMAIN
APSKIP3				= 5F52, L: CHURROMAIN
APWRITEBYTE			= 5F09, L: CHURROMAIN
AP_FINISHUP			= 5F55, L: CHURROMAIN
AP_FINISHUP2			= 5F58, L: CHURROMAIN
AP_GETBIT			= 5F6B, L: CHURROMAIN
AP_GETGAMMA			= 5F77, L: CHURROMAIN
AP_GETGAMMALOOP			= 5F7A, L: CHURROMAIN
AP_R0_GAMMA			= 5F5F, L: CHURROMAIN
ATMAXCOUNT			= C478, L: SPGETKEY
BROKEN				= D768, L: SPINTRECT
BUCLE				= 95EF, L: CHURROMAIN
BUCLE1				= 95F2, L: CHURROMAIN
BUCLE2				= 95FA, L: CHURROMAIN
CLEAR				= DA2C, L: SPUPDATENOW
CLEARB1				= 95DA, L: CHURROMAIN
CLEARB2				= 95DD, L: CHURROMAIN
COLOURSPRITE			= DA22, L: SPUPDATENOW
COMPUTEDISP			= D63C, L: SPMOVESPRABS
CONT				= C3DE, L: SPCREATESPR
CONT1				= C5C0, L: SPINITIALIZE
COPYBUFFER			= DA37, L: SPUPDATENOW
COUNT				= C432, L: SPGETKEY
CSENTER				= C3C7, L: SPCREATESPR
CSFAIL1				= C3FF, L: SPCREATESPR
CSFAIL2				= C401, L: SPCREATESPR
CSLOOP				= C3B3, L: SPCREATESPR
CSNOCRY				= C3F5, L: SPCREATESPR
DEPACK				= 5EE4, L: CHURROMAIN
DIRTYAREA			= D856, L: SPUPDATENOW
DIRTYLOOP			= D830, L: SPUPDATENOW
DOSIGN				= C122, L: L_DIV
DOSPRITE			= D918, L: SPUPDATENOW
DRAWCHAR			= D8C6, L: SPUPDATENOW
ENTRY				= C12D, L: L_DIV_U
ENTRYLP				= C59C, L: SPINITIALIZE
IB1				= C2D9, L: SPADDMEMORY
IB2				= C2E0, L: SPADDMEMORY
INVALIDATE			= D62D, L: SPMOVESPRABS
INVCOLLP			= D6B3, L: SPINVALIDATE
INVFULLCHAR			= D6C6, L: SPINVALIDATE
INVROWLP			= D6C8, L: SPINVALIDATE
I_1				= BFF0, L: CHURROMAIN
I_100				= 957C, L: CHURROMAIN
I_101				= 957F, L: CHURROMAIN
I_102				= 95BD, L: CHURROMAIN
I_103				= 95C2, L: CHURROMAIN
I_104				= 96D1, L: CHURROMAIN
I_105				= 96FC, L: CHURROMAIN
I_106				= 9702, L: CHURROMAIN
I_107				= 970F, L: CHURROMAIN
I_108				= 972C, L: CHURROMAIN
I_109				= 973F, L: CHURROMAIN
I_110				= 981A, L: CHURROMAIN
I_111				= 9817, L: CHURROMAIN
I_112				= 97DC, L: CHURROMAIN
I_113				= 97D2, L: CHURROMAIN
I_114				= 97D5, L: CHURROMAIN
I_115				= 97DF, L: CHURROMAIN
I_116				= 98D7, L: CHURROMAIN
I_117				= 98D7, L: CHURROMAIN
I_118				= 983C, L: CHURROMAIN
I_119_I_118			= 983F, L: CHURROMAIN
I_120				= 98D7, L: CHURROMAIN
I_121				= 98D7, L: CHURROMAIN
I_122				= 98A3, L: CHURROMAIN
I_123				= 9899, L: CHURROMAIN
I_124				= 989C, L: CHURROMAIN
I_125				= 98A6, L: CHURROMAIN
I_126				= 99A1, L: CHURROMAIN
I_127				= 9903, L: CHURROMAIN
I_129				= 998C, L: CHURROMAIN
I_130				= 997B, L: CHURROMAIN
I_131				= 996E, L: CHURROMAIN
I_132				= 9964, L: CHURROMAIN
I_133				= 9967, L: CHURROMAIN
I_134				= 9971, L: CHURROMAIN
I_135				= 997E, L: CHURROMAIN
I_136				= 998A, L: CHURROMAIN
I_138_I_129			= 998F, L: CHURROMAIN
I_139				= 9A26, L: CHURROMAIN
I_140				= 99CD, L: CHURROMAIN
I_142				= 99D3, L: CHURROMAIN
I_143_I_142			= 99D6, L: CHURROMAIN
I_144				= 9A14, L: CHURROMAIN
I_145				= 9A26, L: CHURROMAIN
I_146				= 9A4A, L: CHURROMAIN
I_147				= 9A42, L: CHURROMAIN
I_148_I_147			= 9A45, L: CHURROMAIN
I_149				= 9AE6, L: CHURROMAIN
I_150				= 9A7B, L: CHURROMAIN
I_151				= 9A7E, L: CHURROMAIN
I_152				= 9AB8, L: CHURROMAIN
I_153				= 9AB5, L: CHURROMAIN
I_154				= 9AE6, L: CHURROMAIN
I_155				= 9AE6, L: CHURROMAIN
I_156				= 9AE6, L: CHURROMAIN
I_157				= 9B18, L: CHURROMAIN
I_158				= 9B18, L: CHURROMAIN
I_159				= 9B4A, L: CHURROMAIN
I_160				= 9B4A, L: CHURROMAIN
I_161				= 9B67, L: CHURROMAIN
I_162				= 9B7A, L: CHURROMAIN
I_163				= 9C32, L: CHURROMAIN
I_164				= 9C2F, L: CHURROMAIN
I_165				= 9BF4, L: CHURROMAIN
I_166				= 9BEA, L: CHURROMAIN
I_167				= 9BED, L: CHURROMAIN
I_168				= 9BF7, L: CHURROMAIN
I_169				= 9CBD, L: CHURROMAIN
I_170				= 9CBD, L: CHURROMAIN
I_171				= 9C89, L: CHURROMAIN
I_172				= 9C7F, L: CHURROMAIN
I_173				= 9C82, L: CHURROMAIN
I_174				= 9C8C, L: CHURROMAIN
I_175				= 9DC5, L: CHURROMAIN
I_176				= 9D7C, L: CHURROMAIN
I_177				= 9CFE, L: CHURROMAIN
I_178				= 9D01, L: CHURROMAIN
I_179				= 9D30, L: CHURROMAIN
I_180				= 9D33, L: CHURROMAIN
I_181				= 9D72, L: CHURROMAIN
I_182				= 9D75, L: CHURROMAIN
I_183				= 9D7F, L: CHURROMAIN
I_184				= 9F32, L: CHURROMAIN
I_185				= 9E8E, L: CHURROMAIN
I_186				= 9E0B, L: CHURROMAIN
I_186_I_187			= 9E12, L: CHURROMAIN
I_187				= 9E0D, L: CHURROMAIN
I_188				= 9E3D, L: CHURROMAIN
I_188_I_189			= 9E44, L: CHURROMAIN
I_189				= 9E3F, L: CHURROMAIN
I_19				= 7F39, L: CHURROMAIN
I_190				= 9E84, L: CHURROMAIN
I_191				= 9E87, L: CHURROMAIN
I_192				= 9E91, L: CHURROMAIN
I_193				= 9EF8, L: CHURROMAIN
I_194				= 9EB0, L: CHURROMAIN
I_196				= 9EF5, L: CHURROMAIN
I_197				= 9EE7, L: CHURROMAIN
I_198				= 9F2F, L: CHURROMAIN
I_199				= 9F27, L: CHURROMAIN
I_20				= 7F9C, L: CHURROMAIN
I_200				= 9F2F, L: CHURROMAIN
I_201				= 9F41, L: CHURROMAIN
I_202				= 9F41, L: CHURROMAIN
I_203				= 9F6D, L: CHURROMAIN
I_204				= 9FAC, L: CHURROMAIN
I_205				= 9F97, L: CHURROMAIN
I_206_I_205			= 9F9A, L: CHURROMAIN
I_207				= 9FEB, L: CHURROMAIN
I_208				= 9FD6, L: CHURROMAIN
I_209_I_208			= 9FD9, L: CHURROMAIN
I_21				= 7F3E, L: CHURROMAIN
I_210				= A03B, L: CHURROMAIN
I_211				= A025, L: CHURROMAIN
I_212_I_211			= A028, L: CHURROMAIN
I_213				= A066, L: CHURROMAIN
I_214				= A058, L: CHURROMAIN
I_215				= A063, L: CHURROMAIN
I_216				= A14B, L: CHURROMAIN
I_217				= A091, L: CHURROMAIN
I_218				= A083, L: CHURROMAIN
I_219				= A08E, L: CHURROMAIN
I_22				= 7F5F, L: CHURROMAIN
I_220				= A14B, L: CHURROMAIN
I_221				= A0B5, L: CHURROMAIN
I_222				= A105, L: CHURROMAIN
I_223				= A0DA, L: CHURROMAIN
I_224				= A0CC, L: CHURROMAIN
I_226				= A102, L: CHURROMAIN
I_227				= A0EF, L: CHURROMAIN
I_228				= A102, L: CHURROMAIN
I_229				= A102, L: CHURROMAIN
I_23				= 7F99, L: CHURROMAIN
I_230				= A14B, L: CHURROMAIN
I_231				= A123, L: CHURROMAIN
I_232				= A115, L: CHURROMAIN
I_234				= A14B, L: CHURROMAIN
I_235				= A138, L: CHURROMAIN
I_236				= A14B, L: CHURROMAIN
I_237				= A14B, L: CHURROMAIN
I_238				= A1F0, L: CHURROMAIN
I_239				= A219, L: CHURROMAIN
I_24				= 7F64, L: CHURROMAIN
I_240				= A1F5, L: CHURROMAIN
I_241				= A224, L: CHURROMAIN
I_242				= A256, L: CHURROMAIN
I_243				= A229, L: CHURROMAIN
I_244				= A289, L: CHURROMAIN
I_245				= A429, L: CHURROMAIN
I_246				= A28E, L: CHURROMAIN
I_247				= A2FA, L: CHURROMAIN
I_248				= A2F0, L: CHURROMAIN
I_249_I_248			= A2F3, L: CHURROMAIN
I_25				= 8144, L: CHURROMAIN
I_250				= A325, L: CHURROMAIN
I_251				= A31B, L: CHURROMAIN
I_252_I_251			= A31E, L: CHURROMAIN
I_253				= A3A3, L: CHURROMAIN
I_254				= A426, L: CHURROMAIN
I_255				= A521, L: CHURROMAIN
I_256				= A521, L: CHURROMAIN
I_257				= A54C, L: CHURROMAIN
I_258				= A813, L: CHURROMAIN
I_259				= A551, L: CHURROMAIN
I_26				= 81A2, L: CHURROMAIN
I_261				= A810, L: CHURROMAIN
I_262				= A5AA, L: CHURROMAIN
I_263				= A5CC, L: CHURROMAIN
I_264				= A6A7, L: CHURROMAIN
I_265				= A6C7, L: CHURROMAIN
I_266				= A6CA, L: CHURROMAIN
I_267				= A6CA, L: CHURROMAIN
I_268				= A6CA, L: CHURROMAIN
I_269				= A6CA, L: CHURROMAIN
I_27				= 87B3, L: CHURROMAIN
I_270				= A718, L: CHURROMAIN
I_271				= A855, L: CHURROMAIN
I_272				= B745, L: CHURROMAIN
I_273				= A85A, L: CHURROMAIN
I_274				= B742, L: CHURROMAIN
I_275				= A8A6, L: CHURROMAIN
I_277				= AB1A, L: CHURROMAIN
I_279				= AB1A, L: CHURROMAIN
I_28				= 87C9, L: CHURROMAIN
I_280				= A9F3, L: CHURROMAIN
I_281				= AA15, L: CHURROMAIN
I_282				= AA4D, L: CHURROMAIN
I_283				= AA50, L: CHURROMAIN
I_284				= AA57, L: CHURROMAIN
I_285				= AA8F, L: CHURROMAIN
I_286				= AA92, L: CHURROMAIN
I_287				= AA99, L: CHURROMAIN
I_288				= AA99, L: CHURROMAIN
I_289				= AA99, L: CHURROMAIN
I_29				= 87C6, L: CHURROMAIN
I_290				= AAD1, L: CHURROMAIN
I_291				= AAD4, L: CHURROMAIN
I_292				= AADB, L: CHURROMAIN
I_293				= AB13, L: CHURROMAIN
I_294				= AB16, L: CHURROMAIN
I_295				= ABDB, L: CHURROMAIN
I_296				= AB88, L: CHURROMAIN
I_298				= AC16, L: CHURROMAIN
I_299				= B195, L: CHURROMAIN
I_30				= 884D, L: CHURROMAIN
I_300				= ADA7, L: CHURROMAIN
I_301				= ADA4, L: CHURROMAIN
I_302				= ACE2, L: CHURROMAIN
I_303_I_302			= ACE5, L: CHURROMAIN
I_304				= ADA4, L: CHURROMAIN
I_305				= ADA4, L: CHURROMAIN
I_306				= AD86, L: CHURROMAIN
I_307				= AD7C, L: CHURROMAIN
I_308				= AD7F, L: CHURROMAIN
I_309				= AD89, L: CHURROMAIN
I_31				= 8892, L: CHURROMAIN
I_310				= AF02, L: CHURROMAIN
I_311				= AF02, L: CHURROMAIN
I_312				= AF02, L: CHURROMAIN
I_313				= AE40, L: CHURROMAIN
I_314_I_313			= AE43, L: CHURROMAIN
I_315				= AF02, L: CHURROMAIN
I_316				= AF02, L: CHURROMAIN
I_317				= AEE6, L: CHURROMAIN
I_318				= AEDC, L: CHURROMAIN
I_319				= AEDF, L: CHURROMAIN
I_32				= 8863, L: CHURROMAIN
I_320				= AEE9, L: CHURROMAIN
I_321				= B192, L: CHURROMAIN
I_322				= AFBE, L: CHURROMAIN
I_323_I_322			= AFC1, L: CHURROMAIN
I_324				= B0EA, L: CHURROMAIN
I_325				= B0E7, L: CHURROMAIN
I_326				= B0C1, L: CHURROMAIN
I_327				= B0B7, L: CHURROMAIN
I_328				= B0BA, L: CHURROMAIN
I_329				= B0C4, L: CHURROMAIN
I_33				= 888F, L: CHURROMAIN
I_330				= B192, L: CHURROMAIN
I_331				= B192, L: CHURROMAIN
I_332				= B192, L: CHURROMAIN
I_333				= B16E, L: CHURROMAIN
I_334				= B164, L: CHURROMAIN
I_335				= B167, L: CHURROMAIN
I_336				= B171, L: CHURROMAIN
I_337				= B265, L: CHURROMAIN
I_338				= B265, L: CHURROMAIN
I_339				= B1FB, L: CHURROMAIN
I_34				= 8879, L: CHURROMAIN
I_340_I_339			= B1FE, L: CHURROMAIN
I_341				= B249, L: CHURROMAIN
I_342				= B258, L: CHURROMAIN
I_343				= B61D, L: CHURROMAIN
I_344				= B2B1, L: CHURROMAIN
I_346				= B48B, L: CHURROMAIN
I_347				= B338, L: CHURROMAIN
I_348				= B30E, L: CHURROMAIN
I_349_I_348			= B311, L: CHURROMAIN
I_35				= 888F, L: CHURROMAIN
I_350				= B3A8, L: CHURROMAIN
I_351				= B3A8, L: CHURROMAIN
I_352				= B381, L: CHURROMAIN
I_353_I_352			= B384, L: CHURROMAIN
I_354				= B41B, L: CHURROMAIN
I_355				= B3F1, L: CHURROMAIN
I_356_I_355			= B3F4, L: CHURROMAIN
I_357				= B48B, L: CHURROMAIN
I_358				= B48B, L: CHURROMAIN
I_359				= B464, L: CHURROMAIN
I_36				= 888F, L: CHURROMAIN
I_360_I_359			= B467, L: CHURROMAIN
I_361				= B50E, L: CHURROMAIN
I_362				= B551, L: CHURROMAIN
I_363				= B594, L: CHURROMAIN
I_364				= B5D7, L: CHURROMAIN
I_365				= B61A, L: CHURROMAIN
I_366				= B742, L: CHURROMAIN
I_367				= B6B1, L: CHURROMAIN
I_368				= B671, L: CHURROMAIN
I_37				= 88A8, L: CHURROMAIN
I_370				= B742, L: CHURROMAIN
I_371				= B702, L: CHURROMAIN
I_373				= B7A8, L: CHURROMAIN
I_374				= B7B2, L: CHURROMAIN
I_375				= B78A, L: CHURROMAIN
I_376				= B815, L: CHURROMAIN
I_377				= B8AF, L: CHURROMAIN
I_378				= B81A, L: CHURROMAIN
I_379				= B8AF, L: CHURROMAIN
I_38				= 88CB, L: CHURROMAIN
I_380				= BFEE, L: CHURROMAIN
I_381				= B92F, L: CHURROMAIN
I_382				= BFEB, L: CHURROMAIN
I_383				= B96B, L: CHURROMAIN
I_384				= B9B6, L: CHURROMAIN
I_385				= B992, L: CHURROMAIN
I_386				= B999, L: CHURROMAIN
I_387				= B9ED, L: CHURROMAIN
I_388				= BA15, L: CHURROMAIN
I_389				= BBDB, L: CHURROMAIN
I_39				= 88AD, L: CHURROMAIN
I_390				= BA1A, L: CHURROMAIN
I_391				= BACA, L: CHURROMAIN
I_392				= BA7B, L: CHURROMAIN
I_394				= BB0D, L: CHURROMAIN
I_395				= BC3E, L: CHURROMAIN
I_396				= BC3E, L: CHURROMAIN
I_397				= BC26, L: CHURROMAIN
I_398_I_397			= BC29, L: CHURROMAIN
I_399				= BCBA, L: CHURROMAIN
I_40				= 891C, L: CHURROMAIN
I_400				= BC5B, L: CHURROMAIN
I_402				= BCE2, L: CHURROMAIN
I_403				= BD08, L: CHURROMAIN
I_404				= BD08, L: CHURROMAIN
I_405				= BE36, L: CHURROMAIN
I_406				= BD5F, L: CHURROMAIN
I_407_I_406			= BD62, L: CHURROMAIN
I_408				= BDE4, L: CHURROMAIN
I_409				= BDC6, L: CHURROMAIN
I_41				= 893F, L: CHURROMAIN
I_410				= BE29, L: CHURROMAIN
I_411				= BE29, L: CHURROMAIN
I_412				= BE47, L: CHURROMAIN
I_413				= BE94, L: CHURROMAIN
I_414				= BE94, L: CHURROMAIN
I_415				= BEC0, L: CHURROMAIN
I_416				= BEAC, L: CHURROMAIN
I_417_I_416			= BEAF, L: CHURROMAIN
I_418				= BEEC, L: CHURROMAIN
I_419				= BED8, L: CHURROMAIN
I_42				= 8921, L: CHURROMAIN
I_420_I_419			= BEDB, L: CHURROMAIN
I_421				= BF2C, L: CHURROMAIN
I_422				= BF11, L: CHURROMAIN
I_422_UGE			= BF0F, L: CHURROMAIN
I_423_I_422			= BF14, L: CHURROMAIN
I_424				= BF91, L: CHURROMAIN
I_425				= BF44, L: CHURROMAIN
I_426_I_425			= BF47, L: CHURROMAIN
I_427				= BF6D, L: CHURROMAIN
I_428				= BF91, L: CHURROMAIN
I_429				= BFAB, L: CHURROMAIN
I_430				= BFC3, L: CHURROMAIN
I_431				= BFC3, L: CHURROMAIN
I_432				= BFE8, L: CHURROMAIN
I_433				= BFD8, L: CHURROMAIN
I_45				= 8FE6, L: CHURROMAIN
I_46				= 8FED, L: CHURROMAIN
I_47				= 944F, L: CHURROMAIN
I_48				= 9002, L: CHURROMAIN
I_49				= 901C, L: CHURROMAIN
I_50				= 91F4, L: CHURROMAIN
I_52				= 91F1, L: CHURROMAIN
I_53				= 9035, L: CHURROMAIN
I_54				= 905C, L: CHURROMAIN
I_55				= 907E, L: CHURROMAIN
I_56				= 9106, L: CHURROMAIN
I_57				= 9109, L: CHURROMAIN
I_58				= 911A, L: CHURROMAIN
I_59				= 915B, L: CHURROMAIN
I_60				= 915E, L: CHURROMAIN
I_61				= 916F, L: CHURROMAIN
I_62				= 91B0, L: CHURROMAIN
I_63				= 91B3, L: CHURROMAIN
I_64				= 91C4, L: CHURROMAIN
I_65				= 91DD, L: CHURROMAIN
I_66				= 91E0, L: CHURROMAIN
I_67				= 9446, L: CHURROMAIN
I_68				= 9202, L: CHURROMAIN
I_69				= 9446, L: CHURROMAIN
I_71				= 9443, L: CHURROMAIN
I_72				= 921B, L: CHURROMAIN
I_73				= 9274, L: CHURROMAIN
I_74				= 9287, L: CHURROMAIN
I_75				= 92A0, L: CHURROMAIN
I_76				= 933B, L: CHURROMAIN
I_77				= 934D, L: CHURROMAIN
I_78				= 9364, L: CHURROMAIN
I_79				= 9392, L: CHURROMAIN
I_80				= 939D, L: CHURROMAIN
I_81				= 93A8, L: CHURROMAIN
I_82				= 93B3, L: CHURROMAIN
I_83				= 93BE, L: CHURROMAIN
I_84				= 93C9, L: CHURROMAIN
I_85				= 93CF, L: CHURROMAIN
I_86				= 93DC, L: CHURROMAIN
I_87				= 93E2, L: CHURROMAIN
I_88				= 93E9, L: CHURROMAIN
I_89				= 942A, L: CHURROMAIN
I_90				= 93FE, L: CHURROMAIN
I_91				= 942D, L: CHURROMAIN
I_92				= 943C, L: CHURROMAIN
I_93				= 9479, L: CHURROMAIN
I_94				= 9475, L: CHURROMAIN
I_96				= 94A8, L: CHURROMAIN
I_97				= 9510, L: CHURROMAIN
I_98				= 94AD, L: CHURROMAIN
I_99				= 950D, L: CHURROMAIN
JKLOOP				= D47F, L: SPJOYKEYBOARD
JPHL				= C40A, L: SPCREATESPR
JPHL				= C2B7, L: SPDELETESPR
JPHL				= C29D, L: SPADDCOLSPR
KEMPTBL				= D444, L: SPJOYKEMPSTON
KEYOK				= C42C, L: SP_GETKEY
KEYROWLOOP			= C452, L: SPGETKEY
LOADNOROTATE			= DB20, L: SPUPDATENOW
LOADTYPE			= DAB2, L: SPUPDATENOW
LOOP				= C5B8, L: SPINITIALIZE
LOOP				= C2A2, L: SPDELETESPR
L_AND				= C0D3, G: L_AND
L_ASL				= C0DA, G: L_ASL
L_ASL1				= C0DB, L: L_ASL
L_ASR				= C0E1, G: L_ASR
L_ASR1				= C0E2, L: L_ASR
L_ASR_U				= C0EB, G: L_ASR_U
L_ASR_U_1			= C0EC, L: L_ASR_U
L_DIV				= C0F5, G: L_DIV
L_DIV0				= C105, L: L_DIV
L_DIV01				= C111, L: L_DIV
L_DIV1				= C134, L: L_DIV_U
L_DIV2				= C13E, L: L_DIV_U
L_DIV_U				= C129, G: L_DIV_U
L_EQ				= C148, G: L_EQ
L_GCHAR				= C14F, G: L_GCHAR
L_GE				= C155, G: L_GE
L_GINT				= C163, G: L_GINT
L_GT				= C168, G: L_GT
L_LE				= C174, G: L_LE
L_LNEG				= C182, G: L_LNEG
L_LT				= C187, G: L_LT
L_MULT				= C193, G: L_MULT
L_MULT1				= C19A, L: L_MULT
L_MULT2				= C1A1, L: L_MULT
L_NE				= C1A4, G: L_NE
L_NEG				= C1AB, G: L_NEG
L_PINT				= C1B3, G: L_PINT
L_SXT				= C1B9, G: L_SXT
L_SXT				= C150, L: L_GCHAR
L_UGE				= C1BE, G: L_UGE
L_ULE				= C1C6, G: L_ULE
L_ULT				= C1CE, G: L_ULT
MASKNOROTATE			= DA67, L: SPUPDATENOW
MUSICSTART			= BFEF, L: CHURROMAIN
MVCOLLOOP			= D569, L: SPMOVESPRABS
MVROWLOOP			= D56F, L: SPMOVESPRABS
NEXTDATA			= 7DC0, L: CHURROMAIN
NEXTRAND			= 959E, L: CHURROMAIN
NEXTSCANROW			= C467, L: SPGETKEY
NOADD				= C5CA, L: SPINITIALIZE
NOCAPS				= D4E0, L: SPKEYPRESSED
NOCAPS				= C4A5, L: SPGETKEY
NODEC1				= D5F9, L: SPMOVESPRABS
NOFIRE				= D47F, L: SPJOYKEYBOARD
NOINC				= D812, L: SPTILEENTRY
NOINC				= C561, L: SPTBLLOOKUP
NOINC1				= D848, L: SPUPDATENOW
NOINC1				= D6AF, L: SPINVALIDATE
NOINC1				= D591, L: SPMOVESPRABS
NOINC1				= C24B, L: SPADDCOLSPR
NOINC10				= D8FF, L: SPUPDATENOW
NOINC11				= D8A2, L: SPUPDATENOW
NOINC2				= D6C2, L: SPINVALIDATE
NOINC2				= D5CA, L: SPMOVESPRABS
NOINC3				= D6D3, L: SPINVALIDATE
NOINC3				= D5EB, L: SPMOVESPRABS
NOINC4				= D605, L: SPMOVESPRABS
NOINC5				= D66B, L: SPMOVESPRABS
NOKEYS				= C4B3, L: SPGETKEY
NOMORESPRITES			= DA59, L: SPUPDATENOW
NONEXT1				= D5A5, L: SPMOVESPRABS
NONEXT2				= D612, L: SPMOVESPRABS
NOPRESS				= D48A, L: SPJOYKEYBOARD
NOPRESS				= C462, L: SPGETKEY
NOSYM				= D4EC, L: SPKEYPRESSED
NOSYM				= C4B0, L: SPGETKEY
NOTACROSSBLK1			= D840, L: SPUPDATENOW
NOTACROSSBLK2			= D890, L: SPUPDATENOW
NOTCOMPRESS			= C3D9, L: SPCREATESPR
NOTDISPLAYED			= D612, L: SPMOVESPRABS
NOTDONE				= D579, L: SPMOVESPRABS
NOTINDLIST			= D5A5, L: SPMOVESPRABS
NOTLOAD				= D8F4, L: SPUPDATENOW
NOTNEGATIVE			= D65A, L: SPMOVESPRABS
ORNOROTATE			= DC7D, L: SPUPDATENOW
ORTYPE				= DBF7, L: SPUPDATENOW
PDLOOP				= D5C2, L: SPMOVESPRABS
PUTHERE				= D5DC, L: SPMOVESPRABS
RAND16				= 9582, L: CHURROMAIN
READDATA			= 7D68, L: CHURROMAIN
READDATA_SOUND			= 7D71, L: CHURROMAIN
REENTER				= D848, L: SPUPDATENOW
REPITATODO			= 95E9, L: CHURROMAIN
ROTLP				= C59F, L: SPINITIALIZE
ROTTBLLP			= C595, L: SPINITIALIZE
SCANLOOP			= C44E, L: SPGETKEY
SFXROUTINENOISE			= 7DC4, L: CHURROMAIN
SFXROUTINENOISE_BORDER		= 7DD2, L: CHURROMAIN
SFXROUTINENOISE_L0		= 7DCB, L: CHURROMAIN
SFXROUTINENOISE_L1		= 7DCF, L: CHURROMAIN
SFXROUTINENOISE_L2		= 7DDF, L: CHURROMAIN
SFXROUTINETONE			= 7D83, L: CHURROMAIN
SFXROUTINETONE_BORDER		= 7D9D, L: CHURROMAIN
SFXROUTINETONE_DUTY		= 7D98, L: CHURROMAIN
SFXROUTINETONE_L0		= 7D92, L: CHURROMAIN
SFXROUTINETONE_L1		= 7D96, L: CHURROMAIN
SINC1TBL			= D4A4, L: SPJOYSINCLAIR1
SKIP				= C48F, L: SPGETKEY
SKIP1				= D67B, L: SPMOVESPRABS
SKIP2				= D68B, L: SPMOVESPRABS
SOUNDEFFECTSDATA		= 7DF3, L: CHURROMAIN
SOUNDEFFECTSDATA_SFX0		= 7E0B, L: CHURROMAIN
SOUNDEFFECTSDATA_SFX1		= 7E17, L: CHURROMAIN
SOUNDEFFECTSDATA_SFX10		= 7EDD, L: CHURROMAIN
SOUNDEFFECTSDATA_SFX11		= 7EE5, L: CHURROMAIN
SOUNDEFFECTSDATA_SFX2		= 7E23, L: CHURROMAIN
SOUNDEFFECTSDATA_SFX3		= 7E3D, L: CHURROMAIN
SOUNDEFFECTSDATA_SFX4		= 7E49, L: CHURROMAIN
SOUNDEFFECTSDATA_SFX5		= 7E55, L: CHURROMAIN
SOUNDEFFECTSDATA_SFX6		= 7E61, L: CHURROMAIN
SOUNDEFFECTSDATA_SFX7		= 7E78, L: CHURROMAIN
SOUNDEFFECTSDATA_SFX8		= 7EBB, L: CHURROMAIN
SOUNDEFFECTSDATA_SFX9		= 7ED5, L: CHURROMAIN
SOUND_PLAY			= 7D57, L: CHURROMAIN
SPADDCOLSPR			= C1F3, G: SPADDCOLSPR
SPADDMEMORY			= C2D1, G: SPADDMEMORY
SPALLOC				= C322, G: SPBLOCKALLOC
SPBIT2MASK			= D7E2, G: SPBIT2MASK
SPBITLEFT2MASK			= D6E1, G: SPBITLEFT2MASK
SPBITRIGHT2MASK			= D6E9, G: SPBITRIGHT2MASK
SPBLOCKALLOC			= C318, G: SPBLOCKALLOC
SPBORDER			= C33D, G: SPBORDER
SPBORDERCLR			= C33C, G: SPBORDER
SPCOMPDIRTYADDR			= D6F1, G: SPCOMPDIRTYADDR
SPCOMPDLISTADDR			= D7EA, G: SPCOMPDLISTADDR
SPCREATESPR			= C362, G: SPCREATESPR
SPDELETESPR			= C29E, G: SPDELETESPR
SPDIRTYCHARS			= C5D2, G: SPDIRTYCHARS
SPDISPLAYLIST			= C632, G: SPDISPLAYLIST
SPDSLOOP			= C2AF, G: SPDELETESPR
SPFB1				= C2F2, G: SPFREEBLOCK
SPFB2				= C2FD, G: SPFREEBLOCK
SPFREEBLOCK			= C2ED, G: SPFREEBLOCK
SPGETKEY			= C447, G: SPGETKEY
SPINITIALIZE			= C56F, G: SPINITIALIZE
SPINKEY				= C436, G: SPGETKEY
SPINTRECT			= D706, G: SPINTRECT
SPINTSMALLIVAL			= D737, G: SPINTRECT
SPINVALIDATE			= D68E, G: SPINVALIDATE
SPINVALIDATEP			= D696, G: SPINVALIDATE
SPJOYKEMPSTON			= D439, G: SPJOYKEMPSTON
SPJOYKEYBOARD			= D472, G: SPJOYKEYBOARD
SPJOYSINCLAIR1			= D498, G: SPJOYSINCLAIR1
SPKEYDEBOUNCE			= C433, G: SPGETKEY
SPKEYPRESSED			= D4D4, G: SPKEYPRESSED
SPKEYREPEATPERIOD		= C435, G: SPGETKEY
SPKEYSTARTREPEAT		= C434, G: SPGETKEY
SPKEYTRANSTBL			= C4BB, G: SPKEYTRANSTBL
SPMOVESPRABS			= D503, G: SPMOVESPRABS
SPMOVESPRABSC			= D52A, G: SPMOVESPRABS
SPMOVESPRABSNC			= D511, G: SPMOVESPRABS
SPNULLSPRPTR			= C40B, G: SPNULLSPRPTR
SPPRINTATINV			= D7CA, G: SPPRINTATINV
SPPTINSMALLIVAL			= D75C, G: SPINTRECT
SPQUEUETABLE			= C308, G: SPQUEUETABLE
SPRITELOOP			= D914, L: SPUPDATENOW
SPTBLLOOKUP			= C55B, G: SPTBLLOOKUP
SPTILEARRAY			= D232, G: SPTILEARRAY
SPTILEENTRY			= D809, G: SPTILEENTRY
SPUPDATENOW			= D827, G: SPUPDATENOW
SP_ADDCOLSPR			= C1D4, G: SP_ADDCOLSPR
SP_ADDMEMORY			= C2B8, G: SP_ADDMEMORY
SP_BLOCKALLOC			= C30A, G: SP_BLOCKALLOC
SP_BORDER			= C333, G: SP_BORDER
SP_CREATESPR			= C345, G: SP_CREATESPR
SP_FIXCLIPRECT			= D79E, G: SP_FIXCLIPRECT
SP_FREEBLOCK			= C41B, G: SP_FREEBLOCK
SP_GETKEY			= C426, G: SP_GETKEY
SP_INITIALIZE			= C563, G: SP_INITIALIZE
SP_JOYKEMPSTON			= D432, G: SP_JOYKEMPSTON
SP_JOYKEYBOARD			= D464, G: SP_JOYKEYBOARD
SP_JOYSINCLAIR1			= D491, G: SP_JOYSINCLAIR1
SP_KEYPRESSED			= D4C4, G: SP_KEYPRESSED
SP_MOVEABSHELP			= D76F, G: SP_MOVEABSHELP
SP_MOVESPRABS			= D4F8, G: SP_MOVESPRABS
SP_PRINTATINV			= D7B8, G: SP_PRINTATINV
SP_TILEARRAY			= D7FB, G: SP_TILEARRAY
SP_UPDATENOW			= D81A, G: SP_UPDATENOW
START				= 5E88, L: ZX82_CRT0
STATE				= C431, L: SPGETKEY
TEMPCOLOUR			= D826, L: SPUPDATENOW
TEMPGRAPHIC			= D81E, L: SPUPDATENOW
TILEONLY			= D897, L: SPUPDATENOW
TOOMANYKEYS			= C4B3, L: SPGETKEY
TRYOTHERWAY			= D74B, L: SPINTRECT
USERTILE			= C5CD, L: SPINITIALIZE
XINSCREEN			= D552, L: SPMOVESPRABS
XORNOROTATE			= DBC5, L: SPUPDATENOW
XORTYPE				= DB3F, L: SPUPDATENOW
YINSCREEN			= D542, L: SPMOVESPRABS
_ABS				= 95AC, G: CHURROMAIN
_ASM_INT			= C0CE, G: CHURROMAIN
_ATTR				= 7F9D, G: CHURROMAIN
_ATTR_1				= 7FAA, L: CHURROMAIN
_ATTR_2				= 7FB6, L: CHURROMAIN
_ATTR_END			= 7FC9, L: CHURROMAIN
_CERROJOS			= 668F, G: CHURROMAIN
_COLLIDE			= 9511, G: CHURROMAIN
_COMPORTAMIENTO_TILES		= 5E8E, G: CHURROMAIN
_CORTINA			= 95D5, G: CHURROMAIN
_DELETE_TEXT			= A21A, G: CHURROMAIN
_DO_EXTERN_ACTION		= 9455, G: CHURROMAIN
_DRAW_2_DIGITS			= 80D7, G: CHURROMAIN
_DRAW_COLOURED_TILE		= 7FEA, G: CHURROMAIN
_DRAW_RECTANGLE			= 7F2B, G: CHURROMAIN
_DRAW_SCR			= A522, G: CHURROMAIN
_DRAW_SCR_BACKGROUND		= A257, G: CHURROMAIN
_DRAW_TEXT			= 8143, G: CHURROMAIN
_ENIT				= C070, G: CHURROMAIN
_ENOFFS				= C06D, G: CHURROMAIN
_ESPERA_ACTIVA			= 87B2, G: CHURROMAIN
_EZG_OLD			= C065, G: CHURROMAIN
_E_SCRIPTS			= 8950, G: CHURROMAIN
_FLAGS				= C051, G: CHURROMAIN
_FZX1				= C077, G: CHURROMAIN
_FZX2				= C078, G: CHURROMAIN
_FZY1				= C079, G: CHURROMAIN
_FZY2				= C07A, G: CHURROMAIN
_F_SCRIPTS			= 8984, G: CHURROMAIN
_F_ZONE_AC			= C091, G: CHURROMAIN
_GAME_ENDING			= 8893, G: CHURROMAIN
_GAME_OVER			= 88DC, G: CHURROMAIN
_GET_COIN			= 9609, G: CHURROMAIN
_GPCX				= C073, G: CHURROMAIN
_GPCY				= C075, G: CHURROMAIN
_GPIT				= C07D, G: CHURROMAIN
_GPX				= C0C0, G: CHURROMAIN
_GPXX				= C08E, G: CHURROMAIN
_GPY				= C0C1, G: CHURROMAIN
_GPYY				= C08F, G: CHURROMAIN
_GP_GEN				= C06A, G: CHURROMAIN
_GP_GEN_ALT			= C061, G: CHURROMAIN
_HALF_LIFE			= C050, G: CHURROMAIN
_HOTSPOTS			= 7D0F, G: CHURROMAIN
_HOTSPOT_X			= C04E, G: CHURROMAIN
_HOTSPOT_Y			= C04F, G: CHURROMAIN
_IDX				= C099, G: CHURROMAIN
_INIT_HOTSPOTS			= A1E6, G: CHURROMAIN
_INIT_PLAYER			= A1C4, G: CHURROMAIN
_INIT_PLAYER_VALUES		= A14C, G: CHURROMAIN
_ITEM_OLD			= C098, G: CHURROMAIN
_JETPAC_FRAME_COUNTER		= C0BF, G: CHURROMAIN
_JOYFUNC			= C071, G: CHURROMAIN
_KEYS				= 5EBE, G: CHURROMAIN
_KEYS_OLD			= C0C6, G: CHURROMAIN
_KEY_1				= 5ECA, G: CHURROMAIN
_KEY_2				= 5ECC, G: CHURROMAIN
_KEY_3				= 5ECE, G: CHURROMAIN
_KEY_M				= 5EC8, G: CHURROMAIN
_KILLED_OLD			= C063, G: CHURROMAIN
_LIFE_OLD			= C067, G: CHURROMAIN
_MAIN				= B74B, G: CHURROMAIN
_MAINCOUNTER			= C090, G: CHURROMAIN
_MALOTES			= 7A87, G: CHURROMAIN
_MAPA				= 5F87, G: CHURROMAIN
_MAX_SCREENS			= 5EE1, G: CHURROMAIN
_MOVE				= 96B4, G: CHURROMAIN
_MSCCE_0			= 89BA, G: CHURROMAIN
_MSCCE_1			= 89C4, G: CHURROMAIN
_MSCCE_10			= 8B88, G: CHURROMAIN
_MSCCE_11			= 8BBC, G: CHURROMAIN
_MSCCE_12			= 8C05, G: CHURROMAIN
_MSCCE_2			= 89CB, G: CHURROMAIN
_MSCCE_3			= 89E3, G: CHURROMAIN
_MSCCE_4			= 8A10, G: CHURROMAIN
_MSCCE_5			= 8A45, G: CHURROMAIN
_MSCCE_6			= 8A8E, G: CHURROMAIN
_MSCCE_7			= 8AC2, G: CHURROMAIN
_MSCCE_8			= 8B0B, G: CHURROMAIN
_MSCCE_9			= 8B3F, G: CHURROMAIN
_MSCCF_0			= 8C39, G: CHURROMAIN
_MSCCF_1			= 8C6B, G: CHURROMAIN
_MSCCF_2			= 8CD6, G: CHURROMAIN
_MSCCF_3			= 8D3C, G: CHURROMAIN
_MSCCF_4			= 8D85, G: CHURROMAIN
_MSCCF_5			= 8DEB, G: CHURROMAIN
_MSCCF_6			= 8E34, G: CHURROMAIN
_MSCCF_7			= 8E9A, G: CHURROMAIN
_MSCCF_8			= 8EE3, G: CHURROMAIN
_MSCCF_9			= 8F49, G: CHURROMAIN
_MSC_INIT_ALL			= 8F92, G: CHURROMAIN
_MUEVE_BICHARRACOS		= A835, G: CHURROMAIN
_MY_MALLOC			= 5ED0, G: CHURROMAIN
_NEXT_SCRIPT			= C096, G: CHURROMAIN
_N_PANT				= C06F, G: CHURROMAIN
_OBJS_OLD			= C08D, G: CHURROMAIN
_ON_PANT			= C06C, G: CHURROMAIN
_ORIG_TILE			= C0D1, G: CHURROMAIN
_PAD0				= C06E, G: CHURROMAIN
_PETA_EL_BEEPER			= 7F12, G: CHURROMAIN
_PLAYER				= C09B, G: CHURROMAIN
_PLAYING			= C07C, G: CHURROMAIN
_PRXX				= C093, G: CHURROMAIN
_PRYY				= C094, G: CHURROMAIN
_PTI				= C0C9, G: CHURROMAIN
_PTJ				= C0CA, G: CHURROMAIN
_QTILE				= 7FCC, G: CHURROMAIN
_RAND				= 9582, G: CHURROMAIN
_RDD				= C0C5, G: CHURROMAIN
_RDI				= C0C2, G: CHURROMAIN
_RDJ				= C0C3, G: CHURROMAIN
_RDT1				= C07B, G: CHURROMAIN
_RDT2				= C07E, G: CHURROMAIN
_RDX				= C0C7, G: CHURROMAIN
_RDY				= C0C8, G: CHURROMAIN
_READ_BYTE			= 8FA0, G: CHURROMAIN
_READ_VBYTE			= 8FAC, G: CHURROMAIN
_READ_X_Y			= 8FBF, G: CHURROMAIN
_REENTERED			= C064, G: CHURROMAIN
_RUN_SCRIPT			= 8FCE, G: CHURROMAIN
_SACA_A_TODO_EL_MUNDO_DE_AQUI	= 947D, G: CHURROMAIN
_SCENERY_INFO			= C080, G: CHURROMAIN
_SCRIPT				= C0CB, G: CHURROMAIN
_SCRIPT_RESULT			= 5EE2, G: CHURROMAIN
_SCRIPT_SOMETHING_DONE		= 5EE3, G: CHURROMAIN
_SC_C				= C07F, G: CHURROMAIN
_SC_CONTINUAR			= C0D0, G: CHURROMAIN
_SC_I				= C086, G: CHURROMAIN
_SC_M				= C087, G: CHURROMAIN
_SC_N				= C088, G: CHURROMAIN
_SC_RES				= C092, G: CHURROMAIN
_SC_TERMINADO			= C0CD, G: CHURROMAIN
_SC_X				= C08B, G: CHURROMAIN
_SC_Y				= C08C, G: CHURROMAIN
_SEED				= C089, G: CHURROMAIN
_SPRITESCLIP			= C04C, G: CHURROMAIN
_SPRITESCLIPVALUES		= 5EDD, G: CHURROMAIN
_SPRITE_10_A			= 7577, G: CHURROMAIN
_SPRITE_10_B			= 75A7, G: CHURROMAIN
_SPRITE_10_C			= 75D7, G: CHURROMAIN
_SPRITE_11_A			= 7607, G: CHURROMAIN
_SPRITE_11_B			= 7637, G: CHURROMAIN
_SPRITE_11_C			= 7667, G: CHURROMAIN
_SPRITE_12_A			= 7697, G: CHURROMAIN
_SPRITE_12_B			= 76C7, G: CHURROMAIN
_SPRITE_12_C			= 76F7, G: CHURROMAIN
_SPRITE_13_A			= 7727, G: CHURROMAIN
_SPRITE_13_B			= 7757, G: CHURROMAIN
_SPRITE_13_C			= 7787, G: CHURROMAIN
_SPRITE_14_A			= 77B7, G: CHURROMAIN
_SPRITE_14_B			= 77E7, G: CHURROMAIN
_SPRITE_14_C			= 7817, G: CHURROMAIN
_SPRITE_15_A			= 7847, G: CHURROMAIN
_SPRITE_15_B			= 7877, G: CHURROMAIN
_SPRITE_15_C			= 78A7, G: CHURROMAIN
_SPRITE_16_A			= 78D7, G: CHURROMAIN
_SPRITE_16_B			= 7907, G: CHURROMAIN
_SPRITE_16_C			= 7937, G: CHURROMAIN
_SPRITE_17_A			= 7967, G: CHURROMAIN
_SPRITE_17_B			= 7997, L: CHURROMAIN
_SPRITE_17_C			= 79C7, L: CHURROMAIN
_SPRITE_18_A			= 79F7, G: CHURROMAIN
_SPRITE_18_B			= 7A27, L: CHURROMAIN
_SPRITE_18_C			= 7A57, L: CHURROMAIN
_SPRITE_1_A			= 7067, G: CHURROMAIN
_SPRITE_1_B			= 7097, G: CHURROMAIN
_SPRITE_1_C			= 70C7, G: CHURROMAIN
_SPRITE_2_A			= 70F7, G: CHURROMAIN
_SPRITE_2_B			= 7127, G: CHURROMAIN
_SPRITE_2_C			= 7157, G: CHURROMAIN
_SPRITE_3_A			= 7187, G: CHURROMAIN
_SPRITE_3_B			= 71B7, G: CHURROMAIN
_SPRITE_3_C			= 71E7, G: CHURROMAIN
_SPRITE_4_A			= 7217, G: CHURROMAIN
_SPRITE_4_B			= 7247, G: CHURROMAIN
_SPRITE_4_C			= 7277, G: CHURROMAIN
_SPRITE_5_A			= 72A7, G: CHURROMAIN
_SPRITE_5_B			= 72D7, G: CHURROMAIN
_SPRITE_5_C			= 7307, G: CHURROMAIN
_SPRITE_6_A			= 7337, G: CHURROMAIN
_SPRITE_6_B			= 7367, G: CHURROMAIN
_SPRITE_6_C			= 7397, G: CHURROMAIN
_SPRITE_7_A			= 73C7, G: CHURROMAIN
_SPRITE_7_B			= 73F7, G: CHURROMAIN
_SPRITE_7_C			= 7427, G: CHURROMAIN
_SPRITE_8_A			= 7457, G: CHURROMAIN
_SPRITE_8_B			= 7487, G: CHURROMAIN
_SPRITE_8_C			= 74B7, G: CHURROMAIN
_SPRITE_9_A			= 74E7, G: CHURROMAIN
_SPRITE_9_B			= 7517, G: CHURROMAIN
_SPRITE_9_C			= 7547, G: CHURROMAIN
_SP_MOVILES			= C046, G: CHURROMAIN
_SP_PLAYER			= C068, G: CHURROMAIN
_STEP				= 95C3, G: CHURROMAIN
_SUCCESS			= C0D2, G: CHURROMAIN
_S_ENDING			= 851E, G: CHURROMAIN
_S_MARCO			= 851E, G: CHURROMAIN
_S_TITLE			= 81A4, G: CHURROMAIN
_TILEOFFSET			= C095, G: CHURROMAIN
_TILESET			= 6757, G: CHURROMAIN
_TILESET_OFFSET_CALC		= 9456, G: CHURROMAIN
_TITLE_SCREEN			= 87CB, G: CHURROMAIN
_T_ALT				= C066, G: CHURROMAIN
_UNPACK				= 8794, G: CHURROMAIN
_U_FREE				= 5EDB, G: CHURROMAIN
_U_MALLOC			= 5ED9, G: CHURROMAIN


START				= 5E88, L: ZX82_CRT0
_COMPORTAMIENTO_TILES		= 5E8E, G: CHURROMAIN
_KEYS				= 5EBE, G: CHURROMAIN
_KEY_M				= 5EC8, G: CHURROMAIN
_KEY_1				= 5ECA, G: CHURROMAIN
_KEY_2				= 5ECC, G: CHURROMAIN
_KEY_3				= 5ECE, G: CHURROMAIN
_MY_MALLOC			= 5ED0, G: CHURROMAIN
_U_MALLOC			= 5ED9, G: CHURROMAIN
_U_FREE				= 5EDB, G: CHURROMAIN
_SPRITESCLIPVALUES		= 5EDD, G: CHURROMAIN
_MAX_SCREENS			= 5EE1, G: CHURROMAIN
_SCRIPT_RESULT			= 5EE2, G: CHURROMAIN
_SCRIPT_SOMETHING_DONE		= 5EE3, G: CHURROMAIN
DEPACK				= 5EE4, L: CHURROMAIN
APBRANCH1			= 5EE7, L: CHURROMAIN
APLOOP0				= 5EE9, L: CHURROMAIN
APLOOP				= 5EEC, L: CHURROMAIN
APGET4BITS			= 5EFF, L: CHURROMAIN
APWRITEBYTE			= 5F09, L: CHURROMAIN
APBRANCH4			= 5F0D, L: CHURROMAIN
APBRANCH3			= 5F16, L: CHURROMAIN
APBRANCH2			= 5F2A, L: CHURROMAIN
APSKIP2				= 5F49, L: CHURROMAIN
APSKIP3				= 5F52, L: CHURROMAIN
AP_FINISHUP			= 5F55, L: CHURROMAIN
AP_FINISHUP2			= 5F58, L: CHURROMAIN
AP_R0_GAMMA			= 5F5F, L: CHURROMAIN
AP_GETBIT			= 5F6B, L: CHURROMAIN
AP_GETGAMMA			= 5F77, L: CHURROMAIN
AP_GETGAMMALOOP			= 5F7A, L: CHURROMAIN
_MAPA				= 5F87, G: CHURROMAIN
_CERROJOS			= 668F, G: CHURROMAIN
_TILESET			= 6757, G: CHURROMAIN
_SPRITE_1_A			= 7067, G: CHURROMAIN
_SPRITE_1_B			= 7097, G: CHURROMAIN
_SPRITE_1_C			= 70C7, G: CHURROMAIN
_SPRITE_2_A			= 70F7, G: CHURROMAIN
_SPRITE_2_B			= 7127, G: CHURROMAIN
_SPRITE_2_C			= 7157, G: CHURROMAIN
_SPRITE_3_A			= 7187, G: CHURROMAIN
_SPRITE_3_B			= 71B7, G: CHURROMAIN
_SPRITE_3_C			= 71E7, G: CHURROMAIN
_SPRITE_4_A			= 7217, G: CHURROMAIN
_SPRITE_4_B			= 7247, G: CHURROMAIN
_SPRITE_4_C			= 7277, G: CHURROMAIN
_SPRITE_5_A			= 72A7, G: CHURROMAIN
_SPRITE_5_B			= 72D7, G: CHURROMAIN
_SPRITE_5_C			= 7307, G: CHURROMAIN
_SPRITE_6_A			= 7337, G: CHURROMAIN
_SPRITE_6_B			= 7367, G: CHURROMAIN
_SPRITE_6_C			= 7397, G: CHURROMAIN
_SPRITE_7_A			= 73C7, G: CHURROMAIN
_SPRITE_7_B			= 73F7, G: CHURROMAIN
_SPRITE_7_C			= 7427, G: CHURROMAIN
_SPRITE_8_A			= 7457, G: CHURROMAIN
_SPRITE_8_B			= 7487, G: CHURROMAIN
_SPRITE_8_C			= 74B7, G: CHURROMAIN
_SPRITE_9_A			= 74E7, G: CHURROMAIN
_SPRITE_9_B			= 7517, G: CHURROMAIN
_SPRITE_9_C			= 7547, G: CHURROMAIN
_SPRITE_10_A			= 7577, G: CHURROMAIN
_SPRITE_10_B			= 75A7, G: CHURROMAIN
_SPRITE_10_C			= 75D7, G: CHURROMAIN
_SPRITE_11_A			= 7607, G: CHURROMAIN
_SPRITE_11_B			= 7637, G: CHURROMAIN
_SPRITE_11_C			= 7667, G: CHURROMAIN
_SPRITE_12_A			= 7697, G: CHURROMAIN
_SPRITE_12_B			= 76C7, G: CHURROMAIN
_SPRITE_12_C			= 76F7, G: CHURROMAIN
_SPRITE_13_A			= 7727, G: CHURROMAIN
_SPRITE_13_B			= 7757, G: CHURROMAIN
_SPRITE_13_C			= 7787, G: CHURROMAIN
_SPRITE_14_A			= 77B7, G: CHURROMAIN
_SPRITE_14_B			= 77E7, G: CHURROMAIN
_SPRITE_14_C			= 7817, G: CHURROMAIN
_SPRITE_15_A			= 7847, G: CHURROMAIN
_SPRITE_15_B			= 7877, G: CHURROMAIN
_SPRITE_15_C			= 78A7, G: CHURROMAIN
_SPRITE_16_A			= 78D7, G: CHURROMAIN
_SPRITE_16_B			= 7907, G: CHURROMAIN
_SPRITE_16_C			= 7937, G: CHURROMAIN
_SPRITE_17_A			= 7967, G: CHURROMAIN
_SPRITE_17_B			= 7997, L: CHURROMAIN
_SPRITE_17_C			= 79C7, L: CHURROMAIN
_SPRITE_18_A			= 79F7, G: CHURROMAIN
_SPRITE_18_B			= 7A27, L: CHURROMAIN
_SPRITE_18_C			= 7A57, L: CHURROMAIN
_MALOTES			= 7A87, G: CHURROMAIN
_HOTSPOTS			= 7D0F, G: CHURROMAIN
SOUND_PLAY			= 7D57, L: CHURROMAIN
READDATA			= 7D68, L: CHURROMAIN
READDATA_SOUND			= 7D71, L: CHURROMAIN
SFXROUTINETONE			= 7D83, L: CHURROMAIN
SFXROUTINETONE_L0		= 7D92, L: CHURROMAIN
SFXROUTINETONE_L1		= 7D96, L: CHURROMAIN
SFXROUTINETONE_DUTY		= 7D98, L: CHURROMAIN
SFXROUTINETONE_BORDER		= 7D9D, L: CHURROMAIN
NEXTDATA			= 7DC0, L: CHURROMAIN
SFXROUTINENOISE			= 7DC4, L: CHURROMAIN
SFXROUTINENOISE_L0		= 7DCB, L: CHURROMAIN
SFXROUTINENOISE_L1		= 7DCF, L: CHURROMAIN
SFXROUTINENOISE_BORDER		= 7DD2, L: CHURROMAIN
SFXROUTINENOISE_L2		= 7DDF, L: CHURROMAIN
SOUNDEFFECTSDATA		= 7DF3, L: CHURROMAIN
SOUNDEFFECTSDATA_SFX0		= 7E0B, L: CHURROMAIN
SOUNDEFFECTSDATA_SFX1		= 7E17, L: CHURROMAIN
SOUNDEFFECTSDATA_SFX2		= 7E23, L: CHURROMAIN
SOUNDEFFECTSDATA_SFX3		= 7E3D, L: CHURROMAIN
SOUNDEFFECTSDATA_SFX4		= 7E49, L: CHURROMAIN
SOUNDEFFECTSDATA_SFX5		= 7E55, L: CHURROMAIN
SOUNDEFFECTSDATA_SFX6		= 7E61, L: CHURROMAIN
SOUNDEFFECTSDATA_SFX7		= 7E78, L: CHURROMAIN
SOUNDEFFECTSDATA_SFX8		= 7EBB, L: CHURROMAIN
SOUNDEFFECTSDATA_SFX9		= 7ED5, L: CHURROMAIN
SOUNDEFFECTSDATA_SFX10		= 7EDD, L: CHURROMAIN
SOUNDEFFECTSDATA_SFX11		= 7EE5, L: CHURROMAIN
_PETA_EL_BEEPER			= 7F12, G: CHURROMAIN
_DRAW_RECTANGLE			= 7F2B, G: CHURROMAIN
I_19				= 7F39, L: CHURROMAIN
I_21				= 7F3E, L: CHURROMAIN
I_22				= 7F5F, L: CHURROMAIN
I_24				= 7F64, L: CHURROMAIN
I_23				= 7F99, L: CHURROMAIN
I_20				= 7F9C, L: CHURROMAIN
_ATTR				= 7F9D, G: CHURROMAIN
_ATTR_1				= 7FAA, L: CHURROMAIN
_ATTR_2				= 7FB6, L: CHURROMAIN
_ATTR_END			= 7FC9, L: CHURROMAIN
_QTILE				= 7FCC, G: CHURROMAIN
_DRAW_COLOURED_TILE		= 7FEA, G: CHURROMAIN
_DRAW_2_DIGITS			= 80D7, G: CHURROMAIN
_DRAW_TEXT			= 8143, G: CHURROMAIN
I_25				= 8144, L: CHURROMAIN
I_26				= 81A2, L: CHURROMAIN
_S_TITLE			= 81A4, G: CHURROMAIN
_S_MARCO			= 851E, G: CHURROMAIN
_S_ENDING			= 851E, G: CHURROMAIN
_UNPACK				= 8794, G: CHURROMAIN
_ESPERA_ACTIVA			= 87B2, G: CHURROMAIN
I_27				= 87B3, L: CHURROMAIN
I_29				= 87C6, L: CHURROMAIN
I_28				= 87C9, L: CHURROMAIN
_TITLE_SCREEN			= 87CB, G: CHURROMAIN
I_30				= 884D, L: CHURROMAIN
I_32				= 8863, L: CHURROMAIN
I_34				= 8879, L: CHURROMAIN
I_36				= 888F, L: CHURROMAIN
I_35				= 888F, L: CHURROMAIN
I_33				= 888F, L: CHURROMAIN
I_31				= 8892, L: CHURROMAIN
_GAME_ENDING			= 8893, G: CHURROMAIN
I_37				= 88A8, L: CHURROMAIN
I_39				= 88AD, L: CHURROMAIN
I_38				= 88CB, L: CHURROMAIN
_GAME_OVER			= 88DC, G: CHURROMAIN
I_40				= 891C, L: CHURROMAIN
I_42				= 8921, L: CHURROMAIN
I_41				= 893F, L: CHURROMAIN
_E_SCRIPTS			= 8950, G: CHURROMAIN
_F_SCRIPTS			= 8984, G: CHURROMAIN
_MSCCE_0			= 89BA, G: CHURROMAIN
_MSCCE_1			= 89C4, G: CHURROMAIN
_MSCCE_2			= 89CB, G: CHURROMAIN
_MSCCE_3			= 89E3, G: CHURROMAIN
_MSCCE_4			= 8A10, G: CHURROMAIN
_MSCCE_5			= 8A45, G: CHURROMAIN
_MSCCE_6			= 8A8E, G: CHURROMAIN
_MSCCE_7			= 8AC2, G: CHURROMAIN
_MSCCE_8			= 8B0B, G: CHURROMAIN
_MSCCE_9			= 8B3F, G: CHURROMAIN
_MSCCE_10			= 8B88, G: CHURROMAIN
_MSCCE_11			= 8BBC, G: CHURROMAIN
_MSCCE_12			= 8C05, G: CHURROMAIN
_MSCCF_0			= 8C39, G: CHURROMAIN
_MSCCF_1			= 8C6B, G: CHURROMAIN
_MSCCF_2			= 8CD6, G: CHURROMAIN
_MSCCF_3			= 8D3C, G: CHURROMAIN
_MSCCF_4			= 8D85, G: CHURROMAIN
_MSCCF_5			= 8DEB, G: CHURROMAIN
_MSCCF_6			= 8E34, G: CHURROMAIN
_MSCCF_7			= 8E9A, G: CHURROMAIN
_MSCCF_8			= 8EE3, G: CHURROMAIN
_MSCCF_9			= 8F49, G: CHURROMAIN
_MSC_INIT_ALL			= 8F92, G: CHURROMAIN
_READ_BYTE			= 8FA0, G: CHURROMAIN
_READ_VBYTE			= 8FAC, G: CHURROMAIN
_READ_X_Y			= 8FBF, G: CHURROMAIN
_RUN_SCRIPT			= 8FCE, G: CHURROMAIN
I_45				= 8FE6, L: CHURROMAIN
I_46				= 8FED, L: CHURROMAIN
I_48				= 9002, L: CHURROMAIN
I_49				= 901C, L: CHURROMAIN
I_53				= 9035, L: CHURROMAIN
I_54				= 905C, L: CHURROMAIN
I_55				= 907E, L: CHURROMAIN
I_56				= 9106, L: CHURROMAIN
I_57				= 9109, L: CHURROMAIN
I_58				= 911A, L: CHURROMAIN
I_59				= 915B, L: CHURROMAIN
I_60				= 915E, L: CHURROMAIN
I_61				= 916F, L: CHURROMAIN
I_62				= 91B0, L: CHURROMAIN
I_63				= 91B3, L: CHURROMAIN
I_64				= 91C4, L: CHURROMAIN
I_65				= 91DD, L: CHURROMAIN
I_66				= 91E0, L: CHURROMAIN
I_52				= 91F1, L: CHURROMAIN
I_50				= 91F4, L: CHURROMAIN
I_68				= 9202, L: CHURROMAIN
I_72				= 921B, L: CHURROMAIN
I_73				= 9274, L: CHURROMAIN
I_74				= 9287, L: CHURROMAIN
I_75				= 92A0, L: CHURROMAIN
I_76				= 933B, L: CHURROMAIN
I_77				= 934D, L: CHURROMAIN
I_78				= 9364, L: CHURROMAIN
I_79				= 9392, L: CHURROMAIN
I_80				= 939D, L: CHURROMAIN
I_81				= 93A8, L: CHURROMAIN
I_82				= 93B3, L: CHURROMAIN
I_83				= 93BE, L: CHURROMAIN
I_84				= 93C9, L: CHURROMAIN
I_85				= 93CF, L: CHURROMAIN
I_86				= 93DC, L: CHURROMAIN
I_87				= 93E2, L: CHURROMAIN
I_88				= 93E9, L: CHURROMAIN
I_90				= 93FE, L: CHURROMAIN
I_89				= 942A, L: CHURROMAIN
I_91				= 942D, L: CHURROMAIN
I_92				= 943C, L: CHURROMAIN
I_71				= 9443, L: CHURROMAIN
I_67				= 9446, L: CHURROMAIN
I_69				= 9446, L: CHURROMAIN
I_47				= 944F, L: CHURROMAIN
_DO_EXTERN_ACTION		= 9455, G: CHURROMAIN
_TILESET_OFFSET_CALC		= 9456, G: CHURROMAIN
I_94				= 9475, L: CHURROMAIN
I_93				= 9479, L: CHURROMAIN
_SACA_A_TODO_EL_MUNDO_DE_AQUI	= 947D, G: CHURROMAIN
I_96				= 94A8, L: CHURROMAIN
I_98				= 94AD, L: CHURROMAIN
I_99				= 950D, L: CHURROMAIN
I_97				= 9510, L: CHURROMAIN
_COLLIDE			= 9511, G: CHURROMAIN
I_100				= 957C, L: CHURROMAIN
I_101				= 957F, L: CHURROMAIN
_RAND				= 9582, G: CHURROMAIN
RAND16				= 9582, L: CHURROMAIN
NEXTRAND			= 959E, L: CHURROMAIN
_ABS				= 95AC, G: CHURROMAIN
I_102				= 95BD, L: CHURROMAIN
I_103				= 95C2, L: CHURROMAIN
_STEP				= 95C3, G: CHURROMAIN
_CORTINA			= 95D5, G: CHURROMAIN
CLEARB1				= 95DA, L: CHURROMAIN
CLEARB2				= 95DD, L: CHURROMAIN
REPITATODO			= 95E9, L: CHURROMAIN
BUCLE				= 95EF, L: CHURROMAIN
BUCLE1				= 95F2, L: CHURROMAIN
BUCLE2				= 95FA, L: CHURROMAIN
_GET_COIN			= 9609, G: CHURROMAIN
_MOVE				= 96B4, G: CHURROMAIN
I_104				= 96D1, L: CHURROMAIN
I_105				= 96FC, L: CHURROMAIN
I_106				= 9702, L: CHURROMAIN
I_107				= 970F, L: CHURROMAIN
I_108				= 972C, L: CHURROMAIN
I_109				= 973F, L: CHURROMAIN
I_113				= 97D2, L: CHURROMAIN
I_114				= 97D5, L: CHURROMAIN
I_112				= 97DC, L: CHURROMAIN
I_115				= 97DF, L: CHURROMAIN
I_111				= 9817, L: CHURROMAIN
I_110				= 981A, L: CHURROMAIN
I_118				= 983C, L: CHURROMAIN
I_119_I_118			= 983F, L: CHURROMAIN
I_123				= 9899, L: CHURROMAIN
I_124				= 989C, L: CHURROMAIN
I_122				= 98A3, L: CHURROMAIN
I_125				= 98A6, L: CHURROMAIN
I_121				= 98D7, L: CHURROMAIN
I_120				= 98D7, L: CHURROMAIN
I_117				= 98D7, L: CHURROMAIN
I_116				= 98D7, L: CHURROMAIN
I_127				= 9903, L: CHURROMAIN
I_132				= 9964, L: CHURROMAIN
I_133				= 9967, L: CHURROMAIN
I_131				= 996E, L: CHURROMAIN
I_134				= 9971, L: CHURROMAIN
I_130				= 997B, L: CHURROMAIN
I_135				= 997E, L: CHURROMAIN
I_136				= 998A, L: CHURROMAIN
I_129				= 998C, L: CHURROMAIN
I_138_I_129			= 998F, L: CHURROMAIN
I_126				= 99A1, L: CHURROMAIN
I_140				= 99CD, L: CHURROMAIN
I_142				= 99D3, L: CHURROMAIN
I_143_I_142			= 99D6, L: CHURROMAIN
I_144				= 9A14, L: CHURROMAIN
I_145				= 9A26, L: CHURROMAIN
I_139				= 9A26, L: CHURROMAIN
I_147				= 9A42, L: CHURROMAIN
I_148_I_147			= 9A45, L: CHURROMAIN
I_146				= 9A4A, L: CHURROMAIN
I_150				= 9A7B, L: CHURROMAIN
I_151				= 9A7E, L: CHURROMAIN
I_153				= 9AB5, L: CHURROMAIN
I_152				= 9AB8, L: CHURROMAIN
I_154				= 9AE6, L: CHURROMAIN
I_156				= 9AE6, L: CHURROMAIN
I_155				= 9AE6, L: CHURROMAIN
I_149				= 9AE6, L: CHURROMAIN
I_158				= 9B18, L: CHURROMAIN
I_157				= 9B18, L: CHURROMAIN
I_160				= 9B4A, L: CHURROMAIN
I_159				= 9B4A, L: CHURROMAIN
I_161				= 9B67, L: CHURROMAIN
I_162				= 9B7A, L: CHURROMAIN
I_166				= 9BEA, L: CHURROMAIN
I_167				= 9BED, L: CHURROMAIN
I_165				= 9BF4, L: CHURROMAIN
I_168				= 9BF7, L: CHURROMAIN
I_164				= 9C2F, L: CHURROMAIN
I_163				= 9C32, L: CHURROMAIN
I_172				= 9C7F, L: CHURROMAIN
I_173				= 9C82, L: CHURROMAIN
I_171				= 9C89, L: CHURROMAIN
I_174				= 9C8C, L: CHURROMAIN
I_170				= 9CBD, L: CHURROMAIN
I_169				= 9CBD, L: CHURROMAIN
I_177				= 9CFE, L: CHURROMAIN
I_178				= 9D01, L: CHURROMAIN
I_179				= 9D30, L: CHURROMAIN
I_180				= 9D33, L: CHURROMAIN
I_181				= 9D72, L: CHURROMAIN
I_182				= 9D75, L: CHURROMAIN
I_176				= 9D7C, L: CHURROMAIN
I_183				= 9D7F, L: CHURROMAIN
I_175				= 9DC5, L: CHURROMAIN
I_186				= 9E0B, L: CHURROMAIN
I_187				= 9E0D, L: CHURROMAIN
I_186_I_187			= 9E12, L: CHURROMAIN
I_188				= 9E3D, L: CHURROMAIN
I_189				= 9E3F, L: CHURROMAIN
I_188_I_189			= 9E44, L: CHURROMAIN
I_190				= 9E84, L: CHURROMAIN
I_191				= 9E87, L: CHURROMAIN
I_185				= 9E8E, L: CHURROMAIN
I_192				= 9E91, L: CHURROMAIN
I_194				= 9EB0, L: CHURROMAIN
I_197				= 9EE7, L: CHURROMAIN
I_196				= 9EF5, L: CHURROMAIN
I_193				= 9EF8, L: CHURROMAIN
I_199				= 9F27, L: CHURROMAIN
I_200				= 9F2F, L: CHURROMAIN
I_198				= 9F2F, L: CHURROMAIN
I_184				= 9F32, L: CHURROMAIN
I_201				= 9F41, L: CHURROMAIN
I_202				= 9F41, L: CHURROMAIN
I_203				= 9F6D, L: CHURROMAIN
I_205				= 9F97, L: CHURROMAIN
I_206_I_205			= 9F9A, L: CHURROMAIN
I_204				= 9FAC, L: CHURROMAIN
I_208				= 9FD6, L: CHURROMAIN
I_209_I_208			= 9FD9, L: CHURROMAIN
I_207				= 9FEB, L: CHURROMAIN
I_211				= A025, L: CHURROMAIN
I_212_I_211			= A028, L: CHURROMAIN
I_210				= A03B, L: CHURROMAIN
I_214				= A058, L: CHURROMAIN
I_215				= A063, L: CHURROMAIN
I_213				= A066, L: CHURROMAIN
I_218				= A083, L: CHURROMAIN
I_219				= A08E, L: CHURROMAIN
I_217				= A091, L: CHURROMAIN
I_221				= A0B5, L: CHURROMAIN
I_224				= A0CC, L: CHURROMAIN
I_223				= A0DA, L: CHURROMAIN
I_227				= A0EF, L: CHURROMAIN
I_226				= A102, L: CHURROMAIN
I_228				= A102, L: CHURROMAIN
I_229				= A102, L: CHURROMAIN
I_222				= A105, L: CHURROMAIN
I_232				= A115, L: CHURROMAIN
I_231				= A123, L: CHURROMAIN
I_235				= A138, L: CHURROMAIN
I_234				= A14B, L: CHURROMAIN
I_236				= A14B, L: CHURROMAIN
I_237				= A14B, L: CHURROMAIN
I_230				= A14B, L: CHURROMAIN
I_220				= A14B, L: CHURROMAIN
I_216				= A14B, L: CHURROMAIN
_INIT_PLAYER_VALUES		= A14C, G: CHURROMAIN
_INIT_PLAYER			= A1C4, G: CHURROMAIN
_INIT_HOTSPOTS			= A1E6, G: CHURROMAIN
I_238				= A1F0, L: CHURROMAIN
I_240				= A1F5, L: CHURROMAIN
I_239				= A219, L: CHURROMAIN
_DELETE_TEXT			= A21A, G: CHURROMAIN
I_241				= A224, L: CHURROMAIN
I_243				= A229, L: CHURROMAIN
I_242				= A256, L: CHURROMAIN
_DRAW_SCR_BACKGROUND		= A257, G: CHURROMAIN
I_244				= A289, L: CHURROMAIN
I_246				= A28E, L: CHURROMAIN
I_248				= A2F0, L: CHURROMAIN
I_249_I_248			= A2F3, L: CHURROMAIN
I_247				= A2FA, L: CHURROMAIN
I_251				= A31B, L: CHURROMAIN
I_252_I_251			= A31E, L: CHURROMAIN
I_250				= A325, L: CHURROMAIN
I_253				= A3A3, L: CHURROMAIN
I_254				= A426, L: CHURROMAIN
I_245				= A429, L: CHURROMAIN
I_256				= A521, L: CHURROMAIN
I_255				= A521, L: CHURROMAIN
_DRAW_SCR			= A522, G: CHURROMAIN
I_257				= A54C, L: CHURROMAIN
I_259				= A551, L: CHURROMAIN
I_262				= A5AA, L: CHURROMAIN
I_263				= A5CC, L: CHURROMAIN
I_264				= A6A7, L: CHURROMAIN
I_265				= A6C7, L: CHURROMAIN
I_268				= A6CA, L: CHURROMAIN
I_269				= A6CA, L: CHURROMAIN
I_266				= A6CA, L: CHURROMAIN
I_267				= A6CA, L: CHURROMAIN
I_270				= A718, L: CHURROMAIN
I_261				= A810, L: CHURROMAIN
I_258				= A813, L: CHURROMAIN
_MUEVE_BICHARRACOS		= A835, G: CHURROMAIN
I_271				= A855, L: CHURROMAIN
I_273				= A85A, L: CHURROMAIN
I_275				= A8A6, L: CHURROMAIN
I_280				= A9F3, L: CHURROMAIN
I_281				= AA15, L: CHURROMAIN
I_282				= AA4D, L: CHURROMAIN
I_283				= AA50, L: CHURROMAIN
I_284				= AA57, L: CHURROMAIN
I_285				= AA8F, L: CHURROMAIN
I_286				= AA92, L: CHURROMAIN
I_288				= AA99, L: CHURROMAIN
I_289				= AA99, L: CHURROMAIN
I_287				= AA99, L: CHURROMAIN
I_290				= AAD1, L: CHURROMAIN
I_291				= AAD4, L: CHURROMAIN
I_292				= AADB, L: CHURROMAIN
I_293				= AB13, L: CHURROMAIN
I_294				= AB16, L: CHURROMAIN
I_279				= AB1A, L: CHURROMAIN
I_277				= AB1A, L: CHURROMAIN
I_296				= AB88, L: CHURROMAIN
I_295				= ABDB, L: CHURROMAIN
I_298				= AC16, L: CHURROMAIN
I_302				= ACE2, L: CHURROMAIN
I_303_I_302			= ACE5, L: CHURROMAIN
I_307				= AD7C, L: CHURROMAIN
I_308				= AD7F, L: CHURROMAIN
I_306				= AD86, L: CHURROMAIN
I_309				= AD89, L: CHURROMAIN
I_305				= ADA4, L: CHURROMAIN
I_304				= ADA4, L: CHURROMAIN
I_301				= ADA4, L: CHURROMAIN
I_300				= ADA7, L: CHURROMAIN
I_313				= AE40, L: CHURROMAIN
I_314_I_313			= AE43, L: CHURROMAIN
I_318				= AEDC, L: CHURROMAIN
I_319				= AEDF, L: CHURROMAIN
I_317				= AEE6, L: CHURROMAIN
I_320				= AEE9, L: CHURROMAIN
I_310				= AF02, L: CHURROMAIN
I_316				= AF02, L: CHURROMAIN
I_315				= AF02, L: CHURROMAIN
I_312				= AF02, L: CHURROMAIN
I_311				= AF02, L: CHURROMAIN
I_322				= AFBE, L: CHURROMAIN
I_323_I_322			= AFC1, L: CHURROMAIN
I_327				= B0B7, L: CHURROMAIN
I_328				= B0BA, L: CHURROMAIN
I_326				= B0C1, L: CHURROMAIN
I_329				= B0C4, L: CHURROMAIN
I_325				= B0E7, L: CHURROMAIN
I_324				= B0EA, L: CHURROMAIN
I_334				= B164, L: CHURROMAIN
I_335				= B167, L: CHURROMAIN
I_333				= B16E, L: CHURROMAIN
I_336				= B171, L: CHURROMAIN
I_332				= B192, L: CHURROMAIN
I_330				= B192, L: CHURROMAIN
I_331				= B192, L: CHURROMAIN
I_321				= B192, L: CHURROMAIN
I_299				= B195, L: CHURROMAIN
I_339				= B1FB, L: CHURROMAIN
I_340_I_339			= B1FE, L: CHURROMAIN
I_341				= B249, L: CHURROMAIN
I_342				= B258, L: CHURROMAIN
I_338				= B265, L: CHURROMAIN
I_337				= B265, L: CHURROMAIN
I_344				= B2B1, L: CHURROMAIN
I_348				= B30E, L: CHURROMAIN
I_349_I_348			= B311, L: CHURROMAIN
I_347				= B338, L: CHURROMAIN
I_352				= B381, L: CHURROMAIN
I_353_I_352			= B384, L: CHURROMAIN
I_351				= B3A8, L: CHURROMAIN
I_350				= B3A8, L: CHURROMAIN
I_355				= B3F1, L: CHURROMAIN
I_356_I_355			= B3F4, L: CHURROMAIN
I_354				= B41B, L: CHURROMAIN
I_359				= B464, L: CHURROMAIN
I_360_I_359			= B467, L: CHURROMAIN
I_357				= B48B, L: CHURROMAIN
I_358				= B48B, L: CHURROMAIN
I_346				= B48B, L: CHURROMAIN
I_361				= B50E, L: CHURROMAIN
I_362				= B551, L: CHURROMAIN
I_363				= B594, L: CHURROMAIN
I_364				= B5D7, L: CHURROMAIN
I_365				= B61A, L: CHURROMAIN
I_343				= B61D, L: CHURROMAIN
I_368				= B671, L: CHURROMAIN
I_367				= B6B1, L: CHURROMAIN
I_371				= B702, L: CHURROMAIN
I_370				= B742, L: CHURROMAIN
I_366				= B742, L: CHURROMAIN
I_274				= B742, L: CHURROMAIN
I_272				= B745, L: CHURROMAIN
_MAIN				= B74B, G: CHURROMAIN
I_375				= B78A, L: CHURROMAIN
I_373				= B7A8, L: CHURROMAIN
I_374				= B7B2, L: CHURROMAIN
I_376				= B815, L: CHURROMAIN
I_378				= B81A, L: CHURROMAIN
I_379				= B8AF, L: CHURROMAIN
I_377				= B8AF, L: CHURROMAIN
I_381				= B92F, L: CHURROMAIN
I_383				= B96B, L: CHURROMAIN
I_385				= B992, L: CHURROMAIN
I_386				= B999, L: CHURROMAIN
I_384				= B9B6, L: CHURROMAIN
I_387				= B9ED, L: CHURROMAIN
I_388				= BA15, L: CHURROMAIN
I_390				= BA1A, L: CHURROMAIN
I_392				= BA7B, L: CHURROMAIN
I_391				= BACA, L: CHURROMAIN
I_394				= BB0D, L: CHURROMAIN
I_389				= BBDB, L: CHURROMAIN
I_397				= BC26, L: CHURROMAIN
I_398_I_397			= BC29, L: CHURROMAIN
I_396				= BC3E, L: CHURROMAIN
I_395				= BC3E, L: CHURROMAIN
I_400				= BC5B, L: CHURROMAIN
I_399				= BCBA, L: CHURROMAIN
I_402				= BCE2, L: CHURROMAIN
I_404				= BD08, L: CHURROMAIN
I_403				= BD08, L: CHURROMAIN
I_406				= BD5F, L: CHURROMAIN
I_407_I_406			= BD62, L: CHURROMAIN
I_409				= BDC6, L: CHURROMAIN
I_408				= BDE4, L: CHURROMAIN
I_411				= BE29, L: CHURROMAIN
I_410				= BE29, L: CHURROMAIN
I_405				= BE36, L: CHURROMAIN
I_412				= BE47, L: CHURROMAIN
I_413				= BE94, L: CHURROMAIN
I_414				= BE94, L: CHURROMAIN
I_416				= BEAC, L: CHURROMAIN
I_417_I_416			= BEAF, L: CHURROMAIN
I_415				= BEC0, L: CHURROMAIN
I_419				= BED8, L: CHURROMAIN
I_420_I_419			= BEDB, L: CHURROMAIN
I_418				= BEEC, L: CHURROMAIN
I_422_UGE			= BF0F, L: CHURROMAIN
I_422				= BF11, L: CHURROMAIN
I_423_I_422			= BF14, L: CHURROMAIN
I_421				= BF2C, L: CHURROMAIN
I_425				= BF44, L: CHURROMAIN
I_426_I_425			= BF47, L: CHURROMAIN
I_427				= BF6D, L: CHURROMAIN
I_428				= BF91, L: CHURROMAIN
I_424				= BF91, L: CHURROMAIN
I_429				= BFAB, L: CHURROMAIN
I_431				= BFC3, L: CHURROMAIN
I_430				= BFC3, L: CHURROMAIN
I_433				= BFD8, L: CHURROMAIN
I_432				= BFE8, L: CHURROMAIN
I_382				= BFEB, L: CHURROMAIN
I_380				= BFEE, L: CHURROMAIN
MUSICSTART			= BFEF, L: CHURROMAIN
I_1				= BFF0, L: CHURROMAIN
_SP_MOVILES			= C046, G: CHURROMAIN
_SPRITESCLIP			= C04C, G: CHURROMAIN
_HOTSPOT_X			= C04E, G: CHURROMAIN
_HOTSPOT_Y			= C04F, G: CHURROMAIN
_HALF_LIFE			= C050, G: CHURROMAIN
_FLAGS				= C051, G: CHURROMAIN
_GP_GEN_ALT			= C061, G: CHURROMAIN
_KILLED_OLD			= C063, G: CHURROMAIN
_REENTERED			= C064, G: CHURROMAIN
_EZG_OLD			= C065, G: CHURROMAIN
_T_ALT				= C066, G: CHURROMAIN
_LIFE_OLD			= C067, G: CHURROMAIN
_SP_PLAYER			= C068, G: CHURROMAIN
_GP_GEN				= C06A, G: CHURROMAIN
_ON_PANT			= C06C, G: CHURROMAIN
_ENOFFS				= C06D, G: CHURROMAIN
_PAD0				= C06E, G: CHURROMAIN
_N_PANT				= C06F, G: CHURROMAIN
_ENIT				= C070, G: CHURROMAIN
_JOYFUNC			= C071, G: CHURROMAIN
_GPCX				= C073, G: CHURROMAIN
_GPCY				= C075, G: CHURROMAIN
_FZX1				= C077, G: CHURROMAIN
_FZX2				= C078, G: CHURROMAIN
_FZY1				= C079, G: CHURROMAIN
_FZY2				= C07A, G: CHURROMAIN
_RDT1				= C07B, G: CHURROMAIN
_PLAYING			= C07C, G: CHURROMAIN
_GPIT				= C07D, G: CHURROMAIN
_RDT2				= C07E, G: CHURROMAIN
_SC_C				= C07F, G: CHURROMAIN
_SCENERY_INFO			= C080, G: CHURROMAIN
_SC_I				= C086, G: CHURROMAIN
_SC_M				= C087, G: CHURROMAIN
_SC_N				= C088, G: CHURROMAIN
_SEED				= C089, G: CHURROMAIN
_SC_X				= C08B, G: CHURROMAIN
_SC_Y				= C08C, G: CHURROMAIN
_OBJS_OLD			= C08D, G: CHURROMAIN
_GPXX				= C08E, G: CHURROMAIN
_GPYY				= C08F, G: CHURROMAIN
_MAINCOUNTER			= C090, G: CHURROMAIN
_F_ZONE_AC			= C091, G: CHURROMAIN
_SC_RES				= C092, G: CHURROMAIN
_PRXX				= C093, G: CHURROMAIN
_PRYY				= C094, G: CHURROMAIN
_TILEOFFSET			= C095, G: CHURROMAIN
_NEXT_SCRIPT			= C096, G: CHURROMAIN
_ITEM_OLD			= C098, G: CHURROMAIN
_IDX				= C099, G: CHURROMAIN
_PLAYER				= C09B, G: CHURROMAIN
_JETPAC_FRAME_COUNTER		= C0BF, G: CHURROMAIN
_GPX				= C0C0, G: CHURROMAIN
_GPY				= C0C1, G: CHURROMAIN
_RDI				= C0C2, G: CHURROMAIN
_RDJ				= C0C3, G: CHURROMAIN
_RDD				= C0C5, G: CHURROMAIN
_KEYS_OLD			= C0C6, G: CHURROMAIN
_RDX				= C0C7, G: CHURROMAIN
_RDY				= C0C8, G: CHURROMAIN
_PTI				= C0C9, G: CHURROMAIN
_PTJ				= C0CA, G: CHURROMAIN
_SCRIPT				= C0CB, G: CHURROMAIN
_SC_TERMINADO			= C0CD, G: CHURROMAIN
_ASM_INT			= C0CE, G: CHURROMAIN
_SC_CONTINUAR			= C0D0, G: CHURROMAIN
_ORIG_TILE			= C0D1, G: CHURROMAIN
_SUCCESS			= C0D2, G: CHURROMAIN
L_AND				= C0D3, G: L_AND
L_ASL				= C0DA, G: L_ASL
L_ASL1				= C0DB, L: L_ASL
L_ASR				= C0E1, G: L_ASR
L_ASR1				= C0E2, L: L_ASR
L_ASR_U				= C0EB, G: L_ASR_U
L_ASR_U_1			= C0EC, L: L_ASR_U
L_DIV				= C0F5, G: L_DIV
L_DIV0				= C105, L: L_DIV
L_DIV01				= C111, L: L_DIV
DOSIGN				= C122, L: L_DIV
L_DIV_U				= C129, G: L_DIV_U
ENTRY				= C12D, L: L_DIV_U
L_DIV1				= C134, L: L_DIV_U
L_DIV2				= C13E, L: L_DIV_U
L_EQ				= C148, G: L_EQ
L_GCHAR				= C14F, G: L_GCHAR
L_SXT				= C150, L: L_GCHAR
L_GE				= C155, G: L_GE
L_GINT				= C163, G: L_GINT
L_GT				= C168, G: L_GT
L_LE				= C174, G: L_LE
L_LNEG				= C182, G: L_LNEG
L_LT				= C187, G: L_LT
L_MULT				= C193, G: L_MULT
L_MULT1				= C19A, L: L_MULT
L_MULT2				= C1A1, L: L_MULT
L_NE				= C1A4, G: L_NE
L_NEG				= C1AB, G: L_NEG
L_PINT				= C1B3, G: L_PINT
L_SXT				= C1B9, G: L_SXT
L_UGE				= C1BE, G: L_UGE
L_ULE				= C1C6, G: L_ULE
L_ULT				= C1CE, G: L_ULT
SP_ADDCOLSPR			= C1D4, G: SP_ADDCOLSPR
SPADDCOLSPR			= C1F3, G: SPADDCOLSPR
ACNOCRY				= C1FE, L: SPADDCOLSPR
ACLOOP				= C20F, L: SPADDCOLSPR
NOINC1				= C24B, L: SPADDCOLSPR
ACNOCRY3			= C25F, L: SPADDCOLSPR
ACFAIL				= C28C, L: SPADDCOLSPR
JPHL				= C29D, L: SPADDCOLSPR
SPDELETESPR			= C29E, G: SPDELETESPR
LOOP				= C2A2, L: SPDELETESPR
SPDSLOOP			= C2AF, G: SPDELETESPR
JPHL				= C2B7, L: SPDELETESPR
SP_ADDMEMORY			= C2B8, G: SP_ADDMEMORY
SPADDMEMORY			= C2D1, G: SPADDMEMORY
IB1				= C2D9, L: SPADDMEMORY
IB2				= C2E0, L: SPADDMEMORY
SPFREEBLOCK			= C2ED, G: SPFREEBLOCK
SPFB1				= C2F2, G: SPFREEBLOCK
SPFB2				= C2FD, G: SPFREEBLOCK
SPQUEUETABLE			= C308, G: SPQUEUETABLE
SP_BLOCKALLOC			= C30A, G: SP_BLOCKALLOC
SPBLOCKALLOC			= C318, G: SPBLOCKALLOC
SPALLOC				= C322, G: SPBLOCKALLOC
SP_BORDER			= C333, G: SP_BORDER
SPBORDERCLR			= C33C, G: SPBORDER
SPBORDER			= C33D, G: SPBORDER
SP_CREATESPR			= C345, G: SP_CREATESPR
SPCREATESPR			= C362, G: SPCREATESPR
CSLOOP				= C3B3, L: SPCREATESPR
CSENTER				= C3C7, L: SPCREATESPR
NOTCOMPRESS			= C3D9, L: SPCREATESPR
CONT				= C3DE, L: SPCREATESPR
CSNOCRY				= C3F5, L: SPCREATESPR
CSFAIL1				= C3FF, L: SPCREATESPR
CSFAIL2				= C401, L: SPCREATESPR
JPHL				= C40A, L: SPCREATESPR
SPNULLSPRPTR			= C40B, G: SPNULLSPRPTR
SP_FREEBLOCK			= C41B, G: SP_FREEBLOCK
SP_GETKEY			= C426, G: SP_GETKEY
KEYOK				= C42C, L: SP_GETKEY
STATE				= C431, L: SPGETKEY
COUNT				= C432, L: SPGETKEY
SPKEYDEBOUNCE			= C433, G: SPGETKEY
SPKEYSTARTREPEAT		= C434, G: SPGETKEY
SPKEYREPEATPERIOD		= C435, G: SPGETKEY
SPINKEY				= C436, G: SPGETKEY
SPGETKEY			= C447, G: SPGETKEY
SCANLOOP			= C44E, L: SPGETKEY
KEYROWLOOP			= C452, L: SPGETKEY
NOPRESS				= C462, L: SPGETKEY
NEXTSCANROW			= C467, L: SPGETKEY
ATMAXCOUNT			= C478, L: SPGETKEY
SKIP				= C48F, L: SPGETKEY
NOCAPS				= C4A5, L: SPGETKEY
NOSYM				= C4B0, L: SPGETKEY
TOOMANYKEYS			= C4B3, L: SPGETKEY
NOKEYS				= C4B3, L: SPGETKEY
SPKEYTRANSTBL			= C4BB, G: SPKEYTRANSTBL
SPTBLLOOKUP			= C55B, G: SPTBLLOOKUP
NOINC				= C561, L: SPTBLLOOKUP
SP_INITIALIZE			= C563, G: SP_INITIALIZE
SPINITIALIZE			= C56F, G: SPINITIALIZE
ROTTBLLP			= C595, L: SPINITIALIZE
ENTRYLP				= C59C, L: SPINITIALIZE
ROTLP				= C59F, L: SPINITIALIZE
LOOP				= C5B8, L: SPINITIALIZE
CONT1				= C5C0, L: SPINITIALIZE
NOADD				= C5CA, L: SPINITIALIZE
USERTILE			= C5CD, L: SPINITIALIZE
SPDIRTYCHARS			= C5D2, G: SPDIRTYCHARS
SPDISPLAYLIST			= C632, G: SPDISPLAYLIST
SPTILEARRAY			= D232, G: SPTILEARRAY
SP_JOYKEMPSTON			= D432, G: SP_JOYKEMPSTON
SPJOYKEMPSTON			= D439, G: SPJOYKEMPSTON
KEMPTBL				= D444, L: SPJOYKEMPSTON
SP_JOYKEYBOARD			= D464, G: SP_JOYKEYBOARD
SPJOYKEYBOARD			= D472, G: SPJOYKEYBOARD
NOFIRE				= D47F, L: SPJOYKEYBOARD
JKLOOP				= D47F, L: SPJOYKEYBOARD
NOPRESS				= D48A, L: SPJOYKEYBOARD
SP_JOYSINCLAIR1			= D491, G: SP_JOYSINCLAIR1
SPJOYSINCLAIR1			= D498, G: SPJOYSINCLAIR1
SINC1TBL			= D4A4, L: SPJOYSINCLAIR1
SP_KEYPRESSED			= D4C4, G: SP_KEYPRESSED
SPKEYPRESSED			= D4D4, G: SPKEYPRESSED
NOCAPS				= D4E0, L: SPKEYPRESSED
NOSYM				= D4EC, L: SPKEYPRESSED
SP_MOVESPRABS			= D4F8, G: SP_MOVESPRABS
SPMOVESPRABS			= D503, G: SPMOVESPRABS
SPMOVESPRABSNC			= D511, G: SPMOVESPRABS
ADJLOOP				= D51C, L: SPMOVESPRABS
SPMOVESPRABSC			= D52A, G: SPMOVESPRABS
YINSCREEN			= D542, L: SPMOVESPRABS
XINSCREEN			= D552, L: SPMOVESPRABS
MVCOLLOOP			= D569, L: SPMOVESPRABS
MVROWLOOP			= D56F, L: SPMOVESPRABS
NOTDONE				= D579, L: SPMOVESPRABS
NOINC1				= D591, L: SPMOVESPRABS
NOTINDLIST			= D5A5, L: SPMOVESPRABS
NONEXT1				= D5A5, L: SPMOVESPRABS
PDLOOP				= D5C2, L: SPMOVESPRABS
NOINC2				= D5CA, L: SPMOVESPRABS
PUTHERE				= D5DC, L: SPMOVESPRABS
NOINC3				= D5EB, L: SPMOVESPRABS
NODEC1				= D5F9, L: SPMOVESPRABS
NOINC4				= D605, L: SPMOVESPRABS
NOTDISPLAYED			= D612, L: SPMOVESPRABS
NONEXT2				= D612, L: SPMOVESPRABS
INVALIDATE			= D62D, L: SPMOVESPRABS
COMPUTEDISP			= D63C, L: SPMOVESPRABS
NOTNEGATIVE			= D65A, L: SPMOVESPRABS
ADJUSTGRAPHICS			= D65F, L: SPMOVESPRABS
NOINC5				= D66B, L: SPMOVESPRABS
SKIP1				= D67B, L: SPMOVESPRABS
SKIP2				= D68B, L: SPMOVESPRABS
SPINVALIDATE			= D68E, G: SPINVALIDATE
SPINVALIDATEP			= D696, G: SPINVALIDATE
NOINC1				= D6AF, L: SPINVALIDATE
INVCOLLP			= D6B3, L: SPINVALIDATE
NOINC2				= D6C2, L: SPINVALIDATE
INVFULLCHAR			= D6C6, L: SPINVALIDATE
INVROWLP			= D6C8, L: SPINVALIDATE
NOINC3				= D6D3, L: SPINVALIDATE
SPBITLEFT2MASK			= D6E1, G: SPBITLEFT2MASK
SPBITRIGHT2MASK			= D6E9, G: SPBITRIGHT2MASK
SPCOMPDIRTYADDR			= D6F1, G: SPCOMPDIRTYADDR
SPINTRECT			= D706, G: SPINTRECT
SPINTSMALLIVAL			= D737, G: SPINTRECT
TRYOTHERWAY			= D74B, L: SPINTRECT
SPPTINSMALLIVAL			= D75C, G: SPINTRECT
BROKEN				= D768, L: SPINTRECT
SP_MOVEABSHELP			= D76F, G: SP_MOVEABSHELP
SP_FIXCLIPRECT			= D79E, G: SP_FIXCLIPRECT
SP_PRINTATINV			= D7B8, G: SP_PRINTATINV
SPPRINTATINV			= D7CA, G: SPPRINTATINV
SPBIT2MASK			= D7E2, G: SPBIT2MASK
SPCOMPDLISTADDR			= D7EA, G: SPCOMPDLISTADDR
SP_TILEARRAY			= D7FB, G: SP_TILEARRAY
SPTILEENTRY			= D809, G: SPTILEENTRY
NOINC				= D812, L: SPTILEENTRY
SP_UPDATENOW			= D81A, G: SP_UPDATENOW
TEMPGRAPHIC			= D81E, L: SPUPDATENOW
TEMPCOLOUR			= D826, L: SPUPDATENOW
SPUPDATENOW			= D827, G: SPUPDATENOW
DIRTYLOOP			= D830, L: SPUPDATENOW
NOTACROSSBLK1			= D840, L: SPUPDATENOW
REENTER				= D848, L: SPUPDATENOW
NOINC1				= D848, L: SPUPDATENOW
DIRTYAREA			= D856, L: SPUPDATENOW
NOTACROSSBLK2			= D890, L: SPUPDATENOW
TILEONLY			= D897, L: SPUPDATENOW
NOINC11				= D8A2, L: SPUPDATENOW
DRAWCHAR			= D8C6, L: SPUPDATENOW
NOTLOAD				= D8F4, L: SPUPDATENOW
NOINC10				= D8FF, L: SPUPDATENOW
SPRITELOOP			= D914, L: SPUPDATENOW
DOSPRITE			= D918, L: SPUPDATENOW
COLOURSPRITE			= DA22, L: SPUPDATENOW
CLEAR				= DA2C, L: SPUPDATENOW
COPYBUFFER			= DA37, L: SPUPDATENOW
NOMORESPRITES			= DA59, L: SPUPDATENOW
MASKNOROTATE			= DA67, L: SPUPDATENOW
LOADTYPE			= DAB2, L: SPUPDATENOW
LOADNOROTATE			= DB20, L: SPUPDATENOW
XORTYPE				= DB3F, L: SPUPDATENOW
XORNOROTATE			= DBC5, L: SPUPDATENOW
ORTYPE				= DBF7, L: SPUPDATENOW
ORNOROTATE			= DC7D, L: SPUPDATENOW
