ACFAIL				= D52F, L: SPADDCOLSPR
ACLOOP				= D4B5, L: SPADDCOLSPR
ACNOCRY				= D4A4, L: SPADDCOLSPR
ACNOCRY3			= D505, L: SPADDCOLSPR
ADJLOOP				= CBE9, L: SPMOVESPRABS
ADJUSTGRAPHICS			= CD2C, L: SPMOVESPRABS
APBRANCH1			= 5F1B, L: CHURROMAIN
APBRANCH2			= 5F5E, L: CHURROMAIN
APBRANCH3			= 5F4A, L: CHURROMAIN
APBRANCH4			= 5F41, L: CHURROMAIN
APGET4BITS			= 5F33, L: CHURROMAIN
APLOOP				= 5F20, L: CHURROMAIN
APLOOP0				= 5F1D, L: CHURROMAIN
APSKIP2				= 5F7D, L: CHURROMAIN
APSKIP3				= 5F86, L: CHURROMAIN
APWRITEBYTE			= 5F3D, L: CHURROMAIN
AP_FINISHUP			= 5F89, L: CHURROMAIN
AP_FINISHUP2			= 5F8C, L: CHURROMAIN
AP_GETBIT			= 5F9F, L: CHURROMAIN
AP_GETGAMMA			= 5FAB, L: CHURROMAIN
AP_GETGAMMALOOP			= 5FAE, L: CHURROMAIN
AP_R0_GAMMA			= 5F93, L: CHURROMAIN
ASHL16_HL			= 5EFB, L: CHURROMAIN
BLACKOUT			= A280, L: CHURROMAIN
BROKEN				= CBC7, L: SPINTRECT
BUCLE				= A6A8, L: CHURROMAIN
BUCLE1				= A6AA, L: CHURROMAIN
BUCLE2				= A6B1, L: CHURROMAIN
CLEAR				= D1A4, L: SPUPDATENOW
CLEARB1				= A693, L: CHURROMAIN
CLEARB2				= A696, L: CHURROMAIN
COINS_CHECK			= B049, L: CHURROMAIN
COLOURSPRITE			= D1A2, L: SPUPDATENOW
COMPUTEDISP			= CD09, L: SPMOVESPRABS
CONT				= D6D6, L: SPCREATESPR
COPYBUFFER			= D1AF, L: SPUPDATENOW
CSENTER				= D6BF, L: SPCREATESPR
CSFAIL1				= D6F4, L: SPCREATESPR
CSFAIL2				= D6F6, L: SPCREATESPR
CSLOOP				= D6AB, L: SPCREATESPR
CSNOCRY				= D6EA, L: SPCREATESPR
DEPACK				= 5F18, L: CHURROMAIN
DIRTYAREA			= CFCB, L: SPUPDATENOW
DIRTYLOOP			= CFA5, L: SPUPDATENOW
DONE				= D8CB, L: SPREGISTERHOOKLAST
DOSPRITE			= D08D, L: SPUPDATENOW
DRAWCHAR			= D03B, L: SPUPDATENOW
DRAW_AND_ADVANCE_X_SET		= AF24, L: CHURROMAIN
DRAW_SCR_BG_LOOP		= AFFA, L: CHURROMAIN
DRAW_SCR_BG_LOOP_END		= B056, L: CHURROMAIN
DRAW_TEXT_LOOP			= 8725, L: CHURROMAIN
DRAW_TEXT_NL			= 8746, L: CHURROMAIN
DR_INNER_LOOP			= 858E, L: CHURROMAIN
DR_OUTTER_LOOP			= 8571, L: CHURROMAIN
DR_OUTTER_LOOP_CONTINUE		= 859A, L: CHURROMAIN
ENTRY				= BDEA, L: L_DIV_U
ENTRYLP				= D744, L: SPINITIALIZE
EN_LINEAR_HORZ_BOUNDS		= B2DE, L: CHURROMAIN
EN_LINEAR_VERT_BOUNDS		= B306, L: CHURROMAIN
EVIL_TILE_COLLISION		= AC2F, L: CHURROMAIN
EVIL_TILE_COLLISION_DONE	= AC84, L: CHURROMAIN
FILL_BUFFER_END			= 92BF, L: CHURROMAIN
FILL_BUFFER_LOOP		= 92B2, L: CHURROMAIN
FLICK_DOWN_DONE			= BC3E, L: CHURROMAIN
FLICK_LEFT_DONE			= BB9F, L: CHURROMAIN
FLICK_RIGHT_DONE		= BBC7, L: CHURROMAIN
FLICK_UP_DONE			= BC12, L: CHURROMAIN
FSCLIPSTRUCT			= 5EDF, L: CHURROMAIN
GENERICISR			= D602, L: SPCREATEGENERICISR
HIDE_SPRITES_ENEMS_LOOP		= A44B, L: CHURROMAIN
HLSHR6_A			= 5EF0, L: CHURROMAIN
HORZ_COLLISION_DONE		= AC0D, L: CHURROMAIN
HORZ_COLLISION_IF1		= AB57, L: CHURROMAIN
HORZ_COLLISION_IF2		= AB71, L: CHURROMAIN
HORZ_COLLISION_IF3		= ABB7, L: CHURROMAIN
HORZ_COLLISION_IF4		= ABD2, L: CHURROMAIN
HORZ_COLLISION_LEFT		= AB8A, L: CHURROMAIN
HORZ_COLLISION_NEGATIVE		= AB4D, L: CHURROMAIN
HORZ_COLLISION_POSITIVE		= ABAD, L: CHURROMAIN
HORZ_COLLISION_RIGHT		= ABEC, L: CHURROMAIN
HORZ_LIMIT_SKIP_1		= B2F1, L: CHURROMAIN
HORZ_LIMIT_SKIP_2		= B306, L: CHURROMAIN
HOTSPOT_PAINT_ACT_SKIP		= AF59, L: CHURROMAIN
HOTSPOT_PAINT_SET_T		= AFB1, L: CHURROMAIN
IB1				= D57C, L: SPADDMEMORY
IB2				= D583, L: SPADDMEMORY
INIT_HOTSPOTS_LOOP		= AED1, L: CHURROMAIN
INVALIDATE			= CCFA, L: SPMOVESPRABS
INVCOLLP			= CAB2, L: SPINVALIDATE
INVFULLCHAR			= CAC5, L: SPINVALIDATE
INVROWLP			= CAC7, L: SPINVALIDATE
I_1				= BCA7, L: CHURROMAIN
I_100				= 9A47, L: CHURROMAIN
I_101				= 9A80, L: CHURROMAIN
I_102				= 9A83, L: CHURROMAIN
I_103				= 9A94, L: CHURROMAIN
I_104				= 9AAD, L: CHURROMAIN
I_105				= 9AB0, L: CHURROMAIN
I_106				= 9C7A, L: CHURROMAIN
I_107				= 9ACC, L: CHURROMAIN
I_108				= 9C7A, L: CHURROMAIN
I_109				= 9B01, L: CHURROMAIN
I_110				= 9C77, L: CHURROMAIN
I_111				= 9B23, L: CHURROMAIN
I_112				= 9C77, L: CHURROMAIN
I_114				= 9C77, L: CHURROMAIN
I_115				= 9B28, L: CHURROMAIN
I_116				= 9B77, L: CHURROMAIN
I_117				= 9B8A, L: CHURROMAIN
I_118				= 9BB7, L: CHURROMAIN
I_119				= 9BCB, L: CHURROMAIN
I_120				= 9BE2, L: CHURROMAIN
I_121				= 9C10, L: CHURROMAIN
I_122				= 9C1B, L: CHURROMAIN
I_123				= 9C26, L: CHURROMAIN
I_124				= 9C31, L: CHURROMAIN
I_125				= 9C3C, L: CHURROMAIN
I_126				= 9C47, L: CHURROMAIN
I_127				= 9C4D, L: CHURROMAIN
I_128				= 9C58, L: CHURROMAIN
I_129				= 9C65, L: CHURROMAIN
I_130				= 9C70, L: CHURROMAIN
I_131				= A311, L: CHURROMAIN
I_132				= A356, L: CHURROMAIN
I_133				= A327, L: CHURROMAIN
I_134				= A353, L: CHURROMAIN
I_135				= A33D, L: CHURROMAIN
I_136				= A353, L: CHURROMAIN
I_137				= A353, L: CHURROMAIN
I_138				= A356, L: CHURROMAIN
I_139				= A3CD, L: CHURROMAIN
I_140				= A3DE, L: CHURROMAIN
I_144				= A4EC, L: CHURROMAIN
I_145				= A591, L: CHURROMAIN
I_146				= A4F1, L: CHURROMAIN
I_147				= A575, L: CHURROMAIN
I_148				= A54E, L: CHURROMAIN
I_150				= A58B, L: CHURROMAIN
I_151				= A5C2, L: CHURROMAIN
I_152				= A5B6, L: CHURROMAIN
I_154				= A5C9, L: CHURROMAIN
I_155				= A7A7, L: CHURROMAIN
I_156				= A7AA, L: CHURROMAIN
I_157				= A83E, L: CHURROMAIN
I_158				= A7EC, L: CHURROMAIN
I_159				= A7C6, L: CHURROMAIN
I_160_I_159			= A7C9, L: CHURROMAIN
I_161				= A7EC, L: CHURROMAIN
I_162				= A7D7, L: CHURROMAIN
I_164				= A83B, L: CHURROMAIN
I_165				= A829, L: CHURROMAIN
I_166				= A83B, L: CHURROMAIN
I_167				= A848, L: CHURROMAIN
I_168				= A893, L: CHURROMAIN
I_169				= A890, L: CHURROMAIN
I_170				= A898, L: CHURROMAIN
I_171				= A8BF, L: CHURROMAIN
I_172				= A8CC, L: CHURROMAIN
I_173				= A8EE, L: CHURROMAIN
I_174				= A901, L: CHURROMAIN
I_175				= AA7D, L: CHURROMAIN
I_176				= AA18, L: CHURROMAIN
I_177_I_176			= AA1B, L: CHURROMAIN
I_178				= AA4F, L: CHURROMAIN
I_179				= AA4C, L: CHURROMAIN
I_180				= AA7D, L: CHURROMAIN
I_181				= AA7D, L: CHURROMAIN
I_182				= AA7D, L: CHURROMAIN
I_183				= AAB3, L: CHURROMAIN
I_184				= AAB3, L: CHURROMAIN
I_185				= AAE5, L: CHURROMAIN
I_186				= AAE5, L: CHURROMAIN
I_187				= AB11, L: CHURROMAIN
I_188				= AB24, L: CHURROMAIN
I_189				= AC4E, L: CHURROMAIN
I_19				= 877E, L: CHURROMAIN
I_190				= AC84, L: CHURROMAIN
I_191				= AD39, L: CHURROMAIN
I_192				= AD09, L: CHURROMAIN
I_193				= ACD0, L: CHURROMAIN
I_195				= AD06, L: CHURROMAIN
I_196				= ACF8, L: CHURROMAIN
I_197				= AD36, L: CHURROMAIN
I_198				= AD2E, L: CHURROMAIN
I_199				= AD36, L: CHURROMAIN
I_20				= 87AC, L: CHURROMAIN
I_200				= AD48, L: CHURROMAIN
I_201				= AD48, L: CHURROMAIN
I_202				= AE03, L: CHURROMAIN
I_203				= ADEE, L: CHURROMAIN
I_204_I_203			= ADF1, L: CHURROMAIN
I_205				= AE3D, L: CHURROMAIN
I_206				= AE15, L: CHURROMAIN
I_207				= AE3D, L: CHURROMAIN
I_208				= AE3D, L: CHURROMAIN
I_209				= AFEA, L: CHURROMAIN
I_21				= 87DE, L: CHURROMAIN
I_210				= AFED, L: CHURROMAIN
I_211				= B0CA, L: CHURROMAIN
I_212				= B1DE, L: CHURROMAIN
I_213				= B0CF, L: CHURROMAIN
I_215				= B1D8, L: CHURROMAIN
I_216				= B12C, L: CHURROMAIN
I_217				= B149, L: CHURROMAIN
I_218				= B149, L: CHURROMAIN
I_219				= B149, L: CHURROMAIN
I_22				= 87D2, L: CHURROMAIN
I_220				= B149, L: CHURROMAIN
I_221				= B157, L: CHURROMAIN
I_222				= B24E, L: CHURROMAIN
I_223				= B756, L: CHURROMAIN
I_224				= B253, L: CHURROMAIN
I_225				= B723, L: CHURROMAIN
I_226				= B32E, L: CHURROMAIN
I_227				= B587, L: CHURROMAIN
I_228				= B33E, L: CHURROMAIN
I_23				= 87CC, L: CHURROMAIN
I_230				= B488, L: CHURROMAIN
I_231				= B3A1, L: CHURROMAIN
I_232				= B383, L: CHURROMAIN
I_233_I_232			= B386, L: CHURROMAIN
I_234				= B3ED, L: CHURROMAIN
I_235				= B3ED, L: CHURROMAIN
I_236				= B3D2, L: CHURROMAIN
I_237_I_236			= B3D5, L: CHURROMAIN
I_238				= B43C, L: CHURROMAIN
I_239				= B41E, L: CHURROMAIN
I_240_I_239			= B421, L: CHURROMAIN
I_241				= B488, L: CHURROMAIN
I_242				= B488, L: CHURROMAIN
I_243				= B46D, L: CHURROMAIN
I_244_I_243			= B470, L: CHURROMAIN
I_245				= B4DB, L: CHURROMAIN
I_246				= B506, L: CHURROMAIN
I_247				= B531, L: CHURROMAIN
I_248				= B55C, L: CHURROMAIN
I_249				= B587, L: CHURROMAIN
I_24_I_23			= 87CF, L: CHURROMAIN
I_250				= B5DF, L: CHURROMAIN
I_251				= B5F1, L: CHURROMAIN
I_252				= B6AE, L: CHURROMAIN
I_253				= B624, L: CHURROMAIN
I_254_I_253			= B627, L: CHURROMAIN
I_255				= B720, L: CHURROMAIN
I_256				= B720, L: CHURROMAIN
I_257				= B6CE, L: CHURROMAIN
I_258_I_257			= B6D1, L: CHURROMAIN
I_259				= B720, L: CHURROMAIN
I_260				= B70E, L: CHURROMAIN
I_261				= B71D, L: CHURROMAIN
I_262				= B723, L: CHURROMAIN
I_263				= B816, L: CHURROMAIN
I_264				= B897, L: CHURROMAIN
I_265				= B81B, L: CHURROMAIN
I_266				= B89A, L: CHURROMAIN
I_267				= BCA5, L: CHURROMAIN
I_268				= B900, L: CHURROMAIN
I_269				= BCA2, L: CHURROMAIN
I_270				= B95C, L: CHURROMAIN
I_271				= B9A7, L: CHURROMAIN
I_272				= B983, L: CHURROMAIN
I_273				= B98A, L: CHURROMAIN
I_274				= B9DE, L: CHURROMAIN
I_275				= BA0C, L: CHURROMAIN
I_277				= BACA, L: CHURROMAIN
I_278				= BAB3, L: CHURROMAIN
I_279				= BAB9, L: CHURROMAIN
I_280				= BB2A, L: CHURROMAIN
I_281				= BB79, L: CHURROMAIN
I_282				= BBA2, L: CHURROMAIN
I_283				= BB8D, L: CHURROMAIN
I_284_I_283			= BB90, L: CHURROMAIN
I_285				= BBC7, L: CHURROMAIN
I_286				= BBC7, L: CHURROMAIN
I_287				= BBB6, L: CHURROMAIN
I_288_I_287			= BBB9, L: CHURROMAIN
I_289				= BC15, L: CHURROMAIN
I_290				= BBEC, L: CHURROMAIN
I_290_UGE			= BBEA, L: CHURROMAIN
I_291_I_290			= BBEF, L: CHURROMAIN
I_292				= BC3E, L: CHURROMAIN
I_293				= BC3E, L: CHURROMAIN
I_294				= BC29, L: CHURROMAIN
I_295_I_294			= BC2C, L: CHURROMAIN
I_296				= BC5D, L: CHURROMAIN
I_297				= BC75, L: CHURROMAIN
I_298				= BC75, L: CHURROMAIN
I_299				= BC9F, L: CHURROMAIN
I_300				= BC92, L: CHURROMAIN
I_48				= 9284, L: CHURROMAIN
I_49				= 9329, L: CHURROMAIN
I_50				= 92AC, L: CHURROMAIN
I_51				= 931E, L: CHURROMAIN
I_52				= 9329, L: CHURROMAIN
I_53				= 9331, L: CHURROMAIN
I_54				= 9331, L: CHURROMAIN
I_55				= 933A, L: CHURROMAIN
I_56				= 9350, L: CHURROMAIN
I_57				= 93C6, L: CHURROMAIN
I_58				= 93A9, L: CHURROMAIN
I_59_I_58			= 93AC, L: CHURROMAIN
I_60				= 93EB, L: CHURROMAIN
I_61				= 93D5, L: CHURROMAIN
I_62_I_61			= 93D8, L: CHURROMAIN
I_63				= 9463, L: CHURROMAIN
I_64				= 9460, L: CHURROMAIN
I_64_ULE			= 9459, L: CHURROMAIN
I_65				= 9483, L: CHURROMAIN
I_66				= 94A5, L: CHURROMAIN
I_67				= 949A, L: CHURROMAIN
I_68_I_67			= 949D, L: CHURROMAIN
I_69				= 950A, L: CHURROMAIN
I_70				= 94FC, L: CHURROMAIN
I_71				= 950A, L: CHURROMAIN
I_73				= 951A, L: CHURROMAIN
I_74				= 9510, L: CHURROMAIN
I_75				= 951A, L: CHURROMAIN
I_76				= 951A, L: CHURROMAIN
I_79				= 9866, L: CHURROMAIN
I_80				= 986D, L: CHURROMAIN
I_81				= 9C83, L: CHURROMAIN
I_82				= 988C, L: CHURROMAIN
I_83				= 98A6, L: CHURROMAIN
I_84				= 9ABE, L: CHURROMAIN
I_85				= 98D4, L: CHURROMAIN
I_86				= 9ABB, L: CHURROMAIN
I_87				= 98F9, L: CHURROMAIN
I_88				= 9ABB, L: CHURROMAIN
I_90				= 9ABB, L: CHURROMAIN
I_91				= 98FE, L: CHURROMAIN
I_92				= 992A, L: CHURROMAIN
I_93				= 994C, L: CHURROMAIN
I_94				= 996E, L: CHURROMAIN
I_95				= 99E6, L: CHURROMAIN
I_96				= 99E9, L: CHURROMAIN
I_97				= 99FA, L: CHURROMAIN
I_98				= 9A33, L: CHURROMAIN
I_99				= 9A36, L: CHURROMAIN
JKLOOP				= D7C7, L: SPJOYKEYBOARD
JPHL				= D6FF, L: SPCREATESPR
JPHL				= D61D, L: SPCREATEGENERICISR
JPHL				= D55A, L: SPDELETESPR
JPHL				= D540, L: SPADDCOLSPR
KEMPTBL				= D78C, L: SPJOYKEMPSTON
LOADNOROTATE			= D29A, L: SPUPDATENOW
LOADTYPE			= D22C, L: SPUPDATENOW
LOAD_TILESET_LOOP		= B7B3, L: CHURROMAIN
LOOP				= D8C0, L: SPREGISTERHOOKLAST
LOOP				= D545, L: SPDELETESPR
L_AND				= BDC7, G: L_AND
L_ASL				= BDCE, G: L_ASL
L_ASL1				= BDCF, L: L_ASL
L_ASR_U				= BDD5, G: L_ASR_U
L_ASR_U_1			= BDD6, L: L_ASR_U
L_COM				= BDDF, G: L_COM
L_DIV1				= BDF1, L: L_DIV_U
L_DIV2				= BDFB, L: L_DIV_U
L_DIV_U				= BDE6, G: L_DIV_U
L_EQ				= BE05, G: L_EQ
L_GCHAR				= BE0C, G: L_GCHAR
L_GINT				= BE12, G: L_GINT
L_GT				= BE17, G: L_GT
L_LNEG				= BE23, G: L_LNEG
L_LT				= BE28, G: L_LT
L_MULT				= BE34, G: L_MULT
L_MULT1				= BE3B, L: L_MULT
L_MULT2				= BE42, L: L_MULT
L_NE				= BE45, G: L_NE
L_NEG				= BE4C, G: L_NEG
L_OR				= BE54, G: L_OR
L_PINT				= BE5B, G: L_PINT
L_SXT				= BE61, G: L_SXT
L_SXT				= BE0D, L: L_GCHAR
L_UGE				= BE66, G: L_UGE
L_ULE				= BE6E, G: L_ULE
L_ULT				= BE76, G: L_ULT
MASKNOROTATE			= D1E1, L: SPUPDATENOW
ML_F_ZONE_SKIP			= BA65, L: CHURROMAIN
ML_MIN_FAPS_LOOP		= BB2D, L: CHURROMAIN
ML_MIN_FAPS_LOOP_END		= BB37, L: CHURROMAIN
ML_UD_SKIP			= B920, L: CHURROMAIN
MOVING_PLATFORMS		= B627, L: CHURROMAIN
MOVING_PLATFORMS_DO		= B635, L: CHURROMAIN
MOVING_PLATFORMS_DONE		= B6AB, L: CHURROMAIN
MOVING_PLATFORMS_HORZ		= B677, L: CHURROMAIN
MOVING_PLATFORMS_VERT		= B635, L: CHURROMAIN
MOVING_PLATFORMS_VERT_DONE	= B677, L: CHURROMAIN
MOVING_PLATFORMS_VERT_DOWN	= B65C, L: CHURROMAIN
MOVING_PLATFORMS_VERT_UP	= B63F, L: CHURROMAIN
MUSICSTART			= BCA6, L: CHURROMAIN
MVCOLLOOP			= CC36, L: SPMOVESPRABS
MVROWLOOP			= CC3C, L: SPMOVESPRABS
NEXTDATA			= 83CA, L: CHURROMAIN
NEXTRAND			= A667, L: CHURROMAIN
NOCAPS				= D828, L: SPKEYPRESSED
NODEC1				= CCC6, L: SPMOVESPRABS
NOFIRE				= D7C7, L: SPJOYKEYBOARD
NOINC				= CD91, L: SPTBLLOOKUP
NOINC1				= D4F1, L: SPADDCOLSPR
NOINC1				= D44A, L: SPVALIDATE
NOINC1				= CFBD, L: SPUPDATENOW
NOINC1				= CC5E, L: SPMOVESPRABS
NOINC1				= CAAE, L: SPINVALIDATE
NOINC10				= D074, L: SPUPDATENOW
NOINC11				= D017, L: SPUPDATENOW
NOINC2				= D45E, L: SPVALIDATE
NOINC2				= CC97, L: SPMOVESPRABS
NOINC2				= CAC1, L: SPINVALIDATE
NOINC3				= D470, L: SPVALIDATE
NOINC3				= CCB8, L: SPMOVESPRABS
NOINC3				= CAD2, L: SPINVALIDATE
NOINC4				= CCD2, L: SPMOVESPRABS
NOINC5				= CD38, L: SPMOVESPRABS
NOMORESPRITES			= D1D1, L: SPUPDATENOW
NONEXT1				= CC72, L: SPMOVESPRABS
NONEXT2				= CCDF, L: SPMOVESPRABS
NOPRESS				= D7D2, L: SPJOYKEYBOARD
NOSYM				= D834, L: SPKEYPRESSED
NOTACROSSBLK1			= CFB5, L: SPUPDATENOW
NOTACROSSBLK2			= D005, L: SPUPDATENOW
NOTCOMPRESS			= D6D1, L: SPCREATESPR
NOTDISPLAYED			= CCDF, L: SPMOVESPRABS
NOTDONE				= CC46, L: SPMOVESPRABS
NOTINDLIST			= CC72, L: SPMOVESPRABS
NOTLOAD				= D069, L: SPUPDATENOW
NOTNEGATIVE			= CD27, L: SPMOVESPRABS
ORNOROTATE			= D3F7, L: SPUPDATENOW
ORTYPE				= D371, L: SPUPDATENOW
PDLOOP				= CC8F, L: SPMOVESPRABS
PLAYER_FLICKER_CHECK_DONE	= BB52, L: CHURROMAIN
PLAYER_FLICKER_CT_WRITE		= BB4F, L: CHURROMAIN
PLAYER_FLICKER_DONE_CHECK	= BB3E, L: CHURROMAIN
PLAYER_GET_COIN			= AD48, L: CHURROMAIN
PLAYER_GET_COIN_A_DONE		= AD60, L: CHURROMAIN
PLAYER_GET_COIN_B_DONE		= AD80, L: CHURROMAIN
PLAYER_GET_COIN_C_DONE		= ADA0, L: CHURROMAIN
PLAYER_GET_COIN_D_DONE		= ADC8, L: CHURROMAIN
PLAYER_GRAVITY_ADD		= A8B3, L: CHURROMAIN
PLAYER_GRAVITY_DONE		= A8BF, L: CHURROMAIN
PLAYER_GRAVITY_MAXIMUM		= A8B9, L: CHURROMAIN
PLAYER_GRAVITY_VY_SET		= A8BC, L: CHURROMAIN
PLAYER_HOVER_MAXIMUM		= A88A, L: CHURROMAIN
PLAYER_HOVER_SET		= A88D, L: CHURROMAIN
POPREG				= D630, L: SPCREATEGENERICISR
POSITION			= D605, L: SPCREATEGENERICISR
PUSHREG				= D60E, L: SPCREATEGENERICISR
PUTHERE				= CCA9, L: SPMOVESPRABS
QTILE_DO			= 85F0, L: CHURROMAIN
RAND16				= A64B, L: CHURROMAIN
RAS_PLAYER_ON_SCREEN		= A5E8, L: CHURROMAIN
RAS_RDI_CALC_DONE		= A5F3, L: CHURROMAIN
READDATA			= 8371, L: CHURROMAIN
READDATA_SOUND			= 837B, L: CHURROMAIN
REDRAW_FROM_BUFFER_LOOP		= 91FA, L: CHURROMAIN
REDRAW_FROM_BUFFER_SET_X	= 9221, L: CHURROMAIN
REENTER				= CFBD, L: SPUPDATENOW
REPITATODO			= A6A2, L: CHURROMAIN
ROTLP				= D747, L: SPINITIALIZE
ROTTBLLP			= D73D, L: SPINITIALIZE
RUNHOOKS			= D61E, L: SPCREATEGENERICISR
SET_MAP_TILE_DO			= 868E, L: CHURROMAIN
SFXROUTINENOISE			= 83CE, L: CHURROMAIN
SFXROUTINENOISE_BORDER		= 83DC, L: CHURROMAIN
SFXROUTINENOISE_L0		= 83D5, L: CHURROMAIN
SFXROUTINENOISE_L1		= 83D9, L: CHURROMAIN
SFXROUTINENOISE_L2		= 83E9, L: CHURROMAIN
SFXROUTINETONE			= 838D, L: CHURROMAIN
SFXROUTINETONE_BORDER		= 83A7, L: CHURROMAIN
SFXROUTINETONE_DUTY		= 83A2, L: CHURROMAIN
SFXROUTINETONE_L0		= 839C, L: CHURROMAIN
SFXROUTINETONE_L1		= 83A0, L: CHURROMAIN
SINC1TBL			= D7EC, L: SPJOYSINCLAIR1
SKIP1				= CD48, L: SPMOVESPRABS
SKIP2				= CD58, L: SPMOVESPRABS
SOUNDEFFECTSDATA		= 83FD, L: CHURROMAIN
SOUNDEFFECTSDATA_SFX0		= 8415, L: CHURROMAIN
SOUNDEFFECTSDATA_SFX1		= 8421, L: CHURROMAIN
SOUNDEFFECTSDATA_SFX10		= 84E7, L: CHURROMAIN
SOUNDEFFECTSDATA_SFX11		= 84EF, L: CHURROMAIN
SOUNDEFFECTSDATA_SFX2		= 842D, L: CHURROMAIN
SOUNDEFFECTSDATA_SFX3		= 8447, L: CHURROMAIN
SOUNDEFFECTSDATA_SFX4		= 8453, L: CHURROMAIN
SOUNDEFFECTSDATA_SFX5		= 845F, L: CHURROMAIN
SOUNDEFFECTSDATA_SFX6		= 846B, L: CHURROMAIN
SOUNDEFFECTSDATA_SFX7		= 8482, L: CHURROMAIN
SOUNDEFFECTSDATA_SFX8		= 84C5, L: CHURROMAIN
SOUNDEFFECTSDATA_SFX9		= 84DF, L: CHURROMAIN
SOUND_PLAY			= 835F, L: CHURROMAIN
SPADDCOLSPR			= D499, G: SPADDCOLSPR
SPADDMEMORY			= D574, G: SPADDMEMORY
SPALLOC				= D5CD, G: SPBLOCKALLOC
SPBIT2MASK			= CD83, G: SPBIT2MASK
SPBITLEFT2MASK			= CAE0, G: SPBITLEFT2MASK
SPBITRIGHT2MASK			= CAE8, G: SPBITRIGHT2MASK
SPBLOCKALLOC			= D5C3, G: SPBLOCKALLOC
SPBORDER			= D5E8, G: SPBORDER
SPBORDERCLR			= D5E7, G: SPBORDER
SPCOMPDIRTYADDR			= CAF0, G: SPCOMPDIRTYADDR
SPCOMPDLISTADDR			= BE7C, G: SPCOMPDLISTADDR
SPCREATEGENERICISR		= D5F9, G: SPCREATEGENERICISR
SPCREATESPR			= D65A, G: SPCREATESPR
SPDELETESPR			= D541, G: SPDELETESPR
SPDIRTYCHARS			= CB05, G: SPDIRTYCHARS
SPDISPLAYLIST			= BE8D, G: SPDISPLAYLIST
SPDSLOOP			= D552, G: SPDELETESPR
SPFB1				= D595, G: SPFREEBLOCK
SPFB2				= D5A0, G: SPFREEBLOCK
SPFREEBLOCK			= D590, G: SPFREEBLOCK
SPINITIALIZE			= D717, G: SPINITIALIZE
SPINITIM2			= D764, G: SPINITIM2
SPINTRECT			= CB65, G: SPINTRECT
SPINTSMALLIVAL			= CB96, G: SPINTRECT
SPINVALIDATE			= CA8D, G: SPINVALIDATE
SPINVALIDATEP			= CA95, G: SPINVALIDATE
SPJOYKEMPSTON			= D781, G: SPJOYKEMPSTON
SPJOYKEYBOARD			= D7BA, G: SPJOYKEYBOARD
SPJOYSINCLAIR1			= D7E0, G: SPJOYSINCLAIR1
SPKEYPRESSED			= D81C, G: SPKEYPRESSED
SPMOVESPRABS			= CBD0, G: SPMOVESPRABS
SPMOVESPRABSC			= CBF7, G: SPMOVESPRABS
SPMOVESPRABSNC			= CBDE, G: SPMOVESPRABS
SPNULLSPRPTR			= CD5B, G: SPNULLSPRPTR
SPPRINTATINV			= CD6B, G: SPPRINTATINV
SPPTINSMALLIVAL			= CBBB, G: SPINTRECT
SPQUEUETABLE			= D5AB, G: SPQUEUETABLE
SPREGISTERHOOK			= D8B7, G: SPREGISTERHOOKLAST
SPREGISTERHOOKLAST		= D8B7, G: SPREGISTERHOOKLAST
SPRITELOOP			= D089, L: SPUPDATENOW
SPTBLLOOKUP			= CD8B, G: SPTBLLOOKUP
SPTILEARRAY			= CD93, G: SPTILEARRAY
SPUPDATENOW			= CF9C, G: SPUPDATENOW
SPVALIDATE			= D429, G: SPVALIDATE
SPVALIDATEP			= D431, G: SPVALIDATE
SP_ADDCOLSPR			= D47E, G: SP_ADDCOLSPR
SP_ADDMEMORY			= D55B, G: SP_ADDMEMORY
SP_BLOCKALLOC			= D5B5, G: SP_BLOCKALLOC
SP_BORDER			= D5DE, G: SP_BORDER
SP_CREATEGENERICISR		= D5F0, G: SP_CREATEGENERICISR
SP_CREATESPR			= D641, G: SP_CREATESPR
SP_FIXCLIPRECT			= D878, G: SP_FIXCLIPRECT
SP_FREEBLOCK			= D700, G: SP_FREEBLOCK
SP_INITIALIZE			= D70B, G: SP_INITIALIZE
SP_INITIM2			= D759, G: SP_INITIM2
SP_JOYKEMPSTON			= D77A, G: SP_JOYKEMPSTON
SP_JOYKEYBOARD			= D7AC, G: SP_JOYKEYBOARD
SP_JOYSINCLAIR1			= D7D9, G: SP_JOYSINCLAIR1
SP_KEYPRESSED			= D80C, G: SP_KEYPRESSED
SP_MOVEABSHELP			= D849, G: SP_MOVEABSHELP
SP_MOVESPRABS			= D840, G: SP_MOVESPRABS
SP_REGISTERHOOK			= D892, G: SP_REGISTERHOOK
SP_REGISTERHOOKLAST		= D8A8, G: SP_REGISTERHOOKLAST
SP_UPDATENOW			= D8D4, G: SP_UPDATENOW
START				= 5E88, L: ZX82_CRT0
TEMPCOLOUR			= CF9B, L: SPUPDATENOW
TEMPGRAPHIC			= CF93, L: SPUPDATENOW
TILEONLY			= D00C, L: SPUPDATENOW
TRYOTHERWAY			= CBAA, L: SPINTRECT
VALCOLLP			= D44F, L: SPVALIDATE
VALFULLCHAR			= D463, L: SPVALIDATE
VALROWLP			= D465, L: SPVALIDATE
VERT_COLLISION			= A929, L: CHURROMAIN
VERT_COLLISION_DONE		= A9FC, L: CHURROMAIN
VERT_COLLISION_DOWN		= A9EE, L: CHURROMAIN
VERT_COLLISION_IF1		= A951, L: CHURROMAIN
VERT_COLLISION_IF2		= A969, L: CHURROMAIN
VERT_COLLISION_IF3		= A9BB, L: CHURROMAIN
VERT_COLLISION_IF4		= A9D4, L: CHURROMAIN
VERT_COLLISION_NEGATIVE		= A947, L: CHURROMAIN
VERT_COLLISION_POSITIVE		= A9AC, L: CHURROMAIN
VERT_COLLISION_UP		= A984, L: CHURROMAIN
VERT_LIMIT_SKIP_1		= B319, L: CHURROMAIN
VERT_LIMIT_SKIP_2		= B32E, L: CHURROMAIN
VPCLIPSTRUCT			= 5EE3, L: CHURROMAIN
WITHSIGN			= 5F07, L: CHURROMAIN
XINSCREEN			= CC1F, L: SPMOVESPRABS
XORNOROTATE			= D33F, L: SPUPDATENOW
XORTYPE				= D2B9, L: SPUPDATENOW
YINSCREEN			= CC0F, L: SPMOVESPRABS
_ABS				= A675, G: CHURROMAIN
_ABS_A				= A430, G: CHURROMAIN
_ADJUST_TO_TILE_X		= A6F0, G: CHURROMAIN
_ADJUST_TO_TILE_Y		= A705, G: CHURROMAIN
_ANY_KEY			= 8756, G: CHURROMAIN
_ASM_INT			= BDBF, G: CHURROMAIN
_ATTR				= 85A1, G: CHURROMAIN
_ATTR3				= 85B5, L: CHURROMAIN
_ATTR_1				= 85B6, L: CHURROMAIN
_ATTR_1B			= 85D2, L: CHURROMAIN
_ATTR_2				= 85A9, L: CHURROMAIN
_ATTR_END			= 85E5, L: CHURROMAIN
_ATTR_ENEMS			= 85C0, L: CHURROMAIN
_ATTR_ENEMS_SKIP_1		= 85C8, L: CHURROMAIN
_BEEPET				= 8529, G: CHURROMAIN
_BITMASK			= 5EE8, G: CHURROMAIN
_BOTTOM_STRING			= 884A, G: CHURROMAIN
_BUTTON_JUMP			= BD43, G: CHURROMAIN
_CALC_BADDIES_POINTER		= A4D7, G: CHURROMAIN
_CALC_HOTSPOT_PTR		= AF2C, G: CHURROMAIN
_CERROJOS			= 67EF, G: CHURROMAIN
_CLEAR_TEMP_STRING		= 922D, G: CHURROMAIN
_COINS_OLD			= BDC6, G: CHURROMAIN
_COLLIDE_ENEM			= A619, G: CHURROMAIN
_COMPORTAMIENTO_TILES		= 5E8E, G: CHURROMAIN
_CORTINA			= A68E, G: CHURROMAIN
_DO_EXTERN_ACTION		= A3BD, G: CHURROMAIN
_DRAW_2_DIGITS			= 86C7, G: CHURROMAIN
_DRAW_AND_ADVANCE		= AED6, G: CHURROMAIN
_DRAW_COLOURED_TILE		= 8606, G: CHURROMAIN
_DRAW_COLOURED_TILE_DO		= 861A, L: CHURROMAIN
_DRAW_RECTANGLE			= 855A, G: CHURROMAIN
_DRAW_SCR			= B0A1, G: CHURROMAIN
_DRAW_SCR_BACKGROUND		= AFB8, G: CHURROMAIN
_DRAW_TEXT			= 8709, G: CHURROMAIN
_ENEMS_CALC_FRAME		= B05A, G: CHURROMAIN
_ENEMS_EN_AN_CALC		= B084, G: CHURROMAIN
_ENEMS_INIT			= B0B4, L: CHURROMAIN
_ENEMY_ANIMATE_UPDATE_COUNT	= B5A2, L: CHURROMAIN
_ENEMY_DIED			= BD2A, G: CHURROMAIN
_ENEMY_KILLER			= BD36, G: CHURROMAIN
_ENEM_CELLS			= A414, G: CHURROMAIN
_ENIT				= BD4C, G: CHURROMAIN
_ENOFFS				= BD40, G: CHURROMAIN
_ENOFFSMASI			= BDB5, G: CHURROMAIN
_EN_CCX				= BD34, G: CHURROMAIN
_EN_CCY				= BD35, G: CHURROMAIN
_EN_CX				= BD12, G: CHURROMAIN
_EN_CY				= BD13, G: CHURROMAIN
_EN_J				= BD47, G: CHURROMAIN
_EN_TOCADO			= 5EE7, G: CHURROMAIN
_EN_X				= BD49, G: CHURROMAIN
_EN_XX				= BD26, G: CHURROMAIN
_EN_Y				= BD4A, G: CHURROMAIN
_EN_YY				= BD27, G: CHURROMAIN
_ESPERA_ACTIVA			= 87A3, G: CHURROMAIN
_EXTRA_ENEMS_CHECKS		= 951B, G: CHURROMAIN
_EXTRA_ENEMS_INIT		= 94E1, G: CHURROMAIN
_EXTRA_ENEMS_KILLED		= 951C, G: CHURROMAIN
_EXTRA_ENEMS_MOVE		= 950B, G: CHURROMAIN
_EXTRA_SPRITE_17_A		= 7B07, G: CHURROMAIN
_EXTRA_SPRITE_17_B		= 7B37, G: CHURROMAIN
_EXTRA_SPRITE_17_C		= 7B67, G: CHURROMAIN
_EXTRA_SPRITE_18_A		= 7B97, G: CHURROMAIN
_EXTRA_SPRITE_18_B		= 7BC7, G: CHURROMAIN
_EXTRA_SPRITE_18_C		= 7BF7, G: CHURROMAIN
_EXTRA_SPRITE_19_A		= 7C27, G: CHURROMAIN
_EXTRA_SPRITE_19_B		= 7C57, G: CHURROMAIN
_EXTRA_SPRITE_19_C		= 7C87, G: CHURROMAIN
_EXTRA_SPRITE_20_A		= 7CB7, G: CHURROMAIN
_EXTRA_SPRITE_20_B		= 7CE7, G: CHURROMAIN
_EXTRA_SPRITE_20_C		= 7D17, G: CHURROMAIN
_EXTRA_SPRITE_21_A		= 7D47, G: CHURROMAIN
_EXTRA_SPRITE_21_B		= 7D77, G: CHURROMAIN
_EXTRA_SPRITE_21_C		= 7DA7, G: CHURROMAIN
_EXTRA_SPRITE_22_A		= 7DD7, G: CHURROMAIN
_EXTRA_SPRITE_22_B		= 7E07, G: CHURROMAIN
_EXTRA_SPRITE_22_C		= 7E37, G: CHURROMAIN
_EXTRA_SPRITE_23_A		= 7E67, G: CHURROMAIN
_EXTRA_SPRITE_23_B		= 7E97, G: CHURROMAIN
_EXTRA_SPRITE_23_C		= 7EC7, G: CHURROMAIN
_EXTRA_SPRITE_24_A		= 7EF7, G: CHURROMAIN
_EXTRA_SPRITE_24_B		= 7F27, G: CHURROMAIN
_EXTRA_SPRITE_24_C		= 7F57, G: CHURROMAIN
_EZG_OLD			= BD2C, G: CHURROMAIN
_E_SCRIPTS			= 951D, G: CHURROMAIN
_FLAGS				= BD14, G: CHURROMAIN
_FZX1				= BD53, G: CHURROMAIN
_FZX2				= BD54, G: CHURROMAIN
_FZY1				= BD55, G: CHURROMAIN
_FZY2				= BD56, G: CHURROMAIN
_F_SCRIPTS			= 9559, G: CHURROMAIN
_F_ZONE_AC			= BD70, G: CHURROMAIN
_GAME_ENDING			= A357, G: CHURROMAIN
_GAME_LOOP_FLAG			= BDBC, G: CHURROMAIN
_GAME_OVER			= A375, G: CHURROMAIN
_GET_COIN			= A6C0, G: CHURROMAIN
_GPCX				= BD4F, G: CHURROMAIN
_GPCY				= BD51, G: CHURROMAIN
_GPIT				= BD59, G: CHURROMAIN
_GPX				= BDAA, G: CHURROMAIN
_GPXX				= BD68, G: CHURROMAIN
_GPY				= BDAB, G: CHURROMAIN
_GPYY				= BD69, G: CHURROMAIN
_GP_GEN				= BD3D, G: CHURROMAIN
_GP_GEN_ALT			= BD24, G: CHURROMAIN
_GP_GEN_ORG			= BD28, G: CHURROMAIN
_HALF_LIFE			= BD11, G: CHURROMAIN
_HOOK_ENTERING			= 94A6, G: CHURROMAIN
_HOOK_INIT_GAME			= 937D, G: CHURROMAIN
_HOOK_INIT_MAINLOOP		= 9394, G: CHURROMAIN
_HOOK_MAINLOOP			= 93C7, G: CHURROMAIN
_HOOK_SYSTEM_INITS		= 9358, G: CHURROMAIN
_HOTSPOTS			= 830B, G: CHURROMAIN
_HOTSPOTS_DONE			= BB2A, L: CHURROMAIN
_HOTSPOT_PAINT			= AF37, G: CHURROMAIN
_HOTSPOT_T			= BD0C, G: CHURROMAIN
_HOTSPOT_X			= BD0D, G: CHURROMAIN
_HOTSPOT_Y			= BD0E, G: CHURROMAIN
_IDX				= BD7A, G: CHURROMAIN
_INIT_HOTSPOTS			= AEC7, G: CHURROMAIN
_INIT_PLAYER			= AEB3, G: CHURROMAIN
_INIT_PLAYER_VALUES		= AE5C, G: CHURROMAIN
_INTRO_TEXT			= BD2D, G: CHURROMAIN
_ISR				= 5F11, G: CHURROMAIN
_ITEM_OLD			= BD79, G: CHURROMAIN
_JETPAC_FRAME_COUNTER		= BDA9, G: CHURROMAIN
_JOYFUNC			= BD4D, G: CHURROMAIN
_JUMO_CT			= BD4B, G: CHURROMAIN
_JUMO_X				= BDA8, G: CHURROMAIN
_JUMO_Y				= BDB9, G: CHURROMAIN
_KEYS				= 5EBE, G: CHURROMAIN
_KEYS_OLD			= BDB0, G: CHURROMAIN
_KEY_1				= 5EC8, G: CHURROMAIN
_KEY_2				= 5ECA, G: CHURROMAIN
_KEY_3				= 5ECC, G: CHURROMAIN
_KILLED_OLD			= BD2B, G: CHURROMAIN
_LATEST_HOTSPOT			= BDBD, G: CHURROMAIN
_LIFE_OLD			= BD33, G: CHURROMAIN
_LINE_OF_TEXT_CLEAR		= A3DF, G: CHURROMAIN
_MAIN				= B757, G: CHURROMAIN
_MAINCOUNTER			= BD6A, G: CHURROMAIN
_MALOTES			= 8017, G: CHURROMAIN
_MAPA				= 5FBB, G: CHURROMAIN
_MAP_BEHAVIOURS			= 87DF, G: CHURROMAIN
_MOVE				= A728, G: CHURROMAIN
_MSCCE_0			= 9597, G: CHURROMAIN
_MSCCE_1			= 959F, G: CHURROMAIN
_MSCCE_10			= 966C, G: CHURROMAIN
_MSCCE_11			= 9674, G: CHURROMAIN
_MSCCE_12			= 9689, G: CHURROMAIN
_MSCCE_13			= 96AD, G: CHURROMAIN
_MSCCE_2			= 95AE, G: CHURROMAIN
_MSCCE_3			= 95BB, G: CHURROMAIN
_MSCCE_4			= 95D0, G: CHURROMAIN
_MSCCE_5			= 95F4, G: CHURROMAIN
_MSCCE_6			= 9604, G: CHURROMAIN
_MSCCE_7			= 9628, G: CHURROMAIN
_MSCCE_8			= 9638, G: CHURROMAIN
_MSCCE_9			= 965C, G: CHURROMAIN
_MSCCF_0			= 96BD, G: CHURROMAIN
_MSCCF_1			= 96D1, G: CHURROMAIN
_MSCCF_10			= 97F4, G: CHURROMAIN
_MSCCF_2			= 96F6, G: CHURROMAIN
_MSCCF_3			= 971D, G: CHURROMAIN
_MSCCF_4			= 973A, G: CHURROMAIN
_MSCCF_5			= 975F, G: CHURROMAIN
_MSCCF_6			= 977C, G: CHURROMAIN
_MSCCF_7			= 97A1, G: CHURROMAIN
_MSCCF_8			= 97BE, G: CHURROMAIN
_MSCCF_9			= 97CF, G: CHURROMAIN
_MSC_INIT_ALL			= 9811, G: CHURROMAIN
_MUEVE_BICHARRACOS		= B231, G: CHURROMAIN
_MY_MALLOC			= 5ECE, G: CHURROMAIN
_NEXT_SCRIPT			= BD77, G: CHURROMAIN
_N_PANT				= BD46, G: CHURROMAIN
_OBJS_OLD			= BD67, G: CHURROMAIN
_ON_PANT			= BD3F, G: CHURROMAIN
_ORIG_TILE			= BDC4, G: CHURROMAIN
_PAD0				= BD44, G: CHURROMAIN
_PAD1				= BD45, G: CHURROMAIN
_PAD_READ			= 8764, G: CHURROMAIN
_PAD_THIS_FRAME			= BD42, G: CHURROMAIN
_PLATFORM_GET_PLAYER		= B200, G: CHURROMAIN
_PLAYER				= BD7C, G: CHURROMAIN
_PLAYER_CELLS			= A400, G: CHURROMAIN
_PLAYER_CELL_SEL_SET_RDI	= ADD0, L: CHURROMAIN
_PLAYER_FLICKER			= A71A, G: CHURROMAIN
_PLAYER_GRAVITY			= A8A2, L: CHURROMAIN
_PLAYER_HOVER			= A86F, L: CHURROMAIN
_PLAYING			= BD58, G: CHURROMAIN
_PLAY_SFX			= 851C, G: CHURROMAIN
_PRXX				= BD74, G: CHURROMAIN
_PRYY				= BD75, G: CHURROMAIN
_PTGMX				= BD37, G: CHURROMAIN
_PTGMY				= BD39, G: CHURROMAIN
_PTI				= BDB3, G: CHURROMAIN
_PTJ				= BDB4, G: CHURROMAIN
_PTX1				= BD6B, G: CHURROMAIN
_PTX2				= BD6C, G: CHURROMAIN
_PTY1				= BD6D, G: CHURROMAIN
_PTY2				= BD6E, G: CHURROMAIN
_QTILE				= 85E8, G: CHURROMAIN
_RAND				= A64B, G: CHURROMAIN
_RDD				= BDAF, G: CHURROMAIN
_RDI				= BDAC, G: CHURROMAIN
_RDJ				= BDAD, G: CHURROMAIN
_RDT1				= BD57, G: CHURROMAIN
_RDT2				= BD5A, G: CHURROMAIN
_RDX				= BDB1, G: CHURROMAIN
_RDY				= BDB2, G: CHURROMAIN
_READ_BYTE			= 981F, G: CHURROMAIN
_READ_VBYTE			= 9836, G: CHURROMAIN
_READ_X_Y			= 9849, G: CHURROMAIN
_REDRAW_AFTER_TEXT		= BD48, G: CHURROMAIN
_REDRAW_FROM_BUFFER		= 91EF, G: CHURROMAIN
_RENDER_ALL_SPRITES		= A4E2, G: CHURROMAIN
_RENDER_THIS_ENEMY		= A476, G: CHURROMAIN
_ROOM_NAME			= 882D, G: CHURROMAIN
_ROOM_NAMES			= 8E90, G: CHURROMAIN
_RUN_SCRIPT			= 9858, G: CHURROMAIN
_SACA_A_TODO_EL_MUNDO_DE_AQUI	= A436, G: CHURROMAIN
_SCENERY_INFO			= BD5C, G: CHURROMAIN
_SCRIPT				= BDBA, G: CHURROMAIN
_SCRIPT_RESULT			= 5F16, G: CHURROMAIN
_SCRIPT_SOMETHING_DONE		= 5F17, G: CHURROMAIN
_SC_C				= BD5B, G: CHURROMAIN
_SC_CONTINUAR			= BDC3, G: CHURROMAIN
_SC_I				= BD60, G: CHURROMAIN
_SC_M				= BD61, G: CHURROMAIN
_SC_N				= BD62, G: CHURROMAIN
_SC_TERMINADO			= BDBE, G: CHURROMAIN
_SC_X				= BD65, G: CHURROMAIN
_SC_Y				= BD66, G: CHURROMAIN
_SEED				= BD63, G: CHURROMAIN
_SET_MAP_TILE			= 8673, G: CHURROMAIN
_SHOW_TEXT_BOX			= 924F, G: CHURROMAIN
_SPRITESCLIP			= BD0A, G: CHURROMAIN
_SPRITESCLIPVALUES		= 5EDB, G: CHURROMAIN
_SPRITE_10_A			= 7717, G: CHURROMAIN
_SPRITE_10_B			= 7747, G: CHURROMAIN
_SPRITE_10_C			= 7777, G: CHURROMAIN
_SPRITE_11_A			= 77A7, G: CHURROMAIN
_SPRITE_11_B			= 77D7, G: CHURROMAIN
_SPRITE_11_C			= 7807, G: CHURROMAIN
_SPRITE_12_A			= 7837, G: CHURROMAIN
_SPRITE_12_B			= 7867, G: CHURROMAIN
_SPRITE_12_C			= 7897, G: CHURROMAIN
_SPRITE_13_A			= 78C7, G: CHURROMAIN
_SPRITE_13_B			= 78F7, G: CHURROMAIN
_SPRITE_13_C			= 7927, G: CHURROMAIN
_SPRITE_14_A			= 7957, G: CHURROMAIN
_SPRITE_14_B			= 7987, G: CHURROMAIN
_SPRITE_14_C			= 79B7, G: CHURROMAIN
_SPRITE_15_A			= 79E7, G: CHURROMAIN
_SPRITE_15_B			= 7A17, G: CHURROMAIN
_SPRITE_15_C			= 7A47, G: CHURROMAIN
_SPRITE_16_A			= 7A77, G: CHURROMAIN
_SPRITE_16_B			= 7AA7, G: CHURROMAIN
_SPRITE_16_C			= 7AD7, G: CHURROMAIN
_SPRITE_18_A			= 7F87, G: CHURROMAIN
_SPRITE_18_B			= 7FB7, L: CHURROMAIN
_SPRITE_18_C			= 7FE7, L: CHURROMAIN
_SPRITE_1_A			= 7207, G: CHURROMAIN
_SPRITE_1_B			= 7237, G: CHURROMAIN
_SPRITE_1_C			= 7267, G: CHURROMAIN
_SPRITE_2_A			= 7297, G: CHURROMAIN
_SPRITE_2_B			= 72C7, G: CHURROMAIN
_SPRITE_2_C			= 72F7, G: CHURROMAIN
_SPRITE_3_A			= 7327, G: CHURROMAIN
_SPRITE_3_B			= 7357, G: CHURROMAIN
_SPRITE_3_C			= 7387, G: CHURROMAIN
_SPRITE_4_A			= 73B7, G: CHURROMAIN
_SPRITE_4_B			= 73E7, G: CHURROMAIN
_SPRITE_4_C			= 7417, G: CHURROMAIN
_SPRITE_5_A			= 7447, G: CHURROMAIN
_SPRITE_5_B			= 7477, G: CHURROMAIN
_SPRITE_5_C			= 74A7, G: CHURROMAIN
_SPRITE_6_A			= 74D7, G: CHURROMAIN
_SPRITE_6_B			= 7507, G: CHURROMAIN
_SPRITE_6_C			= 7537, G: CHURROMAIN
_SPRITE_7_A			= 7567, G: CHURROMAIN
_SPRITE_7_B			= 7597, G: CHURROMAIN
_SPRITE_7_C			= 75C7, G: CHURROMAIN
_SPRITE_8_A			= 75F7, G: CHURROMAIN
_SPRITE_8_B			= 7627, G: CHURROMAIN
_SPRITE_8_C			= 7657, G: CHURROMAIN
_SPRITE_9_A			= 7687, G: CHURROMAIN
_SPRITE_9_B			= 76B7, G: CHURROMAIN
_SPRITE_9_C			= 76E7, G: CHURROMAIN
_SPRITE_JUMO			= 91AF, G: CHURROMAIN
_SPRITE_REMOVE_AID		= 923C, G: CHURROMAIN
_SP_JUMO			= BDB7, G: CHURROMAIN
_SP_MOVILES			= BD00, G: CHURROMAIN
_SP_PLAYER			= BD3B, G: CHURROMAIN
_STEP				= A67C, G: CHURROMAIN
_SUCCESS			= BDC5, G: CHURROMAIN
_S_ENDING			= 9FFE, G: CHURROMAIN
_S_MARCO			= 9FFE, G: CHURROMAIN
_S_TITLE			= 9C84, G: CHURROMAIN
_TALK_SOUNDS			= 8863, G: CHURROMAIN
_TEMP_STRING			= 8814, G: CHURROMAIN
_TEXT0				= 8865, G: CHURROMAIN
_TEXT1				= 88C5, G: CHURROMAIN
_TEXT10				= 8C72, G: CHURROMAIN
_TEXT11				= 8CDB, G: CHURROMAIN
_TEXT12				= 8D42, G: CHURROMAIN
_TEXT13				= 8DAB, G: CHURROMAIN
_TEXT14				= 8E08, G: CHURROMAIN
_TEXT2				= 892F, G: CHURROMAIN
_TEXT3				= 8996, G: CHURROMAIN
_TEXT4				= 8A01, G: CHURROMAIN
_TEXT5				= 8A68, G: CHURROMAIN
_TEXT6				= 8AD0, G: CHURROMAIN
_TEXT7				= 8B35, G: CHURROMAIN
_TEXT8				= 8BA1, G: CHURROMAIN
_TEXT9				= 8C0B, G: CHURROMAIN
_TEXTS				= 8E72, G: CHURROMAIN
_TILEOFFSET			= BD76, G: CHURROMAIN
_TILESET			= 68F7, G: CHURROMAIN
_TITLE_SCREEN			= A28F, G: CHURROMAIN
_TOP_STRING			= 87FB, G: CHURROMAIN
_T_ALT				= BD2E, G: CHURROMAIN
_UNPACK				= A274, G: CHURROMAIN
_U_FREE				= 5ED9, G: CHURROMAIN
_U_MALLOC			= 5ED7, G: CHURROMAIN
_WALL				= BD6F, G: CHURROMAIN
__BADDIES_POINTER		= BDC1, G: CHURROMAIN
__EN_LIFE			= BD73, G: CHURROMAIN
__EN_MX				= BD0F, G: CHURROMAIN
__EN_MY				= BD10, G: CHURROMAIN
__EN_T				= BCFD, G: CHURROMAIN
__EN_X				= BCFE, G: CHURROMAIN
__EN_X1				= BD06, G: CHURROMAIN
__EN_X2				= BD08, G: CHURROMAIN
__EN_Y				= BCFF, G: CHURROMAIN
__EN_Y1				= BD07, G: CHURROMAIN
__EN_Y2				= BD09, G: CHURROMAIN
__N				= BD2F, G: CHURROMAIN
__T				= BD30, G: CHURROMAIN
__X				= BD31, G: CHURROMAIN
__X2				= BD71, G: CHURROMAIN
__Y				= BD32, G: CHURROMAIN
__Y2				= BD72, G: CHURROMAIN


START				= 5E88, L: ZX82_CRT0
_COMPORTAMIENTO_TILES		= 5E8E, G: CHURROMAIN
_KEYS				= 5EBE, G: CHURROMAIN
_KEY_1				= 5EC8, G: CHURROMAIN
_KEY_2				= 5ECA, G: CHURROMAIN
_KEY_3				= 5ECC, G: CHURROMAIN
_MY_MALLOC			= 5ECE, G: CHURROMAIN
_U_MALLOC			= 5ED7, G: CHURROMAIN
_U_FREE				= 5ED9, G: CHURROMAIN
_SPRITESCLIPVALUES		= 5EDB, G: CHURROMAIN
FSCLIPSTRUCT			= 5EDF, L: CHURROMAIN
VPCLIPSTRUCT			= 5EE3, L: CHURROMAIN
_EN_TOCADO			= 5EE7, G: CHURROMAIN
_BITMASK			= 5EE8, G: CHURROMAIN
HLSHR6_A			= 5EF0, L: CHURROMAIN
ASHL16_HL			= 5EFB, L: CHURROMAIN
WITHSIGN			= 5F07, L: CHURROMAIN
_ISR				= 5F11, G: CHURROMAIN
_SCRIPT_RESULT			= 5F16, G: CHURROMAIN
_SCRIPT_SOMETHING_DONE		= 5F17, G: CHURROMAIN
DEPACK				= 5F18, L: CHURROMAIN
APBRANCH1			= 5F1B, L: CHURROMAIN
APLOOP0				= 5F1D, L: CHURROMAIN
APLOOP				= 5F20, L: CHURROMAIN
APGET4BITS			= 5F33, L: CHURROMAIN
APWRITEBYTE			= 5F3D, L: CHURROMAIN
APBRANCH4			= 5F41, L: CHURROMAIN
APBRANCH3			= 5F4A, L: CHURROMAIN
APBRANCH2			= 5F5E, L: CHURROMAIN
APSKIP2				= 5F7D, L: CHURROMAIN
APSKIP3				= 5F86, L: CHURROMAIN
AP_FINISHUP			= 5F89, L: CHURROMAIN
AP_FINISHUP2			= 5F8C, L: CHURROMAIN
AP_R0_GAMMA			= 5F93, L: CHURROMAIN
AP_GETBIT			= 5F9F, L: CHURROMAIN
AP_GETGAMMA			= 5FAB, L: CHURROMAIN
AP_GETGAMMALOOP			= 5FAE, L: CHURROMAIN
_MAPA				= 5FBB, G: CHURROMAIN
_CERROJOS			= 67EF, G: CHURROMAIN
_TILESET			= 68F7, G: CHURROMAIN
_SPRITE_1_A			= 7207, G: CHURROMAIN
_SPRITE_1_B			= 7237, G: CHURROMAIN
_SPRITE_1_C			= 7267, G: CHURROMAIN
_SPRITE_2_A			= 7297, G: CHURROMAIN
_SPRITE_2_B			= 72C7, G: CHURROMAIN
_SPRITE_2_C			= 72F7, G: CHURROMAIN
_SPRITE_3_A			= 7327, G: CHURROMAIN
_SPRITE_3_B			= 7357, G: CHURROMAIN
_SPRITE_3_C			= 7387, G: CHURROMAIN
_SPRITE_4_A			= 73B7, G: CHURROMAIN
_SPRITE_4_B			= 73E7, G: CHURROMAIN
_SPRITE_4_C			= 7417, G: CHURROMAIN
_SPRITE_5_A			= 7447, G: CHURROMAIN
_SPRITE_5_B			= 7477, G: CHURROMAIN
_SPRITE_5_C			= 74A7, G: CHURROMAIN
_SPRITE_6_A			= 74D7, G: CHURROMAIN
_SPRITE_6_B			= 7507, G: CHURROMAIN
_SPRITE_6_C			= 7537, G: CHURROMAIN
_SPRITE_7_A			= 7567, G: CHURROMAIN
_SPRITE_7_B			= 7597, G: CHURROMAIN
_SPRITE_7_C			= 75C7, G: CHURROMAIN
_SPRITE_8_A			= 75F7, G: CHURROMAIN
_SPRITE_8_B			= 7627, G: CHURROMAIN
_SPRITE_8_C			= 7657, G: CHURROMAIN
_SPRITE_9_A			= 7687, G: CHURROMAIN
_SPRITE_9_B			= 76B7, G: CHURROMAIN
_SPRITE_9_C			= 76E7, G: CHURROMAIN
_SPRITE_10_A			= 7717, G: CHURROMAIN
_SPRITE_10_B			= 7747, G: CHURROMAIN
_SPRITE_10_C			= 7777, G: CHURROMAIN
_SPRITE_11_A			= 77A7, G: CHURROMAIN
_SPRITE_11_B			= 77D7, G: CHURROMAIN
_SPRITE_11_C			= 7807, G: CHURROMAIN
_SPRITE_12_A			= 7837, G: CHURROMAIN
_SPRITE_12_B			= 7867, G: CHURROMAIN
_SPRITE_12_C			= 7897, G: CHURROMAIN
_SPRITE_13_A			= 78C7, G: CHURROMAIN
_SPRITE_13_B			= 78F7, G: CHURROMAIN
_SPRITE_13_C			= 7927, G: CHURROMAIN
_SPRITE_14_A			= 7957, G: CHURROMAIN
_SPRITE_14_B			= 7987, G: CHURROMAIN
_SPRITE_14_C			= 79B7, G: CHURROMAIN
_SPRITE_15_A			= 79E7, G: CHURROMAIN
_SPRITE_15_B			= 7A17, G: CHURROMAIN
_SPRITE_15_C			= 7A47, G: CHURROMAIN
_SPRITE_16_A			= 7A77, G: CHURROMAIN
_SPRITE_16_B			= 7AA7, G: CHURROMAIN
_SPRITE_16_C			= 7AD7, G: CHURROMAIN
_EXTRA_SPRITE_17_A		= 7B07, G: CHURROMAIN
_EXTRA_SPRITE_17_B		= 7B37, G: CHURROMAIN
_EXTRA_SPRITE_17_C		= 7B67, G: CHURROMAIN
_EXTRA_SPRITE_18_A		= 7B97, G: CHURROMAIN
_EXTRA_SPRITE_18_B		= 7BC7, G: CHURROMAIN
_EXTRA_SPRITE_18_C		= 7BF7, G: CHURROMAIN
_EXTRA_SPRITE_19_A		= 7C27, G: CHURROMAIN
_EXTRA_SPRITE_19_B		= 7C57, G: CHURROMAIN
_EXTRA_SPRITE_19_C		= 7C87, G: CHURROMAIN
_EXTRA_SPRITE_20_A		= 7CB7, G: CHURROMAIN
_EXTRA_SPRITE_20_B		= 7CE7, G: CHURROMAIN
_EXTRA_SPRITE_20_C		= 7D17, G: CHURROMAIN
_EXTRA_SPRITE_21_A		= 7D47, G: CHURROMAIN
_EXTRA_SPRITE_21_B		= 7D77, G: CHURROMAIN
_EXTRA_SPRITE_21_C		= 7DA7, G: CHURROMAIN
_EXTRA_SPRITE_22_A		= 7DD7, G: CHURROMAIN
_EXTRA_SPRITE_22_B		= 7E07, G: CHURROMAIN
_EXTRA_SPRITE_22_C		= 7E37, G: CHURROMAIN
_EXTRA_SPRITE_23_A		= 7E67, G: CHURROMAIN
_EXTRA_SPRITE_23_B		= 7E97, G: CHURROMAIN
_EXTRA_SPRITE_23_C		= 7EC7, G: CHURROMAIN
_EXTRA_SPRITE_24_A		= 7EF7, G: CHURROMAIN
_EXTRA_SPRITE_24_B		= 7F27, G: CHURROMAIN
_EXTRA_SPRITE_24_C		= 7F57, G: CHURROMAIN
_SPRITE_18_A			= 7F87, G: CHURROMAIN
_SPRITE_18_B			= 7FB7, L: CHURROMAIN
_SPRITE_18_C			= 7FE7, L: CHURROMAIN
_MALOTES			= 8017, G: CHURROMAIN
_HOTSPOTS			= 830B, G: CHURROMAIN
SOUND_PLAY			= 835F, L: CHURROMAIN
READDATA			= 8371, L: CHURROMAIN
READDATA_SOUND			= 837B, L: CHURROMAIN
SFXROUTINETONE			= 838D, L: CHURROMAIN
SFXROUTINETONE_L0		= 839C, L: CHURROMAIN
SFXROUTINETONE_L1		= 83A0, L: CHURROMAIN
SFXROUTINETONE_DUTY		= 83A2, L: CHURROMAIN
SFXROUTINETONE_BORDER		= 83A7, L: CHURROMAIN
NEXTDATA			= 83CA, L: CHURROMAIN
SFXROUTINENOISE			= 83CE, L: CHURROMAIN
SFXROUTINENOISE_L0		= 83D5, L: CHURROMAIN
SFXROUTINENOISE_L1		= 83D9, L: CHURROMAIN
SFXROUTINENOISE_BORDER		= 83DC, L: CHURROMAIN
SFXROUTINENOISE_L2		= 83E9, L: CHURROMAIN
SOUNDEFFECTSDATA		= 83FD, L: CHURROMAIN
SOUNDEFFECTSDATA_SFX0		= 8415, L: CHURROMAIN
SOUNDEFFECTSDATA_SFX1		= 8421, L: CHURROMAIN
SOUNDEFFECTSDATA_SFX2		= 842D, L: CHURROMAIN
SOUNDEFFECTSDATA_SFX3		= 8447, L: CHURROMAIN
SOUNDEFFECTSDATA_SFX4		= 8453, L: CHURROMAIN
SOUNDEFFECTSDATA_SFX5		= 845F, L: CHURROMAIN
SOUNDEFFECTSDATA_SFX6		= 846B, L: CHURROMAIN
SOUNDEFFECTSDATA_SFX7		= 8482, L: CHURROMAIN
SOUNDEFFECTSDATA_SFX8		= 84C5, L: CHURROMAIN
SOUNDEFFECTSDATA_SFX9		= 84DF, L: CHURROMAIN
SOUNDEFFECTSDATA_SFX10		= 84E7, L: CHURROMAIN
SOUNDEFFECTSDATA_SFX11		= 84EF, L: CHURROMAIN
_PLAY_SFX			= 851C, G: CHURROMAIN
_BEEPET				= 8529, G: CHURROMAIN
_DRAW_RECTANGLE			= 855A, G: CHURROMAIN
DR_OUTTER_LOOP			= 8571, L: CHURROMAIN
DR_INNER_LOOP			= 858E, L: CHURROMAIN
DR_OUTTER_LOOP_CONTINUE		= 859A, L: CHURROMAIN
_ATTR				= 85A1, G: CHURROMAIN
_ATTR_2				= 85A9, L: CHURROMAIN
_ATTR3				= 85B5, L: CHURROMAIN
_ATTR_1				= 85B6, L: CHURROMAIN
_ATTR_ENEMS			= 85C0, L: CHURROMAIN
_ATTR_ENEMS_SKIP_1		= 85C8, L: CHURROMAIN
_ATTR_1B			= 85D2, L: CHURROMAIN
_ATTR_END			= 85E5, L: CHURROMAIN
_QTILE				= 85E8, G: CHURROMAIN
QTILE_DO			= 85F0, L: CHURROMAIN
_DRAW_COLOURED_TILE		= 8606, G: CHURROMAIN
_DRAW_COLOURED_TILE_DO		= 861A, L: CHURROMAIN
_SET_MAP_TILE			= 8673, G: CHURROMAIN
SET_MAP_TILE_DO			= 868E, L: CHURROMAIN
_DRAW_2_DIGITS			= 86C7, G: CHURROMAIN
_DRAW_TEXT			= 8709, G: CHURROMAIN
DRAW_TEXT_LOOP			= 8725, L: CHURROMAIN
DRAW_TEXT_NL			= 8746, L: CHURROMAIN
_ANY_KEY			= 8756, G: CHURROMAIN
_PAD_READ			= 8764, G: CHURROMAIN
I_19				= 877E, L: CHURROMAIN
_ESPERA_ACTIVA			= 87A3, G: CHURROMAIN
I_20				= 87AC, L: CHURROMAIN
I_23				= 87CC, L: CHURROMAIN
I_24_I_23			= 87CF, L: CHURROMAIN
I_22				= 87D2, L: CHURROMAIN
I_21				= 87DE, L: CHURROMAIN
_MAP_BEHAVIOURS			= 87DF, G: CHURROMAIN
_TOP_STRING			= 87FB, G: CHURROMAIN
_TEMP_STRING			= 8814, G: CHURROMAIN
_ROOM_NAME			= 882D, G: CHURROMAIN
_BOTTOM_STRING			= 884A, G: CHURROMAIN
_TALK_SOUNDS			= 8863, G: CHURROMAIN
_TEXT0				= 8865, G: CHURROMAIN
_TEXT1				= 88C5, G: CHURROMAIN
_TEXT2				= 892F, G: CHURROMAIN
_TEXT3				= 8996, G: CHURROMAIN
_TEXT4				= 8A01, G: CHURROMAIN
_TEXT5				= 8A68, G: CHURROMAIN
_TEXT6				= 8AD0, G: CHURROMAIN
_TEXT7				= 8B35, G: CHURROMAIN
_TEXT8				= 8BA1, G: CHURROMAIN
_TEXT9				= 8C0B, G: CHURROMAIN
_TEXT10				= 8C72, G: CHURROMAIN
_TEXT11				= 8CDB, G: CHURROMAIN
_TEXT12				= 8D42, G: CHURROMAIN
_TEXT13				= 8DAB, G: CHURROMAIN
_TEXT14				= 8E08, G: CHURROMAIN
_TEXTS				= 8E72, G: CHURROMAIN
_ROOM_NAMES			= 8E90, G: CHURROMAIN
_SPRITE_JUMO			= 91AF, G: CHURROMAIN
_REDRAW_FROM_BUFFER		= 91EF, G: CHURROMAIN
REDRAW_FROM_BUFFER_LOOP		= 91FA, L: CHURROMAIN
REDRAW_FROM_BUFFER_SET_X	= 9221, L: CHURROMAIN
_CLEAR_TEMP_STRING		= 922D, G: CHURROMAIN
_SPRITE_REMOVE_AID		= 923C, G: CHURROMAIN
_SHOW_TEXT_BOX			= 924F, G: CHURROMAIN
I_48				= 9284, L: CHURROMAIN
I_50				= 92AC, L: CHURROMAIN
FILL_BUFFER_LOOP		= 92B2, L: CHURROMAIN
FILL_BUFFER_END			= 92BF, L: CHURROMAIN
I_51				= 931E, L: CHURROMAIN
I_52				= 9329, L: CHURROMAIN
I_49				= 9329, L: CHURROMAIN
I_54				= 9331, L: CHURROMAIN
I_53				= 9331, L: CHURROMAIN
I_55				= 933A, L: CHURROMAIN
I_56				= 9350, L: CHURROMAIN
_HOOK_SYSTEM_INITS		= 9358, G: CHURROMAIN
_HOOK_INIT_GAME			= 937D, G: CHURROMAIN
_HOOK_INIT_MAINLOOP		= 9394, G: CHURROMAIN
I_58				= 93A9, L: CHURROMAIN
I_59_I_58			= 93AC, L: CHURROMAIN
I_57				= 93C6, L: CHURROMAIN
_HOOK_MAINLOOP			= 93C7, G: CHURROMAIN
I_61				= 93D5, L: CHURROMAIN
I_62_I_61			= 93D8, L: CHURROMAIN
I_60				= 93EB, L: CHURROMAIN
I_64_ULE			= 9459, L: CHURROMAIN
I_64				= 9460, L: CHURROMAIN
I_63				= 9463, L: CHURROMAIN
I_65				= 9483, L: CHURROMAIN
I_67				= 949A, L: CHURROMAIN
I_68_I_67			= 949D, L: CHURROMAIN
I_66				= 94A5, L: CHURROMAIN
_HOOK_ENTERING			= 94A6, G: CHURROMAIN
_EXTRA_ENEMS_INIT		= 94E1, G: CHURROMAIN
I_70				= 94FC, L: CHURROMAIN
I_71				= 950A, L: CHURROMAIN
I_69				= 950A, L: CHURROMAIN
_EXTRA_ENEMS_MOVE		= 950B, G: CHURROMAIN
I_74				= 9510, L: CHURROMAIN
I_76				= 951A, L: CHURROMAIN
I_75				= 951A, L: CHURROMAIN
I_73				= 951A, L: CHURROMAIN
_EXTRA_ENEMS_CHECKS		= 951B, G: CHURROMAIN
_EXTRA_ENEMS_KILLED		= 951C, G: CHURROMAIN
_E_SCRIPTS			= 951D, G: CHURROMAIN
_F_SCRIPTS			= 9559, G: CHURROMAIN
_MSCCE_0			= 9597, G: CHURROMAIN
_MSCCE_1			= 959F, G: CHURROMAIN
_MSCCE_2			= 95AE, G: CHURROMAIN
_MSCCE_3			= 95BB, G: CHURROMAIN
_MSCCE_4			= 95D0, G: CHURROMAIN
_MSCCE_5			= 95F4, G: CHURROMAIN
_MSCCE_6			= 9604, G: CHURROMAIN
_MSCCE_7			= 9628, G: CHURROMAIN
_MSCCE_8			= 9638, G: CHURROMAIN
_MSCCE_9			= 965C, G: CHURROMAIN
_MSCCE_10			= 966C, G: CHURROMAIN
_MSCCE_11			= 9674, G: CHURROMAIN
_MSCCE_12			= 9689, G: CHURROMAIN
_MSCCE_13			= 96AD, G: CHURROMAIN
_MSCCF_0			= 96BD, G: CHURROMAIN
_MSCCF_1			= 96D1, G: CHURROMAIN
_MSCCF_2			= 96F6, G: CHURROMAIN
_MSCCF_3			= 971D, G: CHURROMAIN
_MSCCF_4			= 973A, G: CHURROMAIN
_MSCCF_5			= 975F, G: CHURROMAIN
_MSCCF_6			= 977C, G: CHURROMAIN
_MSCCF_7			= 97A1, G: CHURROMAIN
_MSCCF_8			= 97BE, G: CHURROMAIN
_MSCCF_9			= 97CF, G: CHURROMAIN
_MSCCF_10			= 97F4, G: CHURROMAIN
_MSC_INIT_ALL			= 9811, G: CHURROMAIN
_READ_BYTE			= 981F, G: CHURROMAIN
_READ_VBYTE			= 9836, G: CHURROMAIN
_READ_X_Y			= 9849, G: CHURROMAIN
_RUN_SCRIPT			= 9858, G: CHURROMAIN
I_79				= 9866, L: CHURROMAIN
I_80				= 986D, L: CHURROMAIN
I_82				= 988C, L: CHURROMAIN
I_83				= 98A6, L: CHURROMAIN
I_85				= 98D4, L: CHURROMAIN
I_87				= 98F9, L: CHURROMAIN
I_91				= 98FE, L: CHURROMAIN
I_92				= 992A, L: CHURROMAIN
I_93				= 994C, L: CHURROMAIN
I_94				= 996E, L: CHURROMAIN
I_95				= 99E6, L: CHURROMAIN
I_96				= 99E9, L: CHURROMAIN
I_97				= 99FA, L: CHURROMAIN
I_98				= 9A33, L: CHURROMAIN
I_99				= 9A36, L: CHURROMAIN
I_100				= 9A47, L: CHURROMAIN
I_101				= 9A80, L: CHURROMAIN
I_102				= 9A83, L: CHURROMAIN
I_103				= 9A94, L: CHURROMAIN
I_104				= 9AAD, L: CHURROMAIN
I_105				= 9AB0, L: CHURROMAIN
I_86				= 9ABB, L: CHURROMAIN
I_88				= 9ABB, L: CHURROMAIN
I_90				= 9ABB, L: CHURROMAIN
I_84				= 9ABE, L: CHURROMAIN
I_107				= 9ACC, L: CHURROMAIN
I_109				= 9B01, L: CHURROMAIN
I_111				= 9B23, L: CHURROMAIN
I_115				= 9B28, L: CHURROMAIN
I_116				= 9B77, L: CHURROMAIN
I_117				= 9B8A, L: CHURROMAIN
I_118				= 9BB7, L: CHURROMAIN
I_119				= 9BCB, L: CHURROMAIN
I_120				= 9BE2, L: CHURROMAIN
I_121				= 9C10, L: CHURROMAIN
I_122				= 9C1B, L: CHURROMAIN
I_123				= 9C26, L: CHURROMAIN
I_124				= 9C31, L: CHURROMAIN
I_125				= 9C3C, L: CHURROMAIN
I_126				= 9C47, L: CHURROMAIN
I_127				= 9C4D, L: CHURROMAIN
I_128				= 9C58, L: CHURROMAIN
I_129				= 9C65, L: CHURROMAIN
I_130				= 9C70, L: CHURROMAIN
I_114				= 9C77, L: CHURROMAIN
I_112				= 9C77, L: CHURROMAIN
I_110				= 9C77, L: CHURROMAIN
I_108				= 9C7A, L: CHURROMAIN
I_106				= 9C7A, L: CHURROMAIN
I_81				= 9C83, L: CHURROMAIN
_S_TITLE			= 9C84, G: CHURROMAIN
_S_MARCO			= 9FFE, G: CHURROMAIN
_S_ENDING			= 9FFE, G: CHURROMAIN
_UNPACK				= A274, G: CHURROMAIN
BLACKOUT			= A280, L: CHURROMAIN
_TITLE_SCREEN			= A28F, G: CHURROMAIN
I_131				= A311, L: CHURROMAIN
I_133				= A327, L: CHURROMAIN
I_135				= A33D, L: CHURROMAIN
I_134				= A353, L: CHURROMAIN
I_136				= A353, L: CHURROMAIN
I_137				= A353, L: CHURROMAIN
I_138				= A356, L: CHURROMAIN
I_132				= A356, L: CHURROMAIN
_GAME_ENDING			= A357, G: CHURROMAIN
_GAME_OVER			= A375, G: CHURROMAIN
_DO_EXTERN_ACTION		= A3BD, G: CHURROMAIN
I_139				= A3CD, L: CHURROMAIN
I_140				= A3DE, L: CHURROMAIN
_LINE_OF_TEXT_CLEAR		= A3DF, G: CHURROMAIN
_PLAYER_CELLS			= A400, G: CHURROMAIN
_ENEM_CELLS			= A414, G: CHURROMAIN
_ABS_A				= A430, G: CHURROMAIN
_SACA_A_TODO_EL_MUNDO_DE_AQUI	= A436, G: CHURROMAIN
HIDE_SPRITES_ENEMS_LOOP		= A44B, L: CHURROMAIN
_RENDER_THIS_ENEMY		= A476, G: CHURROMAIN
_CALC_BADDIES_POINTER		= A4D7, G: CHURROMAIN
_RENDER_ALL_SPRITES		= A4E2, G: CHURROMAIN
I_144				= A4EC, L: CHURROMAIN
I_146				= A4F1, L: CHURROMAIN
I_148				= A54E, L: CHURROMAIN
I_147				= A575, L: CHURROMAIN
I_150				= A58B, L: CHURROMAIN
I_145				= A591, L: CHURROMAIN
I_152				= A5B6, L: CHURROMAIN
I_151				= A5C2, L: CHURROMAIN
I_154				= A5C9, L: CHURROMAIN
RAS_PLAYER_ON_SCREEN		= A5E8, L: CHURROMAIN
RAS_RDI_CALC_DONE		= A5F3, L: CHURROMAIN
_COLLIDE_ENEM			= A619, G: CHURROMAIN
_RAND				= A64B, G: CHURROMAIN
RAND16				= A64B, L: CHURROMAIN
NEXTRAND			= A667, L: CHURROMAIN
_ABS				= A675, G: CHURROMAIN
_STEP				= A67C, G: CHURROMAIN
_CORTINA			= A68E, G: CHURROMAIN
CLEARB1				= A693, L: CHURROMAIN
CLEARB2				= A696, L: CHURROMAIN
REPITATODO			= A6A2, L: CHURROMAIN
BUCLE				= A6A8, L: CHURROMAIN
BUCLE1				= A6AA, L: CHURROMAIN
BUCLE2				= A6B1, L: CHURROMAIN
_GET_COIN			= A6C0, G: CHURROMAIN
_ADJUST_TO_TILE_X		= A6F0, G: CHURROMAIN
_ADJUST_TO_TILE_Y		= A705, G: CHURROMAIN
_PLAYER_FLICKER			= A71A, G: CHURROMAIN
_MOVE				= A728, G: CHURROMAIN
I_155				= A7A7, L: CHURROMAIN
I_156				= A7AA, L: CHURROMAIN
I_159				= A7C6, L: CHURROMAIN
I_160_I_159			= A7C9, L: CHURROMAIN
I_162				= A7D7, L: CHURROMAIN
I_161				= A7EC, L: CHURROMAIN
I_158				= A7EC, L: CHURROMAIN
I_165				= A829, L: CHURROMAIN
I_164				= A83B, L: CHURROMAIN
I_166				= A83B, L: CHURROMAIN
I_157				= A83E, L: CHURROMAIN
I_167				= A848, L: CHURROMAIN
_PLAYER_HOVER			= A86F, L: CHURROMAIN
PLAYER_HOVER_MAXIMUM		= A88A, L: CHURROMAIN
PLAYER_HOVER_SET		= A88D, L: CHURROMAIN
I_169				= A890, L: CHURROMAIN
I_168				= A893, L: CHURROMAIN
I_170				= A898, L: CHURROMAIN
_PLAYER_GRAVITY			= A8A2, L: CHURROMAIN
PLAYER_GRAVITY_ADD		= A8B3, L: CHURROMAIN
PLAYER_GRAVITY_MAXIMUM		= A8B9, L: CHURROMAIN
PLAYER_GRAVITY_VY_SET		= A8BC, L: CHURROMAIN
PLAYER_GRAVITY_DONE		= A8BF, L: CHURROMAIN
I_171				= A8BF, L: CHURROMAIN
I_172				= A8CC, L: CHURROMAIN
I_173				= A8EE, L: CHURROMAIN
I_174				= A901, L: CHURROMAIN
VERT_COLLISION			= A929, L: CHURROMAIN
VERT_COLLISION_NEGATIVE		= A947, L: CHURROMAIN
VERT_COLLISION_IF1		= A951, L: CHURROMAIN
VERT_COLLISION_IF2		= A969, L: CHURROMAIN
VERT_COLLISION_UP		= A984, L: CHURROMAIN
VERT_COLLISION_POSITIVE		= A9AC, L: CHURROMAIN
VERT_COLLISION_IF3		= A9BB, L: CHURROMAIN
VERT_COLLISION_IF4		= A9D4, L: CHURROMAIN
VERT_COLLISION_DOWN		= A9EE, L: CHURROMAIN
VERT_COLLISION_DONE		= A9FC, L: CHURROMAIN
I_176				= AA18, L: CHURROMAIN
I_177_I_176			= AA1B, L: CHURROMAIN
I_179				= AA4C, L: CHURROMAIN
I_178				= AA4F, L: CHURROMAIN
I_180				= AA7D, L: CHURROMAIN
I_182				= AA7D, L: CHURROMAIN
I_181				= AA7D, L: CHURROMAIN
I_175				= AA7D, L: CHURROMAIN
I_184				= AAB3, L: CHURROMAIN
I_183				= AAB3, L: CHURROMAIN
I_186				= AAE5, L: CHURROMAIN
I_185				= AAE5, L: CHURROMAIN
I_187				= AB11, L: CHURROMAIN
I_188				= AB24, L: CHURROMAIN
HORZ_COLLISION_NEGATIVE		= AB4D, L: CHURROMAIN
HORZ_COLLISION_IF1		= AB57, L: CHURROMAIN
HORZ_COLLISION_IF2		= AB71, L: CHURROMAIN
HORZ_COLLISION_LEFT		= AB8A, L: CHURROMAIN
HORZ_COLLISION_POSITIVE		= ABAD, L: CHURROMAIN
HORZ_COLLISION_IF3		= ABB7, L: CHURROMAIN
HORZ_COLLISION_IF4		= ABD2, L: CHURROMAIN
HORZ_COLLISION_RIGHT		= ABEC, L: CHURROMAIN
HORZ_COLLISION_DONE		= AC0D, L: CHURROMAIN
EVIL_TILE_COLLISION		= AC2F, L: CHURROMAIN
I_189				= AC4E, L: CHURROMAIN
I_190				= AC84, L: CHURROMAIN
EVIL_TILE_COLLISION_DONE	= AC84, L: CHURROMAIN
I_193				= ACD0, L: CHURROMAIN
I_196				= ACF8, L: CHURROMAIN
I_195				= AD06, L: CHURROMAIN
I_192				= AD09, L: CHURROMAIN
I_198				= AD2E, L: CHURROMAIN
I_199				= AD36, L: CHURROMAIN
I_197				= AD36, L: CHURROMAIN
I_191				= AD39, L: CHURROMAIN
PLAYER_GET_COIN			= AD48, L: CHURROMAIN
I_201				= AD48, L: CHURROMAIN
I_200				= AD48, L: CHURROMAIN
PLAYER_GET_COIN_A_DONE		= AD60, L: CHURROMAIN
PLAYER_GET_COIN_B_DONE		= AD80, L: CHURROMAIN
PLAYER_GET_COIN_C_DONE		= ADA0, L: CHURROMAIN
PLAYER_GET_COIN_D_DONE		= ADC8, L: CHURROMAIN
_PLAYER_CELL_SEL_SET_RDI	= ADD0, L: CHURROMAIN
I_203				= ADEE, L: CHURROMAIN
I_204_I_203			= ADF1, L: CHURROMAIN
I_202				= AE03, L: CHURROMAIN
I_206				= AE15, L: CHURROMAIN
I_207				= AE3D, L: CHURROMAIN
I_208				= AE3D, L: CHURROMAIN
I_205				= AE3D, L: CHURROMAIN
_INIT_PLAYER_VALUES		= AE5C, G: CHURROMAIN
_INIT_PLAYER			= AEB3, G: CHURROMAIN
_INIT_HOTSPOTS			= AEC7, G: CHURROMAIN
INIT_HOTSPOTS_LOOP		= AED1, L: CHURROMAIN
_DRAW_AND_ADVANCE		= AED6, G: CHURROMAIN
DRAW_AND_ADVANCE_X_SET		= AF24, L: CHURROMAIN
_CALC_HOTSPOT_PTR		= AF2C, G: CHURROMAIN
_HOTSPOT_PAINT			= AF37, G: CHURROMAIN
HOTSPOT_PAINT_ACT_SKIP		= AF59, L: CHURROMAIN
HOTSPOT_PAINT_SET_T		= AFB1, L: CHURROMAIN
_DRAW_SCR_BACKGROUND		= AFB8, G: CHURROMAIN
I_209				= AFEA, L: CHURROMAIN
I_210				= AFED, L: CHURROMAIN
DRAW_SCR_BG_LOOP		= AFFA, L: CHURROMAIN
COINS_CHECK			= B049, L: CHURROMAIN
DRAW_SCR_BG_LOOP_END		= B056, L: CHURROMAIN
_ENEMS_CALC_FRAME		= B05A, G: CHURROMAIN
_ENEMS_EN_AN_CALC		= B084, G: CHURROMAIN
_DRAW_SCR			= B0A1, G: CHURROMAIN
_ENEMS_INIT			= B0B4, L: CHURROMAIN
I_211				= B0CA, L: CHURROMAIN
I_213				= B0CF, L: CHURROMAIN
I_216				= B12C, L: CHURROMAIN
I_219				= B149, L: CHURROMAIN
I_220				= B149, L: CHURROMAIN
I_217				= B149, L: CHURROMAIN
I_218				= B149, L: CHURROMAIN
I_221				= B157, L: CHURROMAIN
I_215				= B1D8, L: CHURROMAIN
I_212				= B1DE, L: CHURROMAIN
_PLATFORM_GET_PLAYER		= B200, G: CHURROMAIN
_MUEVE_BICHARRACOS		= B231, G: CHURROMAIN
I_222				= B24E, L: CHURROMAIN
I_224				= B253, L: CHURROMAIN
EN_LINEAR_HORZ_BOUNDS		= B2DE, L: CHURROMAIN
HORZ_LIMIT_SKIP_1		= B2F1, L: CHURROMAIN
HORZ_LIMIT_SKIP_2		= B306, L: CHURROMAIN
EN_LINEAR_VERT_BOUNDS		= B306, L: CHURROMAIN
VERT_LIMIT_SKIP_1		= B319, L: CHURROMAIN
VERT_LIMIT_SKIP_2		= B32E, L: CHURROMAIN
I_226				= B32E, L: CHURROMAIN
I_228				= B33E, L: CHURROMAIN
I_232				= B383, L: CHURROMAIN
I_233_I_232			= B386, L: CHURROMAIN
I_231				= B3A1, L: CHURROMAIN
I_236				= B3D2, L: CHURROMAIN
I_237_I_236			= B3D5, L: CHURROMAIN
I_234				= B3ED, L: CHURROMAIN
I_235				= B3ED, L: CHURROMAIN
I_239				= B41E, L: CHURROMAIN
I_240_I_239			= B421, L: CHURROMAIN
I_238				= B43C, L: CHURROMAIN
I_243				= B46D, L: CHURROMAIN
I_244_I_243			= B470, L: CHURROMAIN
I_242				= B488, L: CHURROMAIN
I_241				= B488, L: CHURROMAIN
I_230				= B488, L: CHURROMAIN
I_245				= B4DB, L: CHURROMAIN
I_246				= B506, L: CHURROMAIN
I_247				= B531, L: CHURROMAIN
I_248				= B55C, L: CHURROMAIN
I_249				= B587, L: CHURROMAIN
I_227				= B587, L: CHURROMAIN
_ENEMY_ANIMATE_UPDATE_COUNT	= B5A2, L: CHURROMAIN
I_250				= B5DF, L: CHURROMAIN
I_251				= B5F1, L: CHURROMAIN
I_253				= B624, L: CHURROMAIN
MOVING_PLATFORMS		= B627, L: CHURROMAIN
I_254_I_253			= B627, L: CHURROMAIN
MOVING_PLATFORMS_VERT		= B635, L: CHURROMAIN
MOVING_PLATFORMS_DO		= B635, L: CHURROMAIN
MOVING_PLATFORMS_VERT_UP	= B63F, L: CHURROMAIN
MOVING_PLATFORMS_VERT_DOWN	= B65C, L: CHURROMAIN
MOVING_PLATFORMS_VERT_DONE	= B677, L: CHURROMAIN
MOVING_PLATFORMS_HORZ		= B677, L: CHURROMAIN
MOVING_PLATFORMS_DONE		= B6AB, L: CHURROMAIN
I_252				= B6AE, L: CHURROMAIN
I_257				= B6CE, L: CHURROMAIN
I_258_I_257			= B6D1, L: CHURROMAIN
I_260				= B70E, L: CHURROMAIN
I_261				= B71D, L: CHURROMAIN
I_259				= B720, L: CHURROMAIN
I_255				= B720, L: CHURROMAIN
I_256				= B720, L: CHURROMAIN
I_262				= B723, L: CHURROMAIN
I_225				= B723, L: CHURROMAIN
I_223				= B756, L: CHURROMAIN
_MAIN				= B757, G: CHURROMAIN
LOAD_TILESET_LOOP		= B7B3, L: CHURROMAIN
I_263				= B816, L: CHURROMAIN
I_265				= B81B, L: CHURROMAIN
I_264				= B897, L: CHURROMAIN
I_266				= B89A, L: CHURROMAIN
I_268				= B900, L: CHURROMAIN
ML_UD_SKIP			= B920, L: CHURROMAIN
I_270				= B95C, L: CHURROMAIN
I_272				= B983, L: CHURROMAIN
I_273				= B98A, L: CHURROMAIN
I_271				= B9A7, L: CHURROMAIN
I_274				= B9DE, L: CHURROMAIN
I_275				= BA0C, L: CHURROMAIN
ML_F_ZONE_SKIP			= BA65, L: CHURROMAIN
I_278				= BAB3, L: CHURROMAIN
I_279				= BAB9, L: CHURROMAIN
I_277				= BACA, L: CHURROMAIN
_HOTSPOTS_DONE			= BB2A, L: CHURROMAIN
I_280				= BB2A, L: CHURROMAIN
ML_MIN_FAPS_LOOP		= BB2D, L: CHURROMAIN
ML_MIN_FAPS_LOOP_END		= BB37, L: CHURROMAIN
PLAYER_FLICKER_DONE_CHECK	= BB3E, L: CHURROMAIN
PLAYER_FLICKER_CT_WRITE		= BB4F, L: CHURROMAIN
PLAYER_FLICKER_CHECK_DONE	= BB52, L: CHURROMAIN
I_281				= BB79, L: CHURROMAIN
I_283				= BB8D, L: CHURROMAIN
I_284_I_283			= BB90, L: CHURROMAIN
FLICK_LEFT_DONE			= BB9F, L: CHURROMAIN
I_282				= BBA2, L: CHURROMAIN
I_287				= BBB6, L: CHURROMAIN
I_288_I_287			= BBB9, L: CHURROMAIN
I_286				= BBC7, L: CHURROMAIN
I_285				= BBC7, L: CHURROMAIN
FLICK_RIGHT_DONE		= BBC7, L: CHURROMAIN
I_290_UGE			= BBEA, L: CHURROMAIN
I_290				= BBEC, L: CHURROMAIN
I_291_I_290			= BBEF, L: CHURROMAIN
FLICK_UP_DONE			= BC12, L: CHURROMAIN
I_289				= BC15, L: CHURROMAIN
I_294				= BC29, L: CHURROMAIN
I_295_I_294			= BC2C, L: CHURROMAIN
I_293				= BC3E, L: CHURROMAIN
I_292				= BC3E, L: CHURROMAIN
FLICK_DOWN_DONE			= BC3E, L: CHURROMAIN
I_296				= BC5D, L: CHURROMAIN
I_297				= BC75, L: CHURROMAIN
I_298				= BC75, L: CHURROMAIN
I_300				= BC92, L: CHURROMAIN
I_299				= BC9F, L: CHURROMAIN
I_269				= BCA2, L: CHURROMAIN
I_267				= BCA5, L: CHURROMAIN
MUSICSTART			= BCA6, L: CHURROMAIN
I_1				= BCA7, L: CHURROMAIN
__EN_T				= BCFD, G: CHURROMAIN
__EN_X				= BCFE, G: CHURROMAIN
__EN_Y				= BCFF, G: CHURROMAIN
_SP_MOVILES			= BD00, G: CHURROMAIN
__EN_X1				= BD06, G: CHURROMAIN
__EN_Y1				= BD07, G: CHURROMAIN
__EN_X2				= BD08, G: CHURROMAIN
__EN_Y2				= BD09, G: CHURROMAIN
_SPRITESCLIP			= BD0A, G: CHURROMAIN
_HOTSPOT_T			= BD0C, G: CHURROMAIN
_HOTSPOT_X			= BD0D, G: CHURROMAIN
_HOTSPOT_Y			= BD0E, G: CHURROMAIN
__EN_MX				= BD0F, G: CHURROMAIN
__EN_MY				= BD10, G: CHURROMAIN
_HALF_LIFE			= BD11, G: CHURROMAIN
_EN_CX				= BD12, G: CHURROMAIN
_EN_CY				= BD13, G: CHURROMAIN
_FLAGS				= BD14, G: CHURROMAIN
_GP_GEN_ALT			= BD24, G: CHURROMAIN
_EN_XX				= BD26, G: CHURROMAIN
_EN_YY				= BD27, G: CHURROMAIN
_GP_GEN_ORG			= BD28, G: CHURROMAIN
_ENEMY_DIED			= BD2A, G: CHURROMAIN
_KILLED_OLD			= BD2B, G: CHURROMAIN
_EZG_OLD			= BD2C, G: CHURROMAIN
_INTRO_TEXT			= BD2D, G: CHURROMAIN
_T_ALT				= BD2E, G: CHURROMAIN
__N				= BD2F, G: CHURROMAIN
__T				= BD30, G: CHURROMAIN
__X				= BD31, G: CHURROMAIN
__Y				= BD32, G: CHURROMAIN
_LIFE_OLD			= BD33, G: CHURROMAIN
_EN_CCX				= BD34, G: CHURROMAIN
_EN_CCY				= BD35, G: CHURROMAIN
_ENEMY_KILLER			= BD36, G: CHURROMAIN
_PTGMX				= BD37, G: CHURROMAIN
_PTGMY				= BD39, G: CHURROMAIN
_SP_PLAYER			= BD3B, G: CHURROMAIN
_GP_GEN				= BD3D, G: CHURROMAIN
_ON_PANT			= BD3F, G: CHURROMAIN
_ENOFFS				= BD40, G: CHURROMAIN
_PAD_THIS_FRAME			= BD42, G: CHURROMAIN
_BUTTON_JUMP			= BD43, G: CHURROMAIN
_PAD0				= BD44, G: CHURROMAIN
_PAD1				= BD45, G: CHURROMAIN
_N_PANT				= BD46, G: CHURROMAIN
_EN_J				= BD47, G: CHURROMAIN
_REDRAW_AFTER_TEXT		= BD48, G: CHURROMAIN
_EN_X				= BD49, G: CHURROMAIN
_EN_Y				= BD4A, G: CHURROMAIN
_JUMO_CT			= BD4B, G: CHURROMAIN
_ENIT				= BD4C, G: CHURROMAIN
_JOYFUNC			= BD4D, G: CHURROMAIN
_GPCX				= BD4F, G: CHURROMAIN
_GPCY				= BD51, G: CHURROMAIN
_FZX1				= BD53, G: CHURROMAIN
_FZX2				= BD54, G: CHURROMAIN
_FZY1				= BD55, G: CHURROMAIN
_FZY2				= BD56, G: CHURROMAIN
_RDT1				= BD57, G: CHURROMAIN
_PLAYING			= BD58, G: CHURROMAIN
_GPIT				= BD59, G: CHURROMAIN
_RDT2				= BD5A, G: CHURROMAIN
_SC_C				= BD5B, G: CHURROMAIN
_SCENERY_INFO			= BD5C, G: CHURROMAIN
_SC_I				= BD60, G: CHURROMAIN
_SC_M				= BD61, G: CHURROMAIN
_SC_N				= BD62, G: CHURROMAIN
_SEED				= BD63, G: CHURROMAIN
_SC_X				= BD65, G: CHURROMAIN
_SC_Y				= BD66, G: CHURROMAIN
_OBJS_OLD			= BD67, G: CHURROMAIN
_GPXX				= BD68, G: CHURROMAIN
_GPYY				= BD69, G: CHURROMAIN
_MAINCOUNTER			= BD6A, G: CHURROMAIN
_PTX1				= BD6B, G: CHURROMAIN
_PTX2				= BD6C, G: CHURROMAIN
_PTY1				= BD6D, G: CHURROMAIN
_PTY2				= BD6E, G: CHURROMAIN
_WALL				= BD6F, G: CHURROMAIN
_F_ZONE_AC			= BD70, G: CHURROMAIN
__X2				= BD71, G: CHURROMAIN
__Y2				= BD72, G: CHURROMAIN
__EN_LIFE			= BD73, G: CHURROMAIN
_PRXX				= BD74, G: CHURROMAIN
_PRYY				= BD75, G: CHURROMAIN
_TILEOFFSET			= BD76, G: CHURROMAIN
_NEXT_SCRIPT			= BD77, G: CHURROMAIN
_ITEM_OLD			= BD79, G: CHURROMAIN
_IDX				= BD7A, G: CHURROMAIN
_PLAYER				= BD7C, G: CHURROMAIN
_JUMO_X				= BDA8, G: CHURROMAIN
_JETPAC_FRAME_COUNTER		= BDA9, G: CHURROMAIN
_GPX				= BDAA, G: CHURROMAIN
_GPY				= BDAB, G: CHURROMAIN
_RDI				= BDAC, G: CHURROMAIN
_RDJ				= BDAD, G: CHURROMAIN
_RDD				= BDAF, G: CHURROMAIN
_KEYS_OLD			= BDB0, G: CHURROMAIN
_RDX				= BDB1, G: CHURROMAIN
_RDY				= BDB2, G: CHURROMAIN
_PTI				= BDB3, G: CHURROMAIN
_PTJ				= BDB4, G: CHURROMAIN
_ENOFFSMASI			= BDB5, G: CHURROMAIN
_SP_JUMO			= BDB7, G: CHURROMAIN
_JUMO_Y				= BDB9, G: CHURROMAIN
_SCRIPT				= BDBA, G: CHURROMAIN
_GAME_LOOP_FLAG			= BDBC, G: CHURROMAIN
_LATEST_HOTSPOT			= BDBD, G: CHURROMAIN
_SC_TERMINADO			= BDBE, G: CHURROMAIN
_ASM_INT			= BDBF, G: CHURROMAIN
__BADDIES_POINTER		= BDC1, G: CHURROMAIN
_SC_CONTINUAR			= BDC3, G: CHURROMAIN
_ORIG_TILE			= BDC4, G: CHURROMAIN
_SUCCESS			= BDC5, G: CHURROMAIN
_COINS_OLD			= BDC6, G: CHURROMAIN
L_AND				= BDC7, G: L_AND
L_ASL				= BDCE, G: L_ASL
L_ASL1				= BDCF, L: L_ASL
L_ASR_U				= BDD5, G: L_ASR_U
L_ASR_U_1			= BDD6, L: L_ASR_U
L_COM				= BDDF, G: L_COM
L_DIV_U				= BDE6, G: L_DIV_U
ENTRY				= BDEA, L: L_DIV_U
L_DIV1				= BDF1, L: L_DIV_U
L_DIV2				= BDFB, L: L_DIV_U
L_EQ				= BE05, G: L_EQ
L_GCHAR				= BE0C, G: L_GCHAR
L_SXT				= BE0D, L: L_GCHAR
L_GINT				= BE12, G: L_GINT
L_GT				= BE17, G: L_GT
L_LNEG				= BE23, G: L_LNEG
L_LT				= BE28, G: L_LT
L_MULT				= BE34, G: L_MULT
L_MULT1				= BE3B, L: L_MULT
L_MULT2				= BE42, L: L_MULT
L_NE				= BE45, G: L_NE
L_NEG				= BE4C, G: L_NEG
L_OR				= BE54, G: L_OR
L_PINT				= BE5B, G: L_PINT
L_SXT				= BE61, G: L_SXT
L_UGE				= BE66, G: L_UGE
L_ULE				= BE6E, G: L_ULE
L_ULT				= BE76, G: L_ULT
SPCOMPDLISTADDR			= BE7C, G: SPCOMPDLISTADDR
SPDISPLAYLIST			= BE8D, G: SPDISPLAYLIST
SPINVALIDATE			= CA8D, G: SPINVALIDATE
SPINVALIDATEP			= CA95, G: SPINVALIDATE
NOINC1				= CAAE, L: SPINVALIDATE
INVCOLLP			= CAB2, L: SPINVALIDATE
NOINC2				= CAC1, L: SPINVALIDATE
INVFULLCHAR			= CAC5, L: SPINVALIDATE
INVROWLP			= CAC7, L: SPINVALIDATE
NOINC3				= CAD2, L: SPINVALIDATE
SPBITLEFT2MASK			= CAE0, G: SPBITLEFT2MASK
SPBITRIGHT2MASK			= CAE8, G: SPBITRIGHT2MASK
SPCOMPDIRTYADDR			= CAF0, G: SPCOMPDIRTYADDR
SPDIRTYCHARS			= CB05, G: SPDIRTYCHARS
SPINTRECT			= CB65, G: SPINTRECT
SPINTSMALLIVAL			= CB96, G: SPINTRECT
TRYOTHERWAY			= CBAA, L: SPINTRECT
SPPTINSMALLIVAL			= CBBB, G: SPINTRECT
BROKEN				= CBC7, L: SPINTRECT
SPMOVESPRABS			= CBD0, G: SPMOVESPRABS
SPMOVESPRABSNC			= CBDE, G: SPMOVESPRABS
ADJLOOP				= CBE9, L: SPMOVESPRABS
SPMOVESPRABSC			= CBF7, G: SPMOVESPRABS
YINSCREEN			= CC0F, L: SPMOVESPRABS
XINSCREEN			= CC1F, L: SPMOVESPRABS
MVCOLLOOP			= CC36, L: SPMOVESPRABS
MVROWLOOP			= CC3C, L: SPMOVESPRABS
NOTDONE				= CC46, L: SPMOVESPRABS
NOINC1				= CC5E, L: SPMOVESPRABS
NOTINDLIST			= CC72, L: SPMOVESPRABS
NONEXT1				= CC72, L: SPMOVESPRABS
PDLOOP				= CC8F, L: SPMOVESPRABS
NOINC2				= CC97, L: SPMOVESPRABS
PUTHERE				= CCA9, L: SPMOVESPRABS
NOINC3				= CCB8, L: SPMOVESPRABS
NODEC1				= CCC6, L: SPMOVESPRABS
NOINC4				= CCD2, L: SPMOVESPRABS
NONEXT2				= CCDF, L: SPMOVESPRABS
NOTDISPLAYED			= CCDF, L: SPMOVESPRABS
INVALIDATE			= CCFA, L: SPMOVESPRABS
COMPUTEDISP			= CD09, L: SPMOVESPRABS
NOTNEGATIVE			= CD27, L: SPMOVESPRABS
ADJUSTGRAPHICS			= CD2C, L: SPMOVESPRABS
NOINC5				= CD38, L: SPMOVESPRABS
SKIP1				= CD48, L: SPMOVESPRABS
SKIP2				= CD58, L: SPMOVESPRABS
SPNULLSPRPTR			= CD5B, G: SPNULLSPRPTR
SPPRINTATINV			= CD6B, G: SPPRINTATINV
SPBIT2MASK			= CD83, G: SPBIT2MASK
SPTBLLOOKUP			= CD8B, G: SPTBLLOOKUP
NOINC				= CD91, L: SPTBLLOOKUP
SPTILEARRAY			= CD93, G: SPTILEARRAY
TEMPGRAPHIC			= CF93, L: SPUPDATENOW
TEMPCOLOUR			= CF9B, L: SPUPDATENOW
SPUPDATENOW			= CF9C, G: SPUPDATENOW
DIRTYLOOP			= CFA5, L: SPUPDATENOW
NOTACROSSBLK1			= CFB5, L: SPUPDATENOW
REENTER				= CFBD, L: SPUPDATENOW
NOINC1				= CFBD, L: SPUPDATENOW
DIRTYAREA			= CFCB, L: SPUPDATENOW
NOTACROSSBLK2			= D005, L: SPUPDATENOW
TILEONLY			= D00C, L: SPUPDATENOW
NOINC11				= D017, L: SPUPDATENOW
DRAWCHAR			= D03B, L: SPUPDATENOW
NOTLOAD				= D069, L: SPUPDATENOW
NOINC10				= D074, L: SPUPDATENOW
SPRITELOOP			= D089, L: SPUPDATENOW
DOSPRITE			= D08D, L: SPUPDATENOW
COLOURSPRITE			= D1A2, L: SPUPDATENOW
CLEAR				= D1A4, L: SPUPDATENOW
COPYBUFFER			= D1AF, L: SPUPDATENOW
NOMORESPRITES			= D1D1, L: SPUPDATENOW
MASKNOROTATE			= D1E1, L: SPUPDATENOW
LOADTYPE			= D22C, L: SPUPDATENOW
LOADNOROTATE			= D29A, L: SPUPDATENOW
XORTYPE				= D2B9, L: SPUPDATENOW
XORNOROTATE			= D33F, L: SPUPDATENOW
ORTYPE				= D371, L: SPUPDATENOW
ORNOROTATE			= D3F7, L: SPUPDATENOW
SPVALIDATE			= D429, G: SPVALIDATE
SPVALIDATEP			= D431, G: SPVALIDATE
NOINC1				= D44A, L: SPVALIDATE
VALCOLLP			= D44F, L: SPVALIDATE
NOINC2				= D45E, L: SPVALIDATE
VALFULLCHAR			= D463, L: SPVALIDATE
VALROWLP			= D465, L: SPVALIDATE
NOINC3				= D470, L: SPVALIDATE
SP_ADDCOLSPR			= D47E, G: SP_ADDCOLSPR
SPADDCOLSPR			= D499, G: SPADDCOLSPR
ACNOCRY				= D4A4, L: SPADDCOLSPR
ACLOOP				= D4B5, L: SPADDCOLSPR
NOINC1				= D4F1, L: SPADDCOLSPR
ACNOCRY3			= D505, L: SPADDCOLSPR
ACFAIL				= D52F, L: SPADDCOLSPR
JPHL				= D540, L: SPADDCOLSPR
SPDELETESPR			= D541, G: SPDELETESPR
LOOP				= D545, L: SPDELETESPR
SPDSLOOP			= D552, G: SPDELETESPR
JPHL				= D55A, L: SPDELETESPR
SP_ADDMEMORY			= D55B, G: SP_ADDMEMORY
SPADDMEMORY			= D574, G: SPADDMEMORY
IB1				= D57C, L: SPADDMEMORY
IB2				= D583, L: SPADDMEMORY
SPFREEBLOCK			= D590, G: SPFREEBLOCK
SPFB1				= D595, G: SPFREEBLOCK
SPFB2				= D5A0, G: SPFREEBLOCK
SPQUEUETABLE			= D5AB, G: SPQUEUETABLE
SP_BLOCKALLOC			= D5B5, G: SP_BLOCKALLOC
SPBLOCKALLOC			= D5C3, G: SPBLOCKALLOC
SPALLOC				= D5CD, G: SPBLOCKALLOC
SP_BORDER			= D5DE, G: SP_BORDER
SPBORDERCLR			= D5E7, G: SPBORDER
SPBORDER			= D5E8, G: SPBORDER
SP_CREATEGENERICISR		= D5F0, G: SP_CREATEGENERICISR
SPCREATEGENERICISR		= D5F9, G: SPCREATEGENERICISR
GENERICISR			= D602, L: SPCREATEGENERICISR
POSITION			= D605, L: SPCREATEGENERICISR
PUSHREG				= D60E, L: SPCREATEGENERICISR
JPHL				= D61D, L: SPCREATEGENERICISR
RUNHOOKS			= D61E, L: SPCREATEGENERICISR
POPREG				= D630, L: SPCREATEGENERICISR
SP_CREATESPR			= D641, G: SP_CREATESPR
SPCREATESPR			= D65A, G: SPCREATESPR
CSLOOP				= D6AB, L: SPCREATESPR
CSENTER				= D6BF, L: SPCREATESPR
NOTCOMPRESS			= D6D1, L: SPCREATESPR
CONT				= D6D6, L: SPCREATESPR
CSNOCRY				= D6EA, L: SPCREATESPR
CSFAIL1				= D6F4, L: SPCREATESPR
CSFAIL2				= D6F6, L: SPCREATESPR
JPHL				= D6FF, L: SPCREATESPR
SP_FREEBLOCK			= D700, G: SP_FREEBLOCK
SP_INITIALIZE			= D70B, G: SP_INITIALIZE
SPINITIALIZE			= D717, G: SPINITIALIZE
ROTTBLLP			= D73D, L: SPINITIALIZE
ENTRYLP				= D744, L: SPINITIALIZE
ROTLP				= D747, L: SPINITIALIZE
SP_INITIM2			= D759, G: SP_INITIM2
SPINITIM2			= D764, G: SPINITIM2
SP_JOYKEMPSTON			= D77A, G: SP_JOYKEMPSTON
SPJOYKEMPSTON			= D781, G: SPJOYKEMPSTON
KEMPTBL				= D78C, L: SPJOYKEMPSTON
SP_JOYKEYBOARD			= D7AC, G: SP_JOYKEYBOARD
SPJOYKEYBOARD			= D7BA, G: SPJOYKEYBOARD
NOFIRE				= D7C7, L: SPJOYKEYBOARD
JKLOOP				= D7C7, L: SPJOYKEYBOARD
NOPRESS				= D7D2, L: SPJOYKEYBOARD
SP_JOYSINCLAIR1			= D7D9, G: SP_JOYSINCLAIR1
SPJOYSINCLAIR1			= D7E0, G: SPJOYSINCLAIR1
SINC1TBL			= D7EC, L: SPJOYSINCLAIR1
SP_KEYPRESSED			= D80C, G: SP_KEYPRESSED
SPKEYPRESSED			= D81C, G: SPKEYPRESSED
NOCAPS				= D828, L: SPKEYPRESSED
NOSYM				= D834, L: SPKEYPRESSED
SP_MOVESPRABS			= D840, G: SP_MOVESPRABS
SP_MOVEABSHELP			= D849, G: SP_MOVEABSHELP
SP_FIXCLIPRECT			= D878, G: SP_FIXCLIPRECT
SP_REGISTERHOOK			= D892, G: SP_REGISTERHOOK
SP_REGISTERHOOKLAST		= D8A8, G: SP_REGISTERHOOKLAST
SPREGISTERHOOK			= D8B7, G: SPREGISTERHOOKLAST
SPREGISTERHOOKLAST		= D8B7, G: SPREGISTERHOOKLAST
LOOP				= D8C0, L: SPREGISTERHOOKLAST
DONE				= D8CB, L: SPREGISTERHOOKLAST
SP_UPDATENOW			= D8D4, G: SP_UPDATENOW
