APBRANCH1			= 055D, L: CHURROMAIN
APBRANCH2			= 05A0, L: CHURROMAIN
APBRANCH3			= 058C, L: CHURROMAIN
APBRANCH4			= 0583, L: CHURROMAIN
APGET4BITS			= 0575, L: CHURROMAIN
APLOOP				= 0562, L: CHURROMAIN
APLOOP0				= 055F, L: CHURROMAIN
APSKIP2				= 05BF, L: CHURROMAIN
APSKIP3				= 05C8, L: CHURROMAIN
APWRITEBYTE			= 057F, L: CHURROMAIN
AP_FINISHUP			= 05CB, L: CHURROMAIN
AP_FINISHUP2			= 05CE, L: CHURROMAIN
AP_GETBIT			= 05E1, L: CHURROMAIN
AP_GETGAMMA			= 05ED, L: CHURROMAIN
AP_GETGAMMALOOP			= 05F0, L: CHURROMAIN
AP_R0_GAMMA			= 05D5, L: CHURROMAIN
ASHL16_HL			= 0544, L: CHURROMAIN
BGICMODBC1			= 0BDE, L: CHURROMAIN
BGICMODBC2			= 0BE0, L: CHURROMAIN
BIT0_SKIP			= 5ADC, L: CPC_UPDSCR
BIT1_SKIP			= 5AE6, L: CPC_UPDSCR
BIT2_SKIP			= 5AF0, L: CPC_UPDSCR
BIT3_SKIP			= 5AFA, L: CPC_UPDSCR
BIT4_SKIP			= 5B04, L: CPC_UPDSCR
BIT5_SKIP			= 5B0E, L: CPC_UPDSCR
BIT6_SKIP			= 5B18, L: CPC_UPDSCR
BIT7_SKIP			= 5B22, L: CPC_UPDSCR
BO_L1				= 3A1B, L: CHURROMAIN
BUCLE_CPC_SHOWTOUCHEDTILES	= 59EA, L: CPC_SHOWTOUCHEDTILES
BUCLE_DETECCION_TECLA		= 54B3, L: CPC_ANYKEYPRESSED
BUCLE_DIBUJADO_FONDO		= 5970, L: CPC_SHOWTILEMAP
CANAL_A				= 0F47, L: CHURROMAIN
CANAL_B				= 0F49, L: CHURROMAIN
CANAL_C				= 0F4B, L: CHURROMAIN
CANAL_P				= 0F75, L: CHURROMAIN
CARGA_CANCION			= 0B28, L: CHURROMAIN
CHECKBIT			= 5A2C, L: CPC_SHOWTOUCHEDTILES
CHECKBIT_DONE			= 5A88, L: CPC_SHOWTOUCHEDTILES
CLEAR_PSG_BUFFER		= 0B09, L: CHURROMAIN
CLEAR_SPRITES_LOOP		= 3B69, L: CHURROMAIN
COMANDOS			= 0CE4, L: CHURROMAIN
COM_EFECTO			= 0D29, L: CHURROMAIN
COM_ENVOLVENTE			= 0D39, L: CHURROMAIN
CONTADOR_TILES			= 59AE, L: CPC_SHOWTILEMAP
CONTADOR_TILES2			= 59AF, L: CPC_SHOWTILEMAP
CONT_ENV			= 0EF1, L: CHURROMAIN
COPYCELL_DONE			= 5A86, L: CPC_SHOWTOUCHEDTILES
COPYTILE			= 5A2F, L: CPC_SHOWTOUCHEDTILES
CPC_ANYKEYPRESSED		= 54B1, G: CPC_ANYKEYPRESSED
CPC_BIT2MASK			= 562D, G: CPC_BIT2MASK
CPC_BITLEFT2MASK		= 554F, G: CPC_BITLEFT2MASK
CPC_BITRIGHT2MASK		= 5557, G: CPC_BITRIGHT2MASK
CPC_HARDPAUSE_INNER		= 34F7, L: CHURROMAIN
CPC_HARDPAUSE_OUTER		= 34F5, L: CHURROMAIN
CPC_INVALIDATERECT		= 54EF, G: CPC_INVALIDATERECT
CPC_INVALIDATERECT_P		= 54F7, L: CPC_INVALIDATERECT
CPC_KEYSDATA			= 555F, G: CPC_KEYSDATA
CPC_PUTSP			= 59C5, L: CPC_SHOWTILEMAP
CPC_PUTSPTILEMAP16X16PXM1	= 5584, G: CPC_PUTSPTILEMAP16X16PXM1
CPC_PUTSPTILEMAP4X8PX		= 563C, G: CPC_PUTSPTILEMAP4X8PX
CPC_PUTTRSP16X16TILEMAP2BPXM1	= 568B, G: CPC_PUTTRSP16X16TILEMAP2BPXM1
CPC_PUTTRSP4X8TILEMAP2BPX	= 588A, G: CPC_PUTTRSP4X8TILEMAP2BPX
CPC_RESETTOUCHEDTILES		= 591C, G: CPC_RESETTOUCHEDTILES
CPC_SETCOLOUR			= 592A, G: CPC_SETCOLOUR
CPC_SETMODE			= 593D, G: CPC_SETMODE
CPC_SHOWTILEMAP			= 5947, G: CPC_SHOWTILEMAP
CPC_SHOWTOUCHEDTILES		= 59E2, G: CPC_SHOWTOUCHEDTILES
CPC_TBLLOOKUP			= 5635, G: CPC_TBLLOOKUP
CPC_TESTKEY			= 5A8C, G: CPC_TESTKEY
CPC_TESTKEYBOARD		= 54CB, G: CPC_TESTKEYBOARD
CPC_UPDSCR			= 5AA6, G: CPC_UPDSCR
CPC_UPDTILETABLE		= 560E, G: CPC_UPDTILETABLE
CPC_UPDTILETABLECLP		= 5600, G: CPC_UPDTILETABLE
CPC_UPDTILETABLESAIMAZOOM	= 55F0, G: CPC_UPDTILETABLE
CRTBC0				= 0EFB, L: CHURROMAIN
DATOS_NOTAS			= 0FAE, L: CHURROMAIN
DCBC0				= 0C5B, L: CHURROMAIN
DECODE_CANAL			= 0BF8, L: CHURROMAIN
DECODE_SONG			= 0B31, L: CHURROMAIN
DEPACK				= 055A, L: CHURROMAIN
DO_UPDATE			= 5656, L: CPC_PUTSPTILEMAP4X8PX
DO_UPDATE			= 559E, L: CPC_PUTSPTILEMAP16X16PXM1
DRAW_AND_ADVANCE_X_SET		= 42D9, L: CHURROMAIN
DRAW_RECTANGLE_IT1		= 3202, L: CHURROMAIN
DRAW_RECTANGLE_IT2		= 3207, L: CHURROMAIN
DRAW_SCR_BG_LOOP		= 4392, L: CHURROMAIN
DRAW_SCR_BG_LOOP_END		= 43CB, L: CHURROMAIN
EFECTO0				= 05FD, L: CHURROMAIN
EFECTO1				= 06A0, L: CHURROMAIN
EFECTO10			= 0796, L: CHURROMAIN
EFECTO11			= 07B5, L: CHURROMAIN
EFECTO12			= 07D4, L: CHURROMAIN
EFECTO2				= 06BC, L: CHURROMAIN
EFECTO3				= 06CC, L: CHURROMAIN
EFECTO4				= 06DC, L: CHURROMAIN
EFECTO5				= 06EC, L: CHURROMAIN
EFECTO6				= 070B, L: CHURROMAIN
EFECTO7				= 072A, L: CHURROMAIN
EFECTO8				= 0749, L: CHURROMAIN
EFECTO9				= 0759, L: CHURROMAIN
EFECTO_REGS			= 0F88, L: CHURROMAIN
ENTRY				= 5B98, L: L_DIV_U
ENVOLVENTE			= 0FAC, L: CHURROMAIN
ENVOLVENTE_BACK			= 0FAD, L: CHURROMAIN
EN_LINEAR_HORZ_BOUNDS		= 478D, L: CHURROMAIN
EN_LINEAR_VERT_BOUNDS		= 47C1, L: CHURROMAIN
EN_XX_CALC			= 48D0, L: CHURROMAIN
EN_YY_CALC			= 48DF, L: CHURROMAIN
EVOLVENTES			= 0ECE, L: CHURROMAIN
EXT_WORD			= 0F19, L: CHURROMAIN
FCA_CONT			= 0D83, L: CHURROMAIN
FIN				= 568A, L: CPC_PUTSPTILEMAP4X8PX
FIN				= 55EF, L: CPC_PUTSPTILEMAP16X16PXM1
FIN_CANAL_A			= 0D78, L: CHURROMAIN
FIN_CANAL_P			= 0E0A, L: CHURROMAIN
FIN_DEC_CANAL			= 0C49, L: CHURROMAIN
FIN_NOPLAYER			= 0AC2, L: CHURROMAIN
FIN_NOTA_A			= 0D58, L: CHURROMAIN
FIN_NOTA_P			= 0DF2, L: CHURROMAIN
FIN_RUTINA			= 0DD1, L: CHURROMAIN
FIN_SONIDO			= 0AB9, L: CHURROMAIN
FRECUENCIA_OFF			= 0EE8, L: CHURROMAIN
GETLEN				= 0C4E, L: CHURROMAIN
HLSHR6_A			= 0539, L: CHURROMAIN
HORZ_COLLISION_DONE		= 40EA, L: CHURROMAIN
HORZ_COLLISION_LEFT		= 40A9, L: CHURROMAIN
HORZ_COLLISION_NEGATIVE		= 4082, L: CHURROMAIN
HORZ_COLLISION_POSITIVE		= 40B8, L: CHURROMAIN
HORZ_COLLISION_RIGHT		= 40E1, L: CHURROMAIN
HORZ_LIMIT_SKIP_1		= 47A6, L: CHURROMAIN
HORZ_LIMIT_SKIP_2		= 47C1, L: CHURROMAIN
HOTSPOT_PAINT_ACT_SKIP		= 430E, L: CHURROMAIN
HOTSPOT_PAINT_SET_T		= 4366, L: CHURROMAIN
INCREMENTO2			= 59A1, L: CPC_SHOWTILEMAP
INICIA_EFECTO			= 0A04, L: CHURROMAIN
INICIA_SONIDO			= 09F4, L: CHURROMAIN
INICIO				= 09DD, L: CHURROMAIN
INIT_DECODER			= 0B99, L: CHURROMAIN
INIT_HOTSPOTS_LOOP		= 4286, L: CHURROMAIN
INIT_MALOTES_LOOP		= 3CE0, L: CHURROMAIN
INTERR				= 0F3D, L: CHURROMAIN
INVCOLLP			= 5521, L: CPC_INVALIDATERECT
INVFULLCHAR			= 5534, L: CPC_INVALIDATERECT
INVROWLP			= 5536, L: CPC_INVALIDATERECT
ISR_C1				= 4FF7, L: CHURROMAIN
ISR_C2				= 4FF8, L: CHURROMAIN
ISR_DONE			= 4FF9, L: CHURROMAIN
I_1				= 53B3, L: CHURROMAIN
I_101				= 45F1, L: CHURROMAIN
I_102				= 45B7, L: CHURROMAIN
I_103				= 45CF, L: CHURROMAIN
I_104				= 45CF, L: CHURROMAIN
I_105				= 45CF, L: CHURROMAIN
I_106				= 45CF, L: CHURROMAIN
I_107				= 45DD, L: CHURROMAIN
I_108				= 460B, L: CHURROMAIN
I_109				= 4600, L: CHURROMAIN
I_110_I_109			= 4603, L: CHURROMAIN
I_111				= 46EE, L: CHURROMAIN
I_112				= 4A60, L: CHURROMAIN
I_113				= 46F3, L: CHURROMAIN
I_114				= 474F, L: CHURROMAIN
I_115				= 4A2D, L: CHURROMAIN
I_116				= 4A2D, L: CHURROMAIN
I_117				= 47F5, L: CHURROMAIN
I_118				= 49DC, L: CHURROMAIN
I_119				= 4952, L: CHURROMAIN
I_120_I_119			= 4955, L: CHURROMAIN
I_121				= 4A2D, L: CHURROMAIN
I_122				= 4A2D, L: CHURROMAIN
I_123				= 49FC, L: CHURROMAIN
I_124_I_123			= 49FF, L: CHURROMAIN
I_125				= 4A2D, L: CHURROMAIN
I_126				= 4A2D, L: CHURROMAIN
I_127				= 4AE2, L: CHURROMAIN
I_128				= 4BA5, L: CHURROMAIN
I_129				= 4AE7, L: CHURROMAIN
I_130				= 4BA2, L: CHURROMAIN
I_131				= 4B95, L: CHURROMAIN
I_132_I_131			= 4B98, L: CHURROMAIN
I_133				= 4BEB, L: CHURROMAIN
I_134				= 4BDF, L: CHURROMAIN
I_135				= 4BE2, L: CHURROMAIN
I_136				= 4BF9, L: CHURROMAIN
I_137				= 4C20, L: CHURROMAIN
I_138				= 4BFE, L: CHURROMAIN
I_139				= 4C2B, L: CHURROMAIN
I_140				= 4C9C, L: CHURROMAIN
I_141				= 4C30, L: CHURROMAIN
I_142				= 4C99, L: CHURROMAIN
I_143				= 4FA9, L: CHURROMAIN
I_143_UGE			= 4CAC, L: CHURROMAIN
I_144				= 4CBB, L: CHURROMAIN
I_145				= 4FA9, L: CHURROMAIN
I_146				= 4CC0, L: CHURROMAIN
I_147				= 4FA6, L: CHURROMAIN
I_148				= 4F92, L: CHURROMAIN
I_149				= 4DD0, L: CHURROMAIN
I_150				= 4E29, L: CHURROMAIN
I_151				= 4F1C, L: CHURROMAIN
I_152				= 4E2E, L: CHURROMAIN
I_153				= 4F19, L: CHURROMAIN
I_154				= 4F19, L: CHURROMAIN
I_155				= 4EF9, L: CHURROMAIN
I_156_I_155			= 4EFC, L: CHURROMAIN
I_157				= 4F8F, L: CHURROMAIN
I_158				= 4F73, L: CHURROMAIN
I_159_I_158			= 4F76, L: CHURROMAIN
I_160				= 4FA6, L: CHURROMAIN
I_161				= 50A2, L: CHURROMAIN
I_162				= 53B2, L: CHURROMAIN
I_163				= 50FE, L: CHURROMAIN
I_164				= 53AC, L: CHURROMAIN
I_165				= 516A, L: CHURROMAIN
I_166				= 5146, L: CHURROMAIN
I_167				= 514D, L: CHURROMAIN
I_168				= 5214, L: CHURROMAIN
I_169				= 522D, L: CHURROMAIN
I_17				= 3412, L: CHURROMAIN
I_170				= 526A, L: CHURROMAIN
I_171				= 5286, L: CHURROMAIN
I_172				= 5369, L: CHURROMAIN
I_173				= 5369, L: CHURROMAIN
I_174				= 538B, L: CHURROMAIN
I_175				= 537E, L: CHURROMAIN
I_177				= 53A9, L: CHURROMAIN
I_18				= 341A, L: CHURROMAIN
I_19				= 3428, L: CHURROMAIN
I_20				= 3432, L: CHURROMAIN
I_21				= 341A, L: CHURROMAIN
I_22				= 3428, L: CHURROMAIN
I_23				= 346A, L: CHURROMAIN
I_24				= 34A3, L: CHURROMAIN
I_25				= 34C5, L: CHURROMAIN
I_26				= 34F3, L: CHURROMAIN
I_29				= 35E3, L: CHURROMAIN
I_30				= 35EA, L: CHURROMAIN
I_31				= 3727, L: CHURROMAIN
I_32				= 3609, L: CHURROMAIN
I_33				= 3623, L: CHURROMAIN
I_34				= 36B2, L: CHURROMAIN
I_36				= 36AF, L: CHURROMAIN
I_37				= 363B, L: CHURROMAIN
I_38				= 3653, L: CHURROMAIN
I_39				= 366E, L: CHURROMAIN
I_40				= 3689, L: CHURROMAIN
I_41				= 36A4, L: CHURROMAIN
I_42				= 371E, L: CHURROMAIN
I_43				= 36C0, L: CHURROMAIN
I_44				= 371E, L: CHURROMAIN
I_46				= 371B, L: CHURROMAIN
I_47				= 36D8, L: CHURROMAIN
I_48				= 36F0, L: CHURROMAIN
I_49				= 36FE, L: CHURROMAIN
I_50				= 3709, L: CHURROMAIN
I_51				= 3714, L: CHURROMAIN
I_52				= 3A7A, L: CHURROMAIN
I_53				= 3AA5, L: CHURROMAIN
I_54				= 3A8E, L: CHURROMAIN
I_55				= 3AA2, L: CHURROMAIN
I_57				= 3BCC, L: CHURROMAIN
I_58				= 3BFC, L: CHURROMAIN
I_59				= 3BD1, L: CHURROMAIN
I_60				= 3C2D, L: CHURROMAIN
I_61				= 3C21, L: CHURROMAIN
I_63				= 3C34, L: CHURROMAIN
I_64				= 3DFE, L: CHURROMAIN
I_65				= 3DAC, L: CHURROMAIN
I_66				= 3DAC, L: CHURROMAIN
I_67				= 3D97, L: CHURROMAIN
I_69				= 3DFB, L: CHURROMAIN
I_70				= 3DE9, L: CHURROMAIN
I_71				= 3DFB, L: CHURROMAIN
I_72				= 3E0B, L: CHURROMAIN
I_73				= 3E35, L: CHURROMAIN
I_74				= 3E52, L: CHURROMAIN
I_75				= 3E65, L: CHURROMAIN
I_76				= 3FB3, L: CHURROMAIN
I_77				= 3F4E, L: CHURROMAIN
I_78_I_77			= 3F51, L: CHURROMAIN
I_79				= 3F85, L: CHURROMAIN
I_80				= 3F82, L: CHURROMAIN
I_81				= 3FB3, L: CHURROMAIN
I_82				= 3FB3, L: CHURROMAIN
I_83				= 3FB3, L: CHURROMAIN
I_84				= 3FE8, L: CHURROMAIN
I_85				= 3FE8, L: CHURROMAIN
I_86				= 401A, L: CHURROMAIN
I_87				= 401A, L: CHURROMAIN
I_88				= 4046, L: CHURROMAIN
I_89				= 4059, L: CHURROMAIN
I_90				= 41B8, L: CHURROMAIN
I_91				= 41AB, L: CHURROMAIN
I_92_I_91			= 41AE, L: CHURROMAIN
I_93				= 41F2, L: CHURROMAIN
I_94				= 41CA, L: CHURROMAIN
I_95				= 41F2, L: CHURROMAIN
I_96				= 41F2, L: CHURROMAIN
I_97				= 4555, L: CHURROMAIN
I_98				= 460E, L: CHURROMAIN
I_99				= 455A, L: CHURROMAIN
KEYMAP0				= 555F, L: CPC_KEYSDATA
LEJP0				= 0DE9, L: CHURROMAIN
LNJP0				= 0D4E, L: CHURROMAIN
LOCALIZA_EFECTO			= 0DD2, L: CHURROMAIN
LOCALIZA_NOTA			= 0CD7, L: CHURROMAIN
LOOP_ALTO_2			= 59C7, L: CPC_SHOWTILEMAP
LOOP_ALTO_MAP_SBUFFER		= 59B7, L: CPC_SHOWTILEMAP
LOOP_ALTO_MAP_SBUFFER		= 58B9, L: CPC_PUTTRSP4X8TILEMAP2BPX
LOOP_ALTO_MAP_SBUFFER		= 56C7, L: CPC_PUTTRSP16X16TILEMAP2BPXM1
LOOP_ALTO_MAP_SBUFFER_SHIFT1	= 56F4, L: CPC_PUTTRSP16X16TILEMAP2BPXM1
LOOP_ALTO_MAP_SBUFFER_SHIFT2	= 577A, L: CPC_PUTTRSP16X16TILEMAP2BPXM1
LOOP_ALTO_MAP_SBUFFER_SHIFT3	= 5804, L: CPC_PUTTRSP16X16TILEMAP2BPXM1
LOOP_ALTO_MAP_SBUFFER_SHIFTED	= 58D6, L: CPC_PUTTRSP4X8TILEMAP2BPX
LOOP_ANCHO_MAP_SBUFFER		= 59B7, L: CPC_SHOWTILEMAP
LOUT				= 0AD6, L: CHURROMAIN
L_AND				= 5B75, G: L_AND
L_ASL				= 5B7C, G: L_ASL
L_ASL1				= 5B7D, L: L_ASL
L_ASR_U				= 5B83, G: L_ASR_U
L_ASR_U_1			= 5B84, L: L_ASR_U
L_COM				= 5B8D, G: L_COM
L_DIV1				= 5B9F, L: L_DIV_U
L_DIV2				= 5BA9, L: L_DIV_U
L_DIV_U				= 5B94, G: L_DIV_U
L_EQ				= 5BB3, G: L_EQ
L_GCHAR				= 5BBA, G: L_GCHAR
L_GINT				= 5BC0, G: L_GINT
L_GT				= 5BC5, G: L_GT
L_LNEG				= 5BD1, G: L_LNEG
L_LT				= 5BD6, G: L_LT
L_MULT				= 5BE2, G: L_MULT
L_MULT1				= 5BE9, L: L_MULT
L_MULT2				= 5BF0, L: L_MULT
L_NE				= 5BF3, G: L_NE
L_NEG				= 5BFA, G: L_NEG
L_OR				= 5C02, G: L_OR
L_PINT				= 5C09, G: L_PINT
L_SXT				= 5C0F, G: L_SXT
L_SXT				= 5BBB, L: L_GCHAR
L_UGE				= 5C14, G: L_UGE
L_ULE				= 5C1C, G: L_ULE
L_ULT				= 5C24, G: L_ULT
MAIN_LOOP			= 5AB4, L: CPC_UPDSCR
ML_MIN_FAPS_LOOP		= 34A3, L: CHURROMAIN
ML_MIN_FAPS_LOOP_END		= 34AA, L: CHURROMAIN
ML_UD_SKIP			= 511F, L: CHURROMAIN
MOVE_TILE_DO			= 4A6E, L: CHURROMAIN
MOVING_PLATFORMS		= 4955, L: CHURROMAIN
MOVING_PLATFORMS_DO		= 4963, L: CHURROMAIN
MOVING_PLATFORMS_DONE		= 49D9, L: CHURROMAIN
MOVING_PLATFORMS_HORZ		= 49A5, L: CHURROMAIN
MOVING_PLATFORMS_VERT		= 4963, L: CHURROMAIN
MOVING_PLATFORMS_VERT_DONE	= 49A5, L: CHURROMAIN
MOVING_PLATFORMS_VERT_DOWN	= 498A, L: CHURROMAIN
MOVING_PLATFORMS_VERT_UP	= 496D, L: CHURROMAIN
NEXTRAND			= 3CC1, L: CHURROMAIN
NOINC				= 563A, L: CPC_TBLLOOKUP
NOINC1				= 551D, L: CPC_INVALIDATERECT
NOINC2				= 5530, L: CPC_INVALIDATERECT
NOINC3				= 5541, L: CPC_INVALIDATERECT
NOINCD				= 5A28, L: CPC_SHOWTOUCHEDTILES
NOTA				= 0EB9, L: CHURROMAIN
NO_BACKUP_ENVOLVENTE		= 0AD3, L: CHURROMAIN
NO_DEC_TEMPO			= 0CF6, L: CHURROMAIN
NO_ENVOLVENTE			= 0C31, L: CHURROMAIN
NO_ENVOLVENTES_SONIDO		= 0A9F, L: CHURROMAIN
NO_FIN_CANAL_A			= 0D91, L: CHURROMAIN
NO_FIN_CANAL_P			= 0E12, L: CHURROMAIN
NO_INC_TEMPO			= 0CFB, L: CHURROMAIN
NO_INSTRUMENTO			= 0C24, L: CHURROMAIN
NO_MODIFICA			= 0C3E, L: CHURROMAIN
NO_PUNTILLO			= 0C11, L: CHURROMAIN
NO_RUIDO			= 0AAC, L: CHURROMAIN
NO_SILENCIO			= 0C07, L: CHURROMAIN
NO_SILENCIO_A			= 0DBF, L: CHURROMAIN
NPTJP0				= 0B4D, L: CHURROMAIN
N_SONIDO			= 0F85, L: CHURROMAIN
ORIGIN_LAST_ROW			= 55D8, L: CPC_PUTSPTILEMAP16X16PXM1
ORIGIN_NEXT_ROW			= 5678, L: CPC_PUTSPTILEMAP4X8PX
ORIGIN_NEXT_ROW			= 55C5, L: CPC_PUTSPTILEMAP16X16PXM1
ORNMJP1				= 0EA3, L: CHURROMAIN
ORNNEG				= 0E85, L: CHURROMAIN
PAD_READ_LOOP			= 33D9, L: CHURROMAIN
PAD_READ_NOT_PRESSED		= 33EC, L: CHURROMAIN
PASA_BLOQUE_A_SBUFFER		= 5898, L: CPC_PUTTRSP4X8TILEMAP2BPX
PASA_BLOQUE_A_SBUFFER		= 569B, L: CPC_PUTTRSP16X16TILEMAP2BPXM1
PAUTA				= 0E19, L: CHURROMAIN
PAUTAS				= 0CAD, L: CHURROMAIN
PAUTA_0				= 0807, L: CHURROMAIN
PAUTA_1				= 0812, L: CHURROMAIN
PAUTA_2				= 0825, L: CHURROMAIN
PAUTA_3				= 083A, L: CHURROMAIN
PAUTA_4				= 0861, L: CHURROMAIN
PAUTA_5				= 086C, L: CHURROMAIN
PCAJP0				= 0E39, L: CHURROMAIN
PCAJP1				= 0E50, L: CHURROMAIN
PCAJP2				= 0E65, L: CHURROMAIN
PCAJP3				= 0E87, L: CHURROMAIN
PCAJP4				= 0E25, L: CHURROMAIN
PCAJP5				= 0EAB, L: CHURROMAIN
PCAJP6				= 0E97, L: CHURROMAIN
PCAJP7				= 0EB5, L: CHURROMAIN
PLAY				= 0C61, L: CHURROMAIN
PLAYER_FLICKER_CHECK_DONE	= 5241, L: CHURROMAIN
PLAYER_FLICKER_CT_WRITE		= 523E, L: CHURROMAIN
PLAYER_FLICKER_DONE_CHECK	= 522D, L: CHURROMAIN
PLAYER_GRAVITY_ADD		= 3E1C, L: CHURROMAIN
PLAYER_GRAVITY_DONE		= 3E28, L: CHURROMAIN
PLAYER_GRAVITY_MAXIMUM		= 3E22, L: CHURROMAIN
PLAYER_GRAVITY_VY_SET		= 3E25, L: CHURROMAIN
PLAYER_OFF			= 0B05, L: CHURROMAIN
PLAYER_RENDER_EMPTY		= 3C5B, L: CHURROMAIN
PLAYER_RENDER_GRAPHIC		= 3C60, L: CHURROMAIN
PLAYER_RENDER_SET_SP0		= 3C63, L: CHURROMAIN
POSICIONAR_PANTALLA		= 5A3A, L: CPC_SHOWTOUCHEDTILES
POSICIONAR_SUPERBUFFER		= 5A31, L: CPC_SHOWTOUCHEDTILES
POSICIONES_PANTALLA		= 0406, G: TILEMAPCONF
POSICIONES_SUPER_BUFFER		= 0436, G: TILEMAPCONF
PRINT_STR_INV			= 33B0, L: CHURROMAIN
PRINT_STR_LOOP			= 339E, L: CHURROMAIN
PROCESS				= 59F4, L: CPC_SHOWTOUCHEDTILES
PROCESS_TOUCHED_BYTE		= 5ACB, L: CPC_UPDSCR
PSG_REG				= 0F8C, L: CHURROMAIN
PSG_REG_SEC			= 0F9C, L: CHURROMAIN
PULSADO				= 5AA3, L: CPC_TESTKEY
PUNTERO_A			= 0F41, L: CHURROMAIN
PUNTERO_B			= 0F43, L: CHURROMAIN
PUNTERO_C			= 0F45, L: CHURROMAIN
PUNTERO_DECA			= 0F5F, L: CHURROMAIN
PUNTERO_DECB			= 0F61, L: CHURROMAIN
PUNTERO_DECC			= 0F63, L: CHURROMAIN
PUNTERO_DECP			= 0F79, L: CHURROMAIN
PUNTERO_EFECTO			= 0F65, L: CHURROMAIN
PUNTERO_L_DECA			= 0F6D, L: CHURROMAIN
PUNTERO_L_DECB			= 0F6F, L: CHURROMAIN
PUNTERO_L_DECC			= 0F71, L: CHURROMAIN
PUNTERO_L_DECP			= 0F7B, L: CHURROMAIN
PUNTERO_P			= 0F73, L: CHURROMAIN
PUNTERO_P_A			= 0F4D, L: CHURROMAIN
PUNTERO_P_A0			= 0F53, L: CHURROMAIN
PUNTERO_P_B			= 0F4F, L: CHURROMAIN
PUNTERO_P_B0			= 0F55, L: CHURROMAIN
PUNTERO_P_C			= 0F51, L: CHURROMAIN
PUNTERO_P_C0			= 0F57, L: CHURROMAIN
PUNTERO_P_DECA			= 0F59, L: CHURROMAIN
PUNTERO_P_DECB			= 0F5B, L: CHURROMAIN
PUNTERO_P_DECC			= 0F5D, L: CHURROMAIN
PUNTERO_P_DECP			= 0F77, L: CHURROMAIN
PUNTERO_SONIDO			= 0F86, L: CHURROMAIN
PUSH_BOX_HORZ			= 40EA, L: CHURROMAIN
PUSH_BOX_HORZ_DO		= 40F2, L: CHURROMAIN
PUSH_BOX_HORZ_DONE		= 4185, L: CHURROMAIN
PUSH_BOX_HORZ_LEFT_DONE		= 4141, L: CHURROMAIN
PUSH_BOX_HORZ_S1		= 4121, L: CHURROMAIN
PUSH_BOX_HORZ_S2		= 4167, L: CHURROMAIN
QTILE_DO			= 327A, L: CHURROMAIN
RAND16				= 3CA5, L: CHURROMAIN
REG_NOTA_A			= 0F67, L: CHURROMAIN
REG_NOTA_B			= 0F69, L: CHURROMAIN
REG_NOTA_C			= 0F6B, L: CHURROMAIN
RENDER_PLAYER			= 3C34, L: CHURROMAIN
REPRODUCE_EFECTO		= 0A3E, L: CHURROMAIN
REPRODUCE_EFECTO_LIMPIA_BIT	= 0A57, L: CHURROMAIN
REPRODUCE_SONIDO		= 0A1F, L: CHURROMAIN
REPRODUCE_SONIDO_LIMPIA_BIT	= 0A38, L: CHURROMAIN
REPRODUCE_SONIDO_O_EFECTO	= 0A5D, L: CHURROMAIN
ROUT				= 0AC9, L: CHURROMAIN
SELECT_CANAL_A			= 0F28, L: CHURROMAIN
SELECT_CANAL_B			= 0F2F, L: CHURROMAIN
SELECT_CANAL_C			= 0F36, L: CHURROMAIN
SET_MAP_TILE_DO			= 32F2, L: CHURROMAIN
SFX_H				= 0F7F, L: CHURROMAIN
SFX_L				= 0F7D, L: CHURROMAIN
SFX_MIX				= 0F83, L: CHURROMAIN
SFX_V				= 0F81, L: CHURROMAIN
SIG_LINEA_2			= 59DE, L: CPC_SHOWTILEMAP
SILENCIO_ENVOLVENTE		= 0DAC, L: CHURROMAIN
SI_RUIDO			= 0AB2, L: CHURROMAIN
SKEEP				= 5B71, L: CPC_UPDSCR
SKIPALL				= 5A20, L: CPC_SHOWTOUCHEDTILES
SOLOCOPIA			= 595C, L: CPC_SHOWTILEMAP
SONG				= 0F3E, L: CHURROMAIN
SONIDO0				= 0879, L: CHURROMAIN
SONIDO1				= 0880, L: CHURROMAIN
SONIDO2				= 0887, L: CHURROMAIN
SONIDO3				= 088E, L: CHURROMAIN
SONIDO_REGS			= 0F8A, L: CHURROMAIN
SPRITE_CREATION			= 503A, L: CHURROMAIN
SP_BUFFER_MASK			= 58AF, L: CPC_PUTTRSP4X8TILEMAP2BPX
SP_BUFFER_MASK			= 56B1, L: CPC_PUTTRSP16X16TILEMAP2BPXM1
SP_SW_INIT_ENEMS_LOOP		= 5074, L: CHURROMAIN
SP_SW_INIT_TURNOFF_LOOP		= 5093, L: CHURROMAIN
START				= 0400, L: CPC_CRT0
TABLA_DATOS_CANAL_SFX		= 0F22, L: CHURROMAIN
TABLA_EFECTOS			= 102C, L: CHURROMAIN
TABLA_NOTAS			= 0EC1, L: CHURROMAIN
TABLA_PAUTAS			= 07F3, L: CHURROMAIN
TABLA_SONG			= 102A, L: CHURROMAIN
TABLA_SONIDOS			= 07FF, L: CHURROMAIN
TABLA_TECLAS0			= 556B, G: CPC_KEYSDATA
TECLA_0				= 5569, L: CPC_KEYSDATA
TECLA_PULSADA			= 54C6, L: CPC_ANYKEYPRESSED
TEMPO				= 0F3F, L: CHURROMAIN
TILEMAPCONF			= 0406, G: TILEMAPCONF
TILES				= 192C, G: CHURROMAIN
TRANSFERIR_MAP_SBUFFER		= 59B1, L: CPC_SHOWTILEMAP
TRANSFERIR_MAP_SBUFFER_GREY	= 5B34, L: CPC_UPDSCR
TRANSFERIR_PANTALLA_A_SUPERBUFFER	= 5969, L: CPC_SHOWTILEMAP
TRANSFERIR_SPRITE		= 5898, L: CPC_PUTTRSP4X8TILEMAP2BPX
TRANSFERIR_SPRITE		= 569B, L: CPC_PUTTRSP16X16TILEMAP2BPXM1
TRANSF_BLOQUE_SB_PANTALLA	= 5A48, L: CPC_SHOWTOUCHEDTILES
TTEMPO				= 0F40, L: CHURROMAIN
UCOPYTILE			= 5B26, L: CPC_UPDSCR
VERT_COLLISION			= 3E8D, L: CHURROMAIN
VERT_COLLISION_DONE		= 3F32, L: CHURROMAIN
VERT_COLLISION_DOWN		= 3F24, L: CHURROMAIN
VERT_COLLISION_NEGATIVE		= 3EAB, L: CHURROMAIN
VERT_COLLISION_POSITIVE		= 3EED, L: CHURROMAIN
VERT_COLLISION_UP		= 3ED3, L: CHURROMAIN
VERT_LIMIT_SKIP_1		= 47DA, L: CHURROMAIN
VERT_LIMIT_SKIP_2		= 47F5, L: CHURROMAIN
VOL_INST_A			= 0F68, L: CHURROMAIN
VOL_INST_B			= 0F6A, L: CHURROMAIN
VOL_INST_C			= 0F6C, L: CHURROMAIN
WITHSIGN			= 0550, L: CHURROMAIN
WRITEPSGHL			= 0AEE, L: CHURROMAIN
WYZPLAYER_INIT			= 09C4, L: CHURROMAIN
WYZ_PLAYER_ISR			= 09DD, L: CHURROMAIN
_00_TITLE_MUS_BIN		= 0898, L: CHURROMAIN
_01_INGAME_MUS_BIN		= 0907, L: CHURROMAIN
_ABS				= 3CCF, G: CHURROMAIN
_ABS_A				= 3B5E, G: CHURROMAIN
_ADJUST_TO_TILE_X		= 3D19, G: CHURROMAIN
_ADJUST_TO_TILE_Y		= 3D2E, G: CHURROMAIN
_ANIMATE_BOXES			= 4C9D, G: CHURROMAIN
_ANY_KEY			= 33C3, G: CHURROMAIN
_ASM_INT			= 54A5, G: CHURROMAIN
_ATTR				= 3230, G: CHURROMAIN
_ATTR_1				= 3240, L: CHURROMAIN
_ATTR_1B			= 325C, L: CHURROMAIN
_ATTR_2				= 3238, L: CHURROMAIN
_ATTR_END			= 326F, L: CHURROMAIN
_ATTR_ENEMS			= 324A, L: CHURROMAIN
_ATTR_ENEMS_SKIP_1		= 3252, L: CHURROMAIN
_BEEPET				= 31D0, G: CHURROMAIN
_BITMASK			= 0521, G: CHURROMAIN
_BLACKOUT			= 3A12, G: CHURROMAIN
_BLACKOUT_AREA			= 44C7, G: CHURROMAIN
_BOXX				= 5421, G: CHURROMAIN
_BOYY				= 5422, G: CHURROMAIN
_BUTTON_JUMP			= 5419, G: CHURROMAIN
_CALC_BADDIES_POINTER		= 3BB7, G: CHURROMAIN
_CALC_HOTSPOT_PTR		= 42E1, G: CHURROMAIN
_CAN_MOVE_BOX			= 4AA8, G: CHURROMAIN
_CERROJOS			= 1910, G: CHURROMAIN
_COINS_OLD			= 54AC, G: CHURROMAIN
_COLLIDE_ENEM			= 3C73, G: CHURROMAIN
_COMPORTAMIENTO_TILES		= 0466, G: CHURROMAIN
_COPY_KEYS_TO_EXTERN		= 3AA8, L: CHURROMAIN
_CPC_BORDER			= 34B5, G: CHURROMAIN
_CPC_HARDPAUSE			= 34F4, G: CHURROMAIN
_CPC_SCREEN_UPDATE_DONE		= 34A3, L: CHURROMAIN
_CPC_SCREEN_UPDATE_INV_LOOP	= 3441, L: CHURROMAIN
_CPC_SCREEN_UPDATE_INV_RET	= 3463, L: CHURROMAIN
_CPC_SCREEN_UPDATE_UPD_BUFFER	= 346A, L: CHURROMAIN
_CPC_SCREEN_UPDATE_UPD_LOOP	= 347B, L: CHURROMAIN
_CPC_SCREEN_UPDATE_UPD_RET	= 349E, L: CHURROMAIN
_CPC_UPDATENOW			= 3433, G: CHURROMAIN
_DEF_KEYS			= 04F0, G: CHURROMAIN
_DEF_KEYS_JOY			= 0508, G: CHURROMAIN
_DO_EXTERN_ACTION		= 3B1A, G: CHURROMAIN
_DRAW_2_DIGITS			= 3337, G: CHURROMAIN
_DRAW_AND_ADVANCE		= 428B, G: CHURROMAIN
_DRAW_COLOURED_TILE		= 3290, G: CHURROMAIN
_DRAW_COLOURED_TILE_DO		= 32A4, L: CHURROMAIN
_DRAW_RECTANGLE			= 31E9, G: CHURROMAIN
_DRAW_SCR			= 44D5, G: CHURROMAIN
_DRAW_SCR_BACKGROUND		= 436D, G: CHURROMAIN
_DRAW_TEXT			= 3379, G: CHURROMAIN
_ENEMS_CALC_FRAME		= 43CF, G: CHURROMAIN
_ENEMS_EN_AN_CALC		= 43F9, G: CHURROMAIN
_ENEMS_INIT			= 453A, L: CHURROMAIN
_ENEMS_KILL			= 467A, G: CHURROMAIN
_ENEMY_ANIMATE_UPDATE_COUNT	= 4909, L: CHURROMAIN
_ENEM_CELLS			= 3B4E, G: CHURROMAIN
_ENIT				= 5420, G: CHURROMAIN
_ENOFFS				= 5416, G: CHURROMAIN
_ENOFFSMASI			= 54A2, G: CHURROMAIN
_EN_BG_COLLISION		= 47F5, L: CHURROMAIN
_EN_BG_COLLISION_CHECK		= 48AB, L: CHURROMAIN
_EN_BG_COLLISION_END		= 48EE, L: CHURROMAIN
_EN_BG_COLLISION_HORZ		= 4801, L: CHURROMAIN
_EN_BG_COLLISION_HORZ_DONE	= 484F, L: CHURROMAIN
_EN_BG_COLLISION_VERT		= 4858, L: CHURROMAIN
_EN_BG_COLLISION_VERT_DONE	= 48A6, L: CHURROMAIN
_EN_CCX				= 540C, G: CHURROMAIN
_EN_CCY				= 540D, G: CHURROMAIN
_EN_CX				= 53E8, G: CHURROMAIN
_EN_CY				= 53E9, G: CHURROMAIN
_EN_J				= 541D, G: CHURROMAIN
_EN_TOCADO			= 0520, G: CHURROMAIN
_EN_X				= 541E, G: CHURROMAIN
_EN_XX				= 53FC, G: CHURROMAIN
_EN_Y				= 541F, G: CHURROMAIN
_EN_YY				= 53FD, G: CHURROMAIN
_ESPERA_ACTIVA			= 3412, G: CHURROMAIN
_EXPLODE_PLAYER			= 3CF0, G: CHURROMAIN
_EZG_OLD			= 5401, G: CHURROMAIN
_E_SCRIPTS			= 34FE, G: CHURROMAIN
_FALLINGBOXBUFFER		= 5487, G: CHURROMAIN
_FALL_BOX			= 4C21, G: CHURROMAIN
_FALL_FRAME_COUNTER		= 5479, G: CHURROMAIN
_FLAGS				= 53EA, G: CHURROMAIN
_FONT				= 192C, L: CHURROMAIN
_FZX1				= 5425, G: CHURROMAIN
_FZX2				= 5426, G: CHURROMAIN
_FZY1				= 5427, G: CHURROMAIN
_FZY2				= 5428, G: CHURROMAIN
_F_SCRIPTS			= 353E, G: CHURROMAIN
_F_ZONE_AC			= 5441, G: CHURROMAIN
_GAME_ENDING			= 3AB4, G: CHURROMAIN
_GAME_OVER			= 3AD8, G: CHURROMAIN
_GPCX				= 5423, G: CHURROMAIN
_GPCY				= 5429, G: CHURROMAIN
_GPIT				= 542C, G: CHURROMAIN
_GPX				= 547D, G: CHURROMAIN
_GPXX				= 5439, G: CHURROMAIN
_GPY				= 547E, G: CHURROMAIN
_GPYY				= 543A, G: CHURROMAIN
_GP_GEN				= 5413, G: CHURROMAIN
_GP_GEN_ALT			= 53FA, G: CHURROMAIN
_GP_GEN_ORG			= 53FE, G: CHURROMAIN
_HALF_LIFE			= 53E5, G: CHURROMAIN
_HOTSPOTS			= 3176, G: CHURROMAIN
_HOTSPOTS_DONE			= 5214, L: CHURROMAIN
_HOTSPOT_PAINT			= 42EC, G: CHURROMAIN
_HOTSPOT_T			= 53E2, G: CHURROMAIN
_HOTSPOT_X			= 53E3, G: CHURROMAIN
_HOTSPOT_Y			= 53E4, G: CHURROMAIN
_IDX				= 544A, G: CHURROMAIN
_INIT_FALLING_BOX_BUFFER	= 4BEF, G: CHURROMAIN
_INIT_HOTSPOTS			= 427C, G: CHURROMAIN
_INIT_MALOTES			= 3CD6, G: CHURROMAIN
_INIT_PLAYER			= 4268, G: CHURROMAIN
_INIT_PLAYER_VALUES		= 4211, G: CHURROMAIN
_INVALIDATE_VIEWPORT		= 332B, G: CHURROMAIN
_ISR				= 4FC9, L: CHURROMAIN
_ISR_PLAYER_ON			= 53DD, G: CHURROMAIN
_ITEM_OLD			= 5449, G: CHURROMAIN
_JETPAC_FRAME_COUNTER		= 547A, G: CHURROMAIN
_KEYS_OLD			= 5483, G: CHURROMAIN
_KILLED_OLD			= 5400, G: CHURROMAIN
_LIFE_OLD			= 540B, G: CHURROMAIN
_LINE_OF_TEXT_CLEAR		= 3B1B, G: CHURROMAIN
_MAIN				= 4FAA, G: CHURROMAIN
_MAINCOUNTER			= 543B, G: CHURROMAIN
_MALOTES			= 2E4C, G: CHURROMAIN
_MAPA				= 1046, G: CHURROMAIN
_MOVE				= 3D51, G: CHURROMAIN
_MOVE_TILE			= 4A61, G: CHURROMAIN
_MSCCF_0			= 3580, G: CHURROMAIN
_MSC_INIT_ALL			= 3599, G: CHURROMAIN
_MUEVE_BICHARRACOS		= 46D1, G: CHURROMAIN
_MY_INKS			= 0529, G: CHURROMAIN
_NEXT_SCRIPT			= 5447, G: CHURROMAIN
_N_PANT				= 541C, G: CHURROMAIN
_OBJS_OLD			= 5438, G: CHURROMAIN
_ON_PANT			= 5415, G: CHURROMAIN
_ORIG_TILE			= 54AA, G: CHURROMAIN
_PAD0				= 541A, G: CHURROMAIN
_PAD1				= 541B, G: CHURROMAIN
_PAD_READ			= 33C7, G: CHURROMAIN
_PAD_THIS_FRAME			= 5418, G: CHURROMAIN
_PAL_SET			= 34BE, G: CHURROMAIN
_PATTERN_LINE_CT		= 5437, G: CHURROMAIN
_PLATFORM_GET_PLAYER		= 4649, G: CHURROMAIN
_PLAYER				= 544C, G: CHURROMAIN
_PLAYER_CELLS			= 3B3C, G: CHURROMAIN
_PLAYER_CELL_SEL_SET_RDI	= 418D, L: CHURROMAIN
_PLAYER_FLICKER			= 3D43, G: CHURROMAIN
_PLAYER_GRAVITY			= 3E0B, L: CHURROMAIN
_PLAYER_JUST_DIED		= 5412, G: CHURROMAIN
_PLAYING			= 542B, G: CHURROMAIN
_PRXX				= 5445, G: CHURROMAIN
_PRYY				= 5446, G: CHURROMAIN
_PTGMX				= 540E, G: CHURROMAIN
_PTGMY				= 5410, G: CHURROMAIN
_PTI				= 5486, G: CHURROMAIN
_PTJ				= 549F, G: CHURROMAIN
_PTX1				= 543C, G: CHURROMAIN
_PTX2				= 543D, G: CHURROMAIN
_PTY1				= 543E, G: CHURROMAIN
_PTY2				= 543F, G: CHURROMAIN
_QTILE				= 3272, G: CHURROMAIN
_RAM_ADDRESS			= 54AF, G: CHURROMAIN
_RAM_DESTINATION		= 54AD, G: CHURROMAIN
_RAND				= 3CA5, G: CHURROMAIN
_RDA				= 547B, G: CHURROMAIN
_RDB				= 547C, G: CHURROMAIN
_RDD				= 547F, G: CHURROMAIN
_RDI				= 5480, G: CHURROMAIN
_RDJ				= 5481, G: CHURROMAIN
_RDT1				= 542D, G: CHURROMAIN
_RDT2				= 542E, G: CHURROMAIN
_RDX				= 5484, G: CHURROMAIN
_RDY				= 5485, G: CHURROMAIN
_READ_BYTE			= 35A7, G: CHURROMAIN
_READ_VBYTE			= 35B3, G: CHURROMAIN
_READ_X_Y			= 35C6, G: CHURROMAIN
_RENDER_ALL_SPRITES		= 3BC2, G: CHURROMAIN
_RENDER_THIS_ENEMY		= 3B77, G: CHURROMAIN
_RUN_SCRIPT			= 35D5, G: CHURROMAIN
_SACA_A_TODO_EL_MUNDO_DE_AQUI	= 3B64, G: CHURROMAIN
_SCRIPT				= 54A0, G: CHURROMAIN
_SCRIPT_RESULT			= 0558, G: CHURROMAIN
_SCRIPT_SOMETHING_DONE		= 0559, G: CHURROMAIN
_SC_C				= 542F, G: CHURROMAIN
_SC_CONTINUAR			= 54A9, G: CHURROMAIN
_SC_I				= 5430, G: CHURROMAIN
_SC_M				= 5431, G: CHURROMAIN
_SC_N				= 5432, G: CHURROMAIN
_SC_TERMINADO			= 54A4, G: CHURROMAIN
_SC_X				= 5435, G: CHURROMAIN
_SC_Y				= 5436, G: CHURROMAIN
_SEED				= 5433, G: CHURROMAIN
_SET_MAP_TILE			= 32D7, G: CHURROMAIN
_SKIP_AY_PLAYER			= 4FF1, L: CHURROMAIN
_SM_COX				= 2D2C, G: CHURROMAIN
_SM_COY				= 2D3C, G: CHURROMAIN
_SM_INVFUNC			= 2D4C, G: CHURROMAIN
_SM_SPRPTR			= 2D8C, G: CHURROMAIN
_SM_UPDFUNC			= 2D6C, G: CHURROMAIN
_SPRITES			= 292C, G: CHURROMAIN
_SPRITE_17_A			= 2DAC, G: CHURROMAIN
_SPRITE_18_A			= 2DEC, G: CHURROMAIN
_SUCCESS			= 54AB, G: CHURROMAIN
_S_ENDING			= 39F0, G: CHURROMAIN
_S_MARCO			= 39F0, G: CHURROMAIN
_S_TITLE			= 3728, G: CHURROMAIN
_TILESET			= 192C, G: CHURROMAIN
_TILES_TOCADOS_PTR		= 5AC9, L: CPC_UPDSCR
_TITLE_SCREEN			= 3A31, G: CHURROMAIN
_TRPIXLUTC			= 0486, G: CHURROMAIN
_TSPATTERNS			= 1D2C, L: CHURROMAIN
_T_ALT				= 5402, G: CHURROMAIN
_WALL				= 5440, G: CHURROMAIN
_WYZ_INIT			= 0990, G: CHURROMAIN
_WYZ_PLAY_MUSIC			= 099B, G: CHURROMAIN
_WYZ_PLAY_SOUND			= 09B5, G: CHURROMAIN
_WYZ_SONGS			= 098C, G: CHURROMAIN
_WYZ_STOP_SOUND			= 09BC, G: CHURROMAIN
_X0				= 5403, G: CHURROMAIN
_X1				= 5404, G: CHURROMAIN
_Y0				= 5405, G: CHURROMAIN
_Y1				= 5406, G: CHURROMAIN
__BADDIES_POINTER		= 54A7, G: CHURROMAIN
__CTILEOFF			= 48C7, L: CHURROMAIN
__CTILEOFF_1			= 48CD, L: CHURROMAIN
__EN_LIFE			= 5444, G: CHURROMAIN
__EN_MX				= 53E6, G: CHURROMAIN
__EN_MY				= 53E7, G: CHURROMAIN
__EN_T				= 53DA, G: CHURROMAIN
__EN_X				= 53DB, G: CHURROMAIN
__EN_X1				= 53DE, G: CHURROMAIN
__EN_X2				= 53DF, G: CHURROMAIN
__EN_Y				= 53DC, G: CHURROMAIN
__EN_Y1				= 53E0, G: CHURROMAIN
__EN_Y2				= 53E1, G: CHURROMAIN
__N				= 5407, G: CHURROMAIN
__T				= 5408, G: CHURROMAIN
__TILE_ADDRESS			= 31D1, G: CHURROMAIN
__X				= 5409, G: CHURROMAIN
__X2				= 5442, G: CHURROMAIN
__Y				= 540A, G: CHURROMAIN
__Y2				= 5443, G: CHURROMAIN


START				= 0400, L: CPC_CRT0
TILEMAPCONF			= 0406, G: TILEMAPCONF
POSICIONES_PANTALLA		= 0406, G: TILEMAPCONF
POSICIONES_SUPER_BUFFER		= 0436, G: TILEMAPCONF
_COMPORTAMIENTO_TILES		= 0466, G: CHURROMAIN
_TRPIXLUTC			= 0486, G: CHURROMAIN
_DEF_KEYS			= 04F0, G: CHURROMAIN
_DEF_KEYS_JOY			= 0508, G: CHURROMAIN
_EN_TOCADO			= 0520, G: CHURROMAIN
_BITMASK			= 0521, G: CHURROMAIN
_MY_INKS			= 0529, G: CHURROMAIN
HLSHR6_A			= 0539, L: CHURROMAIN
ASHL16_HL			= 0544, L: CHURROMAIN
WITHSIGN			= 0550, L: CHURROMAIN
_SCRIPT_RESULT			= 0558, G: CHURROMAIN
_SCRIPT_SOMETHING_DONE		= 0559, G: CHURROMAIN
DEPACK				= 055A, L: CHURROMAIN
APBRANCH1			= 055D, L: CHURROMAIN
APLOOP0				= 055F, L: CHURROMAIN
APLOOP				= 0562, L: CHURROMAIN
APGET4BITS			= 0575, L: CHURROMAIN
APWRITEBYTE			= 057F, L: CHURROMAIN
APBRANCH4			= 0583, L: CHURROMAIN
APBRANCH3			= 058C, L: CHURROMAIN
APBRANCH2			= 05A0, L: CHURROMAIN
APSKIP2				= 05BF, L: CHURROMAIN
APSKIP3				= 05C8, L: CHURROMAIN
AP_FINISHUP			= 05CB, L: CHURROMAIN
AP_FINISHUP2			= 05CE, L: CHURROMAIN
AP_R0_GAMMA			= 05D5, L: CHURROMAIN
AP_GETBIT			= 05E1, L: CHURROMAIN
AP_GETGAMMA			= 05ED, L: CHURROMAIN
AP_GETGAMMALOOP			= 05F0, L: CHURROMAIN
EFECTO0				= 05FD, L: CHURROMAIN
EFECTO1				= 06A0, L: CHURROMAIN
EFECTO2				= 06BC, L: CHURROMAIN
EFECTO3				= 06CC, L: CHURROMAIN
EFECTO4				= 06DC, L: CHURROMAIN
EFECTO5				= 06EC, L: CHURROMAIN
EFECTO6				= 070B, L: CHURROMAIN
EFECTO7				= 072A, L: CHURROMAIN
EFECTO8				= 0749, L: CHURROMAIN
EFECTO9				= 0759, L: CHURROMAIN
EFECTO10			= 0796, L: CHURROMAIN
EFECTO11			= 07B5, L: CHURROMAIN
EFECTO12			= 07D4, L: CHURROMAIN
TABLA_PAUTAS			= 07F3, L: CHURROMAIN
TABLA_SONIDOS			= 07FF, L: CHURROMAIN
PAUTA_0				= 0807, L: CHURROMAIN
PAUTA_1				= 0812, L: CHURROMAIN
PAUTA_2				= 0825, L: CHURROMAIN
PAUTA_3				= 083A, L: CHURROMAIN
PAUTA_4				= 0861, L: CHURROMAIN
PAUTA_5				= 086C, L: CHURROMAIN
SONIDO0				= 0879, L: CHURROMAIN
SONIDO1				= 0880, L: CHURROMAIN
SONIDO2				= 0887, L: CHURROMAIN
SONIDO3				= 088E, L: CHURROMAIN
_00_TITLE_MUS_BIN		= 0898, L: CHURROMAIN
_01_INGAME_MUS_BIN		= 0907, L: CHURROMAIN
_WYZ_SONGS			= 098C, G: CHURROMAIN
_WYZ_INIT			= 0990, G: CHURROMAIN
_WYZ_PLAY_MUSIC			= 099B, G: CHURROMAIN
_WYZ_PLAY_SOUND			= 09B5, G: CHURROMAIN
_WYZ_STOP_SOUND			= 09BC, G: CHURROMAIN
WYZPLAYER_INIT			= 09C4, L: CHURROMAIN
WYZ_PLAYER_ISR			= 09DD, L: CHURROMAIN
INICIO				= 09DD, L: CHURROMAIN
INICIA_SONIDO			= 09F4, L: CHURROMAIN
INICIA_EFECTO			= 0A04, L: CHURROMAIN
REPRODUCE_SONIDO		= 0A1F, L: CHURROMAIN
REPRODUCE_SONIDO_LIMPIA_BIT	= 0A38, L: CHURROMAIN
REPRODUCE_EFECTO		= 0A3E, L: CHURROMAIN
REPRODUCE_EFECTO_LIMPIA_BIT	= 0A57, L: CHURROMAIN
REPRODUCE_SONIDO_O_EFECTO	= 0A5D, L: CHURROMAIN
NO_ENVOLVENTES_SONIDO		= 0A9F, L: CHURROMAIN
NO_RUIDO			= 0AAC, L: CHURROMAIN
SI_RUIDO			= 0AB2, L: CHURROMAIN
FIN_SONIDO			= 0AB9, L: CHURROMAIN
FIN_NOPLAYER			= 0AC2, L: CHURROMAIN
ROUT				= 0AC9, L: CHURROMAIN
NO_BACKUP_ENVOLVENTE		= 0AD3, L: CHURROMAIN
LOUT				= 0AD6, L: CHURROMAIN
WRITEPSGHL			= 0AEE, L: CHURROMAIN
PLAYER_OFF			= 0B05, L: CHURROMAIN
CLEAR_PSG_BUFFER		= 0B09, L: CHURROMAIN
CARGA_CANCION			= 0B28, L: CHURROMAIN
DECODE_SONG			= 0B31, L: CHURROMAIN
NPTJP0				= 0B4D, L: CHURROMAIN
INIT_DECODER			= 0B99, L: CHURROMAIN
BGICMODBC1			= 0BDE, L: CHURROMAIN
BGICMODBC2			= 0BE0, L: CHURROMAIN
DECODE_CANAL			= 0BF8, L: CHURROMAIN
NO_SILENCIO			= 0C07, L: CHURROMAIN
NO_PUNTILLO			= 0C11, L: CHURROMAIN
NO_INSTRUMENTO			= 0C24, L: CHURROMAIN
NO_ENVOLVENTE			= 0C31, L: CHURROMAIN
NO_MODIFICA			= 0C3E, L: CHURROMAIN
FIN_DEC_CANAL			= 0C49, L: CHURROMAIN
GETLEN				= 0C4E, L: CHURROMAIN
DCBC0				= 0C5B, L: CHURROMAIN
PLAY				= 0C61, L: CHURROMAIN
PAUTAS				= 0CAD, L: CHURROMAIN
LOCALIZA_NOTA			= 0CD7, L: CHURROMAIN
COMANDOS			= 0CE4, L: CHURROMAIN
NO_DEC_TEMPO			= 0CF6, L: CHURROMAIN
NO_INC_TEMPO			= 0CFB, L: CHURROMAIN
COM_EFECTO			= 0D29, L: CHURROMAIN
COM_ENVOLVENTE			= 0D39, L: CHURROMAIN
LNJP0				= 0D4E, L: CHURROMAIN
FIN_NOTA_A			= 0D58, L: CHURROMAIN
FIN_CANAL_A			= 0D78, L: CHURROMAIN
FCA_CONT			= 0D83, L: CHURROMAIN
NO_FIN_CANAL_A			= 0D91, L: CHURROMAIN
SILENCIO_ENVOLVENTE		= 0DAC, L: CHURROMAIN
NO_SILENCIO_A			= 0DBF, L: CHURROMAIN
FIN_RUTINA			= 0DD1, L: CHURROMAIN
LOCALIZA_EFECTO			= 0DD2, L: CHURROMAIN
LEJP0				= 0DE9, L: CHURROMAIN
FIN_NOTA_P			= 0DF2, L: CHURROMAIN
FIN_CANAL_P			= 0E0A, L: CHURROMAIN
NO_FIN_CANAL_P			= 0E12, L: CHURROMAIN
PAUTA				= 0E19, L: CHURROMAIN
PCAJP4				= 0E25, L: CHURROMAIN
PCAJP0				= 0E39, L: CHURROMAIN
PCAJP1				= 0E50, L: CHURROMAIN
PCAJP2				= 0E65, L: CHURROMAIN
ORNNEG				= 0E85, L: CHURROMAIN
PCAJP3				= 0E87, L: CHURROMAIN
PCAJP6				= 0E97, L: CHURROMAIN
ORNMJP1				= 0EA3, L: CHURROMAIN
PCAJP5				= 0EAB, L: CHURROMAIN
PCAJP7				= 0EB5, L: CHURROMAIN
NOTA				= 0EB9, L: CHURROMAIN
TABLA_NOTAS			= 0EC1, L: CHURROMAIN
EVOLVENTES			= 0ECE, L: CHURROMAIN
FRECUENCIA_OFF			= 0EE8, L: CHURROMAIN
CONT_ENV			= 0EF1, L: CHURROMAIN
CRTBC0				= 0EFB, L: CHURROMAIN
EXT_WORD			= 0F19, L: CHURROMAIN
TABLA_DATOS_CANAL_SFX		= 0F22, L: CHURROMAIN
SELECT_CANAL_A			= 0F28, L: CHURROMAIN
SELECT_CANAL_B			= 0F2F, L: CHURROMAIN
SELECT_CANAL_C			= 0F36, L: CHURROMAIN
INTERR				= 0F3D, L: CHURROMAIN
SONG				= 0F3E, L: CHURROMAIN
TEMPO				= 0F3F, L: CHURROMAIN
TTEMPO				= 0F40, L: CHURROMAIN
PUNTERO_A			= 0F41, L: CHURROMAIN
PUNTERO_B			= 0F43, L: CHURROMAIN
PUNTERO_C			= 0F45, L: CHURROMAIN
CANAL_A				= 0F47, L: CHURROMAIN
CANAL_B				= 0F49, L: CHURROMAIN
CANAL_C				= 0F4B, L: CHURROMAIN
PUNTERO_P_A			= 0F4D, L: CHURROMAIN
PUNTERO_P_B			= 0F4F, L: CHURROMAIN
PUNTERO_P_C			= 0F51, L: CHURROMAIN
PUNTERO_P_A0			= 0F53, L: CHURROMAIN
PUNTERO_P_B0			= 0F55, L: CHURROMAIN
PUNTERO_P_C0			= 0F57, L: CHURROMAIN
PUNTERO_P_DECA			= 0F59, L: CHURROMAIN
PUNTERO_P_DECB			= 0F5B, L: CHURROMAIN
PUNTERO_P_DECC			= 0F5D, L: CHURROMAIN
PUNTERO_DECA			= 0F5F, L: CHURROMAIN
PUNTERO_DECB			= 0F61, L: CHURROMAIN
PUNTERO_DECC			= 0F63, L: CHURROMAIN
PUNTERO_EFECTO			= 0F65, L: CHURROMAIN
REG_NOTA_A			= 0F67, L: CHURROMAIN
VOL_INST_A			= 0F68, L: CHURROMAIN
REG_NOTA_B			= 0F69, L: CHURROMAIN
VOL_INST_B			= 0F6A, L: CHURROMAIN
REG_NOTA_C			= 0F6B, L: CHURROMAIN
VOL_INST_C			= 0F6C, L: CHURROMAIN
PUNTERO_L_DECA			= 0F6D, L: CHURROMAIN
PUNTERO_L_DECB			= 0F6F, L: CHURROMAIN
PUNTERO_L_DECC			= 0F71, L: CHURROMAIN
PUNTERO_P			= 0F73, L: CHURROMAIN
CANAL_P				= 0F75, L: CHURROMAIN
PUNTERO_P_DECP			= 0F77, L: CHURROMAIN
PUNTERO_DECP			= 0F79, L: CHURROMAIN
PUNTERO_L_DECP			= 0F7B, L: CHURROMAIN
SFX_L				= 0F7D, L: CHURROMAIN
SFX_H				= 0F7F, L: CHURROMAIN
SFX_V				= 0F81, L: CHURROMAIN
SFX_MIX				= 0F83, L: CHURROMAIN
N_SONIDO			= 0F85, L: CHURROMAIN
PUNTERO_SONIDO			= 0F86, L: CHURROMAIN
EFECTO_REGS			= 0F88, L: CHURROMAIN
SONIDO_REGS			= 0F8A, L: CHURROMAIN
PSG_REG				= 0F8C, L: CHURROMAIN
PSG_REG_SEC			= 0F9C, L: CHURROMAIN
ENVOLVENTE			= 0FAC, L: CHURROMAIN
ENVOLVENTE_BACK			= 0FAD, L: CHURROMAIN
DATOS_NOTAS			= 0FAE, L: CHURROMAIN
TABLA_SONG			= 102A, L: CHURROMAIN
TABLA_EFECTOS			= 102C, L: CHURROMAIN
_MAPA				= 1046, G: CHURROMAIN
_CERROJOS			= 1910, G: CHURROMAIN
_TILESET			= 192C, G: CHURROMAIN
_FONT				= 192C, L: CHURROMAIN
TILES				= 192C, G: CHURROMAIN
_TSPATTERNS			= 1D2C, L: CHURROMAIN
_SPRITES			= 292C, G: CHURROMAIN
_SM_COX				= 2D2C, G: CHURROMAIN
_SM_COY				= 2D3C, G: CHURROMAIN
_SM_INVFUNC			= 2D4C, G: CHURROMAIN
_SM_UPDFUNC			= 2D6C, G: CHURROMAIN
_SM_SPRPTR			= 2D8C, G: CHURROMAIN
_SPRITE_17_A			= 2DAC, G: CHURROMAIN
_SPRITE_18_A			= 2DEC, G: CHURROMAIN
_MALOTES			= 2E4C, G: CHURROMAIN
_HOTSPOTS			= 3176, G: CHURROMAIN
_BEEPET				= 31D0, G: CHURROMAIN
__TILE_ADDRESS			= 31D1, G: CHURROMAIN
_DRAW_RECTANGLE			= 31E9, G: CHURROMAIN
DRAW_RECTANGLE_IT1		= 3202, L: CHURROMAIN
DRAW_RECTANGLE_IT2		= 3207, L: CHURROMAIN
_ATTR				= 3230, G: CHURROMAIN
_ATTR_2				= 3238, L: CHURROMAIN
_ATTR_1				= 3240, L: CHURROMAIN
_ATTR_ENEMS			= 324A, L: CHURROMAIN
_ATTR_ENEMS_SKIP_1		= 3252, L: CHURROMAIN
_ATTR_1B			= 325C, L: CHURROMAIN
_ATTR_END			= 326F, L: CHURROMAIN
_QTILE				= 3272, G: CHURROMAIN
QTILE_DO			= 327A, L: CHURROMAIN
_DRAW_COLOURED_TILE		= 3290, G: CHURROMAIN
_DRAW_COLOURED_TILE_DO		= 32A4, L: CHURROMAIN
_SET_MAP_TILE			= 32D7, G: CHURROMAIN
SET_MAP_TILE_DO			= 32F2, L: CHURROMAIN
_INVALIDATE_VIEWPORT		= 332B, G: CHURROMAIN
_DRAW_2_DIGITS			= 3337, G: CHURROMAIN
_DRAW_TEXT			= 3379, G: CHURROMAIN
PRINT_STR_LOOP			= 339E, L: CHURROMAIN
PRINT_STR_INV			= 33B0, L: CHURROMAIN
_ANY_KEY			= 33C3, G: CHURROMAIN
_PAD_READ			= 33C7, G: CHURROMAIN
PAD_READ_LOOP			= 33D9, L: CHURROMAIN
PAD_READ_NOT_PRESSED		= 33EC, L: CHURROMAIN
_ESPERA_ACTIVA			= 3412, G: CHURROMAIN
I_17				= 3412, L: CHURROMAIN
I_21				= 341A, L: CHURROMAIN
I_18				= 341A, L: CHURROMAIN
I_22				= 3428, L: CHURROMAIN
I_19				= 3428, L: CHURROMAIN
I_20				= 3432, L: CHURROMAIN
_CPC_UPDATENOW			= 3433, G: CHURROMAIN
_CPC_SCREEN_UPDATE_INV_LOOP	= 3441, L: CHURROMAIN
_CPC_SCREEN_UPDATE_INV_RET	= 3463, L: CHURROMAIN
_CPC_SCREEN_UPDATE_UPD_BUFFER	= 346A, L: CHURROMAIN
I_23				= 346A, L: CHURROMAIN
_CPC_SCREEN_UPDATE_UPD_LOOP	= 347B, L: CHURROMAIN
_CPC_SCREEN_UPDATE_UPD_RET	= 349E, L: CHURROMAIN
_CPC_SCREEN_UPDATE_DONE		= 34A3, L: CHURROMAIN
ML_MIN_FAPS_LOOP		= 34A3, L: CHURROMAIN
I_24				= 34A3, L: CHURROMAIN
ML_MIN_FAPS_LOOP_END		= 34AA, L: CHURROMAIN
_CPC_BORDER			= 34B5, G: CHURROMAIN
_PAL_SET			= 34BE, G: CHURROMAIN
I_25				= 34C5, L: CHURROMAIN
I_26				= 34F3, L: CHURROMAIN
_CPC_HARDPAUSE			= 34F4, G: CHURROMAIN
CPC_HARDPAUSE_OUTER		= 34F5, L: CHURROMAIN
CPC_HARDPAUSE_INNER		= 34F7, L: CHURROMAIN
_E_SCRIPTS			= 34FE, G: CHURROMAIN
_F_SCRIPTS			= 353E, G: CHURROMAIN
_MSCCF_0			= 3580, G: CHURROMAIN
_MSC_INIT_ALL			= 3599, G: CHURROMAIN
_READ_BYTE			= 35A7, G: CHURROMAIN
_READ_VBYTE			= 35B3, G: CHURROMAIN
_READ_X_Y			= 35C6, G: CHURROMAIN
_RUN_SCRIPT			= 35D5, G: CHURROMAIN
I_29				= 35E3, L: CHURROMAIN
I_30				= 35EA, L: CHURROMAIN
I_32				= 3609, L: CHURROMAIN
I_33				= 3623, L: CHURROMAIN
I_37				= 363B, L: CHURROMAIN
I_38				= 3653, L: CHURROMAIN
I_39				= 366E, L: CHURROMAIN
I_40				= 3689, L: CHURROMAIN
I_41				= 36A4, L: CHURROMAIN
I_36				= 36AF, L: CHURROMAIN
I_34				= 36B2, L: CHURROMAIN
I_43				= 36C0, L: CHURROMAIN
I_47				= 36D8, L: CHURROMAIN
I_48				= 36F0, L: CHURROMAIN
I_49				= 36FE, L: CHURROMAIN
I_50				= 3709, L: CHURROMAIN
I_51				= 3714, L: CHURROMAIN
I_46				= 371B, L: CHURROMAIN
I_44				= 371E, L: CHURROMAIN
I_42				= 371E, L: CHURROMAIN
I_31				= 3727, L: CHURROMAIN
_S_TITLE			= 3728, G: CHURROMAIN
_S_ENDING			= 39F0, G: CHURROMAIN
_S_MARCO			= 39F0, G: CHURROMAIN
_BLACKOUT			= 3A12, G: CHURROMAIN
BO_L1				= 3A1B, L: CHURROMAIN
_TITLE_SCREEN			= 3A31, G: CHURROMAIN
I_52				= 3A7A, L: CHURROMAIN
I_54				= 3A8E, L: CHURROMAIN
I_55				= 3AA2, L: CHURROMAIN
I_53				= 3AA5, L: CHURROMAIN
_COPY_KEYS_TO_EXTERN		= 3AA8, L: CHURROMAIN
_GAME_ENDING			= 3AB4, G: CHURROMAIN
_GAME_OVER			= 3AD8, G: CHURROMAIN
_DO_EXTERN_ACTION		= 3B1A, G: CHURROMAIN
_LINE_OF_TEXT_CLEAR		= 3B1B, G: CHURROMAIN
_PLAYER_CELLS			= 3B3C, G: CHURROMAIN
_ENEM_CELLS			= 3B4E, G: CHURROMAIN
_ABS_A				= 3B5E, G: CHURROMAIN
_SACA_A_TODO_EL_MUNDO_DE_AQUI	= 3B64, G: CHURROMAIN
CLEAR_SPRITES_LOOP		= 3B69, L: CHURROMAIN
_RENDER_THIS_ENEMY		= 3B77, G: CHURROMAIN
_CALC_BADDIES_POINTER		= 3BB7, G: CHURROMAIN
_RENDER_ALL_SPRITES		= 3BC2, G: CHURROMAIN
I_57				= 3BCC, L: CHURROMAIN
I_59				= 3BD1, L: CHURROMAIN
I_58				= 3BFC, L: CHURROMAIN
I_61				= 3C21, L: CHURROMAIN
I_60				= 3C2D, L: CHURROMAIN
RENDER_PLAYER			= 3C34, L: CHURROMAIN
I_63				= 3C34, L: CHURROMAIN
PLAYER_RENDER_EMPTY		= 3C5B, L: CHURROMAIN
PLAYER_RENDER_GRAPHIC		= 3C60, L: CHURROMAIN
PLAYER_RENDER_SET_SP0		= 3C63, L: CHURROMAIN
_COLLIDE_ENEM			= 3C73, G: CHURROMAIN
_RAND				= 3CA5, G: CHURROMAIN
RAND16				= 3CA5, L: CHURROMAIN
NEXTRAND			= 3CC1, L: CHURROMAIN
_ABS				= 3CCF, G: CHURROMAIN
_INIT_MALOTES			= 3CD6, G: CHURROMAIN
INIT_MALOTES_LOOP		= 3CE0, L: CHURROMAIN
_EXPLODE_PLAYER			= 3CF0, G: CHURROMAIN
_ADJUST_TO_TILE_X		= 3D19, G: CHURROMAIN
_ADJUST_TO_TILE_Y		= 3D2E, G: CHURROMAIN
_PLAYER_FLICKER			= 3D43, G: CHURROMAIN
_MOVE				= 3D51, G: CHURROMAIN
I_67				= 3D97, L: CHURROMAIN
I_66				= 3DAC, L: CHURROMAIN
I_65				= 3DAC, L: CHURROMAIN
I_70				= 3DE9, L: CHURROMAIN
I_71				= 3DFB, L: CHURROMAIN
I_69				= 3DFB, L: CHURROMAIN
I_64				= 3DFE, L: CHURROMAIN
_PLAYER_GRAVITY			= 3E0B, L: CHURROMAIN
I_72				= 3E0B, L: CHURROMAIN
PLAYER_GRAVITY_ADD		= 3E1C, L: CHURROMAIN
PLAYER_GRAVITY_MAXIMUM		= 3E22, L: CHURROMAIN
PLAYER_GRAVITY_VY_SET		= 3E25, L: CHURROMAIN
PLAYER_GRAVITY_DONE		= 3E28, L: CHURROMAIN
I_73				= 3E35, L: CHURROMAIN
I_74				= 3E52, L: CHURROMAIN
I_75				= 3E65, L: CHURROMAIN
VERT_COLLISION			= 3E8D, L: CHURROMAIN
VERT_COLLISION_NEGATIVE		= 3EAB, L: CHURROMAIN
VERT_COLLISION_UP		= 3ED3, L: CHURROMAIN
VERT_COLLISION_POSITIVE		= 3EED, L: CHURROMAIN
VERT_COLLISION_DOWN		= 3F24, L: CHURROMAIN
VERT_COLLISION_DONE		= 3F32, L: CHURROMAIN
I_77				= 3F4E, L: CHURROMAIN
I_78_I_77			= 3F51, L: CHURROMAIN
I_80				= 3F82, L: CHURROMAIN
I_79				= 3F85, L: CHURROMAIN
I_83				= 3FB3, L: CHURROMAIN
I_81				= 3FB3, L: CHURROMAIN
I_82				= 3FB3, L: CHURROMAIN
I_76				= 3FB3, L: CHURROMAIN
I_85				= 3FE8, L: CHURROMAIN
I_84				= 3FE8, L: CHURROMAIN
I_87				= 401A, L: CHURROMAIN
I_86				= 401A, L: CHURROMAIN
I_88				= 4046, L: CHURROMAIN
I_89				= 4059, L: CHURROMAIN
HORZ_COLLISION_NEGATIVE		= 4082, L: CHURROMAIN
HORZ_COLLISION_LEFT		= 40A9, L: CHURROMAIN
HORZ_COLLISION_POSITIVE		= 40B8, L: CHURROMAIN
HORZ_COLLISION_RIGHT		= 40E1, L: CHURROMAIN
PUSH_BOX_HORZ			= 40EA, L: CHURROMAIN
HORZ_COLLISION_DONE		= 40EA, L: CHURROMAIN
PUSH_BOX_HORZ_DO		= 40F2, L: CHURROMAIN
PUSH_BOX_HORZ_S1		= 4121, L: CHURROMAIN
PUSH_BOX_HORZ_LEFT_DONE		= 4141, L: CHURROMAIN
PUSH_BOX_HORZ_S2		= 4167, L: CHURROMAIN
PUSH_BOX_HORZ_DONE		= 4185, L: CHURROMAIN
_PLAYER_CELL_SEL_SET_RDI	= 418D, L: CHURROMAIN
I_91				= 41AB, L: CHURROMAIN
I_92_I_91			= 41AE, L: CHURROMAIN
I_90				= 41B8, L: CHURROMAIN
I_94				= 41CA, L: CHURROMAIN
I_95				= 41F2, L: CHURROMAIN
I_96				= 41F2, L: CHURROMAIN
I_93				= 41F2, L: CHURROMAIN
_INIT_PLAYER_VALUES		= 4211, G: CHURROMAIN
_INIT_PLAYER			= 4268, G: CHURROMAIN
_INIT_HOTSPOTS			= 427C, G: CHURROMAIN
INIT_HOTSPOTS_LOOP		= 4286, L: CHURROMAIN
_DRAW_AND_ADVANCE		= 428B, G: CHURROMAIN
DRAW_AND_ADVANCE_X_SET		= 42D9, L: CHURROMAIN
_CALC_HOTSPOT_PTR		= 42E1, G: CHURROMAIN
_HOTSPOT_PAINT			= 42EC, G: CHURROMAIN
HOTSPOT_PAINT_ACT_SKIP		= 430E, L: CHURROMAIN
HOTSPOT_PAINT_SET_T		= 4366, L: CHURROMAIN
_DRAW_SCR_BACKGROUND		= 436D, G: CHURROMAIN
DRAW_SCR_BG_LOOP		= 4392, L: CHURROMAIN
DRAW_SCR_BG_LOOP_END		= 43CB, L: CHURROMAIN
_ENEMS_CALC_FRAME		= 43CF, G: CHURROMAIN
_ENEMS_EN_AN_CALC		= 43F9, G: CHURROMAIN
_BLACKOUT_AREA			= 44C7, G: CHURROMAIN
_DRAW_SCR			= 44D5, G: CHURROMAIN
_ENEMS_INIT			= 453A, L: CHURROMAIN
I_97				= 4555, L: CHURROMAIN
I_99				= 455A, L: CHURROMAIN
I_102				= 45B7, L: CHURROMAIN
I_105				= 45CF, L: CHURROMAIN
I_106				= 45CF, L: CHURROMAIN
I_103				= 45CF, L: CHURROMAIN
I_104				= 45CF, L: CHURROMAIN
I_107				= 45DD, L: CHURROMAIN
I_101				= 45F1, L: CHURROMAIN
I_109				= 4600, L: CHURROMAIN
I_110_I_109			= 4603, L: CHURROMAIN
I_108				= 460B, L: CHURROMAIN
I_98				= 460E, L: CHURROMAIN
_PLATFORM_GET_PLAYER		= 4649, G: CHURROMAIN
_ENEMS_KILL			= 467A, G: CHURROMAIN
_MUEVE_BICHARRACOS		= 46D1, G: CHURROMAIN
I_111				= 46EE, L: CHURROMAIN
I_113				= 46F3, L: CHURROMAIN
I_114				= 474F, L: CHURROMAIN
EN_LINEAR_HORZ_BOUNDS		= 478D, L: CHURROMAIN
HORZ_LIMIT_SKIP_1		= 47A6, L: CHURROMAIN
HORZ_LIMIT_SKIP_2		= 47C1, L: CHURROMAIN
EN_LINEAR_VERT_BOUNDS		= 47C1, L: CHURROMAIN
VERT_LIMIT_SKIP_1		= 47DA, L: CHURROMAIN
_EN_BG_COLLISION		= 47F5, L: CHURROMAIN
VERT_LIMIT_SKIP_2		= 47F5, L: CHURROMAIN
I_117				= 47F5, L: CHURROMAIN
_EN_BG_COLLISION_HORZ		= 4801, L: CHURROMAIN
_EN_BG_COLLISION_HORZ_DONE	= 484F, L: CHURROMAIN
_EN_BG_COLLISION_VERT		= 4858, L: CHURROMAIN
_EN_BG_COLLISION_VERT_DONE	= 48A6, L: CHURROMAIN
_EN_BG_COLLISION_CHECK		= 48AB, L: CHURROMAIN
__CTILEOFF			= 48C7, L: CHURROMAIN
__CTILEOFF_1			= 48CD, L: CHURROMAIN
EN_XX_CALC			= 48D0, L: CHURROMAIN
EN_YY_CALC			= 48DF, L: CHURROMAIN
_EN_BG_COLLISION_END		= 48EE, L: CHURROMAIN
_ENEMY_ANIMATE_UPDATE_COUNT	= 4909, L: CHURROMAIN
I_119				= 4952, L: CHURROMAIN
MOVING_PLATFORMS		= 4955, L: CHURROMAIN
I_120_I_119			= 4955, L: CHURROMAIN
MOVING_PLATFORMS_VERT		= 4963, L: CHURROMAIN
MOVING_PLATFORMS_DO		= 4963, L: CHURROMAIN
MOVING_PLATFORMS_VERT_UP	= 496D, L: CHURROMAIN
MOVING_PLATFORMS_VERT_DOWN	= 498A, L: CHURROMAIN
MOVING_PLATFORMS_VERT_DONE	= 49A5, L: CHURROMAIN
MOVING_PLATFORMS_HORZ		= 49A5, L: CHURROMAIN
MOVING_PLATFORMS_DONE		= 49D9, L: CHURROMAIN
I_118				= 49DC, L: CHURROMAIN
I_123				= 49FC, L: CHURROMAIN
I_124_I_123			= 49FF, L: CHURROMAIN
I_121				= 4A2D, L: CHURROMAIN
I_125				= 4A2D, L: CHURROMAIN
I_126				= 4A2D, L: CHURROMAIN
I_122				= 4A2D, L: CHURROMAIN
I_115				= 4A2D, L: CHURROMAIN
I_116				= 4A2D, L: CHURROMAIN
I_112				= 4A60, L: CHURROMAIN
_MOVE_TILE			= 4A61, G: CHURROMAIN
MOVE_TILE_DO			= 4A6E, L: CHURROMAIN
_CAN_MOVE_BOX			= 4AA8, G: CHURROMAIN
I_127				= 4AE2, L: CHURROMAIN
I_129				= 4AE7, L: CHURROMAIN
I_131				= 4B95, L: CHURROMAIN
I_132_I_131			= 4B98, L: CHURROMAIN
I_130				= 4BA2, L: CHURROMAIN
I_128				= 4BA5, L: CHURROMAIN
I_134				= 4BDF, L: CHURROMAIN
I_135				= 4BE2, L: CHURROMAIN
I_133				= 4BEB, L: CHURROMAIN
_INIT_FALLING_BOX_BUFFER	= 4BEF, G: CHURROMAIN
I_136				= 4BF9, L: CHURROMAIN
I_138				= 4BFE, L: CHURROMAIN
I_137				= 4C20, L: CHURROMAIN
_FALL_BOX			= 4C21, G: CHURROMAIN
I_139				= 4C2B, L: CHURROMAIN
I_141				= 4C30, L: CHURROMAIN
I_142				= 4C99, L: CHURROMAIN
I_140				= 4C9C, L: CHURROMAIN
_ANIMATE_BOXES			= 4C9D, G: CHURROMAIN
I_143_UGE			= 4CAC, L: CHURROMAIN
I_144				= 4CBB, L: CHURROMAIN
I_146				= 4CC0, L: CHURROMAIN
I_149				= 4DD0, L: CHURROMAIN
I_150				= 4E29, L: CHURROMAIN
I_152				= 4E2E, L: CHURROMAIN
I_155				= 4EF9, L: CHURROMAIN
I_156_I_155			= 4EFC, L: CHURROMAIN
I_154				= 4F19, L: CHURROMAIN
I_153				= 4F19, L: CHURROMAIN
I_151				= 4F1C, L: CHURROMAIN
I_158				= 4F73, L: CHURROMAIN
I_159_I_158			= 4F76, L: CHURROMAIN
I_157				= 4F8F, L: CHURROMAIN
I_148				= 4F92, L: CHURROMAIN
I_160				= 4FA6, L: CHURROMAIN
I_147				= 4FA6, L: CHURROMAIN
I_145				= 4FA9, L: CHURROMAIN
I_143				= 4FA9, L: CHURROMAIN
_MAIN				= 4FAA, G: CHURROMAIN
_ISR				= 4FC9, L: CHURROMAIN
_SKIP_AY_PLAYER			= 4FF1, L: CHURROMAIN
ISR_C1				= 4FF7, L: CHURROMAIN
ISR_C2				= 4FF8, L: CHURROMAIN
ISR_DONE			= 4FF9, L: CHURROMAIN
SPRITE_CREATION			= 503A, L: CHURROMAIN
SP_SW_INIT_ENEMS_LOOP		= 5074, L: CHURROMAIN
SP_SW_INIT_TURNOFF_LOOP		= 5093, L: CHURROMAIN
I_161				= 50A2, L: CHURROMAIN
I_163				= 50FE, L: CHURROMAIN
ML_UD_SKIP			= 511F, L: CHURROMAIN
I_166				= 5146, L: CHURROMAIN
I_167				= 514D, L: CHURROMAIN
I_165				= 516A, L: CHURROMAIN
_HOTSPOTS_DONE			= 5214, L: CHURROMAIN
I_168				= 5214, L: CHURROMAIN
PLAYER_FLICKER_DONE_CHECK	= 522D, L: CHURROMAIN
I_169				= 522D, L: CHURROMAIN
PLAYER_FLICKER_CT_WRITE		= 523E, L: CHURROMAIN
PLAYER_FLICKER_CHECK_DONE	= 5241, L: CHURROMAIN
I_170				= 526A, L: CHURROMAIN
I_171				= 5286, L: CHURROMAIN
I_173				= 5369, L: CHURROMAIN
I_172				= 5369, L: CHURROMAIN
I_175				= 537E, L: CHURROMAIN
I_174				= 538B, L: CHURROMAIN
I_177				= 53A9, L: CHURROMAIN
I_164				= 53AC, L: CHURROMAIN
I_162				= 53B2, L: CHURROMAIN
I_1				= 53B3, L: CHURROMAIN
__EN_T				= 53DA, G: CHURROMAIN
__EN_X				= 53DB, G: CHURROMAIN
__EN_Y				= 53DC, G: CHURROMAIN
_ISR_PLAYER_ON			= 53DD, G: CHURROMAIN
__EN_X1				= 53DE, G: CHURROMAIN
__EN_X2				= 53DF, G: CHURROMAIN
__EN_Y1				= 53E0, G: CHURROMAIN
__EN_Y2				= 53E1, G: CHURROMAIN
_HOTSPOT_T			= 53E2, G: CHURROMAIN
_HOTSPOT_X			= 53E3, G: CHURROMAIN
_HOTSPOT_Y			= 53E4, G: CHURROMAIN
_HALF_LIFE			= 53E5, G: CHURROMAIN
__EN_MX				= 53E6, G: CHURROMAIN
__EN_MY				= 53E7, G: CHURROMAIN
_EN_CX				= 53E8, G: CHURROMAIN
_EN_CY				= 53E9, G: CHURROMAIN
_FLAGS				= 53EA, G: CHURROMAIN
_GP_GEN_ALT			= 53FA, G: CHURROMAIN
_EN_XX				= 53FC, G: CHURROMAIN
_EN_YY				= 53FD, G: CHURROMAIN
_GP_GEN_ORG			= 53FE, G: CHURROMAIN
_KILLED_OLD			= 5400, G: CHURROMAIN
_EZG_OLD			= 5401, G: CHURROMAIN
_T_ALT				= 5402, G: CHURROMAIN
_X0				= 5403, G: CHURROMAIN
_X1				= 5404, G: CHURROMAIN
_Y0				= 5405, G: CHURROMAIN
_Y1				= 5406, G: CHURROMAIN
__N				= 5407, G: CHURROMAIN
__T				= 5408, G: CHURROMAIN
__X				= 5409, G: CHURROMAIN
__Y				= 540A, G: CHURROMAIN
_LIFE_OLD			= 540B, G: CHURROMAIN
_EN_CCX				= 540C, G: CHURROMAIN
_EN_CCY				= 540D, G: CHURROMAIN
_PTGMX				= 540E, G: CHURROMAIN
_PTGMY				= 5410, G: CHURROMAIN
_PLAYER_JUST_DIED		= 5412, G: CHURROMAIN
_GP_GEN				= 5413, G: CHURROMAIN
_ON_PANT			= 5415, G: CHURROMAIN
_ENOFFS				= 5416, G: CHURROMAIN
_PAD_THIS_FRAME			= 5418, G: CHURROMAIN
_BUTTON_JUMP			= 5419, G: CHURROMAIN
_PAD0				= 541A, G: CHURROMAIN
_PAD1				= 541B, G: CHURROMAIN
_N_PANT				= 541C, G: CHURROMAIN
_EN_J				= 541D, G: CHURROMAIN
_EN_X				= 541E, G: CHURROMAIN
_EN_Y				= 541F, G: CHURROMAIN
_ENIT				= 5420, G: CHURROMAIN
_BOXX				= 5421, G: CHURROMAIN
_BOYY				= 5422, G: CHURROMAIN
_GPCX				= 5423, G: CHURROMAIN
_FZX1				= 5425, G: CHURROMAIN
_FZX2				= 5426, G: CHURROMAIN
_FZY1				= 5427, G: CHURROMAIN
_FZY2				= 5428, G: CHURROMAIN
_GPCY				= 5429, G: CHURROMAIN
_PLAYING			= 542B, G: CHURROMAIN
_GPIT				= 542C, G: CHURROMAIN
_RDT1				= 542D, G: CHURROMAIN
_RDT2				= 542E, G: CHURROMAIN
_SC_C				= 542F, G: CHURROMAIN
_SC_I				= 5430, G: CHURROMAIN
_SC_M				= 5431, G: CHURROMAIN
_SC_N				= 5432, G: CHURROMAIN
_SEED				= 5433, G: CHURROMAIN
_SC_X				= 5435, G: CHURROMAIN
_SC_Y				= 5436, G: CHURROMAIN
_PATTERN_LINE_CT		= 5437, G: CHURROMAIN
_OBJS_OLD			= 5438, G: CHURROMAIN
_GPXX				= 5439, G: CHURROMAIN
_GPYY				= 543A, G: CHURROMAIN
_MAINCOUNTER			= 543B, G: CHURROMAIN
_PTX1				= 543C, G: CHURROMAIN
_PTX2				= 543D, G: CHURROMAIN
_PTY1				= 543E, G: CHURROMAIN
_PTY2				= 543F, G: CHURROMAIN
_WALL				= 5440, G: CHURROMAIN
_F_ZONE_AC			= 5441, G: CHURROMAIN
__X2				= 5442, G: CHURROMAIN
__Y2				= 5443, G: CHURROMAIN
__EN_LIFE			= 5444, G: CHURROMAIN
_PRXX				= 5445, G: CHURROMAIN
_PRYY				= 5446, G: CHURROMAIN
_NEXT_SCRIPT			= 5447, G: CHURROMAIN
_ITEM_OLD			= 5449, G: CHURROMAIN
_IDX				= 544A, G: CHURROMAIN
_PLAYER				= 544C, G: CHURROMAIN
_FALL_FRAME_COUNTER		= 5479, G: CHURROMAIN
_JETPAC_FRAME_COUNTER		= 547A, G: CHURROMAIN
_RDA				= 547B, G: CHURROMAIN
_RDB				= 547C, G: CHURROMAIN
_GPX				= 547D, G: CHURROMAIN
_GPY				= 547E, G: CHURROMAIN
_RDD				= 547F, G: CHURROMAIN
_RDI				= 5480, G: CHURROMAIN
_RDJ				= 5481, G: CHURROMAIN
_KEYS_OLD			= 5483, G: CHURROMAIN
_RDX				= 5484, G: CHURROMAIN
_RDY				= 5485, G: CHURROMAIN
_PTI				= 5486, G: CHURROMAIN
_FALLINGBOXBUFFER		= 5487, G: CHURROMAIN
_PTJ				= 549F, G: CHURROMAIN
_SCRIPT				= 54A0, G: CHURROMAIN
_ENOFFSMASI			= 54A2, G: CHURROMAIN
_SC_TERMINADO			= 54A4, G: CHURROMAIN
_ASM_INT			= 54A5, G: CHURROMAIN
__BADDIES_POINTER		= 54A7, G: CHURROMAIN
_SC_CONTINUAR			= 54A9, G: CHURROMAIN
_ORIG_TILE			= 54AA, G: CHURROMAIN
_SUCCESS			= 54AB, G: CHURROMAIN
_COINS_OLD			= 54AC, G: CHURROMAIN
_RAM_DESTINATION		= 54AD, G: CHURROMAIN
_RAM_ADDRESS			= 54AF, G: CHURROMAIN
CPC_ANYKEYPRESSED		= 54B1, G: CPC_ANYKEYPRESSED
BUCLE_DETECCION_TECLA		= 54B3, L: CPC_ANYKEYPRESSED
TECLA_PULSADA			= 54C6, L: CPC_ANYKEYPRESSED
CPC_TESTKEYBOARD		= 54CB, G: CPC_TESTKEYBOARD
CPC_INVALIDATERECT		= 54EF, G: CPC_INVALIDATERECT
CPC_INVALIDATERECT_P		= 54F7, L: CPC_INVALIDATERECT
NOINC1				= 551D, L: CPC_INVALIDATERECT
INVCOLLP			= 5521, L: CPC_INVALIDATERECT
NOINC2				= 5530, L: CPC_INVALIDATERECT
INVFULLCHAR			= 5534, L: CPC_INVALIDATERECT
INVROWLP			= 5536, L: CPC_INVALIDATERECT
NOINC3				= 5541, L: CPC_INVALIDATERECT
CPC_BITLEFT2MASK		= 554F, G: CPC_BITLEFT2MASK
CPC_BITRIGHT2MASK		= 5557, G: CPC_BITRIGHT2MASK
KEYMAP0				= 555F, L: CPC_KEYSDATA
CPC_KEYSDATA			= 555F, G: CPC_KEYSDATA
TECLA_0				= 5569, L: CPC_KEYSDATA
TABLA_TECLAS0			= 556B, G: CPC_KEYSDATA
CPC_PUTSPTILEMAP16X16PXM1	= 5584, G: CPC_PUTSPTILEMAP16X16PXM1
DO_UPDATE			= 559E, L: CPC_PUTSPTILEMAP16X16PXM1
ORIGIN_NEXT_ROW			= 55C5, L: CPC_PUTSPTILEMAP16X16PXM1
ORIGIN_LAST_ROW			= 55D8, L: CPC_PUTSPTILEMAP16X16PXM1
FIN				= 55EF, L: CPC_PUTSPTILEMAP16X16PXM1
CPC_UPDTILETABLESAIMAZOOM	= 55F0, G: CPC_UPDTILETABLE
CPC_UPDTILETABLECLP		= 5600, G: CPC_UPDTILETABLE
CPC_UPDTILETABLE		= 560E, G: CPC_UPDTILETABLE
CPC_BIT2MASK			= 562D, G: CPC_BIT2MASK
CPC_TBLLOOKUP			= 5635, G: CPC_TBLLOOKUP
NOINC				= 563A, L: CPC_TBLLOOKUP
CPC_PUTSPTILEMAP4X8PX		= 563C, G: CPC_PUTSPTILEMAP4X8PX
DO_UPDATE			= 5656, L: CPC_PUTSPTILEMAP4X8PX
ORIGIN_NEXT_ROW			= 5678, L: CPC_PUTSPTILEMAP4X8PX
FIN				= 568A, L: CPC_PUTSPTILEMAP4X8PX
CPC_PUTTRSP16X16TILEMAP2BPXM1	= 568B, G: CPC_PUTTRSP16X16TILEMAP2BPXM1
TRANSFERIR_SPRITE		= 569B, L: CPC_PUTTRSP16X16TILEMAP2BPXM1
PASA_BLOQUE_A_SBUFFER		= 569B, L: CPC_PUTTRSP16X16TILEMAP2BPXM1
SP_BUFFER_MASK			= 56B1, L: CPC_PUTTRSP16X16TILEMAP2BPXM1
LOOP_ALTO_MAP_SBUFFER		= 56C7, L: CPC_PUTTRSP16X16TILEMAP2BPXM1
LOOP_ALTO_MAP_SBUFFER_SHIFT1	= 56F4, L: CPC_PUTTRSP16X16TILEMAP2BPXM1
LOOP_ALTO_MAP_SBUFFER_SHIFT2	= 577A, L: CPC_PUTTRSP16X16TILEMAP2BPXM1
LOOP_ALTO_MAP_SBUFFER_SHIFT3	= 5804, L: CPC_PUTTRSP16X16TILEMAP2BPXM1
CPC_PUTTRSP4X8TILEMAP2BPX	= 588A, G: CPC_PUTTRSP4X8TILEMAP2BPX
TRANSFERIR_SPRITE		= 5898, L: CPC_PUTTRSP4X8TILEMAP2BPX
PASA_BLOQUE_A_SBUFFER		= 5898, L: CPC_PUTTRSP4X8TILEMAP2BPX
SP_BUFFER_MASK			= 58AF, L: CPC_PUTTRSP4X8TILEMAP2BPX
LOOP_ALTO_MAP_SBUFFER		= 58B9, L: CPC_PUTTRSP4X8TILEMAP2BPX
LOOP_ALTO_MAP_SBUFFER_SHIFTED	= 58D6, L: CPC_PUTTRSP4X8TILEMAP2BPX
CPC_RESETTOUCHEDTILES		= 591C, G: CPC_RESETTOUCHEDTILES
CPC_SETCOLOUR			= 592A, G: CPC_SETCOLOUR
CPC_SETMODE			= 593D, G: CPC_SETMODE
CPC_SHOWTILEMAP			= 5947, G: CPC_SHOWTILEMAP
SOLOCOPIA			= 595C, L: CPC_SHOWTILEMAP
TRANSFERIR_PANTALLA_A_SUPERBUFFER	= 5969, L: CPC_SHOWTILEMAP
BUCLE_DIBUJADO_FONDO		= 5970, L: CPC_SHOWTILEMAP
INCREMENTO2			= 59A1, L: CPC_SHOWTILEMAP
CONTADOR_TILES			= 59AE, L: CPC_SHOWTILEMAP
CONTADOR_TILES2			= 59AF, L: CPC_SHOWTILEMAP
TRANSFERIR_MAP_SBUFFER		= 59B1, L: CPC_SHOWTILEMAP
LOOP_ANCHO_MAP_SBUFFER		= 59B7, L: CPC_SHOWTILEMAP
LOOP_ALTO_MAP_SBUFFER		= 59B7, L: CPC_SHOWTILEMAP
CPC_PUTSP			= 59C5, L: CPC_SHOWTILEMAP
LOOP_ALTO_2			= 59C7, L: CPC_SHOWTILEMAP
SIG_LINEA_2			= 59DE, L: CPC_SHOWTILEMAP
CPC_SHOWTOUCHEDTILES		= 59E2, G: CPC_SHOWTOUCHEDTILES
BUCLE_CPC_SHOWTOUCHEDTILES	= 59EA, L: CPC_SHOWTOUCHEDTILES
PROCESS				= 59F4, L: CPC_SHOWTOUCHEDTILES
SKIPALL				= 5A20, L: CPC_SHOWTOUCHEDTILES
NOINCD				= 5A28, L: CPC_SHOWTOUCHEDTILES
CHECKBIT			= 5A2C, L: CPC_SHOWTOUCHEDTILES
COPYTILE			= 5A2F, L: CPC_SHOWTOUCHEDTILES
POSICIONAR_SUPERBUFFER		= 5A31, L: CPC_SHOWTOUCHEDTILES
POSICIONAR_PANTALLA		= 5A3A, L: CPC_SHOWTOUCHEDTILES
TRANSF_BLOQUE_SB_PANTALLA	= 5A48, L: CPC_SHOWTOUCHEDTILES
COPYCELL_DONE			= 5A86, L: CPC_SHOWTOUCHEDTILES
CHECKBIT_DONE			= 5A88, L: CPC_SHOWTOUCHEDTILES
CPC_TESTKEY			= 5A8C, G: CPC_TESTKEY
PULSADO				= 5AA3, L: CPC_TESTKEY
CPC_UPDSCR			= 5AA6, G: CPC_UPDSCR
MAIN_LOOP			= 5AB4, L: CPC_UPDSCR
_TILES_TOCADOS_PTR		= 5AC9, L: CPC_UPDSCR
PROCESS_TOUCHED_BYTE		= 5ACB, L: CPC_UPDSCR
BIT0_SKIP			= 5ADC, L: CPC_UPDSCR
BIT1_SKIP			= 5AE6, L: CPC_UPDSCR
BIT2_SKIP			= 5AF0, L: CPC_UPDSCR
BIT3_SKIP			= 5AFA, L: CPC_UPDSCR
BIT4_SKIP			= 5B04, L: CPC_UPDSCR
BIT5_SKIP			= 5B0E, L: CPC_UPDSCR
BIT6_SKIP			= 5B18, L: CPC_UPDSCR
BIT7_SKIP			= 5B22, L: CPC_UPDSCR
UCOPYTILE			= 5B26, L: CPC_UPDSCR
TRANSFERIR_MAP_SBUFFER_GREY	= 5B34, L: CPC_UPDSCR
SKEEP				= 5B71, L: CPC_UPDSCR
L_AND				= 5B75, G: L_AND
L_ASL				= 5B7C, G: L_ASL
L_ASL1				= 5B7D, L: L_ASL
L_ASR_U				= 5B83, G: L_ASR_U
L_ASR_U_1			= 5B84, L: L_ASR_U
L_COM				= 5B8D, G: L_COM
L_DIV_U				= 5B94, G: L_DIV_U
ENTRY				= 5B98, L: L_DIV_U
L_DIV1				= 5B9F, L: L_DIV_U
L_DIV2				= 5BA9, L: L_DIV_U
L_EQ				= 5BB3, G: L_EQ
L_GCHAR				= 5BBA, G: L_GCHAR
L_SXT				= 5BBB, L: L_GCHAR
L_GINT				= 5BC0, G: L_GINT
L_GT				= 5BC5, G: L_GT
L_LNEG				= 5BD1, G: L_LNEG
L_LT				= 5BD6, G: L_LT
L_MULT				= 5BE2, G: L_MULT
L_MULT1				= 5BE9, L: L_MULT
L_MULT2				= 5BF0, L: L_MULT
L_NE				= 5BF3, G: L_NE
L_NEG				= 5BFA, G: L_NEG
L_OR				= 5C02, G: L_OR
L_PINT				= 5C09, G: L_PINT
L_SXT				= 5C0F, G: L_SXT
L_UGE				= 5C14, G: L_UGE
L_ULE				= 5C1C, G: L_ULE
L_ULT				= 5C24, G: L_ULT
