AFTER_COMECOCOS_0		= 6A13, L: CHURROMAIN
AFTER_COMECOCOS_1		= 6A2A, L: CHURROMAIN
AFTER_COMECOCOS_2		= 6A41, L: CHURROMAIN
AFTER_COMECOCOS_3		= 6A49, L: CHURROMAIN
ANILLO_CT_CHECK			= 6B1C, L: CHURROMAIN
ANILLO_CT_ZERO			= 6B28, L: CHURROMAIN
ANILLO_DONE			= 6B45, L: CHURROMAIN
ANILLO_NOT_FIRST_TIME		= 6B02, L: CHURROMAIN
ANIMATED_TILES_DONE		= 8284, L: CHURROMAIN
AN_SET_OPPONENT			= 63D8, L: CHURROMAIN
AN_SET_PLAYER			= 63EB, L: CHURROMAIN
ASHL16_HL			= 0611, L: CHURROMAIN
BEHINDTILEMASKS			= 0466, G: TILEMAPCONF
BGICMODBC1			= 113E, L: CHURROMAIN
BGICMODBC2			= 1140, L: CHURROMAIN
BIT0_SKIP			= 8A02, L: CPC_UPDSCR
BIT1_SKIP			= 8A0C, L: CPC_UPDSCR
BIT2_SKIP			= 8A16, L: CPC_UPDSCR
BIT3_SKIP			= 8A20, L: CPC_UPDSCR
BIT4_SKIP			= 8A2A, L: CPC_UPDSCR
BIT5_SKIP			= 8A34, L: CPC_UPDSCR
BIT6_SKIP			= 8A3E, L: CPC_UPDSCR
BIT7_SKIP			= 8A48, L: CPC_UPDSCR
BO_L1				= 6E5B, L: CHURROMAIN
BUCLE_CPC_SHOWTOUCHEDTILES	= 88A4, L: CPC_SHOWTOUCHEDTILES
BUCLE_DIBUJADO_FONDO		= 8826, L: CPC_SHOWTILEMAP
CANAL_A				= 14AE, L: CHURROMAIN
CANAL_B				= 14B0, L: CHURROMAIN
CANAL_C				= 14B2, L: CHURROMAIN
CANAL_P				= 14DC, L: CHURROMAIN
CARGA_CANCION			= 1088, L: CHURROMAIN
CHECKBIT			= 88ED, L: CPC_SHOWTOUCHEDTILES
CHECKBIT_DONE			= 89A4, L: CPC_SHOWTOUCHEDTILES
CLEAR_PSG_BUFFER		= 1069, L: CHURROMAIN
CLEAR_SPRITES_LOOP		= 701C, L: CHURROMAIN
COMANDOS			= 124B, L: CHURROMAIN
COMECOCOS_SHIT			= 69E7, L: CHURROMAIN
COMECOCOS_SHIT_DO		= 69F7, L: CHURROMAIN
COMECOCOS_SHIT_DONE		= 6A65, L: CHURROMAIN
COM_EFECTO			= 1290, L: CHURROMAIN
COM_ENVOLVENTE			= 12A0, L: CHURROMAIN
CONTADOR_TILES			= 8864, L: CPC_SHOWTILEMAP
CONTADOR_TILES2			= 8865, L: CPC_SHOWTILEMAP
CONT_ENV			= 1458, L: CHURROMAIN
COPYBGTILE			= 891A, L: CPC_SHOWTOUCHEDTILES
COPYCELL			= 8966, L: CPC_SHOWTOUCHEDTILES
COPYCELL_DONE			= 89A2, L: CPC_SHOWTOUCHEDTILES
COPYTILE			= 88F0, L: CPC_SHOWTOUCHEDTILES
COPY_KEYS_TO_EXTERN		= 6EC9, L: CHURROMAIN
CPC_BIT2MASK			= 85ED, G: CPC_BIT2MASK
CPC_BITLEFT2MASK		= 853C, G: CPC_BITLEFT2MASK
CPC_BITRIGHT2MASK		= 8544, G: CPC_BITRIGHT2MASK
CPC_HARDPAUSE_INNER		= 43CE, L: CHURROMAIN
CPC_HARDPAUSE_OUTER		= 43CC, L: CHURROMAIN
CPC_INVALIDATERECT		= 84DC, G: CPC_INVALIDATERECT
CPC_INVALIDATERECT_P		= 84E4, L: CPC_INVALIDATERECT
CPC_KEYSDATA			= 854C, G: CPC_KEYSDATA
CPC_PUTSP			= 887B, L: CPC_SHOWTILEMAP
CPC_PUTSPTILEMAP4X8PX		= 8571, G: CPC_PUTSPTILEMAP4X8PX
CPC_PUTSPTILEMAP8X16PX		= 85FC, G: CPC_PUTSPTILEMAP8X16PX
CPC_PUTTRSP4X8TILEMAP2BPX	= 8666, G: CPC_PUTTRSP4X8TILEMAP2BPX
CPC_PUTTRSP8X16TILEMAP2BPX	= 86F8, G: CPC_PUTTRSP8X16TILEMAP2BPX
CPC_RESETTOUCHEDTILES		= 87D2, G: CPC_RESETTOUCHEDTILES
CPC_SETCOLOUR			= 87E0, G: CPC_SETCOLOUR
CPC_SETMODE			= 87F3, G: CPC_SETMODE
CPC_SHOWTILEMAP			= 87FD, G: CPC_SHOWTILEMAP
CPC_SHOWTOUCHEDTILES		= 8898, G: CPC_SHOWTOUCHEDTILES
CPC_TBLLOOKUP			= 85F5, G: CPC_TBLLOOKUP
CPC_TESTKEYBOARD		= 89A8, G: CPC_TESTKEYBOARD
CPC_UPDSCR			= 89CC, G: CPC_UPDSCR
CPC_UPDTILETABLE		= 85CE, G: CPC_UPDTILETABLE
CPC_UPDTILETABLECLP		= 85C0, G: CPC_UPDTILETABLE
CRTBC0				= 1462, L: CHURROMAIN
CUADRATORS_HORZ_BOUNDS		= 7C37, L: CHURROMAIN
CUADRATORS_LIMIT_SKIP_1		= 7C4C, L: CHURROMAIN
CUADRATORS_LIMIT_SKIP_2		= 7C83, L: CHURROMAIN
CUADRATORS_VERT_BOUNDS		= 7C6E, L: CHURROMAIN
CUTS0				= 51A7, L: CHURROMAIN
CUTS1				= 51AF, L: CHURROMAIN
CUTS2				= 51B5, L: CHURROMAIN
CUTS3				= 51BA, L: CHURROMAIN
CUTS4				= 51C4, L: CHURROMAIN
DAMAGE_ANIMATION_DONE		= 6398, L: CHURROMAIN
DATOS_NOTAS			= 1515, L: CHURROMAIN
DCBC0				= 11BB, L: CHURROMAIN
DCSD_0				= 5516, L: CHURROMAIN
DCSD_1				= 551F, L: CHURROMAIN
DCSD_17				= 5552, L: CHURROMAIN
DCSD_24				= 555F, L: CHURROMAIN
DCSD_24_AT			= 557D, L: CHURROMAIN
DCSD_24_END			= 5589, L: CHURROMAIN
DCSD_28				= 5592, L: CHURROMAIN
DCSD_31				= 55A0, L: CHURROMAIN
DCSD_4				= 5528, L: CHURROMAIN
DCSD_5				= 5549, L: CHURROMAIN
DECODE_CANAL			= 1158, L: CHURROMAIN
DECODE_SONG			= 1091, L: CHURROMAIN
DECOMPRESS_TS			= 7F89, L: CHURROMAIN
DECO_DONE			= 5275, L: CHURROMAIN
DECO_LOOP			= 523D, L: CHURROMAIN
DECO_RUN			= 5250, L: CHURROMAIN
DECO_RUN_DO			= 5255, L: CHURROMAIN
DELAYED_CT_DEC_DONE		= 69D4, L: CHURROMAIN
DELAYED_TEXT_DO			= 69D8, L: CHURROMAIN
DELAYED_TEXT_DONE		= 69E7, L: CHURROMAIN
DEPACK				= 0625, L: CHURROMAIN
DO_UPDATE			= 8616, L: CPC_PUTSPTILEMAP8X16PX
DO_UPDATE			= 858B, L: CPC_PUTSPTILEMAP4X8PX
DRAW_2_DIGITS_SHORTCUT		= 4223, L: CHURROMAIN
DRAW_AND_ADVANCE_X_SET		= 7727, L: CHURROMAIN
DRAW_TEXT_LOOP			= 4273, L: CHURROMAIN
DRAW_TEXT_PRE_LOOP		= 426A, L: CHURROMAIN
DTCBC_DONE			= 52F5, L: CHURROMAIN
DTCBC_LOOP			= 52C7, L: CHURROMAIN
DZX0S_COPY			= 0637, L: CHURROMAIN
DZX0S_ELIAS			= 065A, L: CHURROMAIN
DZX0S_ELIAS_BACKTRACK		= 0662, L: CHURROMAIN
DZX0S_ELIAS_LOOP		= 065B, L: CHURROMAIN
DZX0S_ELIAS_SKIP		= 0661, L: CHURROMAIN
DZX0S_LITERALS			= 062C, L: CHURROMAIN
DZX0S_NEW_OFFSET		= 0641, L: CHURROMAIN
DZX0_STANDARD			= 0625, L: CHURROMAIN
ECC_GALLUMB_NOTANGRY		= 6C4F, L: CHURROMAIN
ECC_GALLUMB_REPEL		= 6C69, L: CHURROMAIN
EFECTO0				= 0669, L: CHURROMAIN
EFECTO1				= 070C, L: CHURROMAIN
EFECTO10			= 0802, L: CHURROMAIN
EFECTO11			= 0821, L: CHURROMAIN
EFECTO12			= 0840, L: CHURROMAIN
EFECTO2				= 0728, L: CHURROMAIN
EFECTO3				= 0738, L: CHURROMAIN
EFECTO4				= 0748, L: CHURROMAIN
EFECTO5				= 0758, L: CHURROMAIN
EFECTO6				= 0777, L: CHURROMAIN
EFECTO7				= 0796, L: CHURROMAIN
EFECTO8				= 07B5, L: CHURROMAIN
EFECTO9				= 07C5, L: CHURROMAIN
EFECTO_REGS			= 14EF, L: CHURROMAIN
ENTRY				= 8ACC, L: L_DIV_U
ENVOLVENTE			= 1513, L: CHURROMAIN
ENVOLVENTE_BACK			= 1514, L: CHURROMAIN
EN_LINEAR_DECIDE_FOR_MARRULLERS	= 7C02, L: CHURROMAIN
EN_LINEAR_DONE			= 7C08, L: CHURROMAIN
EN_LINEAR_HORIZONTAL_AXIS	= 7B60, L: CHURROMAIN
EN_LINEAR_HORIZONTAL_AXIS_DONE	= 7BB0, L: CHURROMAIN
EN_LINEAR_HORZ_BOUNDS		= 7B6E, L: CHURROMAIN
EN_LINEAR_VERTICAL_AXIS		= 7BB0, L: CHURROMAIN
EN_LINEAR_VERTICAL_AXIS_DONE	= 7C00, L: CHURROMAIN
EN_LINEAR_VERT_BOUNDS		= 7BBE, L: CHURROMAIN
EN_XX_CALC			= 7DA5, L: CHURROMAIN
EN_YY_CALC			= 7DB4, L: CHURROMAIN
EVOLVENTES			= 1435, L: CHURROMAIN
EXT_WORD			= 1480, L: CHURROMAIN
FCA_CONT			= 12EA, L: CHURROMAIN
FILL_BUFFER_END			= 53A8, L: CHURROMAIN
FILL_BUFFER_LOOP		= 539B, L: CHURROMAIN
FILL_BUFFER_NOINC		= 5398, L: CHURROMAIN
FIN				= 8665, L: CPC_PUTSPTILEMAP8X16PX
FIN				= 85BF, L: CPC_PUTSPTILEMAP4X8PX
FIN_CANAL_A			= 12DF, L: CHURROMAIN
FIN_CANAL_P			= 1371, L: CHURROMAIN
FIN_DEC_CANAL			= 11A9, L: CHURROMAIN
FIN_NOPLAYER			= 1022, L: CHURROMAIN
FIN_NOTA_A			= 12BF, L: CHURROMAIN
FIN_NOTA_P			= 1359, L: CHURROMAIN
FIN_RUTINA			= 1338, L: CHURROMAIN
FIN_SONIDO			= 1019, L: CHURROMAIN
FLICK_DOWN_DONE			= 8362, L: CHURROMAIN
FLICK_LEFT_DONE			= 82D7, L: CHURROMAIN
FLICK_RIGHT_DONE		= 82FF, L: CHURROMAIN
FLICK_UP_DONE			= 8336, L: CHURROMAIN
FRECUENCIA_OFF			= 144F, L: CHURROMAIN
GALLUMB_NOT_3			= 67BC, L: CHURROMAIN
GALLUMB_RDA_SET			= 67BE, L: CHURROMAIN
GAMEOVER_ANIMATE		= 6F81, L: CHURROMAIN
GAMEOVER_ANIMATE_DO		= 6FAD, L: CHURROMAIN
GAMEOVER_ANIMATE_DONE		= 6FCC, L: CHURROMAIN
GAMEOVER_ANIMATE_PAINT		= 6FB4, L: CHURROMAIN
GAMEOVER_LOOP			= 6F74, L: CHURROMAIN
GETLEN				= 11AE, L: CHURROMAIN
HH12_HAS_ESTADO			= 6C1B, L: CHURROMAIN
HH_GANDALF_NOT_TALKED		= 6B9C, L: CHURROMAIN
HH_GANDALF_TALKED		= 6BB4, L: CHURROMAIN
HLSHR6_A			= 0606, L: CHURROMAIN
HOOK_HOTSPOTS_1			= 6B96, L: CHURROMAIN
HOOK_HOTSPOTS_12		= 6C0B, L: CHURROMAIN
HOOK_HOTSPOTS_2			= 6BC4, L: CHURROMAIN
HORZ_COLLISION_DONE		= 756F, L: CHURROMAIN
HORZ_COLLISION_IF1		= 74B5, L: CHURROMAIN
HORZ_COLLISION_IF2		= 74CF, L: CHURROMAIN
HORZ_COLLISION_IF3		= 7517, L: CHURROMAIN
HORZ_COLLISION_IF4		= 7532, L: CHURROMAIN
HORZ_COLLISION_LEFT		= 74EA, L: CHURROMAIN
HORZ_COLLISION_NEGATIVE		= 74AB, L: CHURROMAIN
HORZ_COLLISION_POSITIVE		= 750D, L: CHURROMAIN
HORZ_COLLISION_RIGHT		= 754E, L: CHURROMAIN
HORZ_LIMIT_SKIP_1		= 7B8E, L: CHURROMAIN
HORZ_LIMIT_SKIP_2		= 7BB0, L: CHURROMAIN
HOTSPOT_PAINT_ACT_SKIP		= 775C, L: CHURROMAIN
HOTSPOT_PAINT_SET_T		= 77B4, L: CHURROMAIN
INCREMENTO2			= 8857, L: CPC_SHOWTILEMAP
INICIA_EFECTO			= 0F64, L: CHURROMAIN
INICIA_SONIDO			= 0F54, L: CHURROMAIN
INICIO				= 0F3D, L: CHURROMAIN
INIT_DECODER			= 10F9, L: CHURROMAIN
INIT_HOTSPOTS_LOOP		= 76B5, L: CHURROMAIN
INTERACT_AND_RET		= 6800, L: CHURROMAIN
INTERR				= 14A4, L: CHURROMAIN
INT_GANDALF_T1_DONE		= 6835, L: CHURROMAIN
INT_GANDALF_T2_DONE		= 685D, L: CHURROMAIN
INT_GANDALF_T3_DONE		= 6871, L: CHURROMAIN
INT_GANDALF_T4_DONE		= 68AA, L: CHURROMAIN
INVCOLLP			= 850E, L: CPC_INVALIDATERECT
INVFULLCHAR			= 8521, L: CPC_INVALIDATERECT
INVROWLP			= 8523, L: CPC_INVALIDATERECT
IN_GALLUMB			= 6B80, L: CHURROMAIN
IN_GALLUMB_SET			= 6B82, L: CHURROMAIN
ISR_C1				= 7F6D, L: CHURROMAIN
ISR_C2				= 7F6E, L: CHURROMAIN
ISR_DONE			= 7F6F, L: CHURROMAIN
I_1				= 83CA, L: CHURROMAIN
I_108				= 5D3D, L: CHURROMAIN
I_109				= 5D88, L: CHURROMAIN
I_110				= 5DD7, L: CHURROMAIN
I_112				= 664C, L: CHURROMAIN
I_113				= 65BF, L: CHURROMAIN
I_114				= 65D7, L: CHURROMAIN
I_115				= 65DD, L: CHURROMAIN
I_116				= 662B, L: CHURROMAIN
I_117				= 663D, L: CHURROMAIN
I_118				= 666E, L: CHURROMAIN
I_119				= 668D, L: CHURROMAIN
I_120				= 6B45, L: CHURROMAIN
I_121				= 7087, L: CHURROMAIN
I_122				= 70B9, L: CHURROMAIN
I_123				= 708C, L: CHURROMAIN
I_124				= 70EA, L: CHURROMAIN
I_125				= 70DE, L: CHURROMAIN
I_127				= 70F1, L: CHURROMAIN
I_128				= 720E, L: CHURROMAIN
I_129				= 722A, L: CHURROMAIN
I_130				= 726A, L: CHURROMAIN
I_131				= 725B, L: CHURROMAIN
I_132				= 725E, L: CHURROMAIN
I_133				= 72A6, L: CHURROMAIN
I_134				= 72B9, L: CHURROMAIN
I_135				= 73E3, L: CHURROMAIN
I_136				= 73FF, L: CHURROMAIN
I_137				= 7424, L: CHURROMAIN
I_138				= 741B, L: CHURROMAIN
I_139_I_138			= 741E, L: CHURROMAIN
I_140				= 746F, L: CHURROMAIN
I_141				= 7482, L: CHURROMAIN
I_142				= 75D4, L: CHURROMAIN
I_143				= 75D4, L: CHURROMAIN
I_144				= 7611, L: CHURROMAIN
I_145				= 75FF, L: CHURROMAIN
I_146				= 760E, L: CHURROMAIN
I_147				= 7626, L: CHURROMAIN
I_148				= 7626, L: CHURROMAIN
I_149				= 791B, L: CHURROMAIN
I_150				= 7A4F, L: CHURROMAIN
I_151				= 7920, L: CHURROMAIN
I_152				= 796B, L: CHURROMAIN
I_154				= 7A4C, L: CHURROMAIN
I_155				= 798C, L: CHURROMAIN
I_156				= 79CC, L: CHURROMAIN
I_157				= 79CC, L: CHURROMAIN
I_158				= 79CC, L: CHURROMAIN
I_159				= 79CC, L: CHURROMAIN
I_16				= 42FF, L: CHURROMAIN
I_160				= 79D8, L: CHURROMAIN
I_161				= 79D8, L: CHURROMAIN
I_162				= 79D8, L: CHURROMAIN
I_163				= 79D8, L: CHURROMAIN
I_164				= 79F2, L: CHURROMAIN
I_165				= 79F2, L: CHURROMAIN
I_166				= 79F2, L: CHURROMAIN
I_167				= 79F2, L: CHURROMAIN
I_168				= 7AA1, L: CHURROMAIN
I_169				= 7F2C, L: CHURROMAIN
I_17				= 4309, L: CHURROMAIN
I_170				= 7AA6, L: CHURROMAIN
I_171				= 7F0B, L: CHURROMAIN
I_172				= 7C08, L: CHURROMAIN
I_173				= 7B58, L: CHURROMAIN
I_174				= 7B4E, L: CHURROMAIN
I_174_UGE			= 7B3F, L: CHURROMAIN
I_174_ULE			= 7B49, L: CHURROMAIN
I_175				= 7B51, L: CHURROMAIN
I_176				= 7B5B, L: CHURROMAIN
I_177				= 7CA9, L: CHURROMAIN
I_178				= 7C1B, L: CHURROMAIN
I_178_UGE			= 7C12, L: CHURROMAIN
I_179_I_178			= 7C1E, L: CHURROMAIN
I_18				= 42E7, L: CHURROMAIN
I_180				= 7F0B, L: CHURROMAIN
I_181				= 7E14, L: CHURROMAIN
I_182_I_181			= 7E17, L: CHURROMAIN
I_183				= 7F0B, L: CHURROMAIN
I_184				= 7F0B, L: CHURROMAIN
I_185				= 7EAE, L: CHURROMAIN
I_186				= 7E8E, L: CHURROMAIN
I_187				= 7EAE, L: CHURROMAIN
I_188				= 7F08, L: CHURROMAIN
I_189				= 7EE8, L: CHURROMAIN
I_19				= 42FF, L: CHURROMAIN
I_190				= 7F08, L: CHURROMAIN
I_191				= 7F0B, L: CHURROMAIN
I_192				= 8024, L: CHURROMAIN
I_193				= 83C9, L: CHURROMAIN
I_194				= 806F, L: CHURROMAIN
I_195				= 83C3, L: CHURROMAIN
I_196				= 80D5, L: CHURROMAIN
I_197				= 8120, L: CHURROMAIN
I_198				= 80FC, L: CHURROMAIN
I_199				= 8103, L: CHURROMAIN
I_20				= 4341, L: CHURROMAIN
I_200				= 823F, L: CHURROMAIN
I_201				= 823F, L: CHURROMAIN
I_203				= 81EB, L: CHURROMAIN
I_204				= 81A0, L: CHURROMAIN
I_205				= 81AE, L: CHURROMAIN
I_206				= 81C2, L: CHURROMAIN
I_207				= 81E0, L: CHURROMAIN
I_208				= 823F, L: CHURROMAIN
I_209				= 829D, L: CHURROMAIN
I_21				= 437A, L: CHURROMAIN
I_210				= 82DA, L: CHURROMAIN
I_211				= 82C5, L: CHURROMAIN
I_212_I_211			= 82C8, L: CHURROMAIN
I_213				= 82FF, L: CHURROMAIN
I_214				= 82FF, L: CHURROMAIN
I_215				= 82EE, L: CHURROMAIN
I_216_I_215			= 82F1, L: CHURROMAIN
I_217				= 8339, L: CHURROMAIN
I_218				= 8320, L: CHURROMAIN
I_218_UGE			= 831E, L: CHURROMAIN
I_219_I_218			= 8323, L: CHURROMAIN
I_22				= 439C, L: CHURROMAIN
I_220				= 8362, L: CHURROMAIN
I_221				= 8362, L: CHURROMAIN
I_222				= 834D, L: CHURROMAIN
I_223_I_222			= 8350, L: CHURROMAIN
I_224				= 837E, L: CHURROMAIN
I_225				= 8396, L: CHURROMAIN
I_226				= 8396, L: CHURROMAIN
I_227				= 83C0, L: CHURROMAIN
I_228				= 83AB, L: CHURROMAIN
I_23				= 43CA, L: CHURROMAIN
I_230				= 83C0, L: CHURROMAIN
I_83				= 540A, L: CHURROMAIN
I_84				= 54EF, L: CHURROMAIN
I_85				= 540F, L: CHURROMAIN
I_86				= 5426, L: CHURROMAIN
I_87				= 54E4, L: CHURROMAIN
I_88				= 542B, L: CHURROMAIN
I_89				= 54E1, L: CHURROMAIN
KEYMAP0				= 854C, L: CPC_KEYSDATA
LEJP0				= 1350, L: CHURROMAIN
LINE_COUNTER			= 15AD, L: CHURROMAIN
LNJP0				= 12B5, L: CHURROMAIN
LOCALIZA_EFECTO			= 1339, L: CHURROMAIN
LOCALIZA_NOTA			= 123E, L: CHURROMAIN
LOOPER				= 5FD3, L: CHURROMAIN
LOOP_ALTO_2			= 887D, L: CPC_SHOWTILEMAP
LOOP_ALTO_MAP_SBUFFER		= 886D, L: CPC_SHOWTILEMAP
LOOP_ALTO_MAP_SBUFFER		= 8727, L: CPC_PUTTRSP8X16TILEMAP2BPX
LOOP_ALTO_MAP_SBUFFER		= 8695, L: CPC_PUTTRSP4X8TILEMAP2BPX
LOOP_ALTO_MAP_SBUFFER_SHIFTED	= 8754, L: CPC_PUTTRSP8X16TILEMAP2BPX
LOOP_ALTO_MAP_SBUFFER_SHIFTED	= 86B2, L: CPC_PUTTRSP4X8TILEMAP2BPX
LOOP_ANCHO_MAP_SBUFFER		= 886D, L: CPC_SHOWTILEMAP
LOUT				= 1036, L: CHURROMAIN
L_AND				= 8AA9, G: L_AND
L_ASL				= 8AB0, G: L_ASL
L_ASL1				= 8AB1, L: L_ASL
L_ASR_U				= 8AB7, G: L_ASR_U
L_ASR_U_1			= 8AB8, L: L_ASR_U
L_COM				= 8AC1, G: L_COM
L_DIV1				= 8AD3, L: L_DIV_U
L_DIV2				= 8ADD, L: L_DIV_U
L_DIV_U				= 8AC8, G: L_DIV_U
L_EQ				= 8AE7, G: L_EQ
L_GCHAR				= 8AEE, G: L_GCHAR
L_GINT				= 8AF4, G: L_GINT
L_GT				= 8AF9, G: L_GT
L_LNEG				= 8B05, G: L_LNEG
L_LT				= 8B0A, G: L_LT
L_MULT				= 8B16, G: L_MULT
L_MULT1				= 8B1D, L: L_MULT
L_MULT2				= 8B24, L: L_MULT
L_NE				= 8B27, G: L_NE
L_NEG				= 8B2E, G: L_NEG
L_OR				= 8B36, G: L_OR
L_PINT				= 8B3D, G: L_PINT
L_SXT				= 8AEF, L: L_GCHAR
L_UGE				= 8B43, G: L_UGE
L_UGT				= 8B4B, G: L_UGT
L_ULE				= 8B51, G: L_ULE
L_ULT				= 8B59, G: L_ULT
L_XOR				= 8B5F, G: L_XOR
MAIN_LOOP			= 89DA, L: CPC_UPDSCR
ML_MIN_FAPS_LOOP		= 437A, L: CHURROMAIN
ML_MIN_FAPS_LOOP_END		= 4381, L: CHURROMAIN
ML_UD_SKIP			= 80A0, L: CHURROMAIN
MSD0				= 78B5, L: CHURROMAIN
MSD1				= 78BE, L: CHURROMAIN
MSD2				= 78C7, L: CHURROMAIN
MSD3				= 78D0, L: CHURROMAIN
NEXTRAND			= 7180, L: CHURROMAIN
NOINC				= 85FA, L: CPC_TBLLOOKUP
NOINC1				= 850A, L: CPC_INVALIDATERECT
NOINC2				= 851D, L: CPC_INVALIDATERECT
NOINC3				= 852E, L: CPC_INVALIDATERECT
NOINCD				= 88E9, L: CPC_SHOWTOUCHEDTILES
NONEWBLACK			= 11E0, L: CHURROMAIN
NOTA				= 1420, L: CHURROMAIN
NO_BACKUP_ENVOLVENTE		= 1033, L: CHURROMAIN
NO_CHARACTER			= 5386, L: CHURROMAIN
NO_DEC_TEMPO			= 125D, L: CHURROMAIN
NO_ENVOLVENTE			= 1191, L: CHURROMAIN
NO_ENVOLVENTES_SONIDO		= 0FFF, L: CHURROMAIN
NO_FIN_CANAL_A			= 12F8, L: CHURROMAIN
NO_FIN_CANAL_P			= 1379, L: CHURROMAIN
NO_GALLUMB_LAIR			= 5682, L: CHURROMAIN
NO_INC_TEMPO			= 1262, L: CHURROMAIN
NO_INSTRUMENTO			= 1184, L: CHURROMAIN
NO_INTERACT_AND_RET		= 67FB, L: CHURROMAIN
NO_MODIFICA			= 119E, L: CHURROMAIN
NO_PUNTILLO			= 1171, L: CHURROMAIN
NO_RUIDO			= 100C, L: CHURROMAIN
NO_SILENCIO			= 1167, L: CHURROMAIN
NO_SILENCIO_A			= 1326, L: CHURROMAIN
NPTJP0				= 10AD, L: CHURROMAIN
N_SONIDO			= 14EC, L: CHURROMAIN
ORIGIN_LAST_ROW			= 864E, L: CPC_PUTSPTILEMAP8X16PX
ORIGIN_NEXT_ROW			= 863B, L: CPC_PUTSPTILEMAP8X16PX
ORIGIN_NEXT_ROW			= 85AD, L: CPC_PUTSPTILEMAP4X8PX
ORNMJP1				= 140A, L: CHURROMAIN
ORNNEG				= 13EC, L: CHURROMAIN
PAD_READ_LOOP			= 42AE, L: CHURROMAIN
PAD_READ_NOT_PRESSED		= 42C1, L: CHURROMAIN
PASA_BLOQUE_A_SBUFFER		= 8706, L: CPC_PUTTRSP8X16TILEMAP2BPX
PASA_BLOQUE_A_SBUFFER		= 8674, L: CPC_PUTTRSP4X8TILEMAP2BPX
PAUTA				= 1380, L: CHURROMAIN
PAUTAS				= 1214, L: CHURROMAIN
PAUTA_0				= 0895, L: CHURROMAIN
PAUTA_1				= 089E, L: CHURROMAIN
PAUTA_10			= 097E, L: CHURROMAIN
PAUTA_11			= 099D, L: CHURROMAIN
PAUTA_12			= 09AA, L: CHURROMAIN
PAUTA_13			= 09C5, L: CHURROMAIN
PAUTA_14			= 09CE, L: CHURROMAIN
PAUTA_15			= 09DB, L: CHURROMAIN
PAUTA_16			= 09EC, L: CHURROMAIN
PAUTA_2				= 08BB, L: CHURROMAIN
PAUTA_3				= 08CC, L: CHURROMAIN
PAUTA_4				= 08E3, L: CHURROMAIN
PAUTA_5				= 08FA, L: CHURROMAIN
PAUTA_7				= 0921, L: CHURROMAIN
PAUTA_8				= 0940, L: CHURROMAIN
PAUTA_9				= 0971, L: CHURROMAIN
PCAJP0				= 13A0, L: CHURROMAIN
PCAJP1				= 13B7, L: CHURROMAIN
PCAJP2				= 13CC, L: CHURROMAIN
PCAJP3				= 13EE, L: CHURROMAIN
PCAJP4				= 138C, L: CHURROMAIN
PCAJP5				= 1412, L: CHURROMAIN
PCAJP6				= 13FE, L: CHURROMAIN
PCAJP7				= 141C, L: CHURROMAIN
PCL1				= 672F, L: CHURROMAIN
PCL2				= 6749, L: CHURROMAIN
PKA_AT_NOST			= 632D, L: CHURROMAIN
PKA_CPU_ATTACKS			= 62A3, L: CHURROMAIN
PKA_DF_NOST			= 6342, L: CHURROMAIN
PKA_FX_BURN			= 6415, L: CHURROMAIN
PKA_FX_LEECH			= 6400, L: CHURROMAIN
PKA_FX_LOWER_AT			= 6446, L: CHURROMAIN
PKA_FX_LOWER_DF			= 642A, L: CHURROMAIN
PKA_HP_SET			= 63A7, L: CHURROMAIN
PKA_HP_ZERO			= 63A6, L: CHURROMAIN
PKA_MESSAGE			= 6460, L: CHURROMAIN
PKA_NOMISS			= 6379, L: CHURROMAIN
PKA_PLA_ATTACKS			= 6299, L: CHURROMAIN
PKA_SETUP_DONE			= 62AB, L: CHURROMAIN
PKS_BURN			= 649C, L: CHURROMAIN
PKS_BURN_AF_STORE		= 64A7, L: CHURROMAIN
PKS_CPU_ATTACKS			= 6474, L: CHURROMAIN
PKS_DMG_STORE			= 648B, L: CHURROMAIN
PKS_LEECH			= 64C7, L: CHURROMAIN
PKS_LEECH_AF_STORE		= 64D2, L: CHURROMAIN
PKS_LEECH_AT_STORE		= 64E1, L: CHURROMAIN
PKS_PLA_ATTACKS			= 646A, L: CHURROMAIN
PKS_SETUP_DONE			= 647C, L: CHURROMAIN
PK_ANDMG_BLINK_LOOP		= 6042, L: CHURROMAIN
PK_ANDMG_LOOP			= 5FFD, L: CHURROMAIN
PK_CLEAR_LOOP			= 6223, L: CHURROMAIN
PK_DELAY_LOOP			= 5F4A, L: CHURROMAIN
PK_DL_LOOP			= 5E7B, L: CHURROMAIN
PK_DL_NOBAR			= 5E86, L: CHURROMAIN
PK_IP_CA_LOOP			= 5E4D, L: CHURROMAIN
PK_IP_CS			= 5DFC, L: CHURROMAIN
PK_IP_CS_OP			= 5DF9, L: CHURROMAIN
PK_MESSAGE_L1_DONE		= 625F, L: CHURROMAIN
PK_MESSAGE_L2_DONE		= 6276, L: CHURROMAIN
PK_MESSAGE_NAME_DONE		= 6252, L: CHURROMAIN
PK_PAD_WAIT_LOOP		= 6109, L: CHURROMAIN
PK_PAD_WAIT_NOBREAK		= 6117, L: CHURROMAIN
PK_PAD_WAIT_SKIP_ARROW		= 612C, L: CHURROMAIN
PK_PA_CAN			= 617F, L: CHURROMAIN
PK_PA_LOOP			= 6159, L: CHURROMAIN
PK_PICKUP_CONTINUE		= 6568, L: CHURROMAIN
PK_PICKUP_LOOP			= 651C, L: CHURROMAIN
PK_PICKUP_OK1			= 6548, L: CHURROMAIN
PK_PICKUP_PP_CHECK		= 652B, L: CHURROMAIN
PK_PICKUP_RET			= 6566, L: CHURROMAIN
PK_PL_PICKUP_ATTACK_LOOP	= 656C, L: CHURROMAIN
PK_PORTRAIT_LOOP		= 5F0E, L: CHURROMAIN
PK_PORTRAIT_LOOP_ROW		= 5F10, L: CHURROMAIN
PK_PORTRAIT_PAINT		= 5F1C, L: CHURROMAIN
PK_PORTRAIT_PAINT_DONE		= 5F25, L: CHURROMAIN
PK_SIMPLE_MENU_DONE		= 60FA, L: CHURROMAIN
PK_SIMPLE_MENU_LOOP		= 607D, L: CHURROMAIN
PK_SM_DOWN_DONE			= 60AF, L: CHURROMAIN
PK_SM_DOWN_SET			= 60AC, L: CHURROMAIN
PK_SM_UP_DONE			= 6099, L: CHURROMAIN
PK_SM_UP_SET			= 6096, L: CHURROMAIN
PK_SSP_LOOP			= 61E7, L: CHURROMAIN
PK_SSP_NOUPD			= 6218, L: CHURROMAIN
PLAY				= 11C1, L: CHURROMAIN
PLAYER_FLICKER_CHECK_DONE	= 82B1, L: CHURROMAIN
PLAYER_FLICKER_CT_WRITE		= 82AE, L: CHURROMAIN
PLAYER_FLICKER_DONE_CHECK	= 829D, L: CHURROMAIN
PLAYER_GET_COIN			= 756F, L: CHURROMAIN
PLAYER_GET_COIN_DONE		= 759B, L: CHURROMAIN
PLAYER_OFF			= 1065, L: CHURROMAIN
PLAYER_RENDER_EMPTY		= 711A, L: CHURROMAIN
PLAYER_RENDER_GRAPHIC		= 711F, L: CHURROMAIN
PLAYER_RENDER_SET_SP0		= 7122, L: CHURROMAIN
PL_DIZZY_HORZ_DONE		= 7443, L: CHURROMAIN
PL_DIZZY_VERT_DONE		= 7289, L: CHURROMAIN
POKEMON_COMBAT_DONE		= 674F, L: CHURROMAIN
POKEMON_COMBAT_LOOP		= 670B, L: CHURROMAIN
POSICIONAR_PANTALLA		= 88FB, L: CPC_SHOWTOUCHEDTILES
POSICIONAR_SUPERBUFFER		= 88F2, L: CPC_SHOWTOUCHEDTILES
POSICIONES_PANTALLA		= 0406, G: TILEMAPCONF
POSICIONES_SUPER_BUFFER		= 0436, G: TILEMAPCONF
PRINT_PP_LOOP			= 61BD, L: CHURROMAIN
PRINT_STR_INV			= 4289, L: CHURROMAIN
PROCESS				= 88B5, L: CPC_SHOWTOUCHEDTILES
PROCESS_TOUCHED_BYTE		= 89F1, L: CPC_UPDSCR
PSG_REG				= 14F3, L: CHURROMAIN
PSG_REG_SEC			= 1503, L: CHURROMAIN
PUNTERO_A			= 14A8, L: CHURROMAIN
PUNTERO_B			= 14AA, L: CHURROMAIN
PUNTERO_C			= 14AC, L: CHURROMAIN
PUNTERO_DECA			= 14C6, L: CHURROMAIN
PUNTERO_DECB			= 14C8, L: CHURROMAIN
PUNTERO_DECC			= 14CA, L: CHURROMAIN
PUNTERO_DECP			= 14E0, L: CHURROMAIN
PUNTERO_EFECTO			= 14CC, L: CHURROMAIN
PUNTERO_L_DECA			= 14D4, L: CHURROMAIN
PUNTERO_L_DECB			= 14D6, L: CHURROMAIN
PUNTERO_L_DECC			= 14D8, L: CHURROMAIN
PUNTERO_L_DECP			= 14E2, L: CHURROMAIN
PUNTERO_P			= 14DA, L: CHURROMAIN
PUNTERO_P_A			= 14B4, L: CHURROMAIN
PUNTERO_P_A0			= 14BA, L: CHURROMAIN
PUNTERO_P_B			= 14B6, L: CHURROMAIN
PUNTERO_P_B0			= 14BC, L: CHURROMAIN
PUNTERO_P_C			= 14B8, L: CHURROMAIN
PUNTERO_P_C0			= 14BE, L: CHURROMAIN
PUNTERO_P_DECA			= 14C0, L: CHURROMAIN
PUNTERO_P_DECB			= 14C2, L: CHURROMAIN
PUNTERO_P_DECC			= 14C4, L: CHURROMAIN
PUNTERO_P_DECP			= 14DE, L: CHURROMAIN
PUNTERO_SONIDO			= 14ED, L: CHURROMAIN
QTILE_DO			= 4155, L: CHURROMAIN
RAND16				= 7164, L: CHURROMAIN
REDRAW_FROM_BUFFER_LOOP		= 5281, L: CHURROMAIN
REDRAW_FROM_BUFFER_SET_X	= 52AC, L: CHURROMAIN
REDRAW_SET_TILE			= 5293, L: CHURROMAIN
REG_NOTA_A			= 14CE, L: CHURROMAIN
REG_NOTA_B			= 14D0, L: CHURROMAIN
REG_NOTA_C			= 14D2, L: CHURROMAIN
RENDER_PLAYER			= 70F1, L: CHURROMAIN
REPRODUCE_EFECTO		= 0F9E, L: CHURROMAIN
REPRODUCE_EFECTO_LIMPIA_BIT	= 0FB7, L: CHURROMAIN
REPRODUCE_SONIDO		= 0F7F, L: CHURROMAIN
REPRODUCE_SONIDO_LIMPIA_BIT	= 0F98, L: CHURROMAIN
REPRODUCE_SONIDO_O_EFECTO	= 0FBD, L: CHURROMAIN
ROOM_00				= 6806, L: CHURROMAIN
ROOM_01				= 68AD, L: CHURROMAIN
ROOM_05				= 68D7, L: CHURROMAIN
ROOM_12				= 68E9, L: CHURROMAIN
ROOM_17				= 6923, L: CHURROMAIN
ROOM_24				= 695A, L: CHURROMAIN
ROOM_28				= 6994, L: CHURROMAIN
ROUT				= 1029, L: CHURROMAIN
RUN_CUTSCENE			= 51CD, L: CHURROMAIN
RUN_CUTSCENE_TB			= 51DD, L: CHURROMAIN
SELECT_CANAL_A			= 148F, L: CHURROMAIN
SELECT_CANAL_B			= 1496, L: CHURROMAIN
SELECT_CANAL_C			= 149D, L: CHURROMAIN
SET_MAP_TILE_DO			= 41CD, L: CHURROMAIN
SFX_H				= 14E6, L: CHURROMAIN
SFX_L				= 14E4, L: CHURROMAIN
SFX_MIX				= 14EA, L: CHURROMAIN
SFX_V				= 14E8, L: CHURROMAIN
SHOW_ANIM_DONE			= 6355, L: CHURROMAIN
SHOW_ANIM_OPPONENT		= 634D, L: CHURROMAIN
SHOW_ANIM_PLAYER		= 6352, L: CHURROMAIN
SHOW_DAMAGE_DONE		= 6394, L: CHURROMAIN
SHOW_DAMAGE_OPPONENT		= 638C, L: CHURROMAIN
SHOW_DAMAGE_PLAYER		= 6391, L: CHURROMAIN
SIG_LINEA_2			= 8894, L: CPC_SHOWTILEMAP
SILENCIO_ENVOLVENTE		= 1313, L: CHURROMAIN
SI_RUIDO			= 1012, L: CHURROMAIN
SKEEP				= 8AA5, L: CPC_UPDSCR
SKIPALL				= 88E1, L: CPC_SHOWTOUCHEDTILES
SOLOCOPIA			= 8812, L: CPC_SHOWTILEMAP
SONG				= 14A5, L: CHURROMAIN
SONIDO0				= 0A07, L: CHURROMAIN
SONIDO1				= 0A0E, L: CHURROMAIN
SONIDO2				= 0A18, L: CHURROMAIN
SONIDO3				= 0A22, L: CHURROMAIN
SONIDO4				= 0A2F, L: CHURROMAIN
SONIDO5				= 0A36, L: CHURROMAIN
SONIDO6				= 0A3A, L: CHURROMAIN
SONIDO7				= 0A47, L: CHURROMAIN
SONIDO8				= 0A54, L: CHURROMAIN
SONIDO9				= 0A61, L: CHURROMAIN
SONIDO_REGS			= 14F1, L: CHURROMAIN
SPRITE_CREATION			= 7FB9, L: CHURROMAIN
SP_BUFFER_MASK			= 871D, L: CPC_PUTTRSP8X16TILEMAP2BPX
SP_BUFFER_MASK			= 868B, L: CPC_PUTTRSP4X8TILEMAP2BPX
SP_SW_INIT_ENEMS_LOOP		= 7FF3, L: CHURROMAIN
SP_SW_INIT_TURNOFF_LOOP		= 8012, L: CHURROMAIN
START				= 0400, L: CPC_CRT0
STB_DO				= 5315, L: CHURROMAIN
STB_EXITLOOP			= 53CC, L: CHURROMAIN
STB_LOOP			= 5328, L: CHURROMAIN
STB_NOTOP			= 534A, L: CHURROMAIN
STB_REDRAW_DONE			= 53FA, L: CHURROMAIN
STB_TOP				= 5338, L: CHURROMAIN
STB_WAITKEY			= 53DA, L: CHURROMAIN
STR_GAMEOVER			= 6E47, L: CHURROMAIN
TABLA_DATOS_CANAL_SFX		= 1489, L: CHURROMAIN
TABLA_EFECTOS			= 1593, L: CHURROMAIN
TABLA_NOTAS			= 1428, L: CHURROMAIN
TABLA_PAUTAS			= 085F, L: CHURROMAIN
TABLA_SONG			= 1591, L: CHURROMAIN
TABLA_SONIDOS			= 0881, L: CHURROMAIN
TABLA_TECLAS0			= 8558, G: CPC_KEYSDATA
TECLA_0				= 8556, L: CPC_KEYSDATA
TEMPO				= 14A6, L: CHURROMAIN
TILEMAPCONF			= 0406, G: TILEMAPCONF
TILES				= 2378, G: CHURROMAIN
TITLE_LOOP			= 6EB0, L: CHURROMAIN
TITLE_NOT_AUX3			= 6EBF, L: CHURROMAIN
TRANSFERIR_MAP_SBUFFER		= 8867, L: CPC_SHOWTILEMAP
TRANSFERIR_MAP_SBUFFER_GREY	= 8A68, L: CPC_UPDSCR
TRANSFERIR_PANTALLA_A_SUPERBUFFER	= 881F, L: CPC_SHOWTILEMAP
TRANSFERIR_SPRITE		= 8706, L: CPC_PUTTRSP8X16TILEMAP2BPX
TRANSFERIR_SPRITE		= 8674, L: CPC_PUTTRSP4X8TILEMAP2BPX
TRANSF_BLOQUE_SB_PANTALLA	= 8909, L: CPC_SHOWTOUCHEDTILES
TTEMPO				= 14A7, L: CHURROMAIN
UCOPYTILE			= 8A4C, L: CPC_UPDSCR
VERT_COLLISION			= 72E1, L: CHURROMAIN
VERT_COLLISION_DONE		= 73C7, L: CHURROMAIN
VERT_COLLISION_DOWN		= 73A1, L: CHURROMAIN
VERT_COLLISION_IF1		= 7309, L: CHURROMAIN
VERT_COLLISION_IF2		= 7321, L: CHURROMAIN
VERT_COLLISION_IF3		= 736E, L: CHURROMAIN
VERT_COLLISION_IF4		= 7387, L: CHURROMAIN
VERT_COLLISION_NEGATIVE		= 72FF, L: CHURROMAIN
VERT_COLLISION_POSITIVE		= 7364, L: CHURROMAIN
VERT_COLLISION_UP		= 733C, L: CHURROMAIN
VERT_LIMIT_SKIP_1		= 7BDE, L: CHURROMAIN
VERT_LIMIT_SKIP_2		= 7C00, L: CHURROMAIN
VOL_INST_A			= 14CF, L: CHURROMAIN
VOL_INST_B			= 14D1, L: CHURROMAIN
VOL_INST_C			= 14D3, L: CHURROMAIN
WITHSIGN			= 061D, L: CHURROMAIN
WRITEPSGHL			= 104E, L: CHURROMAIN
WYZPLAYER_INIT			= 0F24, L: CHURROMAIN
WYZ_PLAYER_ISR			= 0F3D, L: CHURROMAIN
_00_TITLE_MUS_BIN		= 0A65, L: CHURROMAIN
_01_NOMO_MUS_BIN		= 0AD1, L: CHURROMAIN
_02_AYJO_MUS_BIN		= 0B39, L: CHURROMAIN
_03_CAVE_MUS_BIN		= 0B95, L: CHURROMAIN
_04_INVISIBLE_MUS_BIN		= 0C31, L: CHURROMAIN
_05_COCA_MUS_BIN		= 0C74, L: CHURROMAIN
_06_POKEMOS_MUS_BIN		= 0CD2, L: CHURROMAIN
_07_GAMEOVER_MUS_BIN		= 0DE3, L: CHURROMAIN
_08_SILENCE_MUS_BIN		= 0E53, L: CHURROMAIN
_09_ENDING_MUS_BIN		= 0E5E, L: CHURROMAIN
_ABS				= 718E, G: CHURROMAIN
_ABS_A				= 7011, G: CHURROMAIN
_ADJUST_TO_TILE_X		= 71AE, G: CHURROMAIN
_ADJUST_TO_TILE_Y		= 71C3, G: CHURROMAIN
_ADVANCE_WORM			= 7817, L: CHURROMAIN
_AMADOR_TALK			= 84D0, G: CHURROMAIN
_ANILLO_CT			= 841C, G: CHURROMAIN
_ANILLO_FIRST_TIME		= 8447, G: CHURROMAIN
_ANILLO_FLAG			= 84DB, G: CHURROMAIN
_ANILLO_USES			= 8415, G: CHURROMAIN
_ANIMATED_PTR			= 843B, G: CHURROMAIN
_ANIMATED_TILES_ADD_DONE	= 76D9, L: CHURROMAIN
_ASM_INT			= 84D1, G: CHURROMAIN
_ATTR				= 410B, G: CHURROMAIN
_ATTR_1				= 411B, L: CHURROMAIN
_ATTR_1B			= 4137, L: CHURROMAIN
_ATTR_2				= 4113, L: CHURROMAIN
_ATTR_END			= 414A, L: CHURROMAIN
_ATTR_ENEMS			= 4125, L: CHURROMAIN
_ATTR_ENEMS_SKIP_1		= 412D, L: CHURROMAIN
_A_EMBER			= 5B74, G: CHURROMAIN
_A_GROWL			= 5B24, G: CHURROMAIN
_A_LEECHSEED			= 5B44, G: CHURROMAIN
_A_LEER				= 5B84, G: CHURROMAIN
_A_LIST				= 5B24, L: CHURROMAIN
_A_SCRATCH			= 5B64, G: CHURROMAIN
_A_TACKLE			= 5B34, G: CHURROMAIN
_A_VINEWHIP			= 5B54, G: CHURROMAIN
_BACK_FROM_COMECOCOS_SCREEN	= 5600, G: CHURROMAIN
_BEEPET				= 40F2, G: CHURROMAIN
_BILBOS_HANGOVER		= 5664, G: CHURROMAIN
_BITMASK			= 05EE, G: CHURROMAIN
_BLACKOUT			= 6E52, G: CHURROMAIN
_BOTTOM_STRING			= 4407, G: CHURROMAIN
_BUBASAUR			= 5B94, G: CHURROMAIN
_CALC_BADDIES_POINTER		= 7070, G: CHURROMAIN
_CALC_HOTSPOT_PTR		= 772F, G: CHURROMAIN
_CERROJOS			= 2378, G: CHURROMAIN
_CHARMANDER			= 5BAC, G: CHURROMAIN
_CLEAR_TEMP_STRING		= 52B8, G: CHURROMAIN
_COCOS_COUNT			= 844F, G: CHURROMAIN
_COINS_OLD			= 84D9, G: CHURROMAIN
_COLLIDE_ENEM			= 7132, G: CHURROMAIN
_COMECOCOS_ON			= 8450, G: CHURROMAIN
_COMPORTAMIENTO_TILES		= 0566, G: CHURROMAIN
_CPC_BORDER			= 438C, G: CHURROMAIN
_CPC_HARDPAUSE			= 43CB, G: CHURROMAIN
_CPC_SCREEN_UPDATE_DONE		= 437A, L: CHURROMAIN
_CPC_SCREEN_UPDATE_INV_LOOP	= 4318, L: CHURROMAIN
_CPC_SCREEN_UPDATE_INV_RET	= 433A, L: CHURROMAIN
_CPC_SCREEN_UPDATE_UPD_BUFFER	= 4341, L: CHURROMAIN
_CPC_SCREEN_UPDATE_UPD_LOOP	= 4352, L: CHURROMAIN
_CPC_SCREEN_UPDATE_UPD_RET	= 4375, L: CHURROMAIN
_CPC_UPDATENOW			= 430A, G: CHURROMAIN
_CUADRATORS_FLIPFLOP		= 7C98, L: CHURROMAIN
_CUADRATORS_UPDATE_DONE		= 7CA6, L: CHURROMAIN
_CUADRATORS_UPDATE_X		= 7C2C, L: CHURROMAIN
_CUADRATORS_UPDATE_Y		= 7C63, L: CHURROMAIN
_DECOS0				= 4420, G: CHURROMAIN
_DECOS1				= 4423, G: CHURROMAIN
_DECOS2				= 4428, G: CHURROMAIN
_DECOS3				= 4445, G: CHURROMAIN
_DECOS4				= 4448, G: CHURROMAIN
_DECOS5				= 444B, G: CHURROMAIN
_DECOS_ENDING			= 444E, G: CHURROMAIN
_DEF_KEYS			= 05BB, G: CHURROMAIN
_DEF_KEYS_JOY			= 05D3, G: CHURROMAIN
_DELAYED_CT			= 8476, G: CHURROMAIN
_DO_EXTERN_ACTION		= 6FEE, G: CHURROMAIN
_DRAW_2_DIGITS			= 4212, G: CHURROMAIN
_DRAW_AND_ADVANCE		= 76BA, G: CHURROMAIN
_DRAW_COLOURED_TILE		= 416B, G: CHURROMAIN
_DRAW_COLOURED_TILE_DO		= 417F, L: CHURROMAIN
_DRAW_CUR_SCREEN_DECOS		= 54F0, G: CHURROMAIN
_DRAW_DECOS			= 5235, G: CHURROMAIN
_DRAW_SCR			= 78DA, G: CHURROMAIN
_DRAW_SCR_ADVANCE_LOOP		= 7801, L: CHURROMAIN
_DRAW_SCR_ADVANCE_LOOP_DONE	= 7812, L: CHURROMAIN
_DRAW_SCR_BACKGROUND		= 77BB, G: CHURROMAIN
_DRAW_SCR_GET_SCR_ADDRESS	= 77D6, L: CHURROMAIN
_DRAW_SCR_LOOP			= 77EA, L: CHURROMAIN
_DRAW_SCR_LOOP_DONE		= 7821, L: CHURROMAIN
_DRAW_SCR_RLE			= 77EA, L: CHURROMAIN
_DRAW_TEXT			= 4254, G: CHURROMAIN
_DRAW_TEXT_CBC			= 52C7, G: CHURROMAIN
_DWARF_CT			= 8422, G: CHURROMAIN
_DWARF_NAMES			= 5124, G: CHURROMAIN
_DWARF_TALK			= 842D, G: CHURROMAIN
_ENEMS_CALC_FRAME		= 7825, G: CHURROMAIN
_ENEMS_CUSTOM_COLLISION		= 6C2A, G: CHURROMAIN
_ENEMS_EN_AN_CALC		= 784F, G: CHURROMAIN
_ENEMS_INIT			= 78E6, L: CHURROMAIN
_ENEMY_ANIMATE_UPDATE_COUNT	= 7DDE, L: CHURROMAIN
_ENEMY_DIED			= 841F, G: CHURROMAIN
_ENEMY_KILLER			= 843E, G: CHURROMAIN
_ENEM_CELLS			= 7001, G: CHURROMAIN
_ENIT				= 845B, G: CHURROMAIN
_ENOFFS				= 844D, G: CHURROMAIN
_ENOFFSMASI			= 84CB, G: CHURROMAIN
_ENOFFS_INDEX			= 4049, G: CHURROMAIN
_EN_BG_COLLISION		= 7CA9, L: CHURROMAIN
_EN_BG_COLLISION_CHECK		= 7D80, L: CHURROMAIN
_EN_BG_COLLISION_END		= 7DC3, L: CHURROMAIN
_EN_BG_COLLISION_HORZ		= 7CB5, L: CHURROMAIN
_EN_BG_COLLISION_HORZ_DONE	= 7D14, L: CHURROMAIN
_EN_BG_COLLISION_VERT		= 7D1D, L: CHURROMAIN
_EN_BG_COLLISION_VERT_DONE	= 7D7B, L: CHURROMAIN
_EN_BG_COL_MARRH_DONE		= 7D0B, L: CHURROMAIN
_EN_BG_COL_MARRV_DONE		= 7D72, L: CHURROMAIN
_EN_CCX				= 8437, G: CHURROMAIN
_EN_CCY				= 8438, G: CHURROMAIN
_EN_CX				= 8413, G: CHURROMAIN
_EN_CY				= 8414, G: CHURROMAIN
_EN_J				= 8455, G: CHURROMAIN
_EN_TOCADO			= 05EB, G: CHURROMAIN
_EN_X				= 8457, G: CHURROMAIN
_EN_XX				= 841A, G: CHURROMAIN
_EN_Y				= 8458, G: CHURROMAIN
_EN_YY				= 841B, G: CHURROMAIN
_ESPERA_ACTIVA			= 42E7, G: CHURROMAIN
_EZG_OLD			= 8421, G: CHURROMAIN
_FLAGS				= 8416, G: CHURROMAIN
_FONT				= 2378, L: CHURROMAIN
_GALLUMB_FLAG			= 8452, G: CHURROMAIN
_GAME_ENDING			= 6ED5, G: CHURROMAIN
_GAME_LOOP_FLAG			= 84CE, G: CHURROMAIN
_GAME_OVER			= 6F1F, G: CHURROMAIN
_GANDALF_TALK			= 8419, G: CHURROMAIN
_GET_COIN			= 7195, G: CHURROMAIN
_GET_POINTER_TO_ENEM		= 702A, G: CHURROMAIN
_GPCX				= 845C, G: CHURROMAIN
_GPCY				= 845E, G: CHURROMAIN
_GPIT				= 8463, G: CHURROMAIN
_GPX				= 84BF, G: CHURROMAIN
_GPXX				= 8468, G: CHURROMAIN
_GPY				= 84C0, G: CHURROMAIN
_GPYY				= 8469, G: CHURROMAIN
_GP_GEN				= 8445, G: CHURROMAIN
_GP_GEN_ALT			= 8417, G: CHURROMAIN
_GP_GEN_ORG			= 841D, G: CHURROMAIN
_HALF_LIFE			= 8410, G: CHURROMAIN
_HOOK_ENTERING			= 6B4F, G: CHURROMAIN
_HOOK_GAME_OVER			= 6C26, G: CHURROMAIN
_HOOK_HOTSPOTS			= 6B86, G: CHURROMAIN
_HOOK_INIT_GAME			= 6757, G: CHURROMAIN
_HOOK_INIT_MAINLOOP		= 67A8, G: CHURROMAIN
_HOOK_MAINLOOP			= 69CA, G: CHURROMAIN
_HOOK_SYSTEM_INITS		= 6756, G: CHURROMAIN
_HOTSPOTS			= 4074, G: CHURROMAIN
_HOTSPOTS_DONE			= 8248, L: CHURROMAIN
_HOTSPOTS_ELSE			= 8241, L: CHURROMAIN
_HOTSPOT_FLAG			= 8435, G: CHURROMAIN
_HOTSPOT_PAINT			= 773A, G: CHURROMAIN
_HOTSPOT_T			= 840D, G: CHURROMAIN
_HOTSPOT_T_R			= 8478, G: CHURROMAIN
_HOTSPOT_X			= 840E, G: CHURROMAIN
_HOTSPOT_Y			= 840F, G: CHURROMAIN
_IDX				= 848A, G: CHURROMAIN
_INIT_HOTSPOTS			= 76AB, G: CHURROMAIN
_INIT_PLAYER			= 7697, G: CHURROMAIN
_INIT_PLAYER_VALUES		= 763E, G: CHURROMAIN
_INSERT_DWARF_NAME		= 521D, G: CHURROMAIN
_INSIDE_GALLUMB_LAIR		= 8459, G: CHURROMAIN
_INTERACTIONS			= 67D4, G: CHURROMAIN
_INTERACT_FLAG			= 84DA, G: CHURROMAIN
_INTRO_TEXT			= 8425, G: CHURROMAIN
_INVALIDATE_VIEWPORT		= 4206, G: CHURROMAIN
_ISR				= 7F3F, L: CHURROMAIN
_ISR_PLAYER_ON			= 8406, G: CHURROMAIN
_ITEM_OLD			= 8489, G: CHURROMAIN
_JETPAC_FRAME_COUNTER		= 84BA, G: CHURROMAIN
_JUST_PASSED_OUT		= 8407, G: CHURROMAIN
_KEYS_OLD			= 84C6, G: CHURROMAIN
_KILLED_OLD			= 8420, G: CHURROMAIN
_LAST_ESTADO			= 8426, G: CHURROMAIN
_LATEST_HOTSPOT			= 84CF, G: CHURROMAIN
_LAUNCH_COMECOCOS_SCREEN	= 55B0, G: CHURROMAIN
_LIFE_OLD			= 8436, G: CHURROMAIN
_MAIN				= 7F2D, G: CHURROMAIN
_MAINCOUNTER			= 846E, G: CHURROMAIN
_MALOTES			= 3E7B, G: CHURROMAIN
_MAPA				= 15AE, G: CHURROMAIN
_MARRULLERS_SELECT_DIRECTION	= 7896, G: CHURROMAIN
_MISSION0			= 5051, G: CHURROMAIN
_MISSION1			= 5068, G: CHURROMAIN
_MISSION2			= 507F, G: CHURROMAIN
_MISSION3			= 5096, G: CHURROMAIN
_MISSION4			= 50AD, G: CHURROMAIN
_MISSIONS			= 511A, G: CHURROMAIN
_MOVE				= 71E3, G: CHURROMAIN
_MUEVE_BICHARRACOS		= 7A84, G: CHURROMAIN
_MY_INKS			= 05F6, G: CHURROMAIN
_N_ENEMS			= 8402, G: CHURROMAIN
_N_PANT				= 8454, G: CHURROMAIN
_N_PANT_WAS			= 8464, G: CHURROMAIN
_OBJS_OLD			= 8467, G: CHURROMAIN
_ON_PANT			= 844A, G: CHURROMAIN
_ORIG_TILE			= 84D6, G: CHURROMAIN
_PA1				= 847E, G: CHURROMAIN
_PA2				= 847F, G: CHURROMAIN
_PA3				= 8481, G: CHURROMAIN
_PA4				= 8482, G: CHURROMAIN
_PA5				= 8483, G: CHURROMAIN
_PA6				= 8484, G: CHURROMAIN
_PAD0				= 8453, G: CHURROMAIN
_PAD1				= 05EC, G: CHURROMAIN
_PAD_READ			= 429C, G: CHURROMAIN
_PAD_THIS_FRAME			= 05ED, G: CHURROMAIN
_PAL_SET			= 4395, G: CHURROMAIN
_PAN				= 84BB, G: CHURROMAIN
_PANT_JUST_RENDERED		= 84D3, G: CHURROMAIN
_PK_ACCURACY			= 840C, G: CHURROMAIN
_PK_ANIMATE_DAMAGED		= 5FE9, G: CHURROMAIN
_PK_ANIMATE_DEATH		= 5FD1, G: CHURROMAIN
_PK_ANIMATE_PORTRAIT		= 5F4E, G: CHURROMAIN
_PK_AT				= 842A, G: CHURROMAIN
_PK_ATTACK			= 6293, G: CHURROMAIN
_PK_ATTACK_CYCLE		= 659D, G: CHURROMAIN
_PK_BASE			= 8430, G: CHURROMAIN
_PK_CALC_DAMAGE			= 5D8E, G: CHURROMAIN
_PK_CALC_HP			= 5D43, G: CHURROMAIN
_PK_CALC_STAT			= 5CFF, G: CHURROMAIN
_PK_CLEAR_REC			= 621C, G: CHURROMAIN
_PK_DELAY			= 5F48, G: CHURROMAIN
_PK_DF				= 8427, G: CHURROMAIN
_PK_DISPLAY_LIFE		= 5E5F, G: CHURROMAIN
_PK_EFFORT			= 8477, G: CHURROMAIN
_PK_INIT_POKEMON_PA1_FROM_PTR	= 5DDD, G: CHURROMAIN
_PK_ITEM			= 8443, G: CHURROMAIN
_PK_ITEMS_MENU			= 5CBE, G: CHURROMAIN
_PK_IV				= 842E, G: CHURROMAIN
_PK_LEVEL			= 84D8, G: CHURROMAIN
_PK_MAIN_MENU			= 5C7D, G: CHURROMAIN
_PK_MESSAGE			= 623E, G: CHURROMAIN
_PK_MESSAGE_CYCLE		= 6289, G: CHURROMAIN
_PK_MESSAGE_WIPE		= 627D, G: CHURROMAIN
_PK_ML1				= 846A, G: CHURROMAIN
_PK_ML2				= 846C, G: CHURROMAIN
_PK_OP_ATTACK			= 8474, G: CHURROMAIN
_PK_OP_PICKUP_ATTACK		= 651A, G: CHURROMAIN
_PK_PAD_WAIT			= 6104, G: CHURROMAIN
_PK_PL_ATTACK			= 843D, G: CHURROMAIN
_PK_PL_PICKUP_ATTACK		= 656C, G: CHURROMAIN
_PK_PORTRAIT			= 5EF5, G: CHURROMAIN
_PK_PRINT_ATTACKS		= 61A2, G: CHURROMAIN
_PK_PRINT_ITEMS_MENU		= 61DD, G: CHURROMAIN
_PK_PRINT_MAIN_MENU		= 61D6, G: CHURROMAIN
_PK_PRINT_MENU			= 614C, G: CHURROMAIN
_PK_PW				= 8431, G: CHURROMAIN
_PK_SIMPLE_MENU			= 606F, G: CHURROMAIN
_PK_SSP				= 61E4, G: CHURROMAIN
_PK_STATUS_EFFECTS		= 6464, G: CHURROMAIN
_PK_TEMP			= 844B, G: CHURROMAIN
_PK_TURN			= 845A, G: CHURROMAIN
_PK_UPDATE_DISPLAYS		= 5E9B, G: CHURROMAIN
_PK_WIN				= 8486, G: CHURROMAIN
_PLATFORM_GET_PLAYER		= 7A53, G: CHURROMAIN
_PLAYER				= 848C, G: CHURROMAIN
_PLAYER_CELLS			= 6FEF, G: CHURROMAIN
_PLAYER_FLICKER			= 71D8, G: CHURROMAIN
_PLAYER_JUST_DIED		= 8444, G: CHURROMAIN
_PLAYING			= 8462, G: CHURROMAIN
_POKEMON_COMBAT			= 66AF, G: CHURROMAIN
_POKEMON_TILES			= 586C, L: CHURROMAIN
_PRINT_TILE_INV			= 51E7, G: CHURROMAIN
_PRXX				= 847C, G: CHURROMAIN
_PRYY				= 847D, G: CHURROMAIN
_PSK				= 84CD, G: CHURROMAIN
_PTGMX				= 843F, G: CHURROMAIN
_PTGMY				= 8441, G: CHURROMAIN
_PTI				= 84C9, G: CHURROMAIN
_PTJ				= 84CA, G: CHURROMAIN
_PTX1				= 8470, G: CHURROMAIN
_PTX2				= 8471, G: CHURROMAIN
_PTY1				= 8472, G: CHURROMAIN
_PTY2				= 8473, G: CHURROMAIN
_P_DST				= 8423, G: CHURROMAIN
_P_PTR				= 842B, G: CHURROMAIN
_QTILE				= 414D, G: CHURROMAIN
_RAND				= 7164, G: CHURROMAIN
_RDA				= 84BC, G: CHURROMAIN
_RDB				= 84BD, G: CHURROMAIN
_RDC				= 84BE, G: CHURROMAIN
_RDD				= 84C1, G: CHURROMAIN
_RDI				= 84C2, G: CHURROMAIN
_RDJ				= 84C3, G: CHURROMAIN
_RDMT				= 846F, G: CHURROMAIN
_RDN				= 84C5, G: CHURROMAIN
_RDT1				= 8460, G: CHURROMAIN
_RDT2				= 8461, G: CHURROMAIN
_RDX				= 84C7, G: CHURROMAIN
_RDY				= 84C8, G: CHURROMAIN
_RECUADRIUS			= 5400, G: CHURROMAIN
_REDRAW_AFTER_TEXT		= 8456, G: CHURROMAIN
_REDRAW_FROM_BUFFER		= 5276, G: CHURROMAIN
_RENDER_ALL_SPRITES		= 707D, G: CHURROMAIN
_RENDER_THIS_ENEMY		= 703E, G: CHURROMAIN
_SACA_A_TODO_EL_MUNDO_DE_AQUI	= 7017, G: CHURROMAIN
_SEED				= 8465, G: CHURROMAIN
_SET_MAP_TILE			= 41B2, G: CHURROMAIN
_SET_TS				= 66A8, G: CHURROMAIN
_SHOW_TEXT_BOX			= 52FA, G: CHURROMAIN
_SKIP_AY_PLAYER			= 7F67, L: CHURROMAIN
_SMAUG_TALK			= 8451, G: CHURROMAIN
_SM_COX				= 3D93, G: CHURROMAIN
_SM_COY				= 3DA4, G: CHURROMAIN
_SM_INVFUNC			= 3DB5, G: CHURROMAIN
_SM_SPRPTR			= 3DF9, G: CHURROMAIN
_SM_UPDFUNC			= 3DD7, G: CHURROMAIN
_SONIA_TALK			= 8480, G: CHURROMAIN
_SPRITES			= 3953, G: CHURROMAIN
_SPRITE_18_A			= 3E1B, G: CHURROMAIN
_SSP_X				= 8448, G: CHURROMAIN
_SSP_Y				= 8449, G: CHURROMAIN
_STR_BURN			= 5C20, G: CHURROMAIN
_STR_BURNING			= 5C48, G: CHURROMAIN
_STR_DEFEATED			= 5C72, G: CHURROMAIN
_STR_FAILED			= 5BD9, G: CHURROMAIN
_STR_GENITIVE			= 5C56, G: CHURROMAIN
_STR_INFECTED			= 5C39, G: CHURROMAIN
_STR_IS				= 5C1C, G: CHURROMAIN
_STR_LEECH			= 5C0C, G: CHURROMAIN
_STR_LOW_ATTACK			= 5C65, G: CHURROMAIN
_STR_LOW_DEF			= 5C57, G: CHURROMAIN
_STR_NOMORE1			= 5BF5, G: CHURROMAIN
_STR_NOMORE2			= 5BFF, G: CHURROMAIN
_STR_REGAIN			= 5C2A, G: CHURROMAIN
_STR_USED			= 5BD4, G: CHURROMAIN
_STR_USELESS			= 5BE5, G: CHURROMAIN
_STR_WIPE			= 5BC4, G: CHURROMAIN
_SUCCESS			= 84D7, G: CHURROMAIN
_S_MARCO			= 6E47, G: CHURROMAIN
_S_POKEMON			= 568D, G: CHURROMAIN
_S_TITLE			= 6C78, G: CHURROMAIN
_TEMP_STRING			= 43EE, G: CHURROMAIN
_TEXT0				= 4457, G: CHURROMAIN
_TEXT1				= 4494, G: CHURROMAIN
_TEXT10				= 4719, G: CHURROMAIN
_TEXT11				= 4736, G: CHURROMAIN
_TEXT12				= 4799, G: CHURROMAIN
_TEXT13				= 47FF, G: CHURROMAIN
_TEXT14				= 484E, G: CHURROMAIN
_TEXT17				= 48A4, G: CHURROMAIN
_TEXT18				= 48BF, G: CHURROMAIN
_TEXT19				= 491C, G: CHURROMAIN
_TEXT2				= 44D2, G: CHURROMAIN
_TEXT20				= 4989, G: CHURROMAIN
_TEXT21				= 49E5, G: CHURROMAIN
_TEXT22				= 4A17, G: CHURROMAIN
_TEXT23				= 4A71, G: CHURROMAIN
_TEXT24				= 4AA4, G: CHURROMAIN
_TEXT25				= 4B0D, G: CHURROMAIN
_TEXT26				= 4B5E, G: CHURROMAIN
_TEXT27				= 4B92, G: CHURROMAIN
_TEXT28				= 4BE0, G: CHURROMAIN
_TEXT29				= 4C3D, G: CHURROMAIN
_TEXT3				= 44FD, G: CHURROMAIN
_TEXT30				= 4C9C, G: CHURROMAIN
_TEXT31				= 4CF3, G: CHURROMAIN
_TEXT32				= 4D3C, G: CHURROMAIN
_TEXT33				= 4D83, G: CHURROMAIN
_TEXT34				= 4DE2, G: CHURROMAIN
_TEXT35				= 4E39, G: CHURROMAIN
_TEXT36				= 4E8C, G: CHURROMAIN
_TEXT37				= 4F01, G: CHURROMAIN
_TEXT38				= 4F29, G: CHURROMAIN
_TEXT39				= 4F6F, G: CHURROMAIN
_TEXT4				= 4530, G: CHURROMAIN
_TEXT40				= 4F96, G: CHURROMAIN
_TEXT41				= 4FC5, G: CHURROMAIN
_TEXT42				= 4FF7, G: CHURROMAIN
_TEXT5				= 4590, G: CHURROMAIN
_TEXT6				= 45F1, G: CHURROMAIN
_TEXT7				= 4644, G: CHURROMAIN
_TEXT8				= 4691, G: CHURROMAIN
_TEXT9				= 46EE, G: CHURROMAIN
_TEXTS				= 50C4, G: CHURROMAIN
_TFN_A				= 8439, G: CHURROMAIN
_TFN_B				= 843A, G: CHURROMAIN
_TILESET			= 2378, G: CHURROMAIN
_TILESETC			= 3378, L: CHURROMAIN
_TILES_TOCADOS_PTR		= 89EF, L: CPC_UPDSCR
_TITLE_SCREEN			= 6E71, G: CHURROMAIN
_TOP_STRING			= 43D5, G: CHURROMAIN
_TOUCH_TILE			= 5631, G: CHURROMAIN
_TRPIXLUTC			= 0596, G: CHURROMAIN
_TSPATTERNS			= 2778, L: CHURROMAIN
_T_ALT				= 8429, G: CHURROMAIN
_UPDATE_MISSION			= 51FA, G: CHURROMAIN
_WALL				= 8475, G: CHURROMAIN
_WYZ_BEAT_CT			= 8428, G: CHURROMAIN
_WYZ_INIT			= 0EF0, G: CHURROMAIN
_WYZ_PLAY_MUSIC			= 0EFB, G: CHURROMAIN
_WYZ_PLAY_SOUND			= 0F15, G: CHURROMAIN
_WYZ_SONGS			= 0EDC, G: CHURROMAIN
_WYZ_STOP_SOUND			= 0F1C, G: CHURROMAIN
_XWAS				= 8487, G: CHURROMAIN
_YWAS				= 8488, G: CHURROMAIN
__BADDIES_POINTER		= 84D4, G: CHURROMAIN
__CTILEOFF			= 7D9C, L: CHURROMAIN
__CTILEOFF_1			= 7DA2, L: CHURROMAIN
__EN_LIFE			= 847B, G: CHURROMAIN
__EN_MX				= 8411, G: CHURROMAIN
__EN_MY				= 8412, G: CHURROMAIN
__EN_T				= 8403, G: CHURROMAIN
__EN_X				= 8404, G: CHURROMAIN
__EN_X1				= 8408, G: CHURROMAIN
__EN_X2				= 8409, G: CHURROMAIN
__EN_Y				= 8405, G: CHURROMAIN
__EN_Y1				= 840A, G: CHURROMAIN
__EN_Y2				= 840B, G: CHURROMAIN
__N				= 842F, G: CHURROMAIN
__T				= 8432, G: CHURROMAIN
__TILE_ADDRESS			= 40F3, G: CHURROMAIN
__X				= 8433, G: CHURROMAIN
__X2				= 8479, G: CHURROMAIN
__Y				= 8434, G: CHURROMAIN
__Y2				= 847A, G: CHURROMAIN
___Y				= 8485, G: CHURROMAIN


START				= 0400, L: CPC_CRT0
TILEMAPCONF			= 0406, G: TILEMAPCONF
POSICIONES_PANTALLA		= 0406, G: TILEMAPCONF
POSICIONES_SUPER_BUFFER		= 0436, G: TILEMAPCONF
BEHINDTILEMASKS			= 0466, G: TILEMAPCONF
_COMPORTAMIENTO_TILES		= 0566, G: CHURROMAIN
_TRPIXLUTC			= 0596, G: CHURROMAIN
_DEF_KEYS			= 05BB, G: CHURROMAIN
_DEF_KEYS_JOY			= 05D3, G: CHURROMAIN
_EN_TOCADO			= 05EB, G: CHURROMAIN
_PAD1				= 05EC, G: CHURROMAIN
_PAD_THIS_FRAME			= 05ED, G: CHURROMAIN
_BITMASK			= 05EE, G: CHURROMAIN
_MY_INKS			= 05F6, G: CHURROMAIN
HLSHR6_A			= 0606, L: CHURROMAIN
ASHL16_HL			= 0611, L: CHURROMAIN
WITHSIGN			= 061D, L: CHURROMAIN
DZX0_STANDARD			= 0625, L: CHURROMAIN
DEPACK				= 0625, L: CHURROMAIN
DZX0S_LITERALS			= 062C, L: CHURROMAIN
DZX0S_COPY			= 0637, L: CHURROMAIN
DZX0S_NEW_OFFSET		= 0641, L: CHURROMAIN
DZX0S_ELIAS			= 065A, L: CHURROMAIN
DZX0S_ELIAS_LOOP		= 065B, L: CHURROMAIN
DZX0S_ELIAS_SKIP		= 0661, L: CHURROMAIN
DZX0S_ELIAS_BACKTRACK		= 0662, L: CHURROMAIN
EFECTO0				= 0669, L: CHURROMAIN
EFECTO1				= 070C, L: CHURROMAIN
EFECTO2				= 0728, L: CHURROMAIN
EFECTO3				= 0738, L: CHURROMAIN
EFECTO4				= 0748, L: CHURROMAIN
EFECTO5				= 0758, L: CHURROMAIN
EFECTO6				= 0777, L: CHURROMAIN
EFECTO7				= 0796, L: CHURROMAIN
EFECTO8				= 07B5, L: CHURROMAIN
EFECTO9				= 07C5, L: CHURROMAIN
EFECTO10			= 0802, L: CHURROMAIN
EFECTO11			= 0821, L: CHURROMAIN
EFECTO12			= 0840, L: CHURROMAIN
TABLA_PAUTAS			= 085F, L: CHURROMAIN
TABLA_SONIDOS			= 0881, L: CHURROMAIN
PAUTA_0				= 0895, L: CHURROMAIN
PAUTA_1				= 089E, L: CHURROMAIN
PAUTA_2				= 08BB, L: CHURROMAIN
PAUTA_3				= 08CC, L: CHURROMAIN
PAUTA_4				= 08E3, L: CHURROMAIN
PAUTA_5				= 08FA, L: CHURROMAIN
PAUTA_7				= 0921, L: CHURROMAIN
PAUTA_8				= 0940, L: CHURROMAIN
PAUTA_9				= 0971, L: CHURROMAIN
PAUTA_10			= 097E, L: CHURROMAIN
PAUTA_11			= 099D, L: CHURROMAIN
PAUTA_12			= 09AA, L: CHURROMAIN
PAUTA_13			= 09C5, L: CHURROMAIN
PAUTA_14			= 09CE, L: CHURROMAIN
PAUTA_15			= 09DB, L: CHURROMAIN
PAUTA_16			= 09EC, L: CHURROMAIN
SONIDO0				= 0A07, L: CHURROMAIN
SONIDO1				= 0A0E, L: CHURROMAIN
SONIDO2				= 0A18, L: CHURROMAIN
SONIDO3				= 0A22, L: CHURROMAIN
SONIDO4				= 0A2F, L: CHURROMAIN
SONIDO5				= 0A36, L: CHURROMAIN
SONIDO6				= 0A3A, L: CHURROMAIN
SONIDO7				= 0A47, L: CHURROMAIN
SONIDO8				= 0A54, L: CHURROMAIN
SONIDO9				= 0A61, L: CHURROMAIN
_00_TITLE_MUS_BIN		= 0A65, L: CHURROMAIN
_01_NOMO_MUS_BIN		= 0AD1, L: CHURROMAIN
_02_AYJO_MUS_BIN		= 0B39, L: CHURROMAIN
_03_CAVE_MUS_BIN		= 0B95, L: CHURROMAIN
_04_INVISIBLE_MUS_BIN		= 0C31, L: CHURROMAIN
_05_COCA_MUS_BIN		= 0C74, L: CHURROMAIN
_06_POKEMOS_MUS_BIN		= 0CD2, L: CHURROMAIN
_07_GAMEOVER_MUS_BIN		= 0DE3, L: CHURROMAIN
_08_SILENCE_MUS_BIN		= 0E53, L: CHURROMAIN
_09_ENDING_MUS_BIN		= 0E5E, L: CHURROMAIN
_WYZ_SONGS			= 0EDC, G: CHURROMAIN
_WYZ_INIT			= 0EF0, G: CHURROMAIN
_WYZ_PLAY_MUSIC			= 0EFB, G: CHURROMAIN
_WYZ_PLAY_SOUND			= 0F15, G: CHURROMAIN
_WYZ_STOP_SOUND			= 0F1C, G: CHURROMAIN
WYZPLAYER_INIT			= 0F24, L: CHURROMAIN
WYZ_PLAYER_ISR			= 0F3D, L: CHURROMAIN
INICIO				= 0F3D, L: CHURROMAIN
INICIA_SONIDO			= 0F54, L: CHURROMAIN
INICIA_EFECTO			= 0F64, L: CHURROMAIN
REPRODUCE_SONIDO		= 0F7F, L: CHURROMAIN
REPRODUCE_SONIDO_LIMPIA_BIT	= 0F98, L: CHURROMAIN
REPRODUCE_EFECTO		= 0F9E, L: CHURROMAIN
REPRODUCE_EFECTO_LIMPIA_BIT	= 0FB7, L: CHURROMAIN
REPRODUCE_SONIDO_O_EFECTO	= 0FBD, L: CHURROMAIN
NO_ENVOLVENTES_SONIDO		= 0FFF, L: CHURROMAIN
NO_RUIDO			= 100C, L: CHURROMAIN
SI_RUIDO			= 1012, L: CHURROMAIN
FIN_SONIDO			= 1019, L: CHURROMAIN
FIN_NOPLAYER			= 1022, L: CHURROMAIN
ROUT				= 1029, L: CHURROMAIN
NO_BACKUP_ENVOLVENTE		= 1033, L: CHURROMAIN
LOUT				= 1036, L: CHURROMAIN
WRITEPSGHL			= 104E, L: CHURROMAIN
PLAYER_OFF			= 1065, L: CHURROMAIN
CLEAR_PSG_BUFFER		= 1069, L: CHURROMAIN
CARGA_CANCION			= 1088, L: CHURROMAIN
DECODE_SONG			= 1091, L: CHURROMAIN
NPTJP0				= 10AD, L: CHURROMAIN
INIT_DECODER			= 10F9, L: CHURROMAIN
BGICMODBC1			= 113E, L: CHURROMAIN
BGICMODBC2			= 1140, L: CHURROMAIN
DECODE_CANAL			= 1158, L: CHURROMAIN
NO_SILENCIO			= 1167, L: CHURROMAIN
NO_PUNTILLO			= 1171, L: CHURROMAIN
NO_INSTRUMENTO			= 1184, L: CHURROMAIN
NO_ENVOLVENTE			= 1191, L: CHURROMAIN
NO_MODIFICA			= 119E, L: CHURROMAIN
FIN_DEC_CANAL			= 11A9, L: CHURROMAIN
GETLEN				= 11AE, L: CHURROMAIN
DCBC0				= 11BB, L: CHURROMAIN
PLAY				= 11C1, L: CHURROMAIN
NONEWBLACK			= 11E0, L: CHURROMAIN
PAUTAS				= 1214, L: CHURROMAIN
LOCALIZA_NOTA			= 123E, L: CHURROMAIN
COMANDOS			= 124B, L: CHURROMAIN
NO_DEC_TEMPO			= 125D, L: CHURROMAIN
NO_INC_TEMPO			= 1262, L: CHURROMAIN
COM_EFECTO			= 1290, L: CHURROMAIN
COM_ENVOLVENTE			= 12A0, L: CHURROMAIN
LNJP0				= 12B5, L: CHURROMAIN
FIN_NOTA_A			= 12BF, L: CHURROMAIN
FIN_CANAL_A			= 12DF, L: CHURROMAIN
FCA_CONT			= 12EA, L: CHURROMAIN
NO_FIN_CANAL_A			= 12F8, L: CHURROMAIN
SILENCIO_ENVOLVENTE		= 1313, L: CHURROMAIN
NO_SILENCIO_A			= 1326, L: CHURROMAIN
FIN_RUTINA			= 1338, L: CHURROMAIN
LOCALIZA_EFECTO			= 1339, L: CHURROMAIN
LEJP0				= 1350, L: CHURROMAIN
FIN_NOTA_P			= 1359, L: CHURROMAIN
FIN_CANAL_P			= 1371, L: CHURROMAIN
NO_FIN_CANAL_P			= 1379, L: CHURROMAIN
PAUTA				= 1380, L: CHURROMAIN
PCAJP4				= 138C, L: CHURROMAIN
PCAJP0				= 13A0, L: CHURROMAIN
PCAJP1				= 13B7, L: CHURROMAIN
PCAJP2				= 13CC, L: CHURROMAIN
ORNNEG				= 13EC, L: CHURROMAIN
PCAJP3				= 13EE, L: CHURROMAIN
PCAJP6				= 13FE, L: CHURROMAIN
ORNMJP1				= 140A, L: CHURROMAIN
PCAJP5				= 1412, L: CHURROMAIN
PCAJP7				= 141C, L: CHURROMAIN
NOTA				= 1420, L: CHURROMAIN
TABLA_NOTAS			= 1428, L: CHURROMAIN
EVOLVENTES			= 1435, L: CHURROMAIN
FRECUENCIA_OFF			= 144F, L: CHURROMAIN
CONT_ENV			= 1458, L: CHURROMAIN
CRTBC0				= 1462, L: CHURROMAIN
EXT_WORD			= 1480, L: CHURROMAIN
TABLA_DATOS_CANAL_SFX		= 1489, L: CHURROMAIN
SELECT_CANAL_A			= 148F, L: CHURROMAIN
SELECT_CANAL_B			= 1496, L: CHURROMAIN
SELECT_CANAL_C			= 149D, L: CHURROMAIN
INTERR				= 14A4, L: CHURROMAIN
SONG				= 14A5, L: CHURROMAIN
TEMPO				= 14A6, L: CHURROMAIN
TTEMPO				= 14A7, L: CHURROMAIN
PUNTERO_A			= 14A8, L: CHURROMAIN
PUNTERO_B			= 14AA, L: CHURROMAIN
PUNTERO_C			= 14AC, L: CHURROMAIN
CANAL_A				= 14AE, L: CHURROMAIN
CANAL_B				= 14B0, L: CHURROMAIN
CANAL_C				= 14B2, L: CHURROMAIN
PUNTERO_P_A			= 14B4, L: CHURROMAIN
PUNTERO_P_B			= 14B6, L: CHURROMAIN
PUNTERO_P_C			= 14B8, L: CHURROMAIN
PUNTERO_P_A0			= 14BA, L: CHURROMAIN
PUNTERO_P_B0			= 14BC, L: CHURROMAIN
PUNTERO_P_C0			= 14BE, L: CHURROMAIN
PUNTERO_P_DECA			= 14C0, L: CHURROMAIN
PUNTERO_P_DECB			= 14C2, L: CHURROMAIN
PUNTERO_P_DECC			= 14C4, L: CHURROMAIN
PUNTERO_DECA			= 14C6, L: CHURROMAIN
PUNTERO_DECB			= 14C8, L: CHURROMAIN
PUNTERO_DECC			= 14CA, L: CHURROMAIN
PUNTERO_EFECTO			= 14CC, L: CHURROMAIN
REG_NOTA_A			= 14CE, L: CHURROMAIN
VOL_INST_A			= 14CF, L: CHURROMAIN
REG_NOTA_B			= 14D0, L: CHURROMAIN
VOL_INST_B			= 14D1, L: CHURROMAIN
REG_NOTA_C			= 14D2, L: CHURROMAIN
VOL_INST_C			= 14D3, L: CHURROMAIN
PUNTERO_L_DECA			= 14D4, L: CHURROMAIN
PUNTERO_L_DECB			= 14D6, L: CHURROMAIN
PUNTERO_L_DECC			= 14D8, L: CHURROMAIN
PUNTERO_P			= 14DA, L: CHURROMAIN
CANAL_P				= 14DC, L: CHURROMAIN
PUNTERO_P_DECP			= 14DE, L: CHURROMAIN
PUNTERO_DECP			= 14E0, L: CHURROMAIN
PUNTERO_L_DECP			= 14E2, L: CHURROMAIN
SFX_L				= 14E4, L: CHURROMAIN
SFX_H				= 14E6, L: CHURROMAIN
SFX_V				= 14E8, L: CHURROMAIN
SFX_MIX				= 14EA, L: CHURROMAIN
N_SONIDO			= 14EC, L: CHURROMAIN
PUNTERO_SONIDO			= 14ED, L: CHURROMAIN
EFECTO_REGS			= 14EF, L: CHURROMAIN
SONIDO_REGS			= 14F1, L: CHURROMAIN
PSG_REG				= 14F3, L: CHURROMAIN
PSG_REG_SEC			= 1503, L: CHURROMAIN
ENVOLVENTE			= 1513, L: CHURROMAIN
ENVOLVENTE_BACK			= 1514, L: CHURROMAIN
DATOS_NOTAS			= 1515, L: CHURROMAIN
TABLA_SONG			= 1591, L: CHURROMAIN
TABLA_EFECTOS			= 1593, L: CHURROMAIN
LINE_COUNTER			= 15AD, L: CHURROMAIN
_MAPA				= 15AE, G: CHURROMAIN
_TILESET			= 2378, G: CHURROMAIN
_FONT				= 2378, L: CHURROMAIN
_CERROJOS			= 2378, G: CHURROMAIN
TILES				= 2378, G: CHURROMAIN
_TSPATTERNS			= 2778, L: CHURROMAIN
_TILESETC			= 3378, L: CHURROMAIN
_SPRITES			= 3953, G: CHURROMAIN
_SM_COX				= 3D93, G: CHURROMAIN
_SM_COY				= 3DA4, G: CHURROMAIN
_SM_INVFUNC			= 3DB5, G: CHURROMAIN
_SM_UPDFUNC			= 3DD7, G: CHURROMAIN
_SM_SPRPTR			= 3DF9, G: CHURROMAIN
_SPRITE_18_A			= 3E1B, G: CHURROMAIN
_MALOTES			= 3E7B, G: CHURROMAIN
_ENOFFS_INDEX			= 4049, G: CHURROMAIN
_HOTSPOTS			= 4074, G: CHURROMAIN
_BEEPET				= 40F2, G: CHURROMAIN
__TILE_ADDRESS			= 40F3, G: CHURROMAIN
_ATTR				= 410B, G: CHURROMAIN
_ATTR_2				= 4113, L: CHURROMAIN
_ATTR_1				= 411B, L: CHURROMAIN
_ATTR_ENEMS			= 4125, L: CHURROMAIN
_ATTR_ENEMS_SKIP_1		= 412D, L: CHURROMAIN
_ATTR_1B			= 4137, L: CHURROMAIN
_ATTR_END			= 414A, L: CHURROMAIN
_QTILE				= 414D, G: CHURROMAIN
QTILE_DO			= 4155, L: CHURROMAIN
_DRAW_COLOURED_TILE		= 416B, G: CHURROMAIN
_DRAW_COLOURED_TILE_DO		= 417F, L: CHURROMAIN
_SET_MAP_TILE			= 41B2, G: CHURROMAIN
SET_MAP_TILE_DO			= 41CD, L: CHURROMAIN
_INVALIDATE_VIEWPORT		= 4206, G: CHURROMAIN
_DRAW_2_DIGITS			= 4212, G: CHURROMAIN
DRAW_2_DIGITS_SHORTCUT		= 4223, L: CHURROMAIN
_DRAW_TEXT			= 4254, G: CHURROMAIN
DRAW_TEXT_PRE_LOOP		= 426A, L: CHURROMAIN
DRAW_TEXT_LOOP			= 4273, L: CHURROMAIN
PRINT_STR_INV			= 4289, L: CHURROMAIN
_PAD_READ			= 429C, G: CHURROMAIN
PAD_READ_LOOP			= 42AE, L: CHURROMAIN
PAD_READ_NOT_PRESSED		= 42C1, L: CHURROMAIN
_ESPERA_ACTIVA			= 42E7, G: CHURROMAIN
I_18				= 42E7, L: CHURROMAIN
I_19				= 42FF, L: CHURROMAIN
I_16				= 42FF, L: CHURROMAIN
I_17				= 4309, L: CHURROMAIN
_CPC_UPDATENOW			= 430A, G: CHURROMAIN
_CPC_SCREEN_UPDATE_INV_LOOP	= 4318, L: CHURROMAIN
_CPC_SCREEN_UPDATE_INV_RET	= 433A, L: CHURROMAIN
_CPC_SCREEN_UPDATE_UPD_BUFFER	= 4341, L: CHURROMAIN
I_20				= 4341, L: CHURROMAIN
_CPC_SCREEN_UPDATE_UPD_LOOP	= 4352, L: CHURROMAIN
_CPC_SCREEN_UPDATE_UPD_RET	= 4375, L: CHURROMAIN
_CPC_SCREEN_UPDATE_DONE		= 437A, L: CHURROMAIN
ML_MIN_FAPS_LOOP		= 437A, L: CHURROMAIN
I_21				= 437A, L: CHURROMAIN
ML_MIN_FAPS_LOOP_END		= 4381, L: CHURROMAIN
_CPC_BORDER			= 438C, G: CHURROMAIN
_PAL_SET			= 4395, G: CHURROMAIN
I_22				= 439C, L: CHURROMAIN
I_23				= 43CA, L: CHURROMAIN
_CPC_HARDPAUSE			= 43CB, G: CHURROMAIN
CPC_HARDPAUSE_OUTER		= 43CC, L: CHURROMAIN
CPC_HARDPAUSE_INNER		= 43CE, L: CHURROMAIN
_TOP_STRING			= 43D5, G: CHURROMAIN
_TEMP_STRING			= 43EE, G: CHURROMAIN
_BOTTOM_STRING			= 4407, G: CHURROMAIN
_DECOS0				= 4420, G: CHURROMAIN
_DECOS1				= 4423, G: CHURROMAIN
_DECOS2				= 4428, G: CHURROMAIN
_DECOS3				= 4445, G: CHURROMAIN
_DECOS4				= 4448, G: CHURROMAIN
_DECOS5				= 444B, G: CHURROMAIN
_DECOS_ENDING			= 444E, G: CHURROMAIN
_TEXT0				= 4457, G: CHURROMAIN
_TEXT1				= 4494, G: CHURROMAIN
_TEXT2				= 44D2, G: CHURROMAIN
_TEXT3				= 44FD, G: CHURROMAIN
_TEXT4				= 4530, G: CHURROMAIN
_TEXT5				= 4590, G: CHURROMAIN
_TEXT6				= 45F1, G: CHURROMAIN
_TEXT7				= 4644, G: CHURROMAIN
_TEXT8				= 4691, G: CHURROMAIN
_TEXT9				= 46EE, G: CHURROMAIN
_TEXT10				= 4719, G: CHURROMAIN
_TEXT11				= 4736, G: CHURROMAIN
_TEXT12				= 4799, G: CHURROMAIN
_TEXT13				= 47FF, G: CHURROMAIN
_TEXT14				= 484E, G: CHURROMAIN
_TEXT17				= 48A4, G: CHURROMAIN
_TEXT18				= 48BF, G: CHURROMAIN
_TEXT19				= 491C, G: CHURROMAIN
_TEXT20				= 4989, G: CHURROMAIN
_TEXT21				= 49E5, G: CHURROMAIN
_TEXT22				= 4A17, G: CHURROMAIN
_TEXT23				= 4A71, G: CHURROMAIN
_TEXT24				= 4AA4, G: CHURROMAIN
_TEXT25				= 4B0D, G: CHURROMAIN
_TEXT26				= 4B5E, G: CHURROMAIN
_TEXT27				= 4B92, G: CHURROMAIN
_TEXT28				= 4BE0, G: CHURROMAIN
_TEXT29				= 4C3D, G: CHURROMAIN
_TEXT30				= 4C9C, G: CHURROMAIN
_TEXT31				= 4CF3, G: CHURROMAIN
_TEXT32				= 4D3C, G: CHURROMAIN
_TEXT33				= 4D83, G: CHURROMAIN
_TEXT34				= 4DE2, G: CHURROMAIN
_TEXT35				= 4E39, G: CHURROMAIN
_TEXT36				= 4E8C, G: CHURROMAIN
_TEXT37				= 4F01, G: CHURROMAIN
_TEXT38				= 4F29, G: CHURROMAIN
_TEXT39				= 4F6F, G: CHURROMAIN
_TEXT40				= 4F96, G: CHURROMAIN
_TEXT41				= 4FC5, G: CHURROMAIN
_TEXT42				= 4FF7, G: CHURROMAIN
_MISSION0			= 5051, G: CHURROMAIN
_MISSION1			= 5068, G: CHURROMAIN
_MISSION2			= 507F, G: CHURROMAIN
_MISSION3			= 5096, G: CHURROMAIN
_MISSION4			= 50AD, G: CHURROMAIN
_TEXTS				= 50C4, G: CHURROMAIN
_MISSIONS			= 511A, G: CHURROMAIN
_DWARF_NAMES			= 5124, G: CHURROMAIN
CUTS0				= 51A7, L: CHURROMAIN
CUTS1				= 51AF, L: CHURROMAIN
CUTS2				= 51B5, L: CHURROMAIN
CUTS3				= 51BA, L: CHURROMAIN
CUTS4				= 51C4, L: CHURROMAIN
RUN_CUTSCENE			= 51CD, L: CHURROMAIN
RUN_CUTSCENE_TB			= 51DD, L: CHURROMAIN
_PRINT_TILE_INV			= 51E7, G: CHURROMAIN
_UPDATE_MISSION			= 51FA, G: CHURROMAIN
_INSERT_DWARF_NAME		= 521D, G: CHURROMAIN
_DRAW_DECOS			= 5235, G: CHURROMAIN
DECO_LOOP			= 523D, L: CHURROMAIN
DECO_RUN			= 5250, L: CHURROMAIN
DECO_RUN_DO			= 5255, L: CHURROMAIN
DECO_DONE			= 5275, L: CHURROMAIN
_REDRAW_FROM_BUFFER		= 5276, G: CHURROMAIN
REDRAW_FROM_BUFFER_LOOP		= 5281, L: CHURROMAIN
REDRAW_SET_TILE			= 5293, L: CHURROMAIN
REDRAW_FROM_BUFFER_SET_X	= 52AC, L: CHURROMAIN
_CLEAR_TEMP_STRING		= 52B8, G: CHURROMAIN
_DRAW_TEXT_CBC			= 52C7, G: CHURROMAIN
DTCBC_LOOP			= 52C7, L: CHURROMAIN
DTCBC_DONE			= 52F5, L: CHURROMAIN
_SHOW_TEXT_BOX			= 52FA, G: CHURROMAIN
STB_DO				= 5315, L: CHURROMAIN
STB_LOOP			= 5328, L: CHURROMAIN
STB_TOP				= 5338, L: CHURROMAIN
STB_NOTOP			= 534A, L: CHURROMAIN
NO_CHARACTER			= 5386, L: CHURROMAIN
FILL_BUFFER_NOINC		= 5398, L: CHURROMAIN
FILL_BUFFER_LOOP		= 539B, L: CHURROMAIN
FILL_BUFFER_END			= 53A8, L: CHURROMAIN
STB_EXITLOOP			= 53CC, L: CHURROMAIN
STB_WAITKEY			= 53DA, L: CHURROMAIN
STB_REDRAW_DONE			= 53FA, L: CHURROMAIN
_RECUADRIUS			= 5400, G: CHURROMAIN
I_83				= 540A, L: CHURROMAIN
I_85				= 540F, L: CHURROMAIN
I_86				= 5426, L: CHURROMAIN
I_88				= 542B, L: CHURROMAIN
I_89				= 54E1, L: CHURROMAIN
I_87				= 54E4, L: CHURROMAIN
I_84				= 54EF, L: CHURROMAIN
_DRAW_CUR_SCREEN_DECOS		= 54F0, G: CHURROMAIN
DCSD_0				= 5516, L: CHURROMAIN
DCSD_1				= 551F, L: CHURROMAIN
DCSD_4				= 5528, L: CHURROMAIN
DCSD_5				= 5549, L: CHURROMAIN
DCSD_17				= 5552, L: CHURROMAIN
DCSD_24				= 555F, L: CHURROMAIN
DCSD_24_AT			= 557D, L: CHURROMAIN
DCSD_24_END			= 5589, L: CHURROMAIN
DCSD_28				= 5592, L: CHURROMAIN
DCSD_31				= 55A0, L: CHURROMAIN
_LAUNCH_COMECOCOS_SCREEN	= 55B0, G: CHURROMAIN
_BACK_FROM_COMECOCOS_SCREEN	= 5600, G: CHURROMAIN
_TOUCH_TILE			= 5631, G: CHURROMAIN
_BILBOS_HANGOVER		= 5664, G: CHURROMAIN
NO_GALLUMB_LAIR			= 5682, L: CHURROMAIN
_S_POKEMON			= 568D, G: CHURROMAIN
_POKEMON_TILES			= 586C, L: CHURROMAIN
_A_LIST				= 5B24, L: CHURROMAIN
_A_GROWL			= 5B24, G: CHURROMAIN
_A_TACKLE			= 5B34, G: CHURROMAIN
_A_LEECHSEED			= 5B44, G: CHURROMAIN
_A_VINEWHIP			= 5B54, G: CHURROMAIN
_A_SCRATCH			= 5B64, G: CHURROMAIN
_A_EMBER			= 5B74, G: CHURROMAIN
_A_LEER				= 5B84, G: CHURROMAIN
_BUBASAUR			= 5B94, G: CHURROMAIN
_CHARMANDER			= 5BAC, G: CHURROMAIN
_STR_WIPE			= 5BC4, G: CHURROMAIN
_STR_USED			= 5BD4, G: CHURROMAIN
_STR_FAILED			= 5BD9, G: CHURROMAIN
_STR_USELESS			= 5BE5, G: CHURROMAIN
_STR_NOMORE1			= 5BF5, G: CHURROMAIN
_STR_NOMORE2			= 5BFF, G: CHURROMAIN
_STR_LEECH			= 5C0C, G: CHURROMAIN
_STR_IS				= 5C1C, G: CHURROMAIN
_STR_BURN			= 5C20, G: CHURROMAIN
_STR_REGAIN			= 5C2A, G: CHURROMAIN
_STR_INFECTED			= 5C39, G: CHURROMAIN
_STR_BURNING			= 5C48, G: CHURROMAIN
_STR_GENITIVE			= 5C56, G: CHURROMAIN
_STR_LOW_DEF			= 5C57, G: CHURROMAIN
_STR_LOW_ATTACK			= 5C65, G: CHURROMAIN
_STR_DEFEATED			= 5C72, G: CHURROMAIN
_PK_MAIN_MENU			= 5C7D, G: CHURROMAIN
_PK_ITEMS_MENU			= 5CBE, G: CHURROMAIN
_PK_CALC_STAT			= 5CFF, G: CHURROMAIN
I_108				= 5D3D, L: CHURROMAIN
_PK_CALC_HP			= 5D43, G: CHURROMAIN
I_109				= 5D88, L: CHURROMAIN
_PK_CALC_DAMAGE			= 5D8E, G: CHURROMAIN
I_110				= 5DD7, L: CHURROMAIN
_PK_INIT_POKEMON_PA1_FROM_PTR	= 5DDD, G: CHURROMAIN
PK_IP_CS_OP			= 5DF9, L: CHURROMAIN
PK_IP_CS			= 5DFC, L: CHURROMAIN
PK_IP_CA_LOOP			= 5E4D, L: CHURROMAIN
_PK_DISPLAY_LIFE		= 5E5F, G: CHURROMAIN
PK_DL_LOOP			= 5E7B, L: CHURROMAIN
PK_DL_NOBAR			= 5E86, L: CHURROMAIN
_PK_UPDATE_DISPLAYS		= 5E9B, G: CHURROMAIN
_PK_PORTRAIT			= 5EF5, G: CHURROMAIN
PK_PORTRAIT_LOOP		= 5F0E, L: CHURROMAIN
PK_PORTRAIT_LOOP_ROW		= 5F10, L: CHURROMAIN
PK_PORTRAIT_PAINT		= 5F1C, L: CHURROMAIN
PK_PORTRAIT_PAINT_DONE		= 5F25, L: CHURROMAIN
_PK_DELAY			= 5F48, G: CHURROMAIN
PK_DELAY_LOOP			= 5F4A, L: CHURROMAIN
_PK_ANIMATE_PORTRAIT		= 5F4E, G: CHURROMAIN
_PK_ANIMATE_DEATH		= 5FD1, G: CHURROMAIN
LOOPER				= 5FD3, L: CHURROMAIN
_PK_ANIMATE_DAMAGED		= 5FE9, G: CHURROMAIN
PK_ANDMG_LOOP			= 5FFD, L: CHURROMAIN
PK_ANDMG_BLINK_LOOP		= 6042, L: CHURROMAIN
_PK_SIMPLE_MENU			= 606F, G: CHURROMAIN
PK_SIMPLE_MENU_LOOP		= 607D, L: CHURROMAIN
PK_SM_UP_SET			= 6096, L: CHURROMAIN
PK_SM_UP_DONE			= 6099, L: CHURROMAIN
PK_SM_DOWN_SET			= 60AC, L: CHURROMAIN
PK_SM_DOWN_DONE			= 60AF, L: CHURROMAIN
PK_SIMPLE_MENU_DONE		= 60FA, L: CHURROMAIN
_PK_PAD_WAIT			= 6104, G: CHURROMAIN
PK_PAD_WAIT_LOOP		= 6109, L: CHURROMAIN
PK_PAD_WAIT_NOBREAK		= 6117, L: CHURROMAIN
PK_PAD_WAIT_SKIP_ARROW		= 612C, L: CHURROMAIN
_PK_PRINT_MENU			= 614C, G: CHURROMAIN
PK_PA_LOOP			= 6159, L: CHURROMAIN
PK_PA_CAN			= 617F, L: CHURROMAIN
_PK_PRINT_ATTACKS		= 61A2, G: CHURROMAIN
PRINT_PP_LOOP			= 61BD, L: CHURROMAIN
_PK_PRINT_MAIN_MENU		= 61D6, G: CHURROMAIN
_PK_PRINT_ITEMS_MENU		= 61DD, G: CHURROMAIN
_PK_SSP				= 61E4, G: CHURROMAIN
PK_SSP_LOOP			= 61E7, L: CHURROMAIN
PK_SSP_NOUPD			= 6218, L: CHURROMAIN
_PK_CLEAR_REC			= 621C, G: CHURROMAIN
PK_CLEAR_LOOP			= 6223, L: CHURROMAIN
_PK_MESSAGE			= 623E, G: CHURROMAIN
PK_MESSAGE_NAME_DONE		= 6252, L: CHURROMAIN
PK_MESSAGE_L1_DONE		= 625F, L: CHURROMAIN
PK_MESSAGE_L2_DONE		= 6276, L: CHURROMAIN
_PK_MESSAGE_WIPE		= 627D, G: CHURROMAIN
_PK_MESSAGE_CYCLE		= 6289, G: CHURROMAIN
_PK_ATTACK			= 6293, G: CHURROMAIN
PKA_PLA_ATTACKS			= 6299, L: CHURROMAIN
PKA_CPU_ATTACKS			= 62A3, L: CHURROMAIN
PKA_SETUP_DONE			= 62AB, L: CHURROMAIN
PKA_AT_NOST			= 632D, L: CHURROMAIN
PKA_DF_NOST			= 6342, L: CHURROMAIN
SHOW_ANIM_OPPONENT		= 634D, L: CHURROMAIN
SHOW_ANIM_PLAYER		= 6352, L: CHURROMAIN
SHOW_ANIM_DONE			= 6355, L: CHURROMAIN
PKA_NOMISS			= 6379, L: CHURROMAIN
SHOW_DAMAGE_OPPONENT		= 638C, L: CHURROMAIN
SHOW_DAMAGE_PLAYER		= 6391, L: CHURROMAIN
SHOW_DAMAGE_DONE		= 6394, L: CHURROMAIN
DAMAGE_ANIMATION_DONE		= 6398, L: CHURROMAIN
PKA_HP_ZERO			= 63A6, L: CHURROMAIN
PKA_HP_SET			= 63A7, L: CHURROMAIN
AN_SET_OPPONENT			= 63D8, L: CHURROMAIN
AN_SET_PLAYER			= 63EB, L: CHURROMAIN
PKA_FX_LEECH			= 6400, L: CHURROMAIN
PKA_FX_BURN			= 6415, L: CHURROMAIN
PKA_FX_LOWER_DF			= 642A, L: CHURROMAIN
PKA_FX_LOWER_AT			= 6446, L: CHURROMAIN
PKA_MESSAGE			= 6460, L: CHURROMAIN
_PK_STATUS_EFFECTS		= 6464, G: CHURROMAIN
PKS_PLA_ATTACKS			= 646A, L: CHURROMAIN
PKS_CPU_ATTACKS			= 6474, L: CHURROMAIN
PKS_SETUP_DONE			= 647C, L: CHURROMAIN
PKS_DMG_STORE			= 648B, L: CHURROMAIN
PKS_BURN			= 649C, L: CHURROMAIN
PKS_BURN_AF_STORE		= 64A7, L: CHURROMAIN
PKS_LEECH			= 64C7, L: CHURROMAIN
PKS_LEECH_AF_STORE		= 64D2, L: CHURROMAIN
PKS_LEECH_AT_STORE		= 64E1, L: CHURROMAIN
_PK_OP_PICKUP_ATTACK		= 651A, G: CHURROMAIN
PK_PICKUP_LOOP			= 651C, L: CHURROMAIN
PK_PICKUP_PP_CHECK		= 652B, L: CHURROMAIN
PK_PICKUP_OK1			= 6548, L: CHURROMAIN
PK_PICKUP_RET			= 6566, L: CHURROMAIN
PK_PICKUP_CONTINUE		= 6568, L: CHURROMAIN
_PK_PL_PICKUP_ATTACK		= 656C, G: CHURROMAIN
PK_PL_PICKUP_ATTACK_LOOP	= 656C, L: CHURROMAIN
_PK_ATTACK_CYCLE		= 659D, G: CHURROMAIN
I_113				= 65BF, L: CHURROMAIN
I_114				= 65D7, L: CHURROMAIN
I_115				= 65DD, L: CHURROMAIN
I_116				= 662B, L: CHURROMAIN
I_117				= 663D, L: CHURROMAIN
I_112				= 664C, L: CHURROMAIN
I_118				= 666E, L: CHURROMAIN
I_119				= 668D, L: CHURROMAIN
_SET_TS				= 66A8, G: CHURROMAIN
_POKEMON_COMBAT			= 66AF, G: CHURROMAIN
POKEMON_COMBAT_LOOP		= 670B, L: CHURROMAIN
PCL1				= 672F, L: CHURROMAIN
PCL2				= 6749, L: CHURROMAIN
POKEMON_COMBAT_DONE		= 674F, L: CHURROMAIN
_HOOK_SYSTEM_INITS		= 6756, G: CHURROMAIN
_HOOK_INIT_GAME			= 6757, G: CHURROMAIN
_HOOK_INIT_MAINLOOP		= 67A8, G: CHURROMAIN
GALLUMB_NOT_3			= 67BC, L: CHURROMAIN
GALLUMB_RDA_SET			= 67BE, L: CHURROMAIN
_INTERACTIONS			= 67D4, G: CHURROMAIN
NO_INTERACT_AND_RET		= 67FB, L: CHURROMAIN
INTERACT_AND_RET		= 6800, L: CHURROMAIN
ROOM_00				= 6806, L: CHURROMAIN
INT_GANDALF_T1_DONE		= 6835, L: CHURROMAIN
INT_GANDALF_T2_DONE		= 685D, L: CHURROMAIN
INT_GANDALF_T3_DONE		= 6871, L: CHURROMAIN
INT_GANDALF_T4_DONE		= 68AA, L: CHURROMAIN
ROOM_01				= 68AD, L: CHURROMAIN
ROOM_05				= 68D7, L: CHURROMAIN
ROOM_12				= 68E9, L: CHURROMAIN
ROOM_17				= 6923, L: CHURROMAIN
ROOM_24				= 695A, L: CHURROMAIN
ROOM_28				= 6994, L: CHURROMAIN
_HOOK_MAINLOOP			= 69CA, G: CHURROMAIN
DELAYED_CT_DEC_DONE		= 69D4, L: CHURROMAIN
DELAYED_TEXT_DO			= 69D8, L: CHURROMAIN
DELAYED_TEXT_DONE		= 69E7, L: CHURROMAIN
COMECOCOS_SHIT			= 69E7, L: CHURROMAIN
COMECOCOS_SHIT_DO		= 69F7, L: CHURROMAIN
AFTER_COMECOCOS_0		= 6A13, L: CHURROMAIN
AFTER_COMECOCOS_1		= 6A2A, L: CHURROMAIN
AFTER_COMECOCOS_2		= 6A41, L: CHURROMAIN
AFTER_COMECOCOS_3		= 6A49, L: CHURROMAIN
COMECOCOS_SHIT_DONE		= 6A65, L: CHURROMAIN
ANILLO_NOT_FIRST_TIME		= 6B02, L: CHURROMAIN
ANILLO_CT_CHECK			= 6B1C, L: CHURROMAIN
ANILLO_CT_ZERO			= 6B28, L: CHURROMAIN
I_120				= 6B45, L: CHURROMAIN
ANILLO_DONE			= 6B45, L: CHURROMAIN
_HOOK_ENTERING			= 6B4F, G: CHURROMAIN
IN_GALLUMB			= 6B80, L: CHURROMAIN
IN_GALLUMB_SET			= 6B82, L: CHURROMAIN
_HOOK_HOTSPOTS			= 6B86, G: CHURROMAIN
HOOK_HOTSPOTS_1			= 6B96, L: CHURROMAIN
HH_GANDALF_NOT_TALKED		= 6B9C, L: CHURROMAIN
HH_GANDALF_TALKED		= 6BB4, L: CHURROMAIN
HOOK_HOTSPOTS_2			= 6BC4, L: CHURROMAIN
HOOK_HOTSPOTS_12		= 6C0B, L: CHURROMAIN
HH12_HAS_ESTADO			= 6C1B, L: CHURROMAIN
_HOOK_GAME_OVER			= 6C26, G: CHURROMAIN
_ENEMS_CUSTOM_COLLISION		= 6C2A, G: CHURROMAIN
ECC_GALLUMB_NOTANGRY		= 6C4F, L: CHURROMAIN
ECC_GALLUMB_REPEL		= 6C69, L: CHURROMAIN
_S_TITLE			= 6C78, G: CHURROMAIN
_S_MARCO			= 6E47, G: CHURROMAIN
STR_GAMEOVER			= 6E47, L: CHURROMAIN
_BLACKOUT			= 6E52, G: CHURROMAIN
BO_L1				= 6E5B, L: CHURROMAIN
_TITLE_SCREEN			= 6E71, G: CHURROMAIN
TITLE_LOOP			= 6EB0, L: CHURROMAIN
TITLE_NOT_AUX3			= 6EBF, L: CHURROMAIN
COPY_KEYS_TO_EXTERN		= 6EC9, L: CHURROMAIN
_GAME_ENDING			= 6ED5, G: CHURROMAIN
_GAME_OVER			= 6F1F, G: CHURROMAIN
GAMEOVER_LOOP			= 6F74, L: CHURROMAIN
GAMEOVER_ANIMATE		= 6F81, L: CHURROMAIN
GAMEOVER_ANIMATE_DO		= 6FAD, L: CHURROMAIN
GAMEOVER_ANIMATE_PAINT		= 6FB4, L: CHURROMAIN
GAMEOVER_ANIMATE_DONE		= 6FCC, L: CHURROMAIN
_DO_EXTERN_ACTION		= 6FEE, G: CHURROMAIN
_PLAYER_CELLS			= 6FEF, G: CHURROMAIN
_ENEM_CELLS			= 7001, G: CHURROMAIN
_ABS_A				= 7011, G: CHURROMAIN
_SACA_A_TODO_EL_MUNDO_DE_AQUI	= 7017, G: CHURROMAIN
CLEAR_SPRITES_LOOP		= 701C, L: CHURROMAIN
_GET_POINTER_TO_ENEM		= 702A, G: CHURROMAIN
_RENDER_THIS_ENEMY		= 703E, G: CHURROMAIN
_CALC_BADDIES_POINTER		= 7070, G: CHURROMAIN
_RENDER_ALL_SPRITES		= 707D, G: CHURROMAIN
I_121				= 7087, L: CHURROMAIN
I_123				= 708C, L: CHURROMAIN
I_122				= 70B9, L: CHURROMAIN
I_125				= 70DE, L: CHURROMAIN
I_124				= 70EA, L: CHURROMAIN
RENDER_PLAYER			= 70F1, L: CHURROMAIN
I_127				= 70F1, L: CHURROMAIN
PLAYER_RENDER_EMPTY		= 711A, L: CHURROMAIN
PLAYER_RENDER_GRAPHIC		= 711F, L: CHURROMAIN
PLAYER_RENDER_SET_SP0		= 7122, L: CHURROMAIN
_COLLIDE_ENEM			= 7132, G: CHURROMAIN
_RAND				= 7164, G: CHURROMAIN
RAND16				= 7164, L: CHURROMAIN
NEXTRAND			= 7180, L: CHURROMAIN
_ABS				= 718E, G: CHURROMAIN
_GET_COIN			= 7195, G: CHURROMAIN
_ADJUST_TO_TILE_X		= 71AE, G: CHURROMAIN
_ADJUST_TO_TILE_Y		= 71C3, G: CHURROMAIN
_PLAYER_FLICKER			= 71D8, G: CHURROMAIN
_MOVE				= 71E3, G: CHURROMAIN
I_128				= 720E, L: CHURROMAIN
I_129				= 722A, L: CHURROMAIN
I_131				= 725B, L: CHURROMAIN
I_132				= 725E, L: CHURROMAIN
I_130				= 726A, L: CHURROMAIN
PL_DIZZY_VERT_DONE		= 7289, L: CHURROMAIN
I_133				= 72A6, L: CHURROMAIN
I_134				= 72B9, L: CHURROMAIN
VERT_COLLISION			= 72E1, L: CHURROMAIN
VERT_COLLISION_NEGATIVE		= 72FF, L: CHURROMAIN
VERT_COLLISION_IF1		= 7309, L: CHURROMAIN
VERT_COLLISION_IF2		= 7321, L: CHURROMAIN
VERT_COLLISION_UP		= 733C, L: CHURROMAIN
VERT_COLLISION_POSITIVE		= 7364, L: CHURROMAIN
VERT_COLLISION_IF3		= 736E, L: CHURROMAIN
VERT_COLLISION_IF4		= 7387, L: CHURROMAIN
VERT_COLLISION_DOWN		= 73A1, L: CHURROMAIN
VERT_COLLISION_DONE		= 73C7, L: CHURROMAIN
I_135				= 73E3, L: CHURROMAIN
I_136				= 73FF, L: CHURROMAIN
I_138				= 741B, L: CHURROMAIN
I_139_I_138			= 741E, L: CHURROMAIN
I_137				= 7424, L: CHURROMAIN
PL_DIZZY_HORZ_DONE		= 7443, L: CHURROMAIN
I_140				= 746F, L: CHURROMAIN
I_141				= 7482, L: CHURROMAIN
HORZ_COLLISION_NEGATIVE		= 74AB, L: CHURROMAIN
HORZ_COLLISION_IF1		= 74B5, L: CHURROMAIN
HORZ_COLLISION_IF2		= 74CF, L: CHURROMAIN
HORZ_COLLISION_LEFT		= 74EA, L: CHURROMAIN
HORZ_COLLISION_POSITIVE		= 750D, L: CHURROMAIN
HORZ_COLLISION_IF3		= 7517, L: CHURROMAIN
HORZ_COLLISION_IF4		= 7532, L: CHURROMAIN
HORZ_COLLISION_RIGHT		= 754E, L: CHURROMAIN
PLAYER_GET_COIN			= 756F, L: CHURROMAIN
HORZ_COLLISION_DONE		= 756F, L: CHURROMAIN
PLAYER_GET_COIN_DONE		= 759B, L: CHURROMAIN
I_142				= 75D4, L: CHURROMAIN
I_143				= 75D4, L: CHURROMAIN
I_145				= 75FF, L: CHURROMAIN
I_146				= 760E, L: CHURROMAIN
I_144				= 7611, L: CHURROMAIN
I_148				= 7626, L: CHURROMAIN
I_147				= 7626, L: CHURROMAIN
_INIT_PLAYER_VALUES		= 763E, G: CHURROMAIN
_INIT_PLAYER			= 7697, G: CHURROMAIN
_INIT_HOTSPOTS			= 76AB, G: CHURROMAIN
INIT_HOTSPOTS_LOOP		= 76B5, L: CHURROMAIN
_DRAW_AND_ADVANCE		= 76BA, G: CHURROMAIN
_ANIMATED_TILES_ADD_DONE	= 76D9, L: CHURROMAIN
DRAW_AND_ADVANCE_X_SET		= 7727, L: CHURROMAIN
_CALC_HOTSPOT_PTR		= 772F, G: CHURROMAIN
_HOTSPOT_PAINT			= 773A, G: CHURROMAIN
HOTSPOT_PAINT_ACT_SKIP		= 775C, L: CHURROMAIN
HOTSPOT_PAINT_SET_T		= 77B4, L: CHURROMAIN
_DRAW_SCR_BACKGROUND		= 77BB, G: CHURROMAIN
_DRAW_SCR_GET_SCR_ADDRESS	= 77D6, L: CHURROMAIN
_DRAW_SCR_RLE			= 77EA, L: CHURROMAIN
_DRAW_SCR_LOOP			= 77EA, L: CHURROMAIN
_DRAW_SCR_ADVANCE_LOOP		= 7801, L: CHURROMAIN
_DRAW_SCR_ADVANCE_LOOP_DONE	= 7812, L: CHURROMAIN
_ADVANCE_WORM			= 7817, L: CHURROMAIN
_DRAW_SCR_LOOP_DONE		= 7821, L: CHURROMAIN
_ENEMS_CALC_FRAME		= 7825, G: CHURROMAIN
_ENEMS_EN_AN_CALC		= 784F, G: CHURROMAIN
_MARRULLERS_SELECT_DIRECTION	= 7896, G: CHURROMAIN
MSD0				= 78B5, L: CHURROMAIN
MSD1				= 78BE, L: CHURROMAIN
MSD2				= 78C7, L: CHURROMAIN
MSD3				= 78D0, L: CHURROMAIN
_DRAW_SCR			= 78DA, G: CHURROMAIN
_ENEMS_INIT			= 78E6, L: CHURROMAIN
I_149				= 791B, L: CHURROMAIN
I_151				= 7920, L: CHURROMAIN
I_152				= 796B, L: CHURROMAIN
I_155				= 798C, L: CHURROMAIN
I_157				= 79CC, L: CHURROMAIN
I_159				= 79CC, L: CHURROMAIN
I_158				= 79CC, L: CHURROMAIN
I_156				= 79CC, L: CHURROMAIN
I_160				= 79D8, L: CHURROMAIN
I_162				= 79D8, L: CHURROMAIN
I_163				= 79D8, L: CHURROMAIN
I_161				= 79D8, L: CHURROMAIN
I_164				= 79F2, L: CHURROMAIN
I_166				= 79F2, L: CHURROMAIN
I_167				= 79F2, L: CHURROMAIN
I_165				= 79F2, L: CHURROMAIN
I_154				= 7A4C, L: CHURROMAIN
I_150				= 7A4F, L: CHURROMAIN
_PLATFORM_GET_PLAYER		= 7A53, G: CHURROMAIN
_MUEVE_BICHARRACOS		= 7A84, G: CHURROMAIN
I_168				= 7AA1, L: CHURROMAIN
I_170				= 7AA6, L: CHURROMAIN
I_174_UGE			= 7B3F, L: CHURROMAIN
I_174_ULE			= 7B49, L: CHURROMAIN
I_174				= 7B4E, L: CHURROMAIN
I_175				= 7B51, L: CHURROMAIN
I_173				= 7B58, L: CHURROMAIN
I_176				= 7B5B, L: CHURROMAIN
EN_LINEAR_HORIZONTAL_AXIS	= 7B60, L: CHURROMAIN
EN_LINEAR_HORZ_BOUNDS		= 7B6E, L: CHURROMAIN
HORZ_LIMIT_SKIP_1		= 7B8E, L: CHURROMAIN
HORZ_LIMIT_SKIP_2		= 7BB0, L: CHURROMAIN
EN_LINEAR_VERTICAL_AXIS		= 7BB0, L: CHURROMAIN
EN_LINEAR_HORIZONTAL_AXIS_DONE	= 7BB0, L: CHURROMAIN
EN_LINEAR_VERT_BOUNDS		= 7BBE, L: CHURROMAIN
VERT_LIMIT_SKIP_1		= 7BDE, L: CHURROMAIN
VERT_LIMIT_SKIP_2		= 7C00, L: CHURROMAIN
EN_LINEAR_VERTICAL_AXIS_DONE	= 7C00, L: CHURROMAIN
EN_LINEAR_DECIDE_FOR_MARRULLERS	= 7C02, L: CHURROMAIN
I_172				= 7C08, L: CHURROMAIN
EN_LINEAR_DONE			= 7C08, L: CHURROMAIN
I_178_UGE			= 7C12, L: CHURROMAIN
I_178				= 7C1B, L: CHURROMAIN
I_179_I_178			= 7C1E, L: CHURROMAIN
_CUADRATORS_UPDATE_X		= 7C2C, L: CHURROMAIN
CUADRATORS_HORZ_BOUNDS		= 7C37, L: CHURROMAIN
CUADRATORS_LIMIT_SKIP_1		= 7C4C, L: CHURROMAIN
_CUADRATORS_UPDATE_Y		= 7C63, L: CHURROMAIN
CUADRATORS_VERT_BOUNDS		= 7C6E, L: CHURROMAIN
CUADRATORS_LIMIT_SKIP_2		= 7C83, L: CHURROMAIN
_CUADRATORS_FLIPFLOP		= 7C98, L: CHURROMAIN
_CUADRATORS_UPDATE_DONE		= 7CA6, L: CHURROMAIN
_EN_BG_COLLISION		= 7CA9, L: CHURROMAIN
I_177				= 7CA9, L: CHURROMAIN
_EN_BG_COLLISION_HORZ		= 7CB5, L: CHURROMAIN
_EN_BG_COL_MARRH_DONE		= 7D0B, L: CHURROMAIN
_EN_BG_COLLISION_HORZ_DONE	= 7D14, L: CHURROMAIN
_EN_BG_COLLISION_VERT		= 7D1D, L: CHURROMAIN
_EN_BG_COL_MARRV_DONE		= 7D72, L: CHURROMAIN
_EN_BG_COLLISION_VERT_DONE	= 7D7B, L: CHURROMAIN
_EN_BG_COLLISION_CHECK		= 7D80, L: CHURROMAIN
__CTILEOFF			= 7D9C, L: CHURROMAIN
__CTILEOFF_1			= 7DA2, L: CHURROMAIN
EN_XX_CALC			= 7DA5, L: CHURROMAIN
EN_YY_CALC			= 7DB4, L: CHURROMAIN
_EN_BG_COLLISION_END		= 7DC3, L: CHURROMAIN
_ENEMY_ANIMATE_UPDATE_COUNT	= 7DDE, L: CHURROMAIN
I_181				= 7E14, L: CHURROMAIN
I_182_I_181			= 7E17, L: CHURROMAIN
I_186				= 7E8E, L: CHURROMAIN
I_187				= 7EAE, L: CHURROMAIN
I_185				= 7EAE, L: CHURROMAIN
I_189				= 7EE8, L: CHURROMAIN
I_190				= 7F08, L: CHURROMAIN
I_188				= 7F08, L: CHURROMAIN
I_191				= 7F0B, L: CHURROMAIN
I_183				= 7F0B, L: CHURROMAIN
I_184				= 7F0B, L: CHURROMAIN
I_180				= 7F0B, L: CHURROMAIN
I_171				= 7F0B, L: CHURROMAIN
I_169				= 7F2C, L: CHURROMAIN
_MAIN				= 7F2D, G: CHURROMAIN
_ISR				= 7F3F, L: CHURROMAIN
_SKIP_AY_PLAYER			= 7F67, L: CHURROMAIN
ISR_C1				= 7F6D, L: CHURROMAIN
ISR_C2				= 7F6E, L: CHURROMAIN
ISR_DONE			= 7F6F, L: CHURROMAIN
DECOMPRESS_TS			= 7F89, L: CHURROMAIN
SPRITE_CREATION			= 7FB9, L: CHURROMAIN
SP_SW_INIT_ENEMS_LOOP		= 7FF3, L: CHURROMAIN
SP_SW_INIT_TURNOFF_LOOP		= 8012, L: CHURROMAIN
I_192				= 8024, L: CHURROMAIN
I_194				= 806F, L: CHURROMAIN
ML_UD_SKIP			= 80A0, L: CHURROMAIN
I_196				= 80D5, L: CHURROMAIN
I_198				= 80FC, L: CHURROMAIN
I_199				= 8103, L: CHURROMAIN
I_197				= 8120, L: CHURROMAIN
I_204				= 81A0, L: CHURROMAIN
I_205				= 81AE, L: CHURROMAIN
I_206				= 81C2, L: CHURROMAIN
I_207				= 81E0, L: CHURROMAIN
I_203				= 81EB, L: CHURROMAIN
I_201				= 823F, L: CHURROMAIN
I_208				= 823F, L: CHURROMAIN
I_200				= 823F, L: CHURROMAIN
_HOTSPOTS_ELSE			= 8241, L: CHURROMAIN
_HOTSPOTS_DONE			= 8248, L: CHURROMAIN
ANIMATED_TILES_DONE		= 8284, L: CHURROMAIN
PLAYER_FLICKER_DONE_CHECK	= 829D, L: CHURROMAIN
I_209				= 829D, L: CHURROMAIN
PLAYER_FLICKER_CT_WRITE		= 82AE, L: CHURROMAIN
PLAYER_FLICKER_CHECK_DONE	= 82B1, L: CHURROMAIN
I_211				= 82C5, L: CHURROMAIN
I_212_I_211			= 82C8, L: CHURROMAIN
FLICK_LEFT_DONE			= 82D7, L: CHURROMAIN
I_210				= 82DA, L: CHURROMAIN
I_215				= 82EE, L: CHURROMAIN
I_216_I_215			= 82F1, L: CHURROMAIN
I_213				= 82FF, L: CHURROMAIN
I_214				= 82FF, L: CHURROMAIN
FLICK_RIGHT_DONE		= 82FF, L: CHURROMAIN
I_218_UGE			= 831E, L: CHURROMAIN
I_218				= 8320, L: CHURROMAIN
I_219_I_218			= 8323, L: CHURROMAIN
FLICK_UP_DONE			= 8336, L: CHURROMAIN
I_217				= 8339, L: CHURROMAIN
I_222				= 834D, L: CHURROMAIN
I_223_I_222			= 8350, L: CHURROMAIN
I_221				= 8362, L: CHURROMAIN
I_220				= 8362, L: CHURROMAIN
FLICK_DOWN_DONE			= 8362, L: CHURROMAIN
I_224				= 837E, L: CHURROMAIN
I_225				= 8396, L: CHURROMAIN
I_226				= 8396, L: CHURROMAIN
I_228				= 83AB, L: CHURROMAIN
I_227				= 83C0, L: CHURROMAIN
I_230				= 83C0, L: CHURROMAIN
I_195				= 83C3, L: CHURROMAIN
I_193				= 83C9, L: CHURROMAIN
I_1				= 83CA, L: CHURROMAIN
_N_ENEMS			= 8402, G: CHURROMAIN
__EN_T				= 8403, G: CHURROMAIN
__EN_X				= 8404, G: CHURROMAIN
__EN_Y				= 8405, G: CHURROMAIN
_ISR_PLAYER_ON			= 8406, G: CHURROMAIN
_JUST_PASSED_OUT		= 8407, G: CHURROMAIN
__EN_X1				= 8408, G: CHURROMAIN
__EN_X2				= 8409, G: CHURROMAIN
__EN_Y1				= 840A, G: CHURROMAIN
__EN_Y2				= 840B, G: CHURROMAIN
_PK_ACCURACY			= 840C, G: CHURROMAIN
_HOTSPOT_T			= 840D, G: CHURROMAIN
_HOTSPOT_X			= 840E, G: CHURROMAIN
_HOTSPOT_Y			= 840F, G: CHURROMAIN
_HALF_LIFE			= 8410, G: CHURROMAIN
__EN_MX				= 8411, G: CHURROMAIN
__EN_MY				= 8412, G: CHURROMAIN
_EN_CX				= 8413, G: CHURROMAIN
_EN_CY				= 8414, G: CHURROMAIN
_ANILLO_USES			= 8415, G: CHURROMAIN
_FLAGS				= 8416, G: CHURROMAIN
_GP_GEN_ALT			= 8417, G: CHURROMAIN
_GANDALF_TALK			= 8419, G: CHURROMAIN
_EN_XX				= 841A, G: CHURROMAIN
_EN_YY				= 841B, G: CHURROMAIN
_ANILLO_CT			= 841C, G: CHURROMAIN
_GP_GEN_ORG			= 841D, G: CHURROMAIN
_ENEMY_DIED			= 841F, G: CHURROMAIN
_KILLED_OLD			= 8420, G: CHURROMAIN
_EZG_OLD			= 8421, G: CHURROMAIN
_DWARF_CT			= 8422, G: CHURROMAIN
_P_DST				= 8423, G: CHURROMAIN
_INTRO_TEXT			= 8425, G: CHURROMAIN
_LAST_ESTADO			= 8426, G: CHURROMAIN
_PK_DF				= 8427, G: CHURROMAIN
_WYZ_BEAT_CT			= 8428, G: CHURROMAIN
_T_ALT				= 8429, G: CHURROMAIN
_PK_AT				= 842A, G: CHURROMAIN
_P_PTR				= 842B, G: CHURROMAIN
_DWARF_TALK			= 842D, G: CHURROMAIN
_PK_IV				= 842E, G: CHURROMAIN
__N				= 842F, G: CHURROMAIN
_PK_BASE			= 8430, G: CHURROMAIN
_PK_PW				= 8431, G: CHURROMAIN
__T				= 8432, G: CHURROMAIN
__X				= 8433, G: CHURROMAIN
__Y				= 8434, G: CHURROMAIN
_HOTSPOT_FLAG			= 8435, G: CHURROMAIN
_LIFE_OLD			= 8436, G: CHURROMAIN
_EN_CCX				= 8437, G: CHURROMAIN
_EN_CCY				= 8438, G: CHURROMAIN
_TFN_A				= 8439, G: CHURROMAIN
_TFN_B				= 843A, G: CHURROMAIN
_ANIMATED_PTR			= 843B, G: CHURROMAIN
_PK_PL_ATTACK			= 843D, G: CHURROMAIN
_ENEMY_KILLER			= 843E, G: CHURROMAIN
_PTGMX				= 843F, G: CHURROMAIN
_PTGMY				= 8441, G: CHURROMAIN
_PK_ITEM			= 8443, G: CHURROMAIN
_PLAYER_JUST_DIED		= 8444, G: CHURROMAIN
_GP_GEN				= 8445, G: CHURROMAIN
_ANILLO_FIRST_TIME		= 8447, G: CHURROMAIN
_SSP_X				= 8448, G: CHURROMAIN
_SSP_Y				= 8449, G: CHURROMAIN
_ON_PANT			= 844A, G: CHURROMAIN
_PK_TEMP			= 844B, G: CHURROMAIN
_ENOFFS				= 844D, G: CHURROMAIN
_COCOS_COUNT			= 844F, G: CHURROMAIN
_COMECOCOS_ON			= 8450, G: CHURROMAIN
_SMAUG_TALK			= 8451, G: CHURROMAIN
_GALLUMB_FLAG			= 8452, G: CHURROMAIN
_PAD0				= 8453, G: CHURROMAIN
_N_PANT				= 8454, G: CHURROMAIN
_EN_J				= 8455, G: CHURROMAIN
_REDRAW_AFTER_TEXT		= 8456, G: CHURROMAIN
_EN_X				= 8457, G: CHURROMAIN
_EN_Y				= 8458, G: CHURROMAIN
_INSIDE_GALLUMB_LAIR		= 8459, G: CHURROMAIN
_PK_TURN			= 845A, G: CHURROMAIN
_ENIT				= 845B, G: CHURROMAIN
_GPCX				= 845C, G: CHURROMAIN
_GPCY				= 845E, G: CHURROMAIN
_RDT1				= 8460, G: CHURROMAIN
_RDT2				= 8461, G: CHURROMAIN
_PLAYING			= 8462, G: CHURROMAIN
_GPIT				= 8463, G: CHURROMAIN
_N_PANT_WAS			= 8464, G: CHURROMAIN
_SEED				= 8465, G: CHURROMAIN
_OBJS_OLD			= 8467, G: CHURROMAIN
_GPXX				= 8468, G: CHURROMAIN
_GPYY				= 8469, G: CHURROMAIN
_PK_ML1				= 846A, G: CHURROMAIN
_PK_ML2				= 846C, G: CHURROMAIN
_MAINCOUNTER			= 846E, G: CHURROMAIN
_RDMT				= 846F, G: CHURROMAIN
_PTX1				= 8470, G: CHURROMAIN
_PTX2				= 8471, G: CHURROMAIN
_PTY1				= 8472, G: CHURROMAIN
_PTY2				= 8473, G: CHURROMAIN
_PK_OP_ATTACK			= 8474, G: CHURROMAIN
_WALL				= 8475, G: CHURROMAIN
_DELAYED_CT			= 8476, G: CHURROMAIN
_PK_EFFORT			= 8477, G: CHURROMAIN
_HOTSPOT_T_R			= 8478, G: CHURROMAIN
__X2				= 8479, G: CHURROMAIN
__Y2				= 847A, G: CHURROMAIN
__EN_LIFE			= 847B, G: CHURROMAIN
_PRXX				= 847C, G: CHURROMAIN
_PRYY				= 847D, G: CHURROMAIN
_PA1				= 847E, G: CHURROMAIN
_PA2				= 847F, G: CHURROMAIN
_SONIA_TALK			= 8480, G: CHURROMAIN
_PA3				= 8481, G: CHURROMAIN
_PA4				= 8482, G: CHURROMAIN
_PA5				= 8483, G: CHURROMAIN
_PA6				= 8484, G: CHURROMAIN
___Y				= 8485, G: CHURROMAIN
_PK_WIN				= 8486, G: CHURROMAIN
_XWAS				= 8487, G: CHURROMAIN
_YWAS				= 8488, G: CHURROMAIN
_ITEM_OLD			= 8489, G: CHURROMAIN
_IDX				= 848A, G: CHURROMAIN
_PLAYER				= 848C, G: CHURROMAIN
_JETPAC_FRAME_COUNTER		= 84BA, G: CHURROMAIN
_PAN				= 84BB, G: CHURROMAIN
_RDA				= 84BC, G: CHURROMAIN
_RDB				= 84BD, G: CHURROMAIN
_RDC				= 84BE, G: CHURROMAIN
_GPX				= 84BF, G: CHURROMAIN
_GPY				= 84C0, G: CHURROMAIN
_RDD				= 84C1, G: CHURROMAIN
_RDI				= 84C2, G: CHURROMAIN
_RDJ				= 84C3, G: CHURROMAIN
_RDN				= 84C5, G: CHURROMAIN
_KEYS_OLD			= 84C6, G: CHURROMAIN
_RDX				= 84C7, G: CHURROMAIN
_RDY				= 84C8, G: CHURROMAIN
_PTI				= 84C9, G: CHURROMAIN
_PTJ				= 84CA, G: CHURROMAIN
_ENOFFSMASI			= 84CB, G: CHURROMAIN
_PSK				= 84CD, G: CHURROMAIN
_GAME_LOOP_FLAG			= 84CE, G: CHURROMAIN
_LATEST_HOTSPOT			= 84CF, G: CHURROMAIN
_AMADOR_TALK			= 84D0, G: CHURROMAIN
_ASM_INT			= 84D1, G: CHURROMAIN
_PANT_JUST_RENDERED		= 84D3, G: CHURROMAIN
__BADDIES_POINTER		= 84D4, G: CHURROMAIN
_ORIG_TILE			= 84D6, G: CHURROMAIN
_SUCCESS			= 84D7, G: CHURROMAIN
_PK_LEVEL			= 84D8, G: CHURROMAIN
_COINS_OLD			= 84D9, G: CHURROMAIN
_INTERACT_FLAG			= 84DA, G: CHURROMAIN
_ANILLO_FLAG			= 84DB, G: CHURROMAIN
CPC_INVALIDATERECT		= 84DC, G: CPC_INVALIDATERECT
CPC_INVALIDATERECT_P		= 84E4, L: CPC_INVALIDATERECT
NOINC1				= 850A, L: CPC_INVALIDATERECT
INVCOLLP			= 850E, L: CPC_INVALIDATERECT
NOINC2				= 851D, L: CPC_INVALIDATERECT
INVFULLCHAR			= 8521, L: CPC_INVALIDATERECT
INVROWLP			= 8523, L: CPC_INVALIDATERECT
NOINC3				= 852E, L: CPC_INVALIDATERECT
CPC_BITLEFT2MASK		= 853C, G: CPC_BITLEFT2MASK
CPC_BITRIGHT2MASK		= 8544, G: CPC_BITRIGHT2MASK
KEYMAP0				= 854C, L: CPC_KEYSDATA
CPC_KEYSDATA			= 854C, G: CPC_KEYSDATA
TECLA_0				= 8556, L: CPC_KEYSDATA
TABLA_TECLAS0			= 8558, G: CPC_KEYSDATA
CPC_PUTSPTILEMAP4X8PX		= 8571, G: CPC_PUTSPTILEMAP4X8PX
DO_UPDATE			= 858B, L: CPC_PUTSPTILEMAP4X8PX
ORIGIN_NEXT_ROW			= 85AD, L: CPC_PUTSPTILEMAP4X8PX
FIN				= 85BF, L: CPC_PUTSPTILEMAP4X8PX
CPC_UPDTILETABLECLP		= 85C0, G: CPC_UPDTILETABLE
CPC_UPDTILETABLE		= 85CE, G: CPC_UPDTILETABLE
CPC_BIT2MASK			= 85ED, G: CPC_BIT2MASK
CPC_TBLLOOKUP			= 85F5, G: CPC_TBLLOOKUP
NOINC				= 85FA, L: CPC_TBLLOOKUP
CPC_PUTSPTILEMAP8X16PX		= 85FC, G: CPC_PUTSPTILEMAP8X16PX
DO_UPDATE			= 8616, L: CPC_PUTSPTILEMAP8X16PX
ORIGIN_NEXT_ROW			= 863B, L: CPC_PUTSPTILEMAP8X16PX
ORIGIN_LAST_ROW			= 864E, L: CPC_PUTSPTILEMAP8X16PX
FIN				= 8665, L: CPC_PUTSPTILEMAP8X16PX
CPC_PUTTRSP4X8TILEMAP2BPX	= 8666, G: CPC_PUTTRSP4X8TILEMAP2BPX
TRANSFERIR_SPRITE		= 8674, L: CPC_PUTTRSP4X8TILEMAP2BPX
PASA_BLOQUE_A_SBUFFER		= 8674, L: CPC_PUTTRSP4X8TILEMAP2BPX
SP_BUFFER_MASK			= 868B, L: CPC_PUTTRSP4X8TILEMAP2BPX
LOOP_ALTO_MAP_SBUFFER		= 8695, L: CPC_PUTTRSP4X8TILEMAP2BPX
LOOP_ALTO_MAP_SBUFFER_SHIFTED	= 86B2, L: CPC_PUTTRSP4X8TILEMAP2BPX
CPC_PUTTRSP8X16TILEMAP2BPX	= 86F8, G: CPC_PUTTRSP8X16TILEMAP2BPX
TRANSFERIR_SPRITE		= 8706, L: CPC_PUTTRSP8X16TILEMAP2BPX
PASA_BLOQUE_A_SBUFFER		= 8706, L: CPC_PUTTRSP8X16TILEMAP2BPX
SP_BUFFER_MASK			= 871D, L: CPC_PUTTRSP8X16TILEMAP2BPX
LOOP_ALTO_MAP_SBUFFER		= 8727, L: CPC_PUTTRSP8X16TILEMAP2BPX
LOOP_ALTO_MAP_SBUFFER_SHIFTED	= 8754, L: CPC_PUTTRSP8X16TILEMAP2BPX
CPC_RESETTOUCHEDTILES		= 87D2, G: CPC_RESETTOUCHEDTILES
CPC_SETCOLOUR			= 87E0, G: CPC_SETCOLOUR
CPC_SETMODE			= 87F3, G: CPC_SETMODE
CPC_SHOWTILEMAP			= 87FD, G: CPC_SHOWTILEMAP
SOLOCOPIA			= 8812, L: CPC_SHOWTILEMAP
TRANSFERIR_PANTALLA_A_SUPERBUFFER	= 881F, L: CPC_SHOWTILEMAP
BUCLE_DIBUJADO_FONDO		= 8826, L: CPC_SHOWTILEMAP
INCREMENTO2			= 8857, L: CPC_SHOWTILEMAP
CONTADOR_TILES			= 8864, L: CPC_SHOWTILEMAP
CONTADOR_TILES2			= 8865, L: CPC_SHOWTILEMAP
TRANSFERIR_MAP_SBUFFER		= 8867, L: CPC_SHOWTILEMAP
LOOP_ANCHO_MAP_SBUFFER		= 886D, L: CPC_SHOWTILEMAP
LOOP_ALTO_MAP_SBUFFER		= 886D, L: CPC_SHOWTILEMAP
CPC_PUTSP			= 887B, L: CPC_SHOWTILEMAP
LOOP_ALTO_2			= 887D, L: CPC_SHOWTILEMAP
SIG_LINEA_2			= 8894, L: CPC_SHOWTILEMAP
CPC_SHOWTOUCHEDTILES		= 8898, G: CPC_SHOWTOUCHEDTILES
BUCLE_CPC_SHOWTOUCHEDTILES	= 88A4, L: CPC_SHOWTOUCHEDTILES
PROCESS				= 88B5, L: CPC_SHOWTOUCHEDTILES
SKIPALL				= 88E1, L: CPC_SHOWTOUCHEDTILES
NOINCD				= 88E9, L: CPC_SHOWTOUCHEDTILES
CHECKBIT			= 88ED, L: CPC_SHOWTOUCHEDTILES
COPYTILE			= 88F0, L: CPC_SHOWTOUCHEDTILES
POSICIONAR_SUPERBUFFER		= 88F2, L: CPC_SHOWTOUCHEDTILES
POSICIONAR_PANTALLA		= 88FB, L: CPC_SHOWTOUCHEDTILES
TRANSF_BLOQUE_SB_PANTALLA	= 8909, L: CPC_SHOWTOUCHEDTILES
COPYBGTILE			= 891A, L: CPC_SHOWTOUCHEDTILES
COPYCELL			= 8966, L: CPC_SHOWTOUCHEDTILES
COPYCELL_DONE			= 89A2, L: CPC_SHOWTOUCHEDTILES
CHECKBIT_DONE			= 89A4, L: CPC_SHOWTOUCHEDTILES
CPC_TESTKEYBOARD		= 89A8, G: CPC_TESTKEYBOARD
CPC_UPDSCR			= 89CC, G: CPC_UPDSCR
MAIN_LOOP			= 89DA, L: CPC_UPDSCR
_TILES_TOCADOS_PTR		= 89EF, L: CPC_UPDSCR
PROCESS_TOUCHED_BYTE		= 89F1, L: CPC_UPDSCR
BIT0_SKIP			= 8A02, L: CPC_UPDSCR
BIT1_SKIP			= 8A0C, L: CPC_UPDSCR
BIT2_SKIP			= 8A16, L: CPC_UPDSCR
BIT3_SKIP			= 8A20, L: CPC_UPDSCR
BIT4_SKIP			= 8A2A, L: CPC_UPDSCR
BIT5_SKIP			= 8A34, L: CPC_UPDSCR
BIT6_SKIP			= 8A3E, L: CPC_UPDSCR
BIT7_SKIP			= 8A48, L: CPC_UPDSCR
UCOPYTILE			= 8A4C, L: CPC_UPDSCR
TRANSFERIR_MAP_SBUFFER_GREY	= 8A68, L: CPC_UPDSCR
SKEEP				= 8AA5, L: CPC_UPDSCR
L_AND				= 8AA9, G: L_AND
L_ASL				= 8AB0, G: L_ASL
L_ASL1				= 8AB1, L: L_ASL
L_ASR_U				= 8AB7, G: L_ASR_U
L_ASR_U_1			= 8AB8, L: L_ASR_U
L_COM				= 8AC1, G: L_COM
L_DIV_U				= 8AC8, G: L_DIV_U
ENTRY				= 8ACC, L: L_DIV_U
L_DIV1				= 8AD3, L: L_DIV_U
L_DIV2				= 8ADD, L: L_DIV_U
L_EQ				= 8AE7, G: L_EQ
L_GCHAR				= 8AEE, G: L_GCHAR
L_SXT				= 8AEF, L: L_GCHAR
L_GINT				= 8AF4, G: L_GINT
L_GT				= 8AF9, G: L_GT
L_LNEG				= 8B05, G: L_LNEG
L_LT				= 8B0A, G: L_LT
L_MULT				= 8B16, G: L_MULT
L_MULT1				= 8B1D, L: L_MULT
L_MULT2				= 8B24, L: L_MULT
L_NE				= 8B27, G: L_NE
L_NEG				= 8B2E, G: L_NEG
L_OR				= 8B36, G: L_OR
L_PINT				= 8B3D, G: L_PINT
L_UGE				= 8B43, G: L_UGE
L_UGT				= 8B4B, G: L_UGT
L_ULE				= 8B51, G: L_ULE
L_ULT				= 8B59, G: L_ULT
L_XOR				= 8B5F, G: L_XOR
