ACCELERATE_LEFT_DONE		= 51B5, L: CHURROMAIN
ACCELERATE_RIGHT_DONE		= 51E9, L: CHURROMAIN
ACTUALIZA_BREAKABLES_CONT	= 4E39, L: CHURROMAIN
ACTUALIZA_BREAKABLES_LOOP	= 4DE9, L: CHURROMAIN
ACTUALIZA_BREAKABLES_RESET	= 4E34, L: CHURROMAIN
ACTUALIZA_BREAKABLES_SPAWN_DONE	= 4E26, L: CHURROMAIN
ADD_TO_BREAKABLES_CONT		= 4E95, L: CHURROMAIN
ADD_TO_BREAKABLES_LOOP		= 4E41, L: CHURROMAIN
ASHL16_HL			= 0505, L: CHURROMAIN
BGICMODBC1			= 0B3C, L: CHURROMAIN
BGICMODBC2			= 0B3E, L: CHURROMAIN
BIT0_SKIP			= 688C, L: CPC_UPDSCR
BIT1_SKIP			= 6896, L: CPC_UPDSCR
BIT2_SKIP			= 68A0, L: CPC_UPDSCR
BIT3_SKIP			= 68AA, L: CPC_UPDSCR
BIT4_SKIP			= 68B4, L: CPC_UPDSCR
BIT5_SKIP			= 68BE, L: CPC_UPDSCR
BIT6_SKIP			= 68C8, L: CPC_UPDSCR
BIT7_SKIP			= 68D2, L: CPC_UPDSCR
BO_L1				= 4AF2, L: CHURROMAIN
BUCLE_CPC_SHOWTOUCHEDTILES	= 6790, L: CPC_SHOWTOUCHEDTILES
BUCLE_DIBUJADO_FONDO		= 6716, L: CPC_SHOWTILEMAP
CALL_PERSIST_BASE		= 294B, L: CHURROMAIN
CANAL_A				= 0EAC, L: CHURROMAIN
CANAL_B				= 0EAE, L: CHURROMAIN
CANAL_C				= 0EB0, L: CHURROMAIN
CANAL_P				= 0EDA, L: CHURROMAIN
CARGA_CANCION			= 0A86, L: CHURROMAIN
CHECKBIT			= 67D2, L: CPC_SHOWTOUCHEDTILES
CHECKBIT_DONE			= 682E, L: CPC_SHOWTOUCHEDTILES
CLEAR_PSG_BUFFER		= 0A67, L: CHURROMAIN
CLEAR_SPRITES_LOOP		= 4C02, L: CHURROMAIN
COMANDOS			= 0C49, L: CHURROMAIN
COM_EFECTO			= 0C8E, L: CHURROMAIN
COM_ENVOLVENTE			= 0C9E, L: CHURROMAIN
CONTADOR_TILES			= 6754, L: CPC_SHOWTILEMAP
CONTADOR_TILES2			= 6755, L: CPC_SHOWTILEMAP
CONT_ENV			= 0E56, L: CHURROMAIN
COPYCELL_DONE			= 682C, L: CPC_SHOWTOUCHEDTILES
COPYTILE			= 67D5, L: CPC_SHOWTOUCHEDTILES
COPY_KEYS_TO_EXTERN		= 4B60, L: CHURROMAIN
CPC_BIT2MASK			= 64A9, G: CPC_BIT2MASK
CPC_BITLEFT2MASK		= 63DD, G: CPC_BITLEFT2MASK
CPC_BITRIGHT2MASK		= 63E5, G: CPC_BITRIGHT2MASK
CPC_HARDPAUSE_INNER		= 2AB5, L: CHURROMAIN
CPC_HARDPAUSE_OUTER		= 2AB3, L: CHURROMAIN
CPC_INVALIDATERECT		= 637D, G: CPC_INVALIDATERECT
CPC_INVALIDATERECT_P		= 6385, L: CPC_INVALIDATERECT
CPC_KEYSDATA			= 63ED, G: CPC_KEYSDATA
CPC_PUTSP			= 676B, L: CPC_SHOWTILEMAP
CPC_PUTSPTILEMAP8X16PX		= 6412, G: CPC_PUTSPTILEMAP8X16PX
CPC_PUTSPTILEMAP8X8PX		= 64B8, G: CPC_PUTSPTILEMAP8X8PX
CPC_PUTTRSP8X16TILEMAP2BPX	= 650E, G: CPC_PUTTRSP8X16TILEMAP2BPX
CPC_PUTTRSP8X8TILEMAP2BPX	= 65E8, G: CPC_PUTTRSP8X8TILEMAP2BPX
CPC_RESETTOUCHEDTILES		= 66C2, G: CPC_RESETTOUCHEDTILES
CPC_SETCOLOUR			= 66D0, G: CPC_SETCOLOUR
CPC_SETMODE			= 66E3, G: CPC_SETMODE
CPC_SHOWTILEMAP			= 66ED, G: CPC_SHOWTILEMAP
CPC_SHOWTOUCHEDTILES		= 6788, G: CPC_SHOWTOUCHEDTILES
CPC_TBLLOOKUP			= 64B1, G: CPC_TBLLOOKUP
CPC_TESTKEYBOARD		= 6832, G: CPC_TESTKEYBOARD
CPC_UPDSCR			= 6856, G: CPC_UPDSCR
CPC_UPDTILETABLE		= 648A, G: CPC_UPDTILETABLE
CPC_UPDTILETABLECLP		= 647C, G: CPC_UPDTILETABLE
CRTBC0				= 0E60, L: CHURROMAIN
DATOS_NOTAS			= 0F13, L: CHURROMAIN
DCBC0				= 0BB9, L: CHURROMAIN
DECELERATE_LEFT			= 5168, L: CHURROMAIN
DECELERATE_RIGHT		= 5175, L: CHURROMAIN
DECODE_CANAL			= 0B56, L: CHURROMAIN
DECODE_SONG			= 0A8F, L: CHURROMAIN
DEPACK				= 0519, L: CHURROMAIN
DEPACK_ASSET			= 438E, L: CHURROMAIN
DO_UPDATE			= 64D2, L: CPC_PUTSPTILEMAP8X8PX
DO_UPDATE			= 642C, L: CPC_PUTSPTILEMAP8X16PX
DRAW_2_DIGITS_SHORTCUT		= 2864, L: CHURROMAIN
DRAW_AND_ADVANCE_X_SET		= 55B6, L: CHURROMAIN
DRAW_PERSISTENT_LOOP		= 29BA, L: CHURROMAIN
DRAW_PERSISTENT_ROW_CONTINUE	= 29AE, L: CHURROMAIN
DRAW_PERSISTENT_ROW_LOOP	= 2987, L: CHURROMAIN
DRAW_RECTANGLE_IT1		= 271E, L: CHURROMAIN
DRAW_RECTANGLE_IT2		= 2723, L: CHURROMAIN
DRAW_SCR_ALT_NO			= 5693, L: CHURROMAIN
DRAW_TEXT_LOOP			= 28B4, L: CHURROMAIN
DRAW_TEXT_PRE_LOOP		= 28AB, L: CHURROMAIN
DZX0S_COPY			= 052B, L: CHURROMAIN
DZX0S_ELIAS			= 054E, L: CHURROMAIN
DZX0S_ELIAS_BACKTRACK		= 0556, L: CHURROMAIN
DZX0S_ELIAS_LOOP		= 054F, L: CHURROMAIN
DZX0S_ELIAS_SKIP		= 0555, L: CHURROMAIN
DZX0S_LITERALS			= 0520, L: CHURROMAIN
DZX0S_NEW_OFFSET		= 0535, L: CHURROMAIN
DZX0_STANDARD			= 0519, L: CHURROMAIN
EFECTO0				= 055D, L: CHURROMAIN
EFECTO1				= 0600, L: CHURROMAIN
EFECTO10			= 06F6, L: CHURROMAIN
EFECTO11			= 0715, L: CHURROMAIN
EFECTO12			= 0734, L: CHURROMAIN
EFECTO2				= 061C, L: CHURROMAIN
EFECTO3				= 062C, L: CHURROMAIN
EFECTO4				= 063C, L: CHURROMAIN
EFECTO5				= 064C, L: CHURROMAIN
EFECTO6				= 066B, L: CHURROMAIN
EFECTO7				= 068A, L: CHURROMAIN
EFECTO8				= 06A9, L: CHURROMAIN
EFECTO9				= 06B9, L: CHURROMAIN
EFECTO_REGS			= 0EED, L: CHURROMAIN
ENEMS_TYPE6_INIT		= 57CA, L: CHURROMAIN
ENEMS_UPDATE_VALUES_AND_EXIT	= 5E01, L: CHURROMAIN
ENEM_COMPLETELY_DEAD		= 5939, L: CHURROMAIN
ENEM_IS_NOT_DEAD		= 594E, L: CHURROMAIN
ENEM_SET_FRAME			= 593C, L: CHURROMAIN
ENTRY				= 6948, L: L_DIV_U
ENVOLVENTE			= 0F11, L: CHURROMAIN
ENVOLVENTE_BACK			= 0F12, L: CHURROMAIN
EN_LINEAR_DONE			= 5A08, L: CHURROMAIN
EN_LINEAR_HORIZONTAL_AXIS	= 5984, L: CHURROMAIN
EN_LINEAR_HORIZONTAL_AXIS_DONE	= 59C6, L: CHURROMAIN
EN_LINEAR_HORZ_BOUNDS		= 5992, L: CHURROMAIN
EN_LINEAR_VERTICAL_AXIS		= 59C6, L: CHURROMAIN
EN_LINEAR_VERTICAL_AXIS_DONE	= 5A08, L: CHURROMAIN
EN_LINEAR_VERT_BOUNDS		= 59D4, L: CHURROMAIN
EN_XX_CALC			= 5C41, L: CHURROMAIN
EN_YY_CALC			= 5C50, L: CHURROMAIN
EVIL_TILE_COLLISION		= 53DD, L: CHURROMAIN
EVIL_TILE_COLLISION_DONE	= 5414, L: CHURROMAIN
EVOLVENTES			= 0E33, L: CHURROMAIN
EXT_WORD			= 0E7E, L: CHURROMAIN
FACING_AIRBORNE_NEGATIVE	= 51FD, L: CHURROMAIN
FACING_AIRBORNE_POSITIVE	= 51FA, L: CHURROMAIN
FACING_AIRBORNE_SET		= 51FF, L: CHURROMAIN
FACING_ARIBORNE_CHECK_DONE	= 5202, L: CHURROMAIN
FACING_LEFT_DONE		= 51B3, L: CHURROMAIN
FACING_RIGHT_DONE		= 51E7, L: CHURROMAIN
FANTY_NO_ACT			= 5B66, L: CHURROMAIN
FANTY_VX_DONE			= 5A88, L: CHURROMAIN
FANTY_VX_SK0			= 5A38, L: CHURROMAIN
FANTY_VX_SK1			= 5A5D, L: CHURROMAIN
FANTY_VX_WRITE			= 5A7D, L: CHURROMAIN
FANTY_VY_DONE			= 5AEC, L: CHURROMAIN
FANTY_VY_SK0			= 5A92, L: CHURROMAIN
FANTY_VY_SK1			= 5AB7, L: CHURROMAIN
FANTY_VY_WRITE			= 5AD9, L: CHURROMAIN
FANTY_X_AXIS			= 5A2E, L: CHURROMAIN
FANTY_X_LIMIT_0			= 5B04, L: CHURROMAIN
FANTY_X_LIMIT_1			= 5B12, L: CHURROMAIN
FANTY_X_WRITE			= 5B1E, L: CHURROMAIN
FANTY_Y_AXIS			= 5A88, L: CHURROMAIN
FANTY_Y_LIMIT_0			= 5B41, L: CHURROMAIN
FANTY_Y_LIMIT_1			= 5B4F, L: CHURROMAIN
FANTY_Y_WRITE			= 5B5B, L: CHURROMAIN
FCA_CONT			= 0CE8, L: CHURROMAIN
FIN				= 650D, L: CPC_PUTSPTILEMAP8X8PX
FIN				= 647B, L: CPC_PUTSPTILEMAP8X16PX
FIN_CANAL_A			= 0CDD, L: CHURROMAIN
FIN_CANAL_P			= 0D6F, L: CHURROMAIN
FIN_DEC_CANAL			= 0BA7, L: CHURROMAIN
FIN_NOPLAYER			= 0A20, L: CHURROMAIN
FIN_NOTA_A			= 0CBD, L: CHURROMAIN
FIN_NOTA_P			= 0D57, L: CHURROMAIN
FIN_RUTINA			= 0D36, L: CHURROMAIN
FIN_SONIDO			= 0A17, L: CHURROMAIN
FLICK_DOWN_DONE			= 4514, L: CHURROMAIN
FLICK_LEFT_DONE			= 446B, L: CHURROMAIN
FLICK_RIGHT_DONE		= 4493, L: CHURROMAIN
FLICK_UP_DONE			= 44E5, L: CHURROMAIN
FRECUENCIA_OFF			= 0E4D, L: CHURROMAIN
GETLEN				= 0BAC, L: CHURROMAIN
GET_BEH_IN_A			= 4DD9, L: CHURROMAIN
GET_POINTER_FROM_ARRAY		= 4380, L: CHURROMAIN
GET_POINTER_FROM_ARRAY_HIJACK	= 4383, L: CHURROMAIN
HLSHR6_A			= 04FA, L: CHURROMAIN
HORZ_COLLISION_DONE		= 532A, L: CHURROMAIN
HORZ_COLLISION_IF1		= 5274, L: CHURROMAIN
HORZ_COLLISION_IF2		= 528E, L: CHURROMAIN
HORZ_COLLISION_IF3		= 52D4, L: CHURROMAIN
HORZ_COLLISION_IF4		= 52EF, L: CHURROMAIN
HORZ_COLLISION_LEFT		= 52A7, L: CHURROMAIN
HORZ_COLLISION_NEGATIVE		= 526A, L: CHURROMAIN
HORZ_COLLISION_POSITIVE		= 52CA, L: CHURROMAIN
HORZ_COLLISION_RIGHT		= 5309, L: CHURROMAIN
HORZ_LIMIT_SKIP_1		= 59AB, L: CHURROMAIN
HORZ_LIMIT_SKIP_2		= 59C6, L: CHURROMAIN
HOTSPOT_PAINT_ACT_SKIP		= 55EB, L: CHURROMAIN
HOTSPOT_PAINT_SET_T		= 5643, L: CHURROMAIN
H_ACCELERATION_DONE		= 51E9, L: CHURROMAIN
H_ACCELERATION_SET		= 5170, L: CHURROMAIN
INCREMENTO2			= 6747, L: CPC_SHOWTILEMAP
INICIA_EFECTO			= 0962, L: CHURROMAIN
INICIA_SONIDO			= 0952, L: CHURROMAIN
INICIO				= 093B, L: CHURROMAIN
INIT_DECODER			= 0AF7, L: CHURROMAIN
INIT_HOTSPOTS_LOOP		= 5563, L: CHURROMAIN
INIT_MALOTES_LOOP		= 4D7B, L: CHURROMAIN
INTERR				= 0EA2, L: CHURROMAIN
INVCOLLP			= 63AF, L: CPC_INVALIDATERECT
INVFULLCHAR			= 63C2, L: CPC_INVALIDATERECT
INVROWLP			= 63C4, L: CPC_INVALIDATERECT
ISR_C1				= 5E92, L: CHURROMAIN
ISR_C2				= 5E93, L: CHURROMAIN
ISR_DONE			= 5E94, L: CHURROMAIN
I_1				= 629A, L: CHURROMAIN
I_100				= 5D56, L: CHURROMAIN
I_100_UGE			= 5D4C, L: CHURROMAIN
I_101_I_100			= 5D59, L: CHURROMAIN
I_102				= 5DB1, L: CHURROMAIN
I_103				= 5D98, L: CHURROMAIN
I_104_I_103			= 5D9B, L: CHURROMAIN
I_105				= 5E01, L: CHURROMAIN
I_106				= 5DD1, L: CHURROMAIN
I_107_I_106			= 5DD4, L: CHURROMAIN
I_108				= 5E01, L: CHURROMAIN
I_109				= 5E01, L: CHURROMAIN
I_110				= 5F6C, L: CHURROMAIN
I_111				= 6299, L: CHURROMAIN
I_112				= 5FD2, L: CHURROMAIN
I_113				= 6293, L: CHURROMAIN
I_114				= 6049, L: CHURROMAIN
I_115				= 6025, L: CHURROMAIN
I_116				= 602C, L: CHURROMAIN
I_117				= 6077, L: CHURROMAIN
I_118				= 6096, L: CHURROMAIN
I_119				= 61A3, L: CHURROMAIN
I_120				= 61A3, L: CHURROMAIN
I_122				= 614F, L: CHURROMAIN
I_123				= 6104, L: CHURROMAIN
I_124				= 6112, L: CHURROMAIN
I_125				= 6126, L: CHURROMAIN
I_126				= 6144, L: CHURROMAIN
I_127				= 61A3, L: CHURROMAIN
I_128				= 61C8, L: CHURROMAIN
I_129				= 61FB, L: CHURROMAIN
I_130				= 6266, L: CHURROMAIN
I_131				= 6266, L: CHURROMAIN
I_132				= 6234, L: CHURROMAIN
I_133_I_132			= 6237, L: CHURROMAIN
I_134				= 6290, L: CHURROMAIN
I_135				= 627B, L: CHURROMAIN
I_137				= 6290, L: CHURROMAIN
I_16				= 2940, L: CHURROMAIN
I_17				= 294A, L: CHURROMAIN
I_18				= 2928, L: CHURROMAIN
I_19				= 2940, L: CHURROMAIN
I_20				= 2A28, L: CHURROMAIN
I_21				= 2A61, L: CHURROMAIN
I_22				= 2A83, L: CHURROMAIN
I_23				= 2AB1, L: CHURROMAIN
I_37				= 4412, L: CHURROMAIN
I_38				= 446E, L: CHURROMAIN
I_39				= 4459, L: CHURROMAIN
I_40_I_39			= 445C, L: CHURROMAIN
I_41				= 4493, L: CHURROMAIN
I_42				= 4493, L: CHURROMAIN
I_43				= 4482, L: CHURROMAIN
I_44_I_43			= 4485, L: CHURROMAIN
I_45				= 44E8, L: CHURROMAIN
I_46				= 44BC, L: CHURROMAIN
I_47_I_46			= 44BF, L: CHURROMAIN
I_48				= 4514, L: CHURROMAIN
I_49				= 4514, L: CHURROMAIN
I_50				= 44FC, L: CHURROMAIN
I_51_I_50			= 44FF, L: CHURROMAIN
I_52				= 4C6B, L: CHURROMAIN
I_53				= 4C9B, L: CHURROMAIN
I_54				= 4C70, L: CHURROMAIN
I_55				= 5029, L: CHURROMAIN
I_56				= 503C, L: CHURROMAIN
I_57				= 5180, L: CHURROMAIN
I_58				= 5158, L: CHURROMAIN
I_59_I_58			= 515B, L: CHURROMAIN
I_60				= 51B5, L: CHURROMAIN
I_61				= 51E9, L: CHURROMAIN
I_62				= 522E, L: CHURROMAIN
I_63				= 5241, L: CHURROMAIN
I_64				= 5367, L: CHURROMAIN
I_65				= 533F, L: CHURROMAIN
I_66_I_65			= 5342, L: CHURROMAIN
I_67				= 53F4, L: CHURROMAIN
I_68				= 5473, L: CHURROMAIN
I_69				= 5466, L: CHURROMAIN
I_70_I_69			= 5469, L: CHURROMAIN
I_71				= 54AD, L: CHURROMAIN
I_72				= 5485, L: CHURROMAIN
I_73				= 54AD, L: CHURROMAIN
I_74				= 54AD, L: CHURROMAIN
I_75				= 573B, L: CHURROMAIN
I_76				= 581C, L: CHURROMAIN
I_77				= 5740, L: CHURROMAIN
I_79				= 5819, L: CHURROMAIN
I_80				= 579B, L: CHURROMAIN
I_81				= 57B8, L: CHURROMAIN
I_82				= 57B8, L: CHURROMAIN
I_83				= 57B8, L: CHURROMAIN
I_84				= 57B8, L: CHURROMAIN
I_85				= 57C4, L: CHURROMAIN
I_86				= 5805, L: CHURROMAIN
I_87				= 5896, L: CHURROMAIN
I_88				= 58B4, L: CHURROMAIN
I_89				= 5E44, L: CHURROMAIN
I_90				= 58B9, L: CHURROMAIN
I_91				= 595C, L: CHURROMAIN
I_92				= 5E01, L: CHURROMAIN
I_93				= 5E01, L: CHURROMAIN
I_94				= 5A08, L: CHURROMAIN
I_95				= 5D3B, L: CHURROMAIN
I_96				= 5CB1, L: CHURROMAIN
I_97_I_96			= 5CB4, L: CHURROMAIN
I_98				= 5E01, L: CHURROMAIN
I_99				= 5DB1, L: CHURROMAIN
KEYMAP0				= 63ED, L: CPC_KEYSDATA
LEJP0				= 0D4E, L: CHURROMAIN
LINE_COUNTER			= 0FAB, L: CHURROMAIN
LNJP0				= 0CB3, L: CHURROMAIN
LOCALIZA_EFECTO			= 0D37, L: CHURROMAIN
LOCALIZA_NOTA			= 0C3C, L: CHURROMAIN
LOOP_ALTO_2			= 676D, L: CPC_SHOWTILEMAP
LOOP_ALTO_MAP_SBUFFER		= 675D, L: CPC_SHOWTILEMAP
LOOP_ALTO_MAP_SBUFFER		= 6617, L: CPC_PUTTRSP8X8TILEMAP2BPX
LOOP_ALTO_MAP_SBUFFER		= 653D, L: CPC_PUTTRSP8X16TILEMAP2BPX
LOOP_ALTO_MAP_SBUFFER_SHIFTED	= 6644, L: CPC_PUTTRSP8X8TILEMAP2BPX
LOOP_ALTO_MAP_SBUFFER_SHIFTED	= 656A, L: CPC_PUTTRSP8X16TILEMAP2BPX
LOOP_ANCHO_MAP_SBUFFER		= 675D, L: CPC_SHOWTILEMAP
LOUT				= 0A34, L: CHURROMAIN
L_AND				= 6925, G: L_AND
L_ASL				= 692C, G: L_ASL
L_ASL1				= 692D, L: L_ASL
L_ASR_U				= 6933, G: L_ASR_U
L_ASR_U_1			= 6934, L: L_ASR_U
L_COM				= 693D, G: L_COM
L_DIV1				= 694F, L: L_DIV_U
L_DIV2				= 6959, L: L_DIV_U
L_DIV_U				= 6944, G: L_DIV_U
L_EQ				= 6963, G: L_EQ
L_GCHAR				= 696A, G: L_GCHAR
L_GE				= 6970, G: L_GE
L_GINT				= 697E, G: L_GINT
L_GT				= 6983, G: L_GT
L_LT				= 698F, G: L_LT
L_NE				= 699B, G: L_NE
L_NEG				= 69A2, G: L_NEG
L_OR				= 69AA, G: L_OR
L_PINT				= 69B1, G: L_PINT
L_SXT				= 696B, L: L_GCHAR
L_UGE				= 69B7, G: L_UGE
L_ULE				= 69BF, G: L_ULE
L_ULT				= 69C7, G: L_ULT
MAIN_LOOP			= 6864, L: CPC_UPDSCR
ML_MIN_FAPS_LOOP		= 2A61, L: CHURROMAIN
ML_MIN_FAPS_LOOP_END		= 2A68, L: CHURROMAIN
ML_UD_SKIP			= 5FFE, L: CHURROMAIN
MOVING_PLATFORMS		= 5CB4, L: CHURROMAIN
MOVING_PLATFORMS_DO		= 5CC2, L: CHURROMAIN
MOVING_PLATFORMS_DONE		= 5D38, L: CHURROMAIN
MOVING_PLATFORMS_HORZ		= 5D04, L: CHURROMAIN
MOVING_PLATFORMS_VERT		= 5CC2, L: CHURROMAIN
MOVING_PLATFORMS_VERT_DONE	= 5D04, L: CHURROMAIN
MOVING_PLATFORMS_VERT_DOWN	= 5CE9, L: CHURROMAIN
MOVING_PLATFORMS_VERT_UP	= 5CCC, L: CHURROMAIN
NEXTRAND			= 4D47, L: CHURROMAIN
NOINC				= 64B6, L: CPC_TBLLOOKUP
NOINC1				= 63AB, L: CPC_INVALIDATERECT
NOINC2				= 63BE, L: CPC_INVALIDATERECT
NOINC3				= 63CF, L: CPC_INVALIDATERECT
NOINCD				= 67CE, L: CPC_SHOWTOUCHEDTILES
NONEWBLACK			= 0BDE, L: CHURROMAIN
NOTA				= 0E1E, L: CHURROMAIN
NO_ALT_BG_SUBST			= 5684, L: CHURROMAIN
NO_BACKUP_ENVOLVENTE		= 0A31, L: CHURROMAIN
NO_DEC_TEMPO			= 0C5B, L: CHURROMAIN
NO_ENVOLVENTE			= 0B8F, L: CHURROMAIN
NO_ENVOLVENTES_SONIDO		= 09FD, L: CHURROMAIN
NO_FIN_CANAL_A			= 0CF6, L: CHURROMAIN
NO_FIN_CANAL_P			= 0D77, L: CHURROMAIN
NO_INC_TEMPO			= 0C60, L: CHURROMAIN
NO_INSTRUMENTO			= 0B82, L: CHURROMAIN
NO_MODIFICA			= 0B9C, L: CHURROMAIN
NO_PUNTILLO			= 0B6F, L: CHURROMAIN
NO_RUIDO			= 0A0A, L: CHURROMAIN
NO_SILENCIO			= 0B65, L: CHURROMAIN
NO_SILENCIO_A			= 0D24, L: CHURROMAIN
NPTJP0				= 0AAB, L: CHURROMAIN
N_SONIDO			= 0EEA, L: CHURROMAIN
ORIGIN_LAST_ROW			= 6464, L: CPC_PUTSPTILEMAP8X16PX
ORIGIN_NEXT_ROW			= 64F7, L: CPC_PUTSPTILEMAP8X8PX
ORIGIN_NEXT_ROW			= 6451, L: CPC_PUTSPTILEMAP8X16PX
ORNMJP1				= 0E08, L: CHURROMAIN
ORNNEG				= 0DEA, L: CHURROMAIN
PAD_READ_LOOP			= 28EF, L: CHURROMAIN
PAD_READ_NOT_PRESSED		= 2902, L: CHURROMAIN
PASA_BLOQUE_A_SBUFFER		= 65F6, L: CPC_PUTTRSP8X8TILEMAP2BPX
PASA_BLOQUE_A_SBUFFER		= 651C, L: CPC_PUTTRSP8X16TILEMAP2BPX
PAUTA				= 0D7E, L: CHURROMAIN
PAUTAS				= 0C12, L: CHURROMAIN
PAUTA_0				= 0767, L: CHURROMAIN
PAUTA_1				= 0772, L: CHURROMAIN
PAUTA_2				= 0785, L: CHURROMAIN
PAUTA_3				= 079A, L: CHURROMAIN
PAUTA_4				= 07C1, L: CHURROMAIN
PAUTA_5				= 07CC, L: CHURROMAIN
PCAJP0				= 0D9E, L: CHURROMAIN
PCAJP1				= 0DB5, L: CHURROMAIN
PCAJP2				= 0DCA, L: CHURROMAIN
PCAJP3				= 0DEC, L: CHURROMAIN
PCAJP4				= 0D8A, L: CHURROMAIN
PCAJP5				= 0E10, L: CHURROMAIN
PCAJP6				= 0DFC, L: CHURROMAIN
PCAJP7				= 0E1A, L: CHURROMAIN
PLAY				= 0BBF, L: CHURROMAIN
PLAYER_FLICKER_CHECK_DONE	= 61DC, L: CHURROMAIN
PLAYER_FLICKER_CT_WRITE		= 61D9, L: CHURROMAIN
PLAYER_FLICKER_DONE_CHECK	= 61C8, L: CHURROMAIN
PLAYER_GET_COIN			= 5414, L: CHURROMAIN
PLAYER_GET_COIN_DONE		= 5440, L: CHURROMAIN
PLAYER_IS_DEAD			= 6205, L: CHURROMAIN
PLAYER_JUMP_DONE		= 500C, L: CHURROMAIN
PLAYER_JUMP_NOT_PRESSING	= 4FFC, L: CHURROMAIN
PLAYER_JUMP_PRESSING		= 4FDE, L: CHURROMAIN
PLAYER_JUMP_START		= 4F9C, L: CHURROMAIN
PLAYER_JUMP_START_DO		= 4FB5, L: CHURROMAIN
PLAYER_JUMP_START_DONE		= 4FDE, L: CHURROMAIN
PLAYER_OFF			= 0A63, L: CHURROMAIN
PLAYER_RENDER_EMPTY		= 4CE1, L: CHURROMAIN
PLAYER_RENDER_GRAPHIC		= 4CE6, L: CHURROMAIN
PLAYER_RENDER_SET_SP0		= 4CE9, L: CHURROMAIN
PLAYER_VENG_GRAVITY		= 4F7C, L: CHURROMAIN
PLAYER_VENG_GRAVITY_ADD		= 4F8B, L: CHURROMAIN
PLAYER_VENG_GRAVITY_DONE	= 4F99, L: CHURROMAIN
POSICIONAR_PANTALLA		= 67E0, L: CPC_SHOWTOUCHEDTILES
POSICIONAR_SUPERBUFFER		= 67D7, L: CPC_SHOWTOUCHEDTILES
POSICIONES_PANTALLA		= 0406, G: TILEMAPCONF
POSICIONES_SUPER_BUFFER		= 0436, G: TILEMAPCONF
PRINT_STR_INV			= 28CA, L: CHURROMAIN
PROCESS				= 679A, L: CPC_SHOWTOUCHEDTILES
PROCESS_TOUCHED_BYTE		= 687B, L: CPC_UPDSCR
PSG_REG				= 0EF1, L: CHURROMAIN
PSG_REG_SEC			= 0F01, L: CHURROMAIN
PUNTERO_A			= 0EA6, L: CHURROMAIN
PUNTERO_B			= 0EA8, L: CHURROMAIN
PUNTERO_C			= 0EAA, L: CHURROMAIN
PUNTERO_DECA			= 0EC4, L: CHURROMAIN
PUNTERO_DECB			= 0EC6, L: CHURROMAIN
PUNTERO_DECC			= 0EC8, L: CHURROMAIN
PUNTERO_DECP			= 0EDE, L: CHURROMAIN
PUNTERO_EFECTO			= 0ECA, L: CHURROMAIN
PUNTERO_L_DECA			= 0ED2, L: CHURROMAIN
PUNTERO_L_DECB			= 0ED4, L: CHURROMAIN
PUNTERO_L_DECC			= 0ED6, L: CHURROMAIN
PUNTERO_L_DECP			= 0EE0, L: CHURROMAIN
PUNTERO_P			= 0ED8, L: CHURROMAIN
PUNTERO_P_A			= 0EB2, L: CHURROMAIN
PUNTERO_P_A0			= 0EB8, L: CHURROMAIN
PUNTERO_P_B			= 0EB4, L: CHURROMAIN
PUNTERO_P_B0			= 0EBA, L: CHURROMAIN
PUNTERO_P_C			= 0EB6, L: CHURROMAIN
PUNTERO_P_C0			= 0EBC, L: CHURROMAIN
PUNTERO_P_DECA			= 0EBE, L: CHURROMAIN
PUNTERO_P_DECB			= 0EC0, L: CHURROMAIN
PUNTERO_P_DECC			= 0EC2, L: CHURROMAIN
PUNTERO_P_DECP			= 0EDC, L: CHURROMAIN
PUNTERO_SONIDO			= 0EEB, L: CHURROMAIN
QTILE_DO			= 2796, L: CHURROMAIN
RAND16				= 4D2B, L: CHURROMAIN
REG_NOTA_A			= 0ECC, L: CHURROMAIN
REG_NOTA_B			= 0ECE, L: CHURROMAIN
REG_NOTA_C			= 0ED0, L: CHURROMAIN
RENDER_PLAYER			= 4CB8, L: CHURROMAIN
RENDER_PLAYER_OFF_SCREEN	= 4CAE, L: CHURROMAIN
RENDER_PLAYER_ON_SCREEN		= 4CB2, L: CHURROMAIN
RENDER_PLAYER_SET_X		= 4CB5, L: CHURROMAIN
REPRODUCE_EFECTO		= 099C, L: CHURROMAIN
REPRODUCE_EFECTO_LIMPIA_BIT	= 09B5, L: CHURROMAIN
REPRODUCE_SONIDO		= 097D, L: CHURROMAIN
REPRODUCE_SONIDO_LIMPIA_BIT	= 0996, L: CHURROMAIN
REPRODUCE_SONIDO_O_EFECTO	= 09BB, L: CHURROMAIN
ROUT				= 0A27, L: CHURROMAIN
SELECT_CANAL_A			= 0E8D, L: CHURROMAIN
SELECT_CANAL_B			= 0E94, L: CHURROMAIN
SELECT_CANAL_C			= 0E9B, L: CHURROMAIN
SET_MAP_TILE_DO			= 280E, L: CHURROMAIN
SET_MAP_TILE_DO_PRINT		= 282F, L: CHURROMAIN
SFX_H				= 0EE4, L: CHURROMAIN
SFX_L				= 0EE2, L: CHURROMAIN
SFX_MIX				= 0EE8, L: CHURROMAIN
SFX_V				= 0EE6, L: CHURROMAIN
SIG_LINEA_2			= 6784, L: CPC_SHOWTILEMAP
SILENCIO_ENVOLVENTE		= 0D11, L: CHURROMAIN
SI_RUIDO			= 0A10, L: CHURROMAIN
SKEEP				= 6921, L: CPC_UPDSCR
SKIPALL				= 67C6, L: CPC_SHOWTOUCHEDTILES
SOLOCOPIA			= 6702, L: CPC_SHOWTILEMAP
SONG				= 0EA3, L: CHURROMAIN
SONIDO0				= 07D9, L: CHURROMAIN
SONIDO1				= 07E0, L: CHURROMAIN
SONIDO2				= 07E7, L: CHURROMAIN
SONIDO3				= 07EE, L: CHURROMAIN
SONIDO_REGS			= 0EEF, L: CHURROMAIN
SPRITE_CREATION			= 5ED5, L: CHURROMAIN
SP_BUFFER_MASK			= 660D, L: CPC_PUTTRSP8X8TILEMAP2BPX
SP_BUFFER_MASK			= 6533, L: CPC_PUTTRSP8X16TILEMAP2BPX
SP_SW_INIT_ENEMS_LOOP		= 5F0F, L: CHURROMAIN
SP_SW_INIT_TURNOFF_LOOP		= 5F5A, L: CHURROMAIN
START				= 0400, L: CPC_CRT0
SWING_SWORD_DONE		= 4F26, L: CHURROMAIN
SWING_SWORD_GOON		= 4F1F, L: CHURROMAIN
SWING_SWORD_OFF			= 4F24, L: CHURROMAIN
SWORD_BREAKABLE_DONE		= 4F10, L: CHURROMAIN
SWORD_CHECK			= 4EA1, L: CHURROMAIN
SWORD_CHECK_DONE		= 4EDB, L: CHURROMAIN
SWORD_LEFT			= 4EC3, L: CHURROMAIN
SWORD_RIGHT			= 4ED0, L: CHURROMAIN
TABLA_DATOS_CANAL_SFX		= 0E87, L: CHURROMAIN
TABLA_EFECTOS			= 0F91, L: CHURROMAIN
TABLA_NOTAS			= 0E26, L: CHURROMAIN
TABLA_PAUTAS			= 0753, L: CHURROMAIN
TABLA_SONG			= 0F8F, L: CHURROMAIN
TABLA_SONIDOS			= 075F, L: CHURROMAIN
TABLA_TECLAS0			= 63F9, G: CPC_KEYSDATA
TECLA_0				= 63F7, L: CPC_KEYSDATA
TEMPO				= 0EA4, L: CHURROMAIN
TILEMAPCONF			= 0406, G: TILEMAPCONF
TILES				= 0FAC, G: CHURROMAIN
TITLE_LOOP			= 4B47, L: CHURROMAIN
TITLE_NOT_AUX3			= 4B56, L: CHURROMAIN
TRANSFERIR_MAP_SBUFFER		= 6757, L: CPC_SHOWTILEMAP
TRANSFERIR_MAP_SBUFFER_GREY	= 68E4, L: CPC_UPDSCR
TRANSFERIR_PANTALLA_A_SUPERBUFFER	= 670F, L: CPC_SHOWTILEMAP
TRANSFERIR_SPRITE		= 65F6, L: CPC_PUTTRSP8X8TILEMAP2BPX
TRANSFERIR_SPRITE		= 651C, L: CPC_PUTTRSP8X16TILEMAP2BPX
TRANSF_BLOQUE_SB_PANTALLA	= 67EE, L: CPC_SHOWTOUCHEDTILES
TTEMPO				= 0EA5, L: CHURROMAIN
UCOPYTILE			= 68D6, L: CPC_UPDSCR
VERT_COLLISION			= 5064, L: CHURROMAIN
VERT_COLLISION_DONE		= 513C, L: CHURROMAIN
VERT_COLLISION_DOWN		= 5129, L: CHURROMAIN
VERT_COLLISION_IF1		= 508C, L: CHURROMAIN
VERT_COLLISION_IF2		= 50A4, L: CHURROMAIN
VERT_COLLISION_IF3		= 50F6, L: CHURROMAIN
VERT_COLLISION_IF4		= 510F, L: CHURROMAIN
VERT_COLLISION_NEGATIVE		= 5082, L: CHURROMAIN
VERT_COLLISION_POSITIVE		= 50E7, L: CHURROMAIN
VERT_COLLISION_UP		= 50BF, L: CHURROMAIN
VERT_LIMIT_SKIP_1		= 59ED, L: CHURROMAIN
VERT_LIMIT_SKIP_2		= 5A08, L: CHURROMAIN
VOL_INST_A			= 0ECD, L: CHURROMAIN
VOL_INST_B			= 0ECF, L: CHURROMAIN
VOL_INST_C			= 0ED1, L: CHURROMAIN
WITHSIGN			= 0511, L: CHURROMAIN
WRITEPSGHL			= 0A4C, L: CHURROMAIN
WYZPLAYER_INIT			= 0922, L: CHURROMAIN
WYZ_PLAYER_ISR			= 093B, L: CHURROMAIN
_00_TITLE_MUS_BIN		= 07F8, L: CHURROMAIN
_01_INGAME_MUS_BIN		= 0865, L: CHURROMAIN
_ABS				= 4D55, G: CHURROMAIN
_ABS_A				= 4BF4, G: CHURROMAIN
_ACTUALIZA_BREAKABLES		= 4DE2, G: CHURROMAIN
_ADD_TO_BREAKABLES		= 4E3E, G: CHURROMAIN
_ADJUST_TO_TILE_X		= 4DA4, G: CHURROMAIN
_ADJUST_TO_TILE_Y		= 4DB9, G: CHURROMAIN
_ADVANCE_WORM			= 5695, L: CHURROMAIN
_ASM_INT			= 6375, G: CHURROMAIN
_ATTR				= 274C, G: CHURROMAIN
_ATTR_1				= 275C, L: CHURROMAIN
_ATTR_1B			= 2778, L: CHURROMAIN
_ATTR_2				= 2754, L: CHURROMAIN
_ATTR_END			= 278B, L: CHURROMAIN
_ATTR_ENEMS			= 2766, L: CHURROMAIN
_ATTR_ENEMS_SKIP_1		= 276E, L: CHURROMAIN
_BEEPET				= 26EC, G: CHURROMAIN
_BITMASK			= 04E2, G: CHURROMAIN
_BLACKOUT			= 4AE9, G: CHURROMAIN
_BUTTON_JUMP			= 62F4, G: CHURROMAIN
_B_F				= 631C, G: CHURROMAIN
_B_WAS				= 62BF, G: CHURROMAIN
_B_X				= 6322, G: CHURROMAIN
_B_Y				= 6326, G: CHURROMAIN
_CALC_BADDIES_POINTER		= 4C54, G: CHURROMAIN
_CALC_HOTSPOT_PTR		= 55BE, G: CHURROMAIN
_CALC_PERSIST_BASE		= 294B, G: CHURROMAIN
_CLEAR_PERSISTENT		= 29E3, G: CHURROMAIN
_COINS_OLD			= 637C, G: CHURROMAIN
_COLLIDE_ENEM			= 4CF9, G: CHURROMAIN
_COMPORTAMIENTO_TILES		= 0466, G: CHURROMAIN
_CPC_BORDER			= 2A73, G: CHURROMAIN
_CPC_HARDPAUSE			= 2AB2, G: CHURROMAIN
_CPC_SCREEN_UPDATE_DONE		= 2A61, L: CHURROMAIN
_CPC_SCREEN_UPDATE_INV_LOOP	= 29FF, L: CHURROMAIN
_CPC_SCREEN_UPDATE_INV_RET	= 2A21, L: CHURROMAIN
_CPC_SCREEN_UPDATE_UPD_BUFFER	= 2A28, L: CHURROMAIN
_CPC_SCREEN_UPDATE_UPD_LOOP	= 2A39, L: CHURROMAIN
_CPC_SCREEN_UPDATE_UPD_RET	= 2A5C, L: CHURROMAIN
_CPC_UPDATENOW			= 29F1, G: CHURROMAIN
_CUSTOM_FLICK_SCREEN_HANDLER	= 4445, G: CHURROMAIN
_CUSTOM_MAP_POINTER_CALCULATOR	= 4432, G: CHURROMAIN
_DEF_KEYS			= 04AF, G: CHURROMAIN
_DEF_KEYS_JOY			= 04C7, G: CHURROMAIN
_DO_EXTERN_ACTION		= 4BCD, G: CHURROMAIN
_DRAW_2_DIGITS			= 2853, G: CHURROMAIN
_DRAW_AND_ADVANCE		= 5568, G: CHURROMAIN
_DRAW_COLOURED_TILE		= 27AC, G: CHURROMAIN
_DRAW_COLOURED_TILE_DO		= 27C0, L: CHURROMAIN
_DRAW_PERSISTENT		= 29B6, G: CHURROMAIN
_DRAW_PERSISTENT_ROW		= 2984, G: CHURROMAIN
_DRAW_RECTANGLE			= 2705, G: CHURROMAIN
_DRAW_SCR			= 5716, G: CHURROMAIN
_DRAW_SCR_ADVANCE_LOOP		= 566E, L: CHURROMAIN
_DRAW_SCR_ADVANCE_LOOP_DONE	= 567F, L: CHURROMAIN
_DRAW_SCR_BACKGROUND		= 564A, G: CHURROMAIN
_DRAW_SCR_GET_SCR_ADDRESS	= 4432, L: CHURROMAIN
_DRAW_SCR_LOOP			= 5657, L: CHURROMAIN
_DRAW_SCR_LOOP_DONE		= 56A2, L: CHURROMAIN
_DRAW_SCR_RLE			= 5657, L: CHURROMAIN
_DRAW_TEXT			= 2895, G: CHURROMAIN
_ENEMS_CALC_FRAME		= 56A6, G: CHURROMAIN
_ENEMS_EN_AN_CALC		= 56D0, G: CHURROMAIN
_ENEMS_HIT_SWORD_DONE		= 5DB1, L: CHURROMAIN
_ENEMS_HOTSPOTS0		= 34FE, G: CHURROMAIN
_ENEMS_HOTSPOTS1		= 35EE, G: CHURROMAIN
_ENEMS_HOTSPOTS2		= 3692, G: CHURROMAIN
_ENEMS_HOTSPOTSS		= 3729, G: CHURROMAIN
_ENEMS_INIT			= 5725, L: CHURROMAIN
_ENEMS_KILL			= 5854, G: CHURROMAIN
_ENEMY_ANIMATE_UPDATE_COUNT	= 5C7A, L: CHURROMAIN
_ENEMY_DIED			= 62D8, G: CHURROMAIN
_ENEMY_KILLER			= 62E8, G: CHURROMAIN
_ENEM_CELLS			= 4BE0, G: CHURROMAIN
_ENIT				= 62FA, G: CHURROMAIN
_ENOFFS				= 62F2, G: CHURROMAIN
_ENOFFSMASI			= 6371, G: CHURROMAIN
_EN_BG_COLLISION		= 5B66, L: CHURROMAIN
_EN_BG_COLLISION_CHECK		= 5C1C, L: CHURROMAIN
_EN_BG_COLLISION_END		= 5C5F, L: CHURROMAIN
_EN_BG_COLLISION_HORZ		= 5B72, L: CHURROMAIN
_EN_BG_COLLISION_HORZ_DONE	= 5BC0, L: CHURROMAIN
_EN_BG_COLLISION_VERT		= 5BC9, L: CHURROMAIN
_EN_BG_COLLISION_VERT_DONE	= 5C17, L: CHURROMAIN
_EN_CX				= 62CE, G: CHURROMAIN
_EN_CY				= 62CF, G: CHURROMAIN
_EN_J				= 62F7, G: CHURROMAIN
_EN_TOCADO			= 04DF, G: CHURROMAIN
_EN_X				= 62F8, G: CHURROMAIN
_EN_XX				= 62D3, G: CHURROMAIN
_EN_Y				= 62F9, G: CHURROMAIN
_EN_YY				= 62D4, G: CHURROMAIN
_ESPERA_ACTIVA			= 2928, G: CHURROMAIN
_EZG_OLD			= 62DB, G: CHURROMAIN
_FLAGS				= 62D0, G: CHURROMAIN
_FONT				= 0FAC, L: CHURROMAIN
_GAME_ENDING			= 4B6C, G: CHURROMAIN
_GAME_LOOP_FLAG			= 6373, G: CHURROMAIN
_GAME_OVER			= 4B90, G: CHURROMAIN
_GET_COIN			= 4D8B, G: CHURROMAIN
_GET_POINTER_TO_ENEM_OR_COCO	= 4C0D, G: CHURROMAIN
_GPCX				= 62FB, G: CHURROMAIN
_GPCY				= 62FD, G: CHURROMAIN
_GPIT				= 6302, G: CHURROMAIN
_GPX				= 6361, G: CHURROMAIN
_GPXX				= 630B, G: CHURROMAIN
_GPY				= 6362, G: CHURROMAIN
_GPYY				= 630C, G: CHURROMAIN
_GP_GEN				= 62EF, G: CHURROMAIN
_GP_GEN_ALT			= 62D1, G: CHURROMAIN
_GP_GEN_ORG			= 62D6, G: CHURROMAIN
_HALF_LIFE			= 62CB, G: CHURROMAIN
_HOOK_ENTERING			= 4414, G: CHURROMAIN
_HOOK_GAME_OVER			= 4416, G: CHURROMAIN
_HOOK_HOTSPOTS			= 4415, G: CHURROMAIN
_HOOK_INIT_GAME			= 4396, G: CHURROMAIN
_HOOK_INIT_MAINLOOP		= 43A3, G: CHURROMAIN
_HOOK_JUST_DIED			= 441A, G: CHURROMAIN
_HOOK_MAINLOOP			= 4413, G: CHURROMAIN
_HOOK_SYSTEM_INITS		= 4395, G: CHURROMAIN
_HOTSPOTS			= 26B0, G: CHURROMAIN
_HOTSPOTS_DONE			= 61AC, L: CHURROMAIN
_HOTSPOTS_ELSE			= 61A5, L: CHURROMAIN
_HOTSPOT_FLAG			= 62E3, G: CHURROMAIN
_HOTSPOT_PAINT			= 55C9, G: CHURROMAIN
_HOTSPOT_T			= 62C8, G: CHURROMAIN
_HOTSPOT_T_R			= 6318, G: CHURROMAIN
_HOTSPOT_X			= 62C9, G: CHURROMAIN
_HOTSPOT_Y			= 62CA, G: CHURROMAIN
_IDX				= 632C, G: CHURROMAIN
_INIT_BREAKABLE			= 4D5C, G: CHURROMAIN
_INIT_HOTSPOTS			= 5559, G: CHURROMAIN
_INIT_MALOTES			= 4D71, G: CHURROMAIN
_INIT_PLAYER			= 5545, G: CHURROMAIN
_INIT_PLAYER_VALUES		= 54CC, G: CHURROMAIN
_INVALIDATE_VIEWPORT		= 2847, G: CHURROMAIN
_ISR				= 5E64, L: CHURROMAIN
_ISR_PLAYER_ON			= 62BE, G: CHURROMAIN
_ITEM_OLD			= 632B, G: CHURROMAIN
_JETPAC_FRAME_COUNTER		= 635D, G: CHURROMAIN
_KEYS_OLD			= 6368, G: CHURROMAIN
_KILLED_OLD			= 62DA, G: CHURROMAIN
_LATEST_HOTSPOT			= 6374, G: CHURROMAIN
_LEVEL				= 62DC, G: CHURROMAIN
_LIFE_OLD			= 62E4, G: CHURROMAIN
_L_INI_X			= 437A, G: CHURROMAIN
_L_INI_Y			= 437D, G: CHURROMAIN
_L_MAP_H			= 4374, G: CHURROMAIN
_L_MAP_W			= 4371, G: CHURROMAIN
_L_SCR_INI			= 4377, G: CHURROMAIN
_MAIN				= 5E45, G: CHURROMAIN
_MAINCOUNTER			= 630F, G: CHURROMAIN
_MALOTES			= 250C, G: CHURROMAIN
_MAP0				= 2ABC, G: CHURROMAIN
_MAP1				= 2E90, G: CHURROMAIN
_MAP2				= 3248, G: CHURROMAIN
_MAPS				= 34F8, G: CHURROMAIN
_MAP_H				= 62D5, G: CHURROMAIN
_MAP_W				= 62D9, G: CHURROMAIN
_MOVE				= 4F4F, G: CHURROMAIN
_MUEVE_BICHARRACOS		= 5897, G: CHURROMAIN
_MY_INKS			= 04EA, G: CHURROMAIN
_NEW_LEVEL			= 6370, G: CHURROMAIN
_N_PANT				= 62F6, G: CHURROMAIN
_OBJS_OLD			= 630A, G: CHURROMAIN
_ON_PANT			= 62F1, G: CHURROMAIN
_ORIG_TILE			= 637A, G: CHURROMAIN
_PAD0				= 62F5, G: CHURROMAIN
_PAD1				= 04E0, G: CHURROMAIN
_PAD_READ			= 28DD, G: CHURROMAIN
_PAD_THIS_FRAME			= 04E1, G: CHURROMAIN
_PAL_SET			= 2A7C, G: CHURROMAIN
_PANT_JUST_RENDERED		= 6377, G: CHURROMAIN
_PERSIST			= 295C, G: CHURROMAIN
_PLATFORM_GET_PLAYER		= 5823, G: CHURROMAIN
_PLAYER				= 632E, G: CHURROMAIN
_PLAYER_CELLS			= 4BCE, G: CHURROMAIN
_PLAYER_CELL_SEL_SET_RDI	= 5448, L: CHURROMAIN
_PLAYER_FLICKER			= 4DCE, G: CHURROMAIN
_PLAYING			= 6301, G: CHURROMAIN
_PROCESS_BREAKABLE		= 632A, G: CHURROMAIN
_PRXX				= 6320, G: CHURROMAIN
_PRYY				= 6321, G: CHURROMAIN
_PTGMX				= 62E9, G: CHURROMAIN
_PTGMY				= 62EB, G: CHURROMAIN
_PTI				= 636D, G: CHURROMAIN
_PTJ				= 636E, G: CHURROMAIN
_PTX1				= 6311, G: CHURROMAIN
_PTX2				= 6312, G: CHURROMAIN
_PTY1				= 6313, G: CHURROMAIN
_PTY2				= 6314, G: CHURROMAIN
_QTILE				= 278E, G: CHURROMAIN
_RAND				= 4D2B, G: CHURROMAIN
_RDA				= 635E, G: CHURROMAIN
_RDB				= 635F, G: CHURROMAIN
_RDC				= 6360, G: CHURROMAIN
_RDD				= 6363, G: CHURROMAIN
_RDI				= 6364, G: CHURROMAIN
_RDJ				= 6365, G: CHURROMAIN
_RDMT				= 6310, G: CHURROMAIN
_RDN				= 6367, G: CHURROMAIN
_RDT1				= 62FF, G: CHURROMAIN
_RDT2				= 6300, G: CHURROMAIN
_RDX				= 636B, G: CHURROMAIN
_RDY				= 636C, G: CHURROMAIN
_RENDER_ALL_SPRITES		= 4C61, G: CHURROMAIN
_RENDER_THIS_ENEMY		= 4C20, G: CHURROMAIN
_SACA_A_TODO_EL_MUNDO_DE_AQUI	= 4BFA, G: CHURROMAIN
_SAFE_N_PANT			= 62C7, G: CHURROMAIN
_SAFE_X				= 630D, G: CHURROMAIN
_SAFE_Y				= 630E, G: CHURROMAIN
_SCENERY_INFO			= 6303, G: CHURROMAIN
_SEED				= 6307, G: CHURROMAIN
_SET_MAP_TILE			= 27F3, G: CHURROMAIN
_SKIP_AY_PLAYER			= 5E8C, L: CHURROMAIN
_SM_COX				= 23AC, G: CHURROMAIN
_SM_COY				= 23BC, G: CHURROMAIN
_SM_INVFUNC			= 23CC, G: CHURROMAIN
_SM_SPRPTR			= 240C, G: CHURROMAIN
_SM_UPDFUNC			= 23EC, G: CHURROMAIN
_SPRITES			= 1FAC, G: CHURROMAIN
_SPRITE_17_A			= 242C, G: CHURROMAIN
_SPRITE_18_A			= 246C, G: CHURROMAIN
_SPRITE_SWORD			= 24CC, G: CHURROMAIN
_SS0				= 410F, G: CHURROMAIN
_SS1				= 422D, G: CHURROMAIN
_SSS				= 436B, G: CHURROMAIN
_SUCCESS			= 637B, G: CHURROMAIN
_SWING_SWORD			= 4E9A, G: CHURROMAIN
_SWOFFS_X			= 0486, G: CHURROMAIN
_SWORD_CELLS			= 4BF0, G: CHURROMAIN
_S_CURRENT_FRAME		= 62ED, G: CHURROMAIN
_S_ENDING			= 46BE, G: CHURROMAIN
_S_FRAME			= 62E5, G: CHURROMAIN
_S_HIT_X			= 62E6, G: CHURROMAIN
_S_HIT_Y			= 62E7, G: CHURROMAIN
_S_MARCO			= 45CE, G: CHURROMAIN
_S_NEXT_FRAME			= 6316, G: CHURROMAIN
_S_ON				= 6309, G: CHURROMAIN
_S_TITLE			= 4515, G: CHURROMAIN
_S_TYPE				= 636F, G: CHURROMAIN
_S_X				= 6369, G: CHURROMAIN
_S_Y				= 636A, G: CHURROMAIN
_TILESET			= 0FAC, G: CHURROMAIN
_TILES_TOCADOS_PTR		= 6879, L: CPC_UPDSCR
_TITLE_SCREEN			= 4B08, G: CHURROMAIN
_TRPIXLUTC			= 048A, G: CHURROMAIN
_TS0				= 3765, G: CHURROMAIN
_TS0_BEHS			= 372F, G: CHURROMAIN
_TS1				= 3ABE, G: CHURROMAIN
_TS1_BEHS			= 373F, G: CHURROMAIN
_TS2				= 3DEF, G: CHURROMAIN
_TS2_BEHS			= 374F, G: CHURROMAIN
_TSPATTERNS			= 13AC, G: CHURROMAIN
_TSS				= 4109, G: CHURROMAIN
_TS_BEHS			= 375F, G: CHURROMAIN
_T_ALT				= 62DE, G: CHURROMAIN
_UPDATE_FANTYS			= 5A08, L: CHURROMAIN
_UPDATE_FANTYS_DONE		= 5B66, L: CHURROMAIN
_WALL				= 6315, G: CHURROMAIN
_WYZ_BEAT_CT			= 62DD, G: CHURROMAIN
_WYZ_INIT			= 08EE, G: CHURROMAIN
_WYZ_PLAY_MUSIC			= 08F9, G: CHURROMAIN
_WYZ_PLAY_SOUND			= 0913, G: CHURROMAIN
_WYZ_SONGS			= 08EA, G: CHURROMAIN
_WYZ_STOP_SOUND			= 091A, G: CHURROMAIN
__BADDIES_POINTER		= 6378, G: CHURROMAIN
__CTILEOFF			= 5C38, L: CHURROMAIN
__CTILEOFF_1			= 5C3E, L: CHURROMAIN
__EN_LIFE			= 631B, G: CHURROMAIN
__EN_MX				= 62CC, G: CHURROMAIN
__EN_MY				= 62CD, G: CHURROMAIN
__EN_T				= 62BB, G: CHURROMAIN
__EN_X				= 62BC, G: CHURROMAIN
__EN_X1				= 62C3, G: CHURROMAIN
__EN_X2				= 62C4, G: CHURROMAIN
__EN_Y				= 62BD, G: CHURROMAIN
__EN_Y1				= 62C5, G: CHURROMAIN
__EN_Y2				= 62C6, G: CHURROMAIN
__N				= 62DF, G: CHURROMAIN
__T				= 62E0, G: CHURROMAIN
__TILE_ADDRESS			= 26ED, G: CHURROMAIN
__X				= 62E1, G: CHURROMAIN
__X2				= 6319, G: CHURROMAIN
__Y				= 62E2, G: CHURROMAIN
__Y2				= 631A, G: CHURROMAIN


START				= 0400, L: CPC_CRT0
TILEMAPCONF			= 0406, G: TILEMAPCONF
POSICIONES_PANTALLA		= 0406, G: TILEMAPCONF
POSICIONES_SUPER_BUFFER		= 0436, G: TILEMAPCONF
_COMPORTAMIENTO_TILES		= 0466, G: CHURROMAIN
_SWOFFS_X			= 0486, G: CHURROMAIN
_TRPIXLUTC			= 048A, G: CHURROMAIN
_DEF_KEYS			= 04AF, G: CHURROMAIN
_DEF_KEYS_JOY			= 04C7, G: CHURROMAIN
_EN_TOCADO			= 04DF, G: CHURROMAIN
_PAD1				= 04E0, G: CHURROMAIN
_PAD_THIS_FRAME			= 04E1, G: CHURROMAIN
_BITMASK			= 04E2, G: CHURROMAIN
_MY_INKS			= 04EA, G: CHURROMAIN
HLSHR6_A			= 04FA, L: CHURROMAIN
ASHL16_HL			= 0505, L: CHURROMAIN
WITHSIGN			= 0511, L: CHURROMAIN
DZX0_STANDARD			= 0519, L: CHURROMAIN
DEPACK				= 0519, L: CHURROMAIN
DZX0S_LITERALS			= 0520, L: CHURROMAIN
DZX0S_COPY			= 052B, L: CHURROMAIN
DZX0S_NEW_OFFSET		= 0535, L: CHURROMAIN
DZX0S_ELIAS			= 054E, L: CHURROMAIN
DZX0S_ELIAS_LOOP		= 054F, L: CHURROMAIN
DZX0S_ELIAS_SKIP		= 0555, L: CHURROMAIN
DZX0S_ELIAS_BACKTRACK		= 0556, L: CHURROMAIN
EFECTO0				= 055D, L: CHURROMAIN
EFECTO1				= 0600, L: CHURROMAIN
EFECTO2				= 061C, L: CHURROMAIN
EFECTO3				= 062C, L: CHURROMAIN
EFECTO4				= 063C, L: CHURROMAIN
EFECTO5				= 064C, L: CHURROMAIN
EFECTO6				= 066B, L: CHURROMAIN
EFECTO7				= 068A, L: CHURROMAIN
EFECTO8				= 06A9, L: CHURROMAIN
EFECTO9				= 06B9, L: CHURROMAIN
EFECTO10			= 06F6, L: CHURROMAIN
EFECTO11			= 0715, L: CHURROMAIN
EFECTO12			= 0734, L: CHURROMAIN
TABLA_PAUTAS			= 0753, L: CHURROMAIN
TABLA_SONIDOS			= 075F, L: CHURROMAIN
PAUTA_0				= 0767, L: CHURROMAIN
PAUTA_1				= 0772, L: CHURROMAIN
PAUTA_2				= 0785, L: CHURROMAIN
PAUTA_3				= 079A, L: CHURROMAIN
PAUTA_4				= 07C1, L: CHURROMAIN
PAUTA_5				= 07CC, L: CHURROMAIN
SONIDO0				= 07D9, L: CHURROMAIN
SONIDO1				= 07E0, L: CHURROMAIN
SONIDO2				= 07E7, L: CHURROMAIN
SONIDO3				= 07EE, L: CHURROMAIN
_00_TITLE_MUS_BIN		= 07F8, L: CHURROMAIN
_01_INGAME_MUS_BIN		= 0865, L: CHURROMAIN
_WYZ_SONGS			= 08EA, G: CHURROMAIN
_WYZ_INIT			= 08EE, G: CHURROMAIN
_WYZ_PLAY_MUSIC			= 08F9, G: CHURROMAIN
_WYZ_PLAY_SOUND			= 0913, G: CHURROMAIN
_WYZ_STOP_SOUND			= 091A, G: CHURROMAIN
WYZPLAYER_INIT			= 0922, L: CHURROMAIN
WYZ_PLAYER_ISR			= 093B, L: CHURROMAIN
INICIO				= 093B, L: CHURROMAIN
INICIA_SONIDO			= 0952, L: CHURROMAIN
INICIA_EFECTO			= 0962, L: CHURROMAIN
REPRODUCE_SONIDO		= 097D, L: CHURROMAIN
REPRODUCE_SONIDO_LIMPIA_BIT	= 0996, L: CHURROMAIN
REPRODUCE_EFECTO		= 099C, L: CHURROMAIN
REPRODUCE_EFECTO_LIMPIA_BIT	= 09B5, L: CHURROMAIN
REPRODUCE_SONIDO_O_EFECTO	= 09BB, L: CHURROMAIN
NO_ENVOLVENTES_SONIDO		= 09FD, L: CHURROMAIN
NO_RUIDO			= 0A0A, L: CHURROMAIN
SI_RUIDO			= 0A10, L: CHURROMAIN
FIN_SONIDO			= 0A17, L: CHURROMAIN
FIN_NOPLAYER			= 0A20, L: CHURROMAIN
ROUT				= 0A27, L: CHURROMAIN
NO_BACKUP_ENVOLVENTE		= 0A31, L: CHURROMAIN
LOUT				= 0A34, L: CHURROMAIN
WRITEPSGHL			= 0A4C, L: CHURROMAIN
PLAYER_OFF			= 0A63, L: CHURROMAIN
CLEAR_PSG_BUFFER		= 0A67, L: CHURROMAIN
CARGA_CANCION			= 0A86, L: CHURROMAIN
DECODE_SONG			= 0A8F, L: CHURROMAIN
NPTJP0				= 0AAB, L: CHURROMAIN
INIT_DECODER			= 0AF7, L: CHURROMAIN
BGICMODBC1			= 0B3C, L: CHURROMAIN
BGICMODBC2			= 0B3E, L: CHURROMAIN
DECODE_CANAL			= 0B56, L: CHURROMAIN
NO_SILENCIO			= 0B65, L: CHURROMAIN
NO_PUNTILLO			= 0B6F, L: CHURROMAIN
NO_INSTRUMENTO			= 0B82, L: CHURROMAIN
NO_ENVOLVENTE			= 0B8F, L: CHURROMAIN
NO_MODIFICA			= 0B9C, L: CHURROMAIN
FIN_DEC_CANAL			= 0BA7, L: CHURROMAIN
GETLEN				= 0BAC, L: CHURROMAIN
DCBC0				= 0BB9, L: CHURROMAIN
PLAY				= 0BBF, L: CHURROMAIN
NONEWBLACK			= 0BDE, L: CHURROMAIN
PAUTAS				= 0C12, L: CHURROMAIN
LOCALIZA_NOTA			= 0C3C, L: CHURROMAIN
COMANDOS			= 0C49, L: CHURROMAIN
NO_DEC_TEMPO			= 0C5B, L: CHURROMAIN
NO_INC_TEMPO			= 0C60, L: CHURROMAIN
COM_EFECTO			= 0C8E, L: CHURROMAIN
COM_ENVOLVENTE			= 0C9E, L: CHURROMAIN
LNJP0				= 0CB3, L: CHURROMAIN
FIN_NOTA_A			= 0CBD, L: CHURROMAIN
FIN_CANAL_A			= 0CDD, L: CHURROMAIN
FCA_CONT			= 0CE8, L: CHURROMAIN
NO_FIN_CANAL_A			= 0CF6, L: CHURROMAIN
SILENCIO_ENVOLVENTE		= 0D11, L: CHURROMAIN
NO_SILENCIO_A			= 0D24, L: CHURROMAIN
FIN_RUTINA			= 0D36, L: CHURROMAIN
LOCALIZA_EFECTO			= 0D37, L: CHURROMAIN
LEJP0				= 0D4E, L: CHURROMAIN
FIN_NOTA_P			= 0D57, L: CHURROMAIN
FIN_CANAL_P			= 0D6F, L: CHURROMAIN
NO_FIN_CANAL_P			= 0D77, L: CHURROMAIN
PAUTA				= 0D7E, L: CHURROMAIN
PCAJP4				= 0D8A, L: CHURROMAIN
PCAJP0				= 0D9E, L: CHURROMAIN
PCAJP1				= 0DB5, L: CHURROMAIN
PCAJP2				= 0DCA, L: CHURROMAIN
ORNNEG				= 0DEA, L: CHURROMAIN
PCAJP3				= 0DEC, L: CHURROMAIN
PCAJP6				= 0DFC, L: CHURROMAIN
ORNMJP1				= 0E08, L: CHURROMAIN
PCAJP5				= 0E10, L: CHURROMAIN
PCAJP7				= 0E1A, L: CHURROMAIN
NOTA				= 0E1E, L: CHURROMAIN
TABLA_NOTAS			= 0E26, L: CHURROMAIN
EVOLVENTES			= 0E33, L: CHURROMAIN
FRECUENCIA_OFF			= 0E4D, L: CHURROMAIN
CONT_ENV			= 0E56, L: CHURROMAIN
CRTBC0				= 0E60, L: CHURROMAIN
EXT_WORD			= 0E7E, L: CHURROMAIN
TABLA_DATOS_CANAL_SFX		= 0E87, L: CHURROMAIN
SELECT_CANAL_A			= 0E8D, L: CHURROMAIN
SELECT_CANAL_B			= 0E94, L: CHURROMAIN
SELECT_CANAL_C			= 0E9B, L: CHURROMAIN
INTERR				= 0EA2, L: CHURROMAIN
SONG				= 0EA3, L: CHURROMAIN
TEMPO				= 0EA4, L: CHURROMAIN
TTEMPO				= 0EA5, L: CHURROMAIN
PUNTERO_A			= 0EA6, L: CHURROMAIN
PUNTERO_B			= 0EA8, L: CHURROMAIN
PUNTERO_C			= 0EAA, L: CHURROMAIN
CANAL_A				= 0EAC, L: CHURROMAIN
CANAL_B				= 0EAE, L: CHURROMAIN
CANAL_C				= 0EB0, L: CHURROMAIN
PUNTERO_P_A			= 0EB2, L: CHURROMAIN
PUNTERO_P_B			= 0EB4, L: CHURROMAIN
PUNTERO_P_C			= 0EB6, L: CHURROMAIN
PUNTERO_P_A0			= 0EB8, L: CHURROMAIN
PUNTERO_P_B0			= 0EBA, L: CHURROMAIN
PUNTERO_P_C0			= 0EBC, L: CHURROMAIN
PUNTERO_P_DECA			= 0EBE, L: CHURROMAIN
PUNTERO_P_DECB			= 0EC0, L: CHURROMAIN
PUNTERO_P_DECC			= 0EC2, L: CHURROMAIN
PUNTERO_DECA			= 0EC4, L: CHURROMAIN
PUNTERO_DECB			= 0EC6, L: CHURROMAIN
PUNTERO_DECC			= 0EC8, L: CHURROMAIN
PUNTERO_EFECTO			= 0ECA, L: CHURROMAIN
REG_NOTA_A			= 0ECC, L: CHURROMAIN
VOL_INST_A			= 0ECD, L: CHURROMAIN
REG_NOTA_B			= 0ECE, L: CHURROMAIN
VOL_INST_B			= 0ECF, L: CHURROMAIN
REG_NOTA_C			= 0ED0, L: CHURROMAIN
VOL_INST_C			= 0ED1, L: CHURROMAIN
PUNTERO_L_DECA			= 0ED2, L: CHURROMAIN
PUNTERO_L_DECB			= 0ED4, L: CHURROMAIN
PUNTERO_L_DECC			= 0ED6, L: CHURROMAIN
PUNTERO_P			= 0ED8, L: CHURROMAIN
CANAL_P				= 0EDA, L: CHURROMAIN
PUNTERO_P_DECP			= 0EDC, L: CHURROMAIN
PUNTERO_DECP			= 0EDE, L: CHURROMAIN
PUNTERO_L_DECP			= 0EE0, L: CHURROMAIN
SFX_L				= 0EE2, L: CHURROMAIN
SFX_H				= 0EE4, L: CHURROMAIN
SFX_V				= 0EE6, L: CHURROMAIN
SFX_MIX				= 0EE8, L: CHURROMAIN
N_SONIDO			= 0EEA, L: CHURROMAIN
PUNTERO_SONIDO			= 0EEB, L: CHURROMAIN
EFECTO_REGS			= 0EED, L: CHURROMAIN
SONIDO_REGS			= 0EEF, L: CHURROMAIN
PSG_REG				= 0EF1, L: CHURROMAIN
PSG_REG_SEC			= 0F01, L: CHURROMAIN
ENVOLVENTE			= 0F11, L: CHURROMAIN
ENVOLVENTE_BACK			= 0F12, L: CHURROMAIN
DATOS_NOTAS			= 0F13, L: CHURROMAIN
TABLA_SONG			= 0F8F, L: CHURROMAIN
TABLA_EFECTOS			= 0F91, L: CHURROMAIN
LINE_COUNTER			= 0FAB, L: CHURROMAIN
_TILESET			= 0FAC, G: CHURROMAIN
_FONT				= 0FAC, L: CHURROMAIN
TILES				= 0FAC, G: CHURROMAIN
_TSPATTERNS			= 13AC, G: CHURROMAIN
_SPRITES			= 1FAC, G: CHURROMAIN
_SM_COX				= 23AC, G: CHURROMAIN
_SM_COY				= 23BC, G: CHURROMAIN
_SM_INVFUNC			= 23CC, G: CHURROMAIN
_SM_UPDFUNC			= 23EC, G: CHURROMAIN
_SM_SPRPTR			= 240C, G: CHURROMAIN
_SPRITE_17_A			= 242C, G: CHURROMAIN
_SPRITE_18_A			= 246C, G: CHURROMAIN
_SPRITE_SWORD			= 24CC, G: CHURROMAIN
_MALOTES			= 250C, G: CHURROMAIN
_HOTSPOTS			= 26B0, G: CHURROMAIN
_BEEPET				= 26EC, G: CHURROMAIN
__TILE_ADDRESS			= 26ED, G: CHURROMAIN
_DRAW_RECTANGLE			= 2705, G: CHURROMAIN
DRAW_RECTANGLE_IT1		= 271E, L: CHURROMAIN
DRAW_RECTANGLE_IT2		= 2723, L: CHURROMAIN
_ATTR				= 274C, G: CHURROMAIN
_ATTR_2				= 2754, L: CHURROMAIN
_ATTR_1				= 275C, L: CHURROMAIN
_ATTR_ENEMS			= 2766, L: CHURROMAIN
_ATTR_ENEMS_SKIP_1		= 276E, L: CHURROMAIN
_ATTR_1B			= 2778, L: CHURROMAIN
_ATTR_END			= 278B, L: CHURROMAIN
_QTILE				= 278E, G: CHURROMAIN
QTILE_DO			= 2796, L: CHURROMAIN
_DRAW_COLOURED_TILE		= 27AC, G: CHURROMAIN
_DRAW_COLOURED_TILE_DO		= 27C0, L: CHURROMAIN
_SET_MAP_TILE			= 27F3, G: CHURROMAIN
SET_MAP_TILE_DO			= 280E, L: CHURROMAIN
SET_MAP_TILE_DO_PRINT		= 282F, L: CHURROMAIN
_INVALIDATE_VIEWPORT		= 2847, G: CHURROMAIN
_DRAW_2_DIGITS			= 2853, G: CHURROMAIN
DRAW_2_DIGITS_SHORTCUT		= 2864, L: CHURROMAIN
_DRAW_TEXT			= 2895, G: CHURROMAIN
DRAW_TEXT_PRE_LOOP		= 28AB, L: CHURROMAIN
DRAW_TEXT_LOOP			= 28B4, L: CHURROMAIN
PRINT_STR_INV			= 28CA, L: CHURROMAIN
_PAD_READ			= 28DD, G: CHURROMAIN
PAD_READ_LOOP			= 28EF, L: CHURROMAIN
PAD_READ_NOT_PRESSED		= 2902, L: CHURROMAIN
_ESPERA_ACTIVA			= 2928, G: CHURROMAIN
I_18				= 2928, L: CHURROMAIN
I_19				= 2940, L: CHURROMAIN
I_16				= 2940, L: CHURROMAIN
I_17				= 294A, L: CHURROMAIN
_CALC_PERSIST_BASE		= 294B, G: CHURROMAIN
CALL_PERSIST_BASE		= 294B, L: CHURROMAIN
_PERSIST			= 295C, G: CHURROMAIN
_DRAW_PERSISTENT_ROW		= 2984, G: CHURROMAIN
DRAW_PERSISTENT_ROW_LOOP	= 2987, L: CHURROMAIN
DRAW_PERSISTENT_ROW_CONTINUE	= 29AE, L: CHURROMAIN
_DRAW_PERSISTENT		= 29B6, G: CHURROMAIN
DRAW_PERSISTENT_LOOP		= 29BA, L: CHURROMAIN
_CLEAR_PERSISTENT		= 29E3, G: CHURROMAIN
_CPC_UPDATENOW			= 29F1, G: CHURROMAIN
_CPC_SCREEN_UPDATE_INV_LOOP	= 29FF, L: CHURROMAIN
_CPC_SCREEN_UPDATE_INV_RET	= 2A21, L: CHURROMAIN
_CPC_SCREEN_UPDATE_UPD_BUFFER	= 2A28, L: CHURROMAIN
I_20				= 2A28, L: CHURROMAIN
_CPC_SCREEN_UPDATE_UPD_LOOP	= 2A39, L: CHURROMAIN
_CPC_SCREEN_UPDATE_UPD_RET	= 2A5C, L: CHURROMAIN
_CPC_SCREEN_UPDATE_DONE		= 2A61, L: CHURROMAIN
ML_MIN_FAPS_LOOP		= 2A61, L: CHURROMAIN
I_21				= 2A61, L: CHURROMAIN
ML_MIN_FAPS_LOOP_END		= 2A68, L: CHURROMAIN
_CPC_BORDER			= 2A73, G: CHURROMAIN
_PAL_SET			= 2A7C, G: CHURROMAIN
I_22				= 2A83, L: CHURROMAIN
I_23				= 2AB1, L: CHURROMAIN
_CPC_HARDPAUSE			= 2AB2, G: CHURROMAIN
CPC_HARDPAUSE_OUTER		= 2AB3, L: CHURROMAIN
CPC_HARDPAUSE_INNER		= 2AB5, L: CHURROMAIN
_MAP0				= 2ABC, G: CHURROMAIN
_MAP1				= 2E90, G: CHURROMAIN
_MAP2				= 3248, G: CHURROMAIN
_MAPS				= 34F8, G: CHURROMAIN
_ENEMS_HOTSPOTS0		= 34FE, G: CHURROMAIN
_ENEMS_HOTSPOTS1		= 35EE, G: CHURROMAIN
_ENEMS_HOTSPOTS2		= 3692, G: CHURROMAIN
_ENEMS_HOTSPOTSS		= 3729, G: CHURROMAIN
_TS0_BEHS			= 372F, G: CHURROMAIN
_TS1_BEHS			= 373F, G: CHURROMAIN
_TS2_BEHS			= 374F, G: CHURROMAIN
_TS_BEHS			= 375F, G: CHURROMAIN
_TS0				= 3765, G: CHURROMAIN
_TS1				= 3ABE, G: CHURROMAIN
_TS2				= 3DEF, G: CHURROMAIN
_TSS				= 4109, G: CHURROMAIN
_SS0				= 410F, G: CHURROMAIN
_SS1				= 422D, G: CHURROMAIN
_SSS				= 436B, G: CHURROMAIN
_L_MAP_W			= 4371, G: CHURROMAIN
_L_MAP_H			= 4374, G: CHURROMAIN
_L_SCR_INI			= 4377, G: CHURROMAIN
_L_INI_X			= 437A, G: CHURROMAIN
_L_INI_Y			= 437D, G: CHURROMAIN
GET_POINTER_FROM_ARRAY		= 4380, L: CHURROMAIN
GET_POINTER_FROM_ARRAY_HIJACK	= 4383, L: CHURROMAIN
DEPACK_ASSET			= 438E, L: CHURROMAIN
_HOOK_SYSTEM_INITS		= 4395, G: CHURROMAIN
_HOOK_INIT_GAME			= 4396, G: CHURROMAIN
_HOOK_INIT_MAINLOOP		= 43A3, G: CHURROMAIN
I_37				= 4412, L: CHURROMAIN
_HOOK_MAINLOOP			= 4413, G: CHURROMAIN
_HOOK_ENTERING			= 4414, G: CHURROMAIN
_HOOK_HOTSPOTS			= 4415, G: CHURROMAIN
_HOOK_GAME_OVER			= 4416, G: CHURROMAIN
_HOOK_JUST_DIED			= 441A, G: CHURROMAIN
_DRAW_SCR_GET_SCR_ADDRESS	= 4432, L: CHURROMAIN
_CUSTOM_MAP_POINTER_CALCULATOR	= 4432, G: CHURROMAIN
_CUSTOM_FLICK_SCREEN_HANDLER	= 4445, G: CHURROMAIN
I_39				= 4459, L: CHURROMAIN
I_40_I_39			= 445C, L: CHURROMAIN
FLICK_LEFT_DONE			= 446B, L: CHURROMAIN
I_38				= 446E, L: CHURROMAIN
I_43				= 4482, L: CHURROMAIN
I_44_I_43			= 4485, L: CHURROMAIN
I_42				= 4493, L: CHURROMAIN
I_41				= 4493, L: CHURROMAIN
FLICK_RIGHT_DONE		= 4493, L: CHURROMAIN
I_46				= 44BC, L: CHURROMAIN
I_47_I_46			= 44BF, L: CHURROMAIN
FLICK_UP_DONE			= 44E5, L: CHURROMAIN
I_45				= 44E8, L: CHURROMAIN
I_50				= 44FC, L: CHURROMAIN
I_51_I_50			= 44FF, L: CHURROMAIN
I_48				= 4514, L: CHURROMAIN
I_49				= 4514, L: CHURROMAIN
FLICK_DOWN_DONE			= 4514, L: CHURROMAIN
_S_TITLE			= 4515, G: CHURROMAIN
_S_MARCO			= 45CE, G: CHURROMAIN
_S_ENDING			= 46BE, G: CHURROMAIN
_BLACKOUT			= 4AE9, G: CHURROMAIN
BO_L1				= 4AF2, L: CHURROMAIN
_TITLE_SCREEN			= 4B08, G: CHURROMAIN
TITLE_LOOP			= 4B47, L: CHURROMAIN
TITLE_NOT_AUX3			= 4B56, L: CHURROMAIN
COPY_KEYS_TO_EXTERN		= 4B60, L: CHURROMAIN
_GAME_ENDING			= 4B6C, G: CHURROMAIN
_GAME_OVER			= 4B90, G: CHURROMAIN
_DO_EXTERN_ACTION		= 4BCD, G: CHURROMAIN
_PLAYER_CELLS			= 4BCE, G: CHURROMAIN
_ENEM_CELLS			= 4BE0, G: CHURROMAIN
_SWORD_CELLS			= 4BF0, G: CHURROMAIN
_ABS_A				= 4BF4, G: CHURROMAIN
_SACA_A_TODO_EL_MUNDO_DE_AQUI	= 4BFA, G: CHURROMAIN
CLEAR_SPRITES_LOOP		= 4C02, L: CHURROMAIN
_GET_POINTER_TO_ENEM_OR_COCO	= 4C0D, G: CHURROMAIN
_RENDER_THIS_ENEMY		= 4C20, G: CHURROMAIN
_CALC_BADDIES_POINTER		= 4C54, G: CHURROMAIN
_RENDER_ALL_SPRITES		= 4C61, G: CHURROMAIN
I_52				= 4C6B, L: CHURROMAIN
I_54				= 4C70, L: CHURROMAIN
I_53				= 4C9B, L: CHURROMAIN
RENDER_PLAYER_OFF_SCREEN	= 4CAE, L: CHURROMAIN
RENDER_PLAYER_ON_SCREEN		= 4CB2, L: CHURROMAIN
RENDER_PLAYER_SET_X		= 4CB5, L: CHURROMAIN
RENDER_PLAYER			= 4CB8, L: CHURROMAIN
PLAYER_RENDER_EMPTY		= 4CE1, L: CHURROMAIN
PLAYER_RENDER_GRAPHIC		= 4CE6, L: CHURROMAIN
PLAYER_RENDER_SET_SP0		= 4CE9, L: CHURROMAIN
_COLLIDE_ENEM			= 4CF9, G: CHURROMAIN
_RAND				= 4D2B, G: CHURROMAIN
RAND16				= 4D2B, L: CHURROMAIN
NEXTRAND			= 4D47, L: CHURROMAIN
_ABS				= 4D55, G: CHURROMAIN
_INIT_BREAKABLE			= 4D5C, G: CHURROMAIN
_INIT_MALOTES			= 4D71, G: CHURROMAIN
INIT_MALOTES_LOOP		= 4D7B, L: CHURROMAIN
_GET_COIN			= 4D8B, G: CHURROMAIN
_ADJUST_TO_TILE_X		= 4DA4, G: CHURROMAIN
_ADJUST_TO_TILE_Y		= 4DB9, G: CHURROMAIN
_PLAYER_FLICKER			= 4DCE, G: CHURROMAIN
GET_BEH_IN_A			= 4DD9, L: CHURROMAIN
_ACTUALIZA_BREAKABLES		= 4DE2, G: CHURROMAIN
ACTUALIZA_BREAKABLES_LOOP	= 4DE9, L: CHURROMAIN
ACTUALIZA_BREAKABLES_SPAWN_DONE	= 4E26, L: CHURROMAIN
ACTUALIZA_BREAKABLES_RESET	= 4E34, L: CHURROMAIN
ACTUALIZA_BREAKABLES_CONT	= 4E39, L: CHURROMAIN
_ADD_TO_BREAKABLES		= 4E3E, G: CHURROMAIN
ADD_TO_BREAKABLES_LOOP		= 4E41, L: CHURROMAIN
ADD_TO_BREAKABLES_CONT		= 4E95, L: CHURROMAIN
_SWING_SWORD			= 4E9A, G: CHURROMAIN
SWORD_CHECK			= 4EA1, L: CHURROMAIN
SWORD_LEFT			= 4EC3, L: CHURROMAIN
SWORD_RIGHT			= 4ED0, L: CHURROMAIN
SWORD_CHECK_DONE		= 4EDB, L: CHURROMAIN
SWORD_BREAKABLE_DONE		= 4F10, L: CHURROMAIN
SWING_SWORD_GOON		= 4F1F, L: CHURROMAIN
SWING_SWORD_OFF			= 4F24, L: CHURROMAIN
SWING_SWORD_DONE		= 4F26, L: CHURROMAIN
_MOVE				= 4F4F, G: CHURROMAIN
PLAYER_VENG_GRAVITY		= 4F7C, L: CHURROMAIN
PLAYER_VENG_GRAVITY_ADD		= 4F8B, L: CHURROMAIN
PLAYER_VENG_GRAVITY_DONE	= 4F99, L: CHURROMAIN
PLAYER_JUMP_START		= 4F9C, L: CHURROMAIN
PLAYER_JUMP_START_DO		= 4FB5, L: CHURROMAIN
PLAYER_JUMP_START_DONE		= 4FDE, L: CHURROMAIN
PLAYER_JUMP_PRESSING		= 4FDE, L: CHURROMAIN
PLAYER_JUMP_NOT_PRESSING	= 4FFC, L: CHURROMAIN
PLAYER_JUMP_DONE		= 500C, L: CHURROMAIN
I_55				= 5029, L: CHURROMAIN
I_56				= 503C, L: CHURROMAIN
VERT_COLLISION			= 5064, L: CHURROMAIN
VERT_COLLISION_NEGATIVE		= 5082, L: CHURROMAIN
VERT_COLLISION_IF1		= 508C, L: CHURROMAIN
VERT_COLLISION_IF2		= 50A4, L: CHURROMAIN
VERT_COLLISION_UP		= 50BF, L: CHURROMAIN
VERT_COLLISION_POSITIVE		= 50E7, L: CHURROMAIN
VERT_COLLISION_IF3		= 50F6, L: CHURROMAIN
VERT_COLLISION_IF4		= 510F, L: CHURROMAIN
VERT_COLLISION_DOWN		= 5129, L: CHURROMAIN
VERT_COLLISION_DONE		= 513C, L: CHURROMAIN
I_58				= 5158, L: CHURROMAIN
I_59_I_58			= 515B, L: CHURROMAIN
DECELERATE_LEFT			= 5168, L: CHURROMAIN
H_ACCELERATION_SET		= 5170, L: CHURROMAIN
DECELERATE_RIGHT		= 5175, L: CHURROMAIN
I_57				= 5180, L: CHURROMAIN
FACING_LEFT_DONE		= 51B3, L: CHURROMAIN
I_60				= 51B5, L: CHURROMAIN
ACCELERATE_LEFT_DONE		= 51B5, L: CHURROMAIN
FACING_RIGHT_DONE		= 51E7, L: CHURROMAIN
I_61				= 51E9, L: CHURROMAIN
H_ACCELERATION_DONE		= 51E9, L: CHURROMAIN
ACCELERATE_RIGHT_DONE		= 51E9, L: CHURROMAIN
FACING_AIRBORNE_POSITIVE	= 51FA, L: CHURROMAIN
FACING_AIRBORNE_NEGATIVE	= 51FD, L: CHURROMAIN
FACING_AIRBORNE_SET		= 51FF, L: CHURROMAIN
FACING_ARIBORNE_CHECK_DONE	= 5202, L: CHURROMAIN
I_62				= 522E, L: CHURROMAIN
I_63				= 5241, L: CHURROMAIN
HORZ_COLLISION_NEGATIVE		= 526A, L: CHURROMAIN
HORZ_COLLISION_IF1		= 5274, L: CHURROMAIN
HORZ_COLLISION_IF2		= 528E, L: CHURROMAIN
HORZ_COLLISION_LEFT		= 52A7, L: CHURROMAIN
HORZ_COLLISION_POSITIVE		= 52CA, L: CHURROMAIN
HORZ_COLLISION_IF3		= 52D4, L: CHURROMAIN
HORZ_COLLISION_IF4		= 52EF, L: CHURROMAIN
HORZ_COLLISION_RIGHT		= 5309, L: CHURROMAIN
HORZ_COLLISION_DONE		= 532A, L: CHURROMAIN
I_65				= 533F, L: CHURROMAIN
I_66_I_65			= 5342, L: CHURROMAIN
I_64				= 5367, L: CHURROMAIN
EVIL_TILE_COLLISION		= 53DD, L: CHURROMAIN
I_67				= 53F4, L: CHURROMAIN
PLAYER_GET_COIN			= 5414, L: CHURROMAIN
EVIL_TILE_COLLISION_DONE	= 5414, L: CHURROMAIN
PLAYER_GET_COIN_DONE		= 5440, L: CHURROMAIN
_PLAYER_CELL_SEL_SET_RDI	= 5448, L: CHURROMAIN
I_69				= 5466, L: CHURROMAIN
I_70_I_69			= 5469, L: CHURROMAIN
I_68				= 5473, L: CHURROMAIN
I_72				= 5485, L: CHURROMAIN
I_74				= 54AD, L: CHURROMAIN
I_73				= 54AD, L: CHURROMAIN
I_71				= 54AD, L: CHURROMAIN
_INIT_PLAYER_VALUES		= 54CC, G: CHURROMAIN
_INIT_PLAYER			= 5545, G: CHURROMAIN
_INIT_HOTSPOTS			= 5559, G: CHURROMAIN
INIT_HOTSPOTS_LOOP		= 5563, L: CHURROMAIN
_DRAW_AND_ADVANCE		= 5568, G: CHURROMAIN
DRAW_AND_ADVANCE_X_SET		= 55B6, L: CHURROMAIN
_CALC_HOTSPOT_PTR		= 55BE, G: CHURROMAIN
_HOTSPOT_PAINT			= 55C9, G: CHURROMAIN
HOTSPOT_PAINT_ACT_SKIP		= 55EB, L: CHURROMAIN
HOTSPOT_PAINT_SET_T		= 5643, L: CHURROMAIN
_DRAW_SCR_BACKGROUND		= 564A, G: CHURROMAIN
_DRAW_SCR_LOOP			= 5657, L: CHURROMAIN
_DRAW_SCR_RLE			= 5657, L: CHURROMAIN
_DRAW_SCR_ADVANCE_LOOP		= 566E, L: CHURROMAIN
_DRAW_SCR_ADVANCE_LOOP_DONE	= 567F, L: CHURROMAIN
NO_ALT_BG_SUBST			= 5684, L: CHURROMAIN
DRAW_SCR_ALT_NO			= 5693, L: CHURROMAIN
_ADVANCE_WORM			= 5695, L: CHURROMAIN
_DRAW_SCR_LOOP_DONE		= 56A2, L: CHURROMAIN
_ENEMS_CALC_FRAME		= 56A6, G: CHURROMAIN
_ENEMS_EN_AN_CALC		= 56D0, G: CHURROMAIN
_DRAW_SCR			= 5716, G: CHURROMAIN
_ENEMS_INIT			= 5725, L: CHURROMAIN
I_75				= 573B, L: CHURROMAIN
I_77				= 5740, L: CHURROMAIN
I_80				= 579B, L: CHURROMAIN
I_83				= 57B8, L: CHURROMAIN
I_84				= 57B8, L: CHURROMAIN
I_81				= 57B8, L: CHURROMAIN
I_82				= 57B8, L: CHURROMAIN
I_85				= 57C4, L: CHURROMAIN
ENEMS_TYPE6_INIT		= 57CA, L: CHURROMAIN
I_86				= 5805, L: CHURROMAIN
I_79				= 5819, L: CHURROMAIN
I_76				= 581C, L: CHURROMAIN
_PLATFORM_GET_PLAYER		= 5823, G: CHURROMAIN
_ENEMS_KILL			= 5854, G: CHURROMAIN
I_87				= 5896, L: CHURROMAIN
_MUEVE_BICHARRACOS		= 5897, G: CHURROMAIN
I_88				= 58B4, L: CHURROMAIN
I_90				= 58B9, L: CHURROMAIN
ENEM_COMPLETELY_DEAD		= 5939, L: CHURROMAIN
ENEM_SET_FRAME			= 593C, L: CHURROMAIN
ENEM_IS_NOT_DEAD		= 594E, L: CHURROMAIN
I_91				= 595C, L: CHURROMAIN
EN_LINEAR_HORIZONTAL_AXIS	= 5984, L: CHURROMAIN
EN_LINEAR_HORZ_BOUNDS		= 5992, L: CHURROMAIN
HORZ_LIMIT_SKIP_1		= 59AB, L: CHURROMAIN
HORZ_LIMIT_SKIP_2		= 59C6, L: CHURROMAIN
EN_LINEAR_VERTICAL_AXIS		= 59C6, L: CHURROMAIN
EN_LINEAR_HORIZONTAL_AXIS_DONE	= 59C6, L: CHURROMAIN
EN_LINEAR_VERT_BOUNDS		= 59D4, L: CHURROMAIN
VERT_LIMIT_SKIP_1		= 59ED, L: CHURROMAIN
_UPDATE_FANTYS			= 5A08, L: CHURROMAIN
VERT_LIMIT_SKIP_2		= 5A08, L: CHURROMAIN
I_94				= 5A08, L: CHURROMAIN
EN_LINEAR_VERTICAL_AXIS_DONE	= 5A08, L: CHURROMAIN
EN_LINEAR_DONE			= 5A08, L: CHURROMAIN
FANTY_X_AXIS			= 5A2E, L: CHURROMAIN
FANTY_VX_SK0			= 5A38, L: CHURROMAIN
FANTY_VX_SK1			= 5A5D, L: CHURROMAIN
FANTY_VX_WRITE			= 5A7D, L: CHURROMAIN
FANTY_Y_AXIS			= 5A88, L: CHURROMAIN
FANTY_VX_DONE			= 5A88, L: CHURROMAIN
FANTY_VY_SK0			= 5A92, L: CHURROMAIN
FANTY_VY_SK1			= 5AB7, L: CHURROMAIN
FANTY_VY_WRITE			= 5AD9, L: CHURROMAIN
FANTY_VY_DONE			= 5AEC, L: CHURROMAIN
FANTY_X_LIMIT_0			= 5B04, L: CHURROMAIN
FANTY_X_LIMIT_1			= 5B12, L: CHURROMAIN
FANTY_X_WRITE			= 5B1E, L: CHURROMAIN
FANTY_Y_LIMIT_0			= 5B41, L: CHURROMAIN
FANTY_Y_LIMIT_1			= 5B4F, L: CHURROMAIN
FANTY_Y_WRITE			= 5B5B, L: CHURROMAIN
_EN_BG_COLLISION		= 5B66, L: CHURROMAIN
_UPDATE_FANTYS_DONE		= 5B66, L: CHURROMAIN
FANTY_NO_ACT			= 5B66, L: CHURROMAIN
_EN_BG_COLLISION_HORZ		= 5B72, L: CHURROMAIN
_EN_BG_COLLISION_HORZ_DONE	= 5BC0, L: CHURROMAIN
_EN_BG_COLLISION_VERT		= 5BC9, L: CHURROMAIN
_EN_BG_COLLISION_VERT_DONE	= 5C17, L: CHURROMAIN
_EN_BG_COLLISION_CHECK		= 5C1C, L: CHURROMAIN
__CTILEOFF			= 5C38, L: CHURROMAIN
__CTILEOFF_1			= 5C3E, L: CHURROMAIN
EN_XX_CALC			= 5C41, L: CHURROMAIN
EN_YY_CALC			= 5C50, L: CHURROMAIN
_EN_BG_COLLISION_END		= 5C5F, L: CHURROMAIN
_ENEMY_ANIMATE_UPDATE_COUNT	= 5C7A, L: CHURROMAIN
I_96				= 5CB1, L: CHURROMAIN
MOVING_PLATFORMS		= 5CB4, L: CHURROMAIN
I_97_I_96			= 5CB4, L: CHURROMAIN
MOVING_PLATFORMS_VERT		= 5CC2, L: CHURROMAIN
MOVING_PLATFORMS_DO		= 5CC2, L: CHURROMAIN
MOVING_PLATFORMS_VERT_UP	= 5CCC, L: CHURROMAIN
MOVING_PLATFORMS_VERT_DOWN	= 5CE9, L: CHURROMAIN
MOVING_PLATFORMS_VERT_DONE	= 5D04, L: CHURROMAIN
MOVING_PLATFORMS_HORZ		= 5D04, L: CHURROMAIN
MOVING_PLATFORMS_DONE		= 5D38, L: CHURROMAIN
I_95				= 5D3B, L: CHURROMAIN
I_100_UGE			= 5D4C, L: CHURROMAIN
I_100				= 5D56, L: CHURROMAIN
I_101_I_100			= 5D59, L: CHURROMAIN
I_103				= 5D98, L: CHURROMAIN
I_104_I_103			= 5D9B, L: CHURROMAIN
_ENEMS_HIT_SWORD_DONE		= 5DB1, L: CHURROMAIN
I_99				= 5DB1, L: CHURROMAIN
I_102				= 5DB1, L: CHURROMAIN
I_106				= 5DD1, L: CHURROMAIN
I_107_I_106			= 5DD4, L: CHURROMAIN
I_98				= 5E01, L: CHURROMAIN
I_93				= 5E01, L: CHURROMAIN
I_92				= 5E01, L: CHURROMAIN
I_109				= 5E01, L: CHURROMAIN
I_105				= 5E01, L: CHURROMAIN
I_108				= 5E01, L: CHURROMAIN
ENEMS_UPDATE_VALUES_AND_EXIT	= 5E01, L: CHURROMAIN
I_89				= 5E44, L: CHURROMAIN
_MAIN				= 5E45, G: CHURROMAIN
_ISR				= 5E64, L: CHURROMAIN
_SKIP_AY_PLAYER			= 5E8C, L: CHURROMAIN
ISR_C1				= 5E92, L: CHURROMAIN
ISR_C2				= 5E93, L: CHURROMAIN
ISR_DONE			= 5E94, L: CHURROMAIN
SPRITE_CREATION			= 5ED5, L: CHURROMAIN
SP_SW_INIT_ENEMS_LOOP		= 5F0F, L: CHURROMAIN
SP_SW_INIT_TURNOFF_LOOP		= 5F5A, L: CHURROMAIN
I_110				= 5F6C, L: CHURROMAIN
I_112				= 5FD2, L: CHURROMAIN
ML_UD_SKIP			= 5FFE, L: CHURROMAIN
I_115				= 6025, L: CHURROMAIN
I_116				= 602C, L: CHURROMAIN
I_114				= 6049, L: CHURROMAIN
I_117				= 6077, L: CHURROMAIN
I_118				= 6096, L: CHURROMAIN
I_123				= 6104, L: CHURROMAIN
I_124				= 6112, L: CHURROMAIN
I_125				= 6126, L: CHURROMAIN
I_126				= 6144, L: CHURROMAIN
I_122				= 614F, L: CHURROMAIN
I_127				= 61A3, L: CHURROMAIN
I_119				= 61A3, L: CHURROMAIN
I_120				= 61A3, L: CHURROMAIN
_HOTSPOTS_ELSE			= 61A5, L: CHURROMAIN
_HOTSPOTS_DONE			= 61AC, L: CHURROMAIN
PLAYER_FLICKER_DONE_CHECK	= 61C8, L: CHURROMAIN
I_128				= 61C8, L: CHURROMAIN
PLAYER_FLICKER_CT_WRITE		= 61D9, L: CHURROMAIN
PLAYER_FLICKER_CHECK_DONE	= 61DC, L: CHURROMAIN
I_129				= 61FB, L: CHURROMAIN
PLAYER_IS_DEAD			= 6205, L: CHURROMAIN
I_132				= 6234, L: CHURROMAIN
I_133_I_132			= 6237, L: CHURROMAIN
I_130				= 6266, L: CHURROMAIN
I_131				= 6266, L: CHURROMAIN
I_135				= 627B, L: CHURROMAIN
I_134				= 6290, L: CHURROMAIN
I_137				= 6290, L: CHURROMAIN
I_113				= 6293, L: CHURROMAIN
I_111				= 6299, L: CHURROMAIN
I_1				= 629A, L: CHURROMAIN
__EN_T				= 62BB, G: CHURROMAIN
__EN_X				= 62BC, G: CHURROMAIN
__EN_Y				= 62BD, G: CHURROMAIN
_ISR_PLAYER_ON			= 62BE, G: CHURROMAIN
_B_WAS				= 62BF, G: CHURROMAIN
__EN_X1				= 62C3, G: CHURROMAIN
__EN_X2				= 62C4, G: CHURROMAIN
__EN_Y1				= 62C5, G: CHURROMAIN
__EN_Y2				= 62C6, G: CHURROMAIN
_SAFE_N_PANT			= 62C7, G: CHURROMAIN
_HOTSPOT_T			= 62C8, G: CHURROMAIN
_HOTSPOT_X			= 62C9, G: CHURROMAIN
_HOTSPOT_Y			= 62CA, G: CHURROMAIN
_HALF_LIFE			= 62CB, G: CHURROMAIN
__EN_MX				= 62CC, G: CHURROMAIN
__EN_MY				= 62CD, G: CHURROMAIN
_EN_CX				= 62CE, G: CHURROMAIN
_EN_CY				= 62CF, G: CHURROMAIN
_FLAGS				= 62D0, G: CHURROMAIN
_GP_GEN_ALT			= 62D1, G: CHURROMAIN
_EN_XX				= 62D3, G: CHURROMAIN
_EN_YY				= 62D4, G: CHURROMAIN
_MAP_H				= 62D5, G: CHURROMAIN
_GP_GEN_ORG			= 62D6, G: CHURROMAIN
_ENEMY_DIED			= 62D8, G: CHURROMAIN
_MAP_W				= 62D9, G: CHURROMAIN
_KILLED_OLD			= 62DA, G: CHURROMAIN
_EZG_OLD			= 62DB, G: CHURROMAIN
_LEVEL				= 62DC, G: CHURROMAIN
_WYZ_BEAT_CT			= 62DD, G: CHURROMAIN
_T_ALT				= 62DE, G: CHURROMAIN
__N				= 62DF, G: CHURROMAIN
__T				= 62E0, G: CHURROMAIN
__X				= 62E1, G: CHURROMAIN
__Y				= 62E2, G: CHURROMAIN
_HOTSPOT_FLAG			= 62E3, G: CHURROMAIN
_LIFE_OLD			= 62E4, G: CHURROMAIN
_S_FRAME			= 62E5, G: CHURROMAIN
_S_HIT_X			= 62E6, G: CHURROMAIN
_S_HIT_Y			= 62E7, G: CHURROMAIN
_ENEMY_KILLER			= 62E8, G: CHURROMAIN
_PTGMX				= 62E9, G: CHURROMAIN
_PTGMY				= 62EB, G: CHURROMAIN
_S_CURRENT_FRAME		= 62ED, G: CHURROMAIN
_GP_GEN				= 62EF, G: CHURROMAIN
_ON_PANT			= 62F1, G: CHURROMAIN
_ENOFFS				= 62F2, G: CHURROMAIN
_BUTTON_JUMP			= 62F4, G: CHURROMAIN
_PAD0				= 62F5, G: CHURROMAIN
_N_PANT				= 62F6, G: CHURROMAIN
_EN_J				= 62F7, G: CHURROMAIN
_EN_X				= 62F8, G: CHURROMAIN
_EN_Y				= 62F9, G: CHURROMAIN
_ENIT				= 62FA, G: CHURROMAIN
_GPCX				= 62FB, G: CHURROMAIN
_GPCY				= 62FD, G: CHURROMAIN
_RDT1				= 62FF, G: CHURROMAIN
_RDT2				= 6300, G: CHURROMAIN
_PLAYING			= 6301, G: CHURROMAIN
_GPIT				= 6302, G: CHURROMAIN
_SCENERY_INFO			= 6303, G: CHURROMAIN
_SEED				= 6307, G: CHURROMAIN
_S_ON				= 6309, G: CHURROMAIN
_OBJS_OLD			= 630A, G: CHURROMAIN
_GPXX				= 630B, G: CHURROMAIN
_GPYY				= 630C, G: CHURROMAIN
_SAFE_X				= 630D, G: CHURROMAIN
_SAFE_Y				= 630E, G: CHURROMAIN
_MAINCOUNTER			= 630F, G: CHURROMAIN
_RDMT				= 6310, G: CHURROMAIN
_PTX1				= 6311, G: CHURROMAIN
_PTX2				= 6312, G: CHURROMAIN
_PTY1				= 6313, G: CHURROMAIN
_PTY2				= 6314, G: CHURROMAIN
_WALL				= 6315, G: CHURROMAIN
_S_NEXT_FRAME			= 6316, G: CHURROMAIN
_HOTSPOT_T_R			= 6318, G: CHURROMAIN
__X2				= 6319, G: CHURROMAIN
__Y2				= 631A, G: CHURROMAIN
__EN_LIFE			= 631B, G: CHURROMAIN
_B_F				= 631C, G: CHURROMAIN
_PRXX				= 6320, G: CHURROMAIN
_PRYY				= 6321, G: CHURROMAIN
_B_X				= 6322, G: CHURROMAIN
_B_Y				= 6326, G: CHURROMAIN
_PROCESS_BREAKABLE		= 632A, G: CHURROMAIN
_ITEM_OLD			= 632B, G: CHURROMAIN
_IDX				= 632C, G: CHURROMAIN
_PLAYER				= 632E, G: CHURROMAIN
_JETPAC_FRAME_COUNTER		= 635D, G: CHURROMAIN
_RDA				= 635E, G: CHURROMAIN
_RDB				= 635F, G: CHURROMAIN
_RDC				= 6360, G: CHURROMAIN
_GPX				= 6361, G: CHURROMAIN
_GPY				= 6362, G: CHURROMAIN
_RDD				= 6363, G: CHURROMAIN
_RDI				= 6364, G: CHURROMAIN
_RDJ				= 6365, G: CHURROMAIN
_RDN				= 6367, G: CHURROMAIN
_KEYS_OLD			= 6368, G: CHURROMAIN
_S_X				= 6369, G: CHURROMAIN
_S_Y				= 636A, G: CHURROMAIN
_RDX				= 636B, G: CHURROMAIN
_RDY				= 636C, G: CHURROMAIN
_PTI				= 636D, G: CHURROMAIN
_PTJ				= 636E, G: CHURROMAIN
_S_TYPE				= 636F, G: CHURROMAIN
_NEW_LEVEL			= 6370, G: CHURROMAIN
_ENOFFSMASI			= 6371, G: CHURROMAIN
_GAME_LOOP_FLAG			= 6373, G: CHURROMAIN
_LATEST_HOTSPOT			= 6374, G: CHURROMAIN
_ASM_INT			= 6375, G: CHURROMAIN
_PANT_JUST_RENDERED		= 6377, G: CHURROMAIN
__BADDIES_POINTER		= 6378, G: CHURROMAIN
_ORIG_TILE			= 637A, G: CHURROMAIN
_SUCCESS			= 637B, G: CHURROMAIN
_COINS_OLD			= 637C, G: CHURROMAIN
CPC_INVALIDATERECT		= 637D, G: CPC_INVALIDATERECT
CPC_INVALIDATERECT_P		= 6385, L: CPC_INVALIDATERECT
NOINC1				= 63AB, L: CPC_INVALIDATERECT
INVCOLLP			= 63AF, L: CPC_INVALIDATERECT
NOINC2				= 63BE, L: CPC_INVALIDATERECT
INVFULLCHAR			= 63C2, L: CPC_INVALIDATERECT
INVROWLP			= 63C4, L: CPC_INVALIDATERECT
NOINC3				= 63CF, L: CPC_INVALIDATERECT
CPC_BITLEFT2MASK		= 63DD, G: CPC_BITLEFT2MASK
CPC_BITRIGHT2MASK		= 63E5, G: CPC_BITRIGHT2MASK
KEYMAP0				= 63ED, L: CPC_KEYSDATA
CPC_KEYSDATA			= 63ED, G: CPC_KEYSDATA
TECLA_0				= 63F7, L: CPC_KEYSDATA
TABLA_TECLAS0			= 63F9, G: CPC_KEYSDATA
CPC_PUTSPTILEMAP8X16PX		= 6412, G: CPC_PUTSPTILEMAP8X16PX
DO_UPDATE			= 642C, L: CPC_PUTSPTILEMAP8X16PX
ORIGIN_NEXT_ROW			= 6451, L: CPC_PUTSPTILEMAP8X16PX
ORIGIN_LAST_ROW			= 6464, L: CPC_PUTSPTILEMAP8X16PX
FIN				= 647B, L: CPC_PUTSPTILEMAP8X16PX
CPC_UPDTILETABLECLP		= 647C, G: CPC_UPDTILETABLE
CPC_UPDTILETABLE		= 648A, G: CPC_UPDTILETABLE
CPC_BIT2MASK			= 64A9, G: CPC_BIT2MASK
CPC_TBLLOOKUP			= 64B1, G: CPC_TBLLOOKUP
NOINC				= 64B6, L: CPC_TBLLOOKUP
CPC_PUTSPTILEMAP8X8PX		= 64B8, G: CPC_PUTSPTILEMAP8X8PX
DO_UPDATE			= 64D2, L: CPC_PUTSPTILEMAP8X8PX
ORIGIN_NEXT_ROW			= 64F7, L: CPC_PUTSPTILEMAP8X8PX
FIN				= 650D, L: CPC_PUTSPTILEMAP8X8PX
CPC_PUTTRSP8X16TILEMAP2BPX	= 650E, G: CPC_PUTTRSP8X16TILEMAP2BPX
TRANSFERIR_SPRITE		= 651C, L: CPC_PUTTRSP8X16TILEMAP2BPX
PASA_BLOQUE_A_SBUFFER		= 651C, L: CPC_PUTTRSP8X16TILEMAP2BPX
SP_BUFFER_MASK			= 6533, L: CPC_PUTTRSP8X16TILEMAP2BPX
LOOP_ALTO_MAP_SBUFFER		= 653D, L: CPC_PUTTRSP8X16TILEMAP2BPX
LOOP_ALTO_MAP_SBUFFER_SHIFTED	= 656A, L: CPC_PUTTRSP8X16TILEMAP2BPX
CPC_PUTTRSP8X8TILEMAP2BPX	= 65E8, G: CPC_PUTTRSP8X8TILEMAP2BPX
TRANSFERIR_SPRITE		= 65F6, L: CPC_PUTTRSP8X8TILEMAP2BPX
PASA_BLOQUE_A_SBUFFER		= 65F6, L: CPC_PUTTRSP8X8TILEMAP2BPX
SP_BUFFER_MASK			= 660D, L: CPC_PUTTRSP8X8TILEMAP2BPX
LOOP_ALTO_MAP_SBUFFER		= 6617, L: CPC_PUTTRSP8X8TILEMAP2BPX
LOOP_ALTO_MAP_SBUFFER_SHIFTED	= 6644, L: CPC_PUTTRSP8X8TILEMAP2BPX
CPC_RESETTOUCHEDTILES		= 66C2, G: CPC_RESETTOUCHEDTILES
CPC_SETCOLOUR			= 66D0, G: CPC_SETCOLOUR
CPC_SETMODE			= 66E3, G: CPC_SETMODE
CPC_SHOWTILEMAP			= 66ED, G: CPC_SHOWTILEMAP
SOLOCOPIA			= 6702, L: CPC_SHOWTILEMAP
TRANSFERIR_PANTALLA_A_SUPERBUFFER	= 670F, L: CPC_SHOWTILEMAP
BUCLE_DIBUJADO_FONDO		= 6716, L: CPC_SHOWTILEMAP
INCREMENTO2			= 6747, L: CPC_SHOWTILEMAP
CONTADOR_TILES			= 6754, L: CPC_SHOWTILEMAP
CONTADOR_TILES2			= 6755, L: CPC_SHOWTILEMAP
TRANSFERIR_MAP_SBUFFER		= 6757, L: CPC_SHOWTILEMAP
LOOP_ANCHO_MAP_SBUFFER		= 675D, L: CPC_SHOWTILEMAP
LOOP_ALTO_MAP_SBUFFER		= 675D, L: CPC_SHOWTILEMAP
CPC_PUTSP			= 676B, L: CPC_SHOWTILEMAP
LOOP_ALTO_2			= 676D, L: CPC_SHOWTILEMAP
SIG_LINEA_2			= 6784, L: CPC_SHOWTILEMAP
CPC_SHOWTOUCHEDTILES		= 6788, G: CPC_SHOWTOUCHEDTILES
BUCLE_CPC_SHOWTOUCHEDTILES	= 6790, L: CPC_SHOWTOUCHEDTILES
PROCESS				= 679A, L: CPC_SHOWTOUCHEDTILES
SKIPALL				= 67C6, L: CPC_SHOWTOUCHEDTILES
NOINCD				= 67CE, L: CPC_SHOWTOUCHEDTILES
CHECKBIT			= 67D2, L: CPC_SHOWTOUCHEDTILES
COPYTILE			= 67D5, L: CPC_SHOWTOUCHEDTILES
POSICIONAR_SUPERBUFFER		= 67D7, L: CPC_SHOWTOUCHEDTILES
POSICIONAR_PANTALLA		= 67E0, L: CPC_SHOWTOUCHEDTILES
TRANSF_BLOQUE_SB_PANTALLA	= 67EE, L: CPC_SHOWTOUCHEDTILES
COPYCELL_DONE			= 682C, L: CPC_SHOWTOUCHEDTILES
CHECKBIT_DONE			= 682E, L: CPC_SHOWTOUCHEDTILES
CPC_TESTKEYBOARD		= 6832, G: CPC_TESTKEYBOARD
CPC_UPDSCR			= 6856, G: CPC_UPDSCR
MAIN_LOOP			= 6864, L: CPC_UPDSCR
_TILES_TOCADOS_PTR		= 6879, L: CPC_UPDSCR
PROCESS_TOUCHED_BYTE		= 687B, L: CPC_UPDSCR
BIT0_SKIP			= 688C, L: CPC_UPDSCR
BIT1_SKIP			= 6896, L: CPC_UPDSCR
BIT2_SKIP			= 68A0, L: CPC_UPDSCR
BIT3_SKIP			= 68AA, L: CPC_UPDSCR
BIT4_SKIP			= 68B4, L: CPC_UPDSCR
BIT5_SKIP			= 68BE, L: CPC_UPDSCR
BIT6_SKIP			= 68C8, L: CPC_UPDSCR
BIT7_SKIP			= 68D2, L: CPC_UPDSCR
UCOPYTILE			= 68D6, L: CPC_UPDSCR
TRANSFERIR_MAP_SBUFFER_GREY	= 68E4, L: CPC_UPDSCR
SKEEP				= 6921, L: CPC_UPDSCR
L_AND				= 6925, G: L_AND
L_ASL				= 692C, G: L_ASL
L_ASL1				= 692D, L: L_ASL
L_ASR_U				= 6933, G: L_ASR_U
L_ASR_U_1			= 6934, L: L_ASR_U
L_COM				= 693D, G: L_COM
L_DIV_U				= 6944, G: L_DIV_U
ENTRY				= 6948, L: L_DIV_U
L_DIV1				= 694F, L: L_DIV_U
L_DIV2				= 6959, L: L_DIV_U
L_EQ				= 6963, G: L_EQ
L_GCHAR				= 696A, G: L_GCHAR
L_SXT				= 696B, L: L_GCHAR
L_GE				= 6970, G: L_GE
L_GINT				= 697E, G: L_GINT
L_GT				= 6983, G: L_GT
L_LT				= 698F, G: L_LT
L_NE				= 699B, G: L_NE
L_NEG				= 69A2, G: L_NEG
L_OR				= 69AA, G: L_OR
L_PINT				= 69B1, G: L_PINT
L_UGE				= 69B7, G: L_UGE
L_ULE				= 69BF, G: L_ULE
L_ULT				= 69C7, G: L_ULT
