AFTER_ISR			= 28E6, L: CHURROMAIN
AOPCODE_00			= 04E6, L: SHJO_1
AOPCODE_00_END			= 04ED, L: SHJO_1
AOPCODE_01			= 04F1, L: SHJO_1
AOPCODE_01_END			= 04FA, L: SHJO_1
AOPCODE_20			= 04FE, L: SHJO_1
AOPCODE_20_END			= 0525, L: SHJO_1
AOPCODE_E0			= 0529, L: SHJO_1
AOPCODE_E0_END			= 0535, L: SHJO_1
AOPCODE_E3			= 0539, L: SHJO_1
AOPCODE_E3_END			= 054E, L: SHJO_1
AOPCODE_F0			= 0552, L: SHJO_1
AOPCODE_F0_END			= 0558, L: SHJO_1
ASHL16_HL			= 369A, L: CHURROMAIN
BGICMODBC1			= 2386, L: CHURROMAIN
BGICMODBC2			= 2388, L: CHURROMAIN
BIT0_SKIP			= 564C, L: CPC_UPDSCR
BIT1_SKIP			= 5656, L: CPC_UPDSCR
BIT2_SKIP			= 5660, L: CPC_UPDSCR
BIT3_SKIP			= 566A, L: CPC_UPDSCR
BIT4_SKIP			= 5674, L: CPC_UPDSCR
BIT5_SKIP			= 567E, L: CPC_UPDSCR
BIT6_SKIP			= 5688, L: CPC_UPDSCR
BIT7_SKIP			= 5692, L: CPC_UPDSCR
BO_L1				= 286E, L: CHURROMAIN
BUCLE_CPC_SHOWTOUCHEDTILES	= 5550, L: CPC_SHOWTOUCHEDTILES
BUCLE_DIBUJADO_FONDO		= 54D6, L: CPC_SHOWTILEMAP
CANAL_A				= 26F6, L: CHURROMAIN
CANAL_B				= 26F8, L: CHURROMAIN
CANAL_C				= 26FA, L: CHURROMAIN
CANAL_P				= 2724, L: CHURROMAIN
CARGA_CANCION			= 22D0, L: CHURROMAIN
CHECKBIT			= 5592, L: CPC_SHOWTOUCHEDTILES
CHECKBIT_DONE			= 55EE, L: CPC_SHOWTOUCHEDTILES
CLEAR_CERROJO_LOOP		= 37C1, L: CHURROMAIN
CLEAR_CERROJO_LOOP_CONTINUE	= 37DD, L: CHURROMAIN
CLEAR_CERROJO_LOOP_DONE		= 37E0, L: CHURROMAIN
CLEAR_PSG_BUFFER		= 22B1, L: CHURROMAIN
CLEAR_SPRITES_LOOP		= 2C94, L: CHURROMAIN
COMANDOS			= 2493, L: CHURROMAIN
COM_EFECTO			= 24D8, L: CHURROMAIN
COM_ENVOLVENTE			= 24E8, L: CHURROMAIN
CONTADOR_TILES			= 5514, L: CPC_SHOWTILEMAP
CONTADOR_TILES2			= 5515, L: CPC_SHOWTILEMAP
CONT_ENV			= 26A0, L: CHURROMAIN
COPCODE_01			= 04A3, L: SHJO_1
COPCODE_01_END			= 04B1, L: SHJO_1
COPCODE_23_END			= 04CE, L: SHJO_1
COPYCELL_DONE			= 55EC, L: CPC_SHOWTOUCHEDTILES
COPYTILE			= 5595, L: CPC_SHOWTOUCHEDTILES
COPY_KEYS_TO_EXTERN		= 2D9D, L: CHURROMAIN
CPC_BIT2MASK			= 53AC, G: CPC_BIT2MASK
CPC_BITLEFT2MASK		= 52E0, G: CPC_BITLEFT2MASK
CPC_BITRIGHT2MASK		= 52E8, G: CPC_BITRIGHT2MASK
CPC_HARDPAUSE_INNER		= 2D14, L: CHURROMAIN
CPC_HARDPAUSE_OUTER		= 2D12, L: CHURROMAIN
CPC_INVALIDATERECT		= 5280, G: CPC_INVALIDATERECT
CPC_INVALIDATERECT_P		= 5288, L: CPC_INVALIDATERECT
CPC_KEYSDATA			= 52F0, G: CPC_KEYSDATA
CPC_PUTSP			= 552B, L: CPC_SHOWTILEMAP
CPC_PUTSPTILEMAP8X16PX		= 5315, G: CPC_PUTSPTILEMAP8X16PX
CPC_PUTTRSP8X16TILEMAPPX	= 53BB, G: CPC_PUTTRSP8X16TILEMAPPX
CPC_RESETTOUCHEDTILES		= 5495, G: CPC_RESETTOUCHEDTILES
CPC_SETMODE			= 54A3, G: CPC_SETMODE
CPC_SHOWTILEMAP			= 54AD, G: CPC_SHOWTILEMAP
CPC_SHOWTOUCHEDTILES		= 5548, G: CPC_SHOWTOUCHEDTILES
CPC_TBLLOOKUP			= 53B4, G: CPC_TBLLOOKUP
CPC_TESTKEYBOARD		= 55F2, G: CPC_TESTKEYBOARD
CPC_UPDSCR			= 5616, G: CPC_UPDSCR
CPC_UPDTILETABLE		= 538D, G: CPC_UPDTILETABLE
CPC_UPDTILETABLECLP		= 537F, G: CPC_UPDTILETABLE
CRTBC0				= 26AA, L: CHURROMAIN
CWEPKE_W			= 416E, L: CHURROMAIN
CWEPKE_ZERO			= 416D, L: CHURROMAIN
DATOS_NOTAS			= 275D, L: CHURROMAIN
DCBC0				= 2403, L: CHURROMAIN
DECODE_CANAL			= 23A0, L: CHURROMAIN
DECODE_SONG			= 22D9, L: CHURROMAIN
DEPACK				= 2F22, L: CHURROMAIN
DO_UPDATE			= 532F, L: CPC_PUTSPTILEMAP8X16PX
DRAW_2_DIGITS_SHORTCUT		= 2A5A, L: CHURROMAIN
DRAW_AND_ADVANCE_X_SET		= 3D16, L: CHURROMAIN
DRAW_LINE_OF_TEXT		= 2AC0, G: CHURROMAIN
DRAW_RECTANGLE_IT1		= 2B92, L: CHURROMAIN
DRAW_RECTANGLE_IT2		= 2B97, L: CHURROMAIN
DRAW_SCR_BOLTS_CONTINUE		= 3E4A, L: CHURROMAIN
DRAW_SCR_BOLTS_LOOP		= 3E21, L: CHURROMAIN
DRAW_TEXT_LOOP			= 2AAA, L: CHURROMAIN
DRAW_TEXT_PRE_LOOP		= 2AA1, L: CHURROMAIN
DZX0S_COPY			= 2F34, L: CHURROMAIN
DZX0S_ELIAS			= 2F57, L: CHURROMAIN
DZX0S_ELIAS_BACKTRACK		= 2F5F, L: CHURROMAIN
DZX0S_ELIAS_LOOP		= 2F58, L: CHURROMAIN
DZX0S_ELIAS_SKIP		= 2F5E, L: CHURROMAIN
DZX0S_LITERALS			= 2F29, L: CHURROMAIN
DZX0S_NEW_OFFSET		= 2F3E, L: CHURROMAIN
DZX0_STANDARD			= 2F22, L: CHURROMAIN
EFECTO0				= 1B99, L: CHURROMAIN
EFECTO1				= 1BB8, L: CHURROMAIN
EFECTO2				= 1BC8, L: CHURROMAIN
EFECTO3				= 1BE7, L: CHURROMAIN
EFECTO4				= 1BB8, L: CHURROMAIN
EFECTO5				= 1B99, L: CHURROMAIN
EFECTO6				= 1C03, L: CHURROMAIN
EFECTO7				= 1C22, L: CHURROMAIN
EFECTO8				= 1C41, L: CHURROMAIN
EFECTO9				= 1C60, L: CHURROMAIN
EFECTO_REGS			= 2737, L: CHURROMAIN
ENEMS_ANIMATE_DONE		= 4035, L: CHURROMAIN
ENEMS_GET_VALUES		= 41BE, L: CHURROMAIN
ENEMS_UPDATE_VALUES_AND_EXIT	= 41AC, L: CHURROMAIN
ENEMS_UPDATE_VALUES_STORE	= 41F4, L: CHURROMAIN
ENTRY				= 5701, L: L_DIV_U
ENVOLVENTE			= 275B, L: CHURROMAIN
ENVOLVENTE_BACK			= 275C, L: CHURROMAIN
EN_LINEAL_DO			= 4225, L: CHURROMAIN
EN_LINEAR_DONE			= 42AD, L: CHURROMAIN
EN_LINEAR_HORIZONTAL_AXIS	= 4225, L: CHURROMAIN
EN_LINEAR_HORIZONTAL_AXIS_DONE	= 4269, L: CHURROMAIN
EN_LINEAR_HORZ_BOUNDS		= 4233, L: CHURROMAIN
EN_LINEAR_VERTICAL_AXIS		= 4269, L: CHURROMAIN
EN_LINEAR_VERTICAL_AXIS_DONE	= 42AD, L: CHURROMAIN
EN_LINEAR_VERT_BOUNDS		= 4277, L: CHURROMAIN
EVOLVENTES			= 267D, L: CHURROMAIN
EXT_WORD			= 26C8, L: CHURROMAIN
FCA_CONT			= 2532, L: CHURROMAIN
FIN				= 537E, L: CPC_PUTSPTILEMAP8X16PX
FIN_CANAL_A			= 2527, L: CHURROMAIN
FIN_CANAL_P			= 25B9, L: CHURROMAIN
FIN_DEC_CANAL			= 23F1, L: CHURROMAIN
FIN_NOPLAYER			= 226A, L: CHURROMAIN
FIN_NOTA_A			= 2507, L: CHURROMAIN
FIN_NOTA_P			= 25A1, L: CHURROMAIN
FIN_RUTINA			= 2580, L: CHURROMAIN
FIN_SONIDO			= 2261, L: CHURROMAIN
FLICK_DOWN_DONE			= 514D, L: CHURROMAIN
FLICK_LEFT_DONE			= 50C2, L: CHURROMAIN
FLICK_RIGHT_DONE		= 50EA, L: CHURROMAIN
FLICK_UP_DONE			= 5121, L: CHURROMAIN
FRECUENCIA_OFF			= 2697, L: CHURROMAIN
GETLEN				= 23F6, L: CHURROMAIN
HLSHR6_A			= 368F, L: CHURROMAIN
HORZ_LIMIT_SKIP_1		= 424E, L: CHURROMAIN
HORZ_LIMIT_SKIP_2		= 4269, L: CHURROMAIN
HOTSPOT_PAINT_ACT_SKIP		= 3D50, L: CHURROMAIN
HOTSPOT_PAINT_NOACT_SKIP	= 3D65, L: CHURROMAIN
HOTSPOT_PAINT_SET_T		= 3DBD, L: CHURROMAIN
INCREMENTO2			= 5507, L: CPC_SHOWTILEMAP
INICIA_EFECTO			= 21AC, L: CHURROMAIN
INICIA_SONIDO			= 219C, L: CHURROMAIN
INICIO				= 2185, L: CHURROMAIN
INIT_CERROJOS_LOOP		= 37FC, L: CHURROMAIN
INIT_DECODER			= 2341, L: CHURROMAIN
INIT_HOTSPOTS_LOOP		= 3CC3, L: CHURROMAIN
INIT_MALOTES_LOOP		= 380B, L: CHURROMAIN
INTERR				= 26EC, L: CHURROMAIN
INVCOLLP			= 52B2, L: CPC_INVALIDATERECT
INVFULLCHAR			= 52C5, L: CPC_INVALIDATERECT
INVROWLP			= 52C7, L: CPC_INVALIDATERECT
ISR_C1				= 28E4, L: CHURROMAIN
ISR_C2				= 28E5, L: CHURROMAIN
I_1				= 51C1, L: CHURROMAIN
I_100				= 514D, L: CHURROMAIN
I_101				= 514D, L: CHURROMAIN
I_102				= 5138, L: CHURROMAIN
I_103_I_102			= 513B, L: CHURROMAIN
I_104				= 516C, L: CHURROMAIN
I_105				= 5194, L: CHURROMAIN
I_106				= 51B6, L: CHURROMAIN
I_107				= 51A9, L: CHURROMAIN
I_12				= 2B34, L: CHURROMAIN
I_13				= 2B4C, L: CHURROMAIN
I_14				= 2B39, L: CHURROMAIN
I_15				= 2B65, L: CHURROMAIN
I_16				= 2B6F, L: CHURROMAIN
I_17				= 2B4D, L: CHURROMAIN
I_18				= 2B65, L: CHURROMAIN
I_19				= 2BFE, L: CHURROMAIN
I_20				= 2C2E, L: CHURROMAIN
I_21				= 2C03, L: CHURROMAIN
I_22				= 2CCC, L: CHURROMAIN
I_23				= 2CFC, L: CHURROMAIN
I_27				= 37F1, L: CHURROMAIN
I_28				= 37A0, L: CHURROMAIN
I_29_I_28			= 37A3, L: CHURROMAIN
I_30				= 3E99, L: CHURROMAIN
I_31				= 3F0A, L: CHURROMAIN
I_32				= 3E9E, L: CHURROMAIN
I_34				= 3F04, L: CHURROMAIN
I_35				= 3ECC, L: CHURROMAIN
I_36				= 3EE4, L: CHURROMAIN
I_37				= 3EE4, L: CHURROMAIN
I_38				= 3EE4, L: CHURROMAIN
I_39				= 3EE4, L: CHURROMAIN
I_40				= 3EF0, L: CHURROMAIN
I_41				= 3FC4, L: CHURROMAIN
I_42				= 3FCA, L: CHURROMAIN
I_43				= 3FE8, L: CHURROMAIN
I_44				= 41B2, L: CHURROMAIN
I_45				= 3FED, L: CHURROMAIN
I_46				= 4016, L: CHURROMAIN
I_47				= 41AC, L: CHURROMAIN
I_48				= 41AC, L: CHURROMAIN
I_49				= 4047, L: CHURROMAIN
I_50				= 4107, L: CHURROMAIN
I_51				= 407D, L: CHURROMAIN
I_52_I_51			= 4080, L: CHURROMAIN
I_53				= 41AC, L: CHURROMAIN
I_54				= 41AC, L: CHURROMAIN
I_55				= 41A6, L: CHURROMAIN
I_56				= 4127, L: CHURROMAIN
I_57_I_56			= 412A, L: CHURROMAIN
I_58				= 4182, L: CHURROMAIN
I_59				= 4159, L: CHURROMAIN
I_59_UGE			= 4157, L: CHURROMAIN
I_60_I_59			= 415C, L: CHURROMAIN
I_61				= 41A6, L: CHURROMAIN
I_62				= 41A6, L: CHURROMAIN
I_63				= 41AC, L: CHURROMAIN
I_64				= 4D8D, L: CHURROMAIN
I_65				= 51C0, L: CHURROMAIN
I_66				= 4DE7, L: CHURROMAIN
I_67				= 51BD, L: CHURROMAIN
I_68				= 4E4A, L: CHURROMAIN
I_69				= 4E34, L: CHURROMAIN
I_70				= 4E37, L: CHURROMAIN
I_71				= 4E78, L: CHURROMAIN
I_72				= 4EC3, L: CHURROMAIN
I_73				= 4E9F, L: CHURROMAIN
I_74				= 4EA6, L: CHURROMAIN
I_75				= 4EE8, L: CHURROMAIN
I_76				= 4F16, L: CHURROMAIN
I_77				= 5054, L: CHURROMAIN
I_79				= 4FFD, L: CHURROMAIN
I_80				= 4F79, L: CHURROMAIN
I_81				= 4F8C, L: CHURROMAIN
I_82				= 4FAB, L: CHURROMAIN
I_83				= 4FBD, L: CHURROMAIN
I_84				= 4FBD, L: CHURROMAIN
I_85				= 4FC0, L: CHURROMAIN
I_86				= 4FD4, L: CHURROMAIN
I_87				= 4FF2, L: CHURROMAIN
I_88				= 5054, L: CHURROMAIN
I_89				= 509C, L: CHURROMAIN
I_90				= 50C5, L: CHURROMAIN
I_91				= 50B0, L: CHURROMAIN
I_92_I_91			= 50B3, L: CHURROMAIN
I_93				= 50EA, L: CHURROMAIN
I_94				= 50EA, L: CHURROMAIN
I_95				= 50D9, L: CHURROMAIN
I_96_I_95			= 50DC, L: CHURROMAIN
I_97				= 5124, L: CHURROMAIN
I_98				= 510B, L: CHURROMAIN
I_98_UGE			= 5109, L: CHURROMAIN
I_99_I_98			= 510E, L: CHURROMAIN
KEYMAP0				= 52F0, L: CPC_KEYSDATA
LEJP0				= 2598, L: CHURROMAIN
LINE_COUNTER			= 27EF, L: CHURROMAIN
LNJP0				= 24FD, L: CHURROMAIN
LOCALIZA_EFECTO			= 2581, L: CHURROMAIN
LOCALIZA_NOTA			= 2486, L: CHURROMAIN
LOCK_HORZ_DONE			= 38AB, L: CHURROMAIN
LOCK_VERT_DONE			= 38D4, L: CHURROMAIN
LOOP_ALTO_2			= 552D, L: CPC_SHOWTILEMAP
LOOP_ALTO_MAP_SBUFFER		= 551D, L: CPC_SHOWTILEMAP
LOOP_ALTO_MAP_SBUFFER		= 53EA, L: CPC_PUTTRSP8X16TILEMAPPX
LOOP_ALTO_MAP_SBUFFER_SHIFTED	= 5417, L: CPC_PUTTRSP8X16TILEMAPPX
LOOP_ANCHO_MAP_SBUFFER		= 551D, L: CPC_SHOWTILEMAP
LOUT				= 227E, L: CHURROMAIN
L_ASL				= 56E5, G: L_ASL
L_ASL1				= 56E6, L: L_ASL
L_ASR_U				= 56EC, G: L_ASR_U
L_ASR_U_1			= 56ED, L: L_ASR_U
L_COM				= 56F6, G: L_COM
L_DIV1				= 5708, L: L_DIV_U
L_DIV2				= 5712, L: L_DIV_U
L_DIV_U				= 56FD, G: L_DIV_U
L_EQ				= 571C, G: L_EQ
L_GCHAR				= 5723, G: L_GCHAR
L_GE				= 5729, G: L_GE
L_GT				= 5737, G: L_GT
L_LT				= 5743, G: L_LT
L_NE				= 574F, G: L_NE
L_NEG				= 5756, G: L_NEG
L_OR				= 575E, G: L_OR
L_PINT				= 5765, G: L_PINT
L_SXT				= 5724, L: L_GCHAR
L_UGE				= 576B, G: L_UGE
L_ULE				= 5773, G: L_ULE
L_ULT				= 577B, G: L_ULT
MAIN_LOOP			= 5624, L: CPC_UPDSCR
ML_MIN_FAPS_LOOP		= 2CFC, L: CHURROMAIN
ML_MIN_FAPS_LOOP_END		= 2D06, L: CHURROMAIN
ML_UD_SKIP			= 4E09, L: CHURROMAIN
MOVING_PLATFORMS		= 4080, L: CHURROMAIN
MOVING_PLATFORMS_DO		= 408E, L: CHURROMAIN
MOVING_PLATFORMS_DONE		= 4104, L: CHURROMAIN
MOVING_PLATFORMS_HORZ		= 40D0, L: CHURROMAIN
MOVING_PLATFORMS_VERT		= 408E, L: CHURROMAIN
MOVING_PLATFORMS_VERT_DONE	= 40D0, L: CHURROMAIN
MOVING_PLATFORMS_VERT_DOWN	= 40B5, L: CHURROMAIN
MOVING_PLATFORMS_VERT_UP	= 4098, L: CHURROMAIN
MY_INKS				= 1A96, L: CHURROMAIN
M_FRAME_ON_SOMETHING		= 3C2D, L: CHURROMAIN
M_FRAME_SET			= 3C51, L: CHURROMAIN
M_FRAME_STILL			= 3C4F, L: CHURROMAIN
M_HORZ_COLL_CHECKS_DONE		= 3BCA, L: CHURROMAIN
M_HORZ_COLL_DO			= 3B21, L: CHURROMAIN
M_HORZ_COLL_DONE		= 3BCA, L: CHURROMAIN
M_HORZ_COLL_LEFT		= 3B88, L: CHURROMAIN
M_HORZ_COLL_LEFT_ADJUST		= 3BAC, L: CHURROMAIN
M_HORZ_COLL_RIGHT		= 3B44, L: CHURROMAIN
M_HORZ_COLL_RIGHT_ADJUST	= 3B68, L: CHURROMAIN
M_HORZ_KP_DONE			= 3AE9, L: CHURROMAIN
M_HORZ_KP_LEFT_DO		= 3AB5, L: CHURROMAIN
M_HORZ_KP_LEFT_DONE		= 3ACC, L: CHURROMAIN
M_HORZ_KP_LEFT_FACING		= 3AC5, L: CHURROMAIN
M_HORZ_KP_LEFT_OR_RIGHT_P	= 3AAB, L: CHURROMAIN
M_HORZ_KP_RIGHT_DO		= 3AD1, L: CHURROMAIN
M_HORZ_KP_RIGHT_DONE		= 3AE6, L: CHURROMAIN
M_HORZ_KP_RIGHT_FACING		= 3AE1, L: CHURROMAIN
M_HORZ_KP_RX_NEGATIVE		= 3A9E, L: CHURROMAIN
M_HORZ_KP_RX_POSITIVE		= 3A91, L: CHURROMAIN
M_HORZ_KP_VX_WRITE		= 3AE6, L: CHURROMAIN
M_HORZ_THRUST_NOTNEG		= 3AFF, L: CHURROMAIN
M_HORZ_THURST_WRITE		= 3B08, L: CHURROMAIN
M_JUMP_PERFORM_DONE		= 395A, L: CHURROMAIN
M_JUMP_PERFORM_NOT_PRESSING	= 3956, L: CHURROMAIN
M_JUMP_PERFORM_WRITE_VY		= 3948, L: CHURROMAIN
M_JUMP_START_DONE		= 391D, L: CHURROMAIN
M_VERT_COLL_CHECKS_DONE		= 3A4D, L: CHURROMAIN
M_VERT_COLL_DO			= 39AC, L: CHURROMAIN
M_VERT_COLL_DONE		= 3A4D, L: CHURROMAIN
M_VERT_COLL_DOWN		= 39B0, L: CHURROMAIN
M_VERT_COLL_DOWN_ADJUST		= 39F3, L: CHURROMAIN
M_VERT_COLL_DOWN_CH2		= 39EA, L: CHURROMAIN
M_VERT_COLL_UP			= 3A0E, L: CHURROMAIN
M_VERT_COLL_UP_ADJUST		= 3A32, L: CHURROMAIN
M_VERT_GRAVITY_DO		= 38E5, L: CHURROMAIN
M_VERT_GRAVITY_DONE		= 38F5, L: CHURROMAIN
M_VERT_SET_POSSEE		= 3A74, L: CHURROMAIN
M_VERT_SET_POSSEE_WRITE		= 3A76, L: CHURROMAIN
M_VERT_THRUST_NOTNEG		= 396B, L: CHURROMAIN
M_VERT_THURST_WRITE		= 3974, L: CHURROMAIN
NEXTRAND			= 3766, L: CHURROMAIN
NOINC				= 53B9, L: CPC_TBLLOOKUP
NOINC1				= 52AE, L: CPC_INVALIDATERECT
NOINC2				= 52C1, L: CPC_INVALIDATERECT
NOINC3				= 52D2, L: CPC_INVALIDATERECT
NOINCD				= 558E, L: CPC_SHOWTOUCHEDTILES
NONEWBLACK			= 2428, L: CHURROMAIN
NOSPECIAL			= 3C21, L: CHURROMAIN
NOTA				= 2668, L: CHURROMAIN
NO_BACKUP_ENVOLVENTE		= 227B, L: CHURROMAIN
NO_DEC_TEMPO			= 24A5, L: CHURROMAIN
NO_ENVOLVENTE			= 23D9, L: CHURROMAIN
NO_ENVOLVENTES_SONIDO		= 2247, L: CHURROMAIN
NO_FIN_CANAL_A			= 2540, L: CHURROMAIN
NO_FIN_CANAL_P			= 25C1, L: CHURROMAIN
NO_INC_TEMPO			= 24AA, L: CHURROMAIN
NO_INSTRUMENTO			= 23CC, L: CHURROMAIN
NO_MODIFICA			= 23E6, L: CHURROMAIN
NO_PUNTILLO			= 23B9, L: CHURROMAIN
NO_RUIDO			= 2254, L: CHURROMAIN
NO_SILENCIO			= 23AF, L: CHURROMAIN
NO_SILENCIO_A			= 256E, L: CHURROMAIN
NPTJP0				= 22F5, L: CHURROMAIN
N_SONIDO			= 2734, L: CHURROMAIN
OPCODE23			= 04B5, L: SHJO_1
ORIGIN_LAST_ROW			= 5367, L: CPC_PUTSPTILEMAP8X16PX
ORIGIN_NEXT_ROW			= 5354, L: CPC_PUTSPTILEMAP8X16PX
ORNMJP1				= 2652, L: CHURROMAIN
ORNNEG				= 2634, L: CHURROMAIN
PAD_READ_LOOP			= 2AF1, L: CHURROMAIN
PAD_READ_NOT_PRESSED		= 2B04, L: CHURROMAIN
PASA_BLOQUE_A_SBUFFER		= 53C9, L: CPC_PUTTRSP8X16TILEMAPPX
PAUTA				= 25C8, L: CHURROMAIN
PAUTAS				= 245C, L: CHURROMAIN
PAUTA_0				= 1D39, L: CHURROMAIN
PAUTA_1				= 1D42, L: CHURROMAIN
PAUTA_10			= 1E22, L: CHURROMAIN
PAUTA_11			= 1E41, L: CHURROMAIN
PAUTA_12			= 1E4E, L: CHURROMAIN
PAUTA_13			= 1E69, L: CHURROMAIN
PAUTA_14			= 1E72, L: CHURROMAIN
PAUTA_15			= 1E7F, L: CHURROMAIN
PAUTA_16			= 1E90, L: CHURROMAIN
PAUTA_2				= 1D5F, L: CHURROMAIN
PAUTA_3				= 1D70, L: CHURROMAIN
PAUTA_4				= 1D87, L: CHURROMAIN
PAUTA_5				= 1D9E, L: CHURROMAIN
PAUTA_7				= 1DC5, L: CHURROMAIN
PAUTA_8				= 1DE4, L: CHURROMAIN
PAUTA_9				= 1E15, L: CHURROMAIN
PCAJP0				= 25E8, L: CHURROMAIN
PCAJP1				= 25FF, L: CHURROMAIN
PCAJP2				= 2614, L: CHURROMAIN
PCAJP3				= 2636, L: CHURROMAIN
PCAJP4				= 25D4, L: CHURROMAIN
PCAJP5				= 265A, L: CHURROMAIN
PCAJP6				= 2646, L: CHURROMAIN
PCAJP7				= 2664, L: CHURROMAIN
PLAY				= 2409, L: CHURROMAIN
PLAYER_FLICKER_CHECK_DONE	= 507B, L: CHURROMAIN
PLAYER_FLICKER_CT_WRITE		= 5078, L: CHURROMAIN
PLAYER_FLICKER_DONE_CHECK	= 5067, L: CHURROMAIN
PLAYER_IS_DEAD			= 5176, L: CHURROMAIN
PLAYER_OFF			= 22AD, L: CHURROMAIN
PLAYER_RENDER_EMPTY		= 2C74, L: CHURROMAIN
PLAYER_RENDER_GRAPHIC		= 2C79, L: CHURROMAIN
PLAYER_RENDER_SET_SP0		= 2C7C, L: CHURROMAIN
POSICIONAR_PANTALLA		= 55A0, L: CPC_SHOWTOUCHEDTILES
POSICIONAR_SUPERBUFFER		= 5597, L: CPC_SHOWTOUCHEDTILES
POSICIONES_PANTALLA		= 0406, G: TILEMAPCONF
POSICIONES_SUPER_BUFFER		= 0436, G: TILEMAPCONF
PRINT_STR_INV			= 2ACC, L: CHURROMAIN
PROCESS				= 555A, L: CPC_SHOWTOUCHEDTILES
PROCESS_TOUCHED_BYTE		= 563B, L: CPC_UPDSCR
PSG_REG				= 273B, L: CHURROMAIN
PSG_REG_SEC			= 274B, L: CHURROMAIN
PUNTERO_A			= 26F0, L: CHURROMAIN
PUNTERO_B			= 26F2, L: CHURROMAIN
PUNTERO_C			= 26F4, L: CHURROMAIN
PUNTERO_DECA			= 270E, L: CHURROMAIN
PUNTERO_DECB			= 2710, L: CHURROMAIN
PUNTERO_DECC			= 2712, L: CHURROMAIN
PUNTERO_DECP			= 2728, L: CHURROMAIN
PUNTERO_EFECTO			= 2714, L: CHURROMAIN
PUNTERO_L_DECA			= 271C, L: CHURROMAIN
PUNTERO_L_DECB			= 271E, L: CHURROMAIN
PUNTERO_L_DECC			= 2720, L: CHURROMAIN
PUNTERO_L_DECP			= 272A, L: CHURROMAIN
PUNTERO_P			= 2722, L: CHURROMAIN
PUNTERO_P_A			= 26FC, L: CHURROMAIN
PUNTERO_P_A0			= 2702, L: CHURROMAIN
PUNTERO_P_B			= 26FE, L: CHURROMAIN
PUNTERO_P_B0			= 2704, L: CHURROMAIN
PUNTERO_P_C			= 2700, L: CHURROMAIN
PUNTERO_P_C0			= 2706, L: CHURROMAIN
PUNTERO_P_DECA			= 2708, L: CHURROMAIN
PUNTERO_P_DECB			= 270A, L: CHURROMAIN
PUNTERO_P_DECC			= 270C, L: CHURROMAIN
PUNTERO_P_DECP			= 2726, L: CHURROMAIN
PUNTERO_SONIDO			= 2735, L: CHURROMAIN
QTILE_DO			= 36C0, G: CHURROMAIN
RAND16				= 374A, L: CHURROMAIN
READ_BYTE			= 055B, L: SHJO_1
READ_I_V			= 059D, L: SHJO_1
READ_I_V_CONT			= 05B7, L: SHJO_1
READ_VBYTE			= 0564, L: SHJO_1
READ_VBYTE_REC			= 056C, L: SHJO_1
READ_X_Y			= 0590, L: SHJO_1
REG_NOTA_A			= 2716, L: CHURROMAIN
REG_NOTA_B			= 2718, L: CHURROMAIN
REG_NOTA_C			= 271A, L: CHURROMAIN
RENDER_PLAYER			= 2C4B, L: CHURROMAIN
RENDER_PLAYER_OFF_SCREEN	= 2C41, L: CHURROMAIN
RENDER_PLAYER_ON_SCREEN		= 2C45, L: CHURROMAIN
RENDER_PLAYER_SET_X		= 2C48, L: CHURROMAIN
REPRODUCE_EFECTO		= 21E6, L: CHURROMAIN
REPRODUCE_EFECTO_LIMPIA_BIT	= 21FF, L: CHURROMAIN
REPRODUCE_SONIDO		= 21C7, L: CHURROMAIN
REPRODUCE_SONIDO_LIMPIA_BIT	= 21E0, L: CHURROMAIN
REPRODUCE_SONIDO_O_EFECTO	= 2205, L: CHURROMAIN
RIV_SET_PLAYER_OBJS_DONE	= 05B1, L: SHJO_1
ROUT				= 2271, L: CHURROMAIN
RVB_SET_EN_T_DONE		= 0587, L: SHJO_1
RVB_SET_PLAYER_KILLED_DONE	= 0577, L: SHJO_1
RVB_SET_PLAYER_OBJS_DONE	= 057F, L: SHJO_1
SCRIPT				= 0469, L: SHJO_1
SCRIPT_ACTIONS			= 04DA, L: SHJO_1
SCRIPT_BYTECODE			= 2DB1, G: CHURROMAIN
SCRIPT_CLAUSULE			= 0497, L: SHJO_1
SCRIPT_LOOP			= 0485, L: SHJO_1
SC_TERMINADO			= 0472, L: SHJO_1
SC_X				= 046D, L: SHJO_1
SC_Y				= 046E, L: SHJO_1
SELECT_CANAL_A			= 26D7, L: CHURROMAIN
SELECT_CANAL_B			= 26DE, L: CHURROMAIN
SELECT_CANAL_C			= 26E5, L: CHURROMAIN
SET_MAP_TILE_DO			= 2A04, G: CHURROMAIN
SET_MAP_TILE_DO_PRINT		= 2A25, L: CHURROMAIN
SFX_H				= 272E, L: CHURROMAIN
SFX_L				= 272C, L: CHURROMAIN
SFX_MIX				= 2732, L: CHURROMAIN
SFX_V				= 2730, L: CHURROMAIN
SIG_LINEA_2			= 5544, L: CPC_SHOWTILEMAP
SILENCIO_ENVOLVENTE		= 255B, L: CHURROMAIN
SI_RUIDO			= 225A, L: CHURROMAIN
SKEEP				= 56E1, L: CPC_UPDSCR
SKIP				= 046B, L: SHJO_1
SKIPALL				= 5586, L: CPC_SHOWTOUCHEDTILES
SKIP_CLAUSULE			= 04D1, L: SHJO_1
SOLOCOPIA			= 54C2, L: CPC_SHOWTILEMAP
SONG				= 26ED, L: CHURROMAIN
SONIDO0				= 1EAB, L: CHURROMAIN
SONIDO1				= 1EB2, L: CHURROMAIN
SONIDO2				= 1EBC, L: CHURROMAIN
SONIDO3				= 1EC6, L: CHURROMAIN
SONIDO4				= 1ED3, L: CHURROMAIN
SONIDO5				= 1EDA, L: CHURROMAIN
SONIDO6				= 1EDE, L: CHURROMAIN
SONIDO7				= 1EEB, L: CHURROMAIN
SONIDO8				= 1EF8, L: CHURROMAIN
SONIDO9				= 1F05, L: CHURROMAIN
SONIDO_REGS			= 2739, L: CHURROMAIN
SPRITE_CREATION			= 2922, L: CHURROMAIN
SP_BUFFER_MASK			= 53E0, L: CPC_PUTTRSP8X16TILEMAPPX
SP_SW_INIT_ENEMS_LOOP		= 295C, L: CHURROMAIN
SP_SW_INIT_TURNOFF_LOOP		= 297B, L: CHURROMAIN
START				= 0400, L: CPC_CRT0
TABLA_DATOS_CANAL_SFX		= 26D1, L: CHURROMAIN
TABLA_EFECTOS			= 27DB, L: CHURROMAIN
TABLA_NOTAS			= 2670, L: CHURROMAIN
TABLA_PAUTAS			= 1D03, L: CHURROMAIN
TABLA_SONG			= 27D9, L: CHURROMAIN
TABLA_SONIDOS			= 1D25, L: CHURROMAIN
TABLA_TECLAS0			= 52FC, G: CPC_KEYSDATA
TECLA_0				= 52FA, L: CPC_KEYSDATA
TEMPO				= 26EE, L: CHURROMAIN
TILEMAPCONF			= 0406, G: TILEMAPCONF
TILES				= 05EB, G: CHURROMAIN
TITLE_LOOP			= 2D84, L: CHURROMAIN
TITLE_NOT_AUX3			= 2D93, L: CHURROMAIN
TRANSFERIR_MAP_SBUFFER		= 5517, L: CPC_SHOWTILEMAP
TRANSFERIR_MAP_SBUFFER_GREY	= 56A4, L: CPC_UPDSCR
TRANSFERIR_PANTALLA_A_SUPERBUFFER	= 54CF, L: CPC_SHOWTILEMAP
TRANSFERIR_SPRITE		= 53C9, L: CPC_PUTTRSP8X16TILEMAPPX
TRANSF_BLOQUE_SB_PANTALLA	= 55AE, L: CPC_SHOWTOUCHEDTILES
TTEMPO				= 26EF, L: CHURROMAIN
UCOPYTILE			= 5696, L: CPC_UPDSCR
VERT_LIMIT_SKIP_1		= 4292, L: CHURROMAIN
VERT_LIMIT_SKIP_2		= 42AD, L: CHURROMAIN
VOL_INST_A			= 2717, L: CHURROMAIN
VOL_INST_B			= 2719, L: CHURROMAIN
VOL_INST_C			= 271B, L: CHURROMAIN
WAIT_VSYNC			= 28AB, L: CHURROMAIN
WITHSIGN			= 36A6, L: CHURROMAIN
WRITEPSGHL			= 2296, L: CHURROMAIN
WYZPLAYER_INIT			= 216C, L: CHURROMAIN
WYZ_PLAYER_ISR			= 2185, L: CHURROMAIN
_00_TITLE_MUS_BIN		= 1F09, L: CHURROMAIN
_01_INGAME_MUS_BIN		= 1FDE, L: CHURROMAIN
_02_GOVER_MUS_BIN		= 20F5, L: CHURROMAIN
_ABS				= 3774, G: CHURROMAIN
_ABS_A				= 36AE, L: CHURROMAIN
_ADVANCE_WORM			= 3E0F, L: CHURROMAIN
_AT1				= 522A, G: CHURROMAIN
_AT2				= 522B, G: CHURROMAIN
_ATTR				= 36D6, G: CHURROMAIN
_ATTR_1				= 36E6, L: CHURROMAIN
_ATTR_1B			= 3702, L: CHURROMAIN
_ATTR_2				= 36DE, G: CHURROMAIN
_ATTR_END			= 3715, L: CHURROMAIN
_ATTR_ENEMS			= 36F0, L: CHURROMAIN
_ATTR_ENEMS_SKIP_1		= 36F8, L: CHURROMAIN
_BITMASK			= 1A8E, G: CHURROMAIN
_BLACKOUT			= 2865, G: CHURROMAIN
_CALC_BADDIES_POINTER		= 41B3, L: CHURROMAIN
_CALC_HOTSPOT_PTR		= 3D1E, G: CHURROMAIN
_CERROJOS			= 3427, G: CHURROMAIN
_CHECK_AND_CLEAR_CERROJO	= 377B, G: CHURROMAIN
_CHECK_LOCK_OR_BOX_HORZ		= 3883, G: CHURROMAIN
_CHECK_LOCK_OR_BOX_VERT		= 38AC, G: CHURROMAIN
_CM_TWO_POINTS			= 3826, G: CHURROMAIN
_CM_TWO_POINTS_AT1_DO		= 3837, L: CHURROMAIN
_CM_TWO_POINTS_AT1_DONE		= 3851, L: CHURROMAIN
_CM_TWO_POINTS_AT1_RESET	= 3834, L: CHURROMAIN
_CM_TWO_POINTS_AT2_DO		= 3865, L: CHURROMAIN
_CM_TWO_POINTS_AT2_DONE		= 387F, L: CHURROMAIN
_CM_TWO_POINTS_AT2_RESET	= 3862, L: CHURROMAIN
_COLLIDE_ENEM			= 3718, G: CHURROMAIN
_COMPORTAMIENTO_TILES		= 05BB, G: CHURROMAIN
_CORTINA			= 2B70, G: CHURROMAIN
_CPC_BORDER			= 2884, G: CHURROMAIN
_CPC_HARDPAUSE			= 2D11, G: CHURROMAIN
_CPC_SCREEN_UPDATE_DONE		= 2CFC, L: CHURROMAIN
_CPC_SCREEN_UPDATE_INV_LOOP	= 2CAD, L: CHURROMAIN
_CPC_SCREEN_UPDATE_INV_RET	= 2CC8, L: CHURROMAIN
_CPC_SCREEN_UPDATE_UPD_BUFFER	= 2CCC, L: CHURROMAIN
_CPC_SCREEN_UPDATE_UPD_LOOP	= 2CDD, L: CHURROMAIN
_CPC_SCREEN_UPDATE_UPD_RET	= 2CF8, L: CHURROMAIN
_CPC_UPDATENOW			= 2C9F, G: CHURROMAIN
_CX1				= 522F, G: CHURROMAIN
_CX2				= 5230, G: CHURROMAIN
_CY1				= 5231, G: CHURROMAIN
_CY2				= 5232, G: CHURROMAIN
_DEF_KEYS			= 2815, G: CHURROMAIN
_DEF_KEYS_JOY			= 282D, G: CHURROMAIN
_DO_EXTERN_ACTION		= 42AE, G: CHURROMAIN
_DRAW_2_DIGITS			= 2A49, G: CHURROMAIN
_DRAW_AND_ADVANCE		= 3CC8, G: CHURROMAIN
_DRAW_COLOURED_TILE		= 29A2, G: CHURROMAIN
_DRAW_COLOURED_TILE_DO		= 29B6, L: CHURROMAIN
_DRAW_RECTANGLE			= 2B79, G: CHURROMAIN
_DRAW_SCR			= 3E77, G: CHURROMAIN
_DRAW_SCR_ADVANCE_LOOP		= 3DF9, L: CHURROMAIN
_DRAW_SCR_ADVANCE_LOOP_DONE	= 3E0A, L: CHURROMAIN
_DRAW_SCR_BACKGROUND		= 3DC4, G: CHURROMAIN
_DRAW_SCR_GET_SCR_ADDRESS	= 3DCE, L: CHURROMAIN
_DRAW_SCR_LOOP			= 3DE2, L: CHURROMAIN
_DRAW_SCR_LOOP_DONE		= 3E19, L: CHURROMAIN
_DRAW_SCR_RLE			= 3DE2, L: CHURROMAIN
_DRAW_TEXT			= 2A8B, G: CHURROMAIN
_ENEMS_CALC_FRAME		= 3E4D, G: CHURROMAIN
_ENEMS_EN_AN_CALC		= 2D2E, G: CHURROMAIN
_ENEMS_INIT			= 3E83, L: CHURROMAIN
_ENEMS_KILL			= 3F51, G: CHURROMAIN
_ENEM_CELLS			= 2855, G: CHURROMAIN
_ENIT				= 5211, G: CHURROMAIN
_ENOFFS				= 520C, G: CHURROMAIN
_ENOFFSMASI			= 5279, G: CHURROMAIN
_EN_J				= 5210, G: CHURROMAIN
_EN_TOCADO			= 1A8B, G: CHURROMAIN
_EN_XX				= 51F5, G: CHURROMAIN
_EN_YY				= 51F6, G: CHURROMAIN
_ESPERA_ACTIVA			= 2B4D, G: CHURROMAIN
_FLAGS				= 51E3, G: CHURROMAIN
_FLAG_OLD			= 5225, G: CHURROMAIN
_FONT				= 05EB, L: CHURROMAIN
_GAME_ENDING			= 4D18, G: CHURROMAIN
_GAME_OVER			= 4D3C, G: CHURROMAIN
_GET_POINTER_TO_ENEM_OR_COCO	= 2D1B, G: CHURROMAIN
_GPCX				= 5212, G: CHURROMAIN
_GPCY				= 5214, G: CHURROMAIN
_GPIT				= 5218, G: CHURROMAIN
_GPX				= 526B, G: CHURROMAIN
_GPY				= 526C, G: CHURROMAIN
_GP_GEN				= 5209, G: CHURROMAIN
_GP_GEN_ALT			= 51F3, G: CHURROMAIN
_GP_GEN_ORG			= 51F8, G: CHURROMAIN
_HALF_LIFE			= 51E0, G: CHURROMAIN
_HIT_H				= 51F7, G: CHURROMAIN
_HIT_V				= 51FA, G: CHURROMAIN
_HOTSPOTS			= 3653, G: CHURROMAIN
_HOTSPOTS_DONE			= 505F, L: CHURROMAIN
_HOTSPOTS_ELSE			= 505B, L: CHURROMAIN
_HOTSPOTS_FINALLY		= 5054, L: CHURROMAIN
_HOTSPOT_FLAG			= 5203, G: CHURROMAIN
_HOTSPOT_PAINT			= 3D29, G: CHURROMAIN
_HOTSPOT_T			= 51DD, G: CHURROMAIN
_HOTSPOT_T_R			= 5229, G: CHURROMAIN
_HOTSPOT_X			= 51DE, G: CHURROMAIN
_HOTSPOT_Y			= 51DF, G: CHURROMAIN
_IDX				= 5237, G: CHURROMAIN
_INIT_CERROJOS			= 37F2, G: CHURROMAIN
_INIT_HOTSPOTS			= 3CB9, G: CHURROMAIN
_INIT_MALOTES			= 3801, G: CHURROMAIN
_INIT_PLAYER			= 3CA5, G: CHURROMAIN
_INIT_PLAYER_VALUES		= 3C6A, G: CHURROMAIN
_INVALIDATE_VIEWPORT		= 2A3D, G: CHURROMAIN
_ISR				= 28B9, L: CHURROMAIN
_ISR_DONE			= 28D7, L: CHURROMAIN
_ISR_PLAYER_ON			= 51D8, G: CHURROMAIN
_KEYS_OLD			= 5270, G: CHURROMAIN
_KILLED_OLD			= 51FB, G: CHURROMAIN
_LIFE_OLD			= 5204, G: CHURROMAIN
_MAIN				= 4D8A, G: CHURROMAIN
_MAINCOUNTER			= 521F, G: CHURROMAIN
_MALOTES			= 3437, G: CHURROMAIN
_MAPA				= 2F66, G: CHURROMAIN
_MOVE				= 38D5, G: CHURROMAIN
_MUEVE_BICHARRACOS		= 3FCB, G: CHURROMAIN
_NO_BREAK			= 2B2A, G: CHURROMAIN
_N_PANT				= 520F, G: CHURROMAIN
_OBJS_OLD			= 521E, G: CHURROMAIN
_ON_PANT			= 520B, G: CHURROMAIN
_ORIG_TILE			= 527E, G: CHURROMAIN
_PAD0				= 520E, G: CHURROMAIN
_PAD1				= 1A8C, G: CHURROMAIN
_PAD_READ			= 2ADF, G: CHURROMAIN
_PAD_THIS_FRAME			= 1A8D, G: CHURROMAIN
_PANT_JUST_RENDERED		= 527B, G: CHURROMAIN
_PETA_EL_BEEPER			= 215D, G: CHURROMAIN
_PLATFORM_GET_PLAYER		= 3F23, G: CHURROMAIN
_PLAYER				= 5239, G: CHURROMAIN
_PLAYER_CELLS			= 2845, G: CHURROMAIN
_PLAYER_FLICKER			= 381B, G: CHURROMAIN
_PLAYER_WALK_CYCLE		= 36B4, G: CHURROMAIN
_PLAYING			= 5219, G: CHURROMAIN
_PRXX				= 5233, G: CHURROMAIN
_PRYY				= 5234, G: CHURROMAIN
_PTGMX				= 5205, G: CHURROMAIN
_PTGMY				= 5207, G: CHURROMAIN
_PTI				= 5274, G: CHURROMAIN
_PTJ				= 5275, G: CHURROMAIN
_PTX1				= 5221, G: CHURROMAIN
_PTX2				= 5222, G: CHURROMAIN
_PTY1				= 5223, G: CHURROMAIN
_PTY2				= 5224, G: CHURROMAIN
_PVX_TOTAL			= 5227, G: CHURROMAIN
_PVY_TOTAL			= 5235, G: CHURROMAIN
_QTILE				= 36B8, G: CHURROMAIN
_RAND				= 374A, G: CHURROMAIN
_RDA				= 5268, G: CHURROMAIN
_RDB				= 5269, G: CHURROMAIN
_RDC				= 526A, G: CHURROMAIN
_RDD				= 526D, G: CHURROMAIN
_RDI				= 526E, G: CHURROMAIN
_RDMT				= 5220, G: CHURROMAIN
_RDN				= 526F, G: CHURROMAIN
_RDT1				= 5216, G: CHURROMAIN
_RDT2				= 5217, G: CHURROMAIN
_RDX				= 5272, G: CHURROMAIN
_RDY				= 5273, G: CHURROMAIN
_RENDER_ALL_SPRITES		= 2BF4, G: CHURROMAIN
_RENDER_THIS_ENEMY		= 2BC0, G: CHURROMAIN
_SACA_A_TODO_EL_MUNDO_DE_AQUI	= 2C8C, G: CHURROMAIN
_SCENERY_INFO			= 521A, G: CHURROMAIN
_SCRIPT				= 2DA9, G: CHURROMAIN
_SCRIPT_DO			= 0473, G: SHJO_1
_SCRIPT_N			= 0466, G: SHJO_1
_SCRIPT_RESULT			= 0468, G: SHJO_1
_SCRIPT_TN			= 0471, L: SHJO_1
_SCRIPT_TX			= 046F, L: SHJO_1
_SCRIPT_TY			= 0470, L: SHJO_1
_SEED				= 521C, G: CHURROMAIN
_SELECT_CONTROLS		= 2D75, G: CHURROMAIN
_SET_MAP_TILE			= 29E9, G: CHURROMAIN
_SKIP_AY_PLAYER			= 28D6, L: CHURROMAIN
_SM_COX				= 1B19, G: CHURROMAIN
_SM_COY				= 1B29, G: CHURROMAIN
_SM_INVFUNC			= 1B39, G: CHURROMAIN
_SM_SPRPTR			= 1B79, G: CHURROMAIN
_SM_UPDFUNC			= 1B59, G: CHURROMAIN
_SPRITES			= 15EB, G: CHURROMAIN
_SPRITE_17_A			= 19EB, G: CHURROMAIN
_SPRITE_18_A			= 1A2B, G: CHURROMAIN
_STEP				= 2B71, G: CHURROMAIN
_SUCCESS			= 527F, G: CHURROMAIN
_SYSTEM_INIT			= 288D, G: CHURROMAIN
_S_ENDING			= 4A37, G: CHURROMAIN
_S_MARCO			= 4A37, G: CHURROMAIN
_S_TITLE			= 42AF, G: CHURROMAIN
_TAT				= 5271, G: CHURROMAIN
_THRUSTING			= 51FC, G: CHURROMAIN
_TILESET			= 05EB, G: CHURROMAIN
_TILES_TOCADOS_PTR		= 5639, L: CPC_UPDSCR
_TITLE_SCREEN			= 4CEB, G: CHURROMAIN
_TPX				= 5277, G: CHURROMAIN
_TPY				= 5278, G: CHURROMAIN
_TQT				= 5276, G: CHURROMAIN
_TRPIXLUTC			= 27F0, G: CHURROMAIN
_TSPATTERNS			= 09EB, G: CHURROMAIN
_T_ALT				= 51FE, G: CHURROMAIN
_UNPACK_SCREEN			= 2B72, G: CHURROMAIN
_WALL				= 5226, G: CHURROMAIN
_WYZ_BEAT_CT			= 51FD, G: CHURROMAIN
_WYZ_INIT			= 2138, G: CHURROMAIN
_WYZ_PLAY_MUSIC			= 2143, G: CHURROMAIN
_WYZ_SONGS			= 2132, G: CHURROMAIN
_WYZ_STOP_SOUND			= 2164, G: CHURROMAIN
__BADDIES_POINTER		= 527C, G: CHURROMAIN
__EN_LIFE			= 522E, G: CHURROMAIN
__EN_MX				= 51E1, G: CHURROMAIN
__EN_MY				= 51E2, G: CHURROMAIN
__EN_T				= 51D5, G: CHURROMAIN
__EN_X				= 51D6, G: CHURROMAIN
__EN_X1				= 51D9, G: CHURROMAIN
__EN_X2				= 51DA, G: CHURROMAIN
__EN_Y				= 51D7, G: CHURROMAIN
__EN_Y1				= 51DB, G: CHURROMAIN
__EN_Y2				= 51DC, G: CHURROMAIN
__N				= 51FF, G: CHURROMAIN
__T				= 5200, G: CHURROMAIN
__TILE_ADDRESS			= 298A, G: CHURROMAIN
__X				= 5201, G: CHURROMAIN
__X2				= 522C, G: CHURROMAIN
__Y				= 5202, G: CHURROMAIN
__Y2				= 522D, G: CHURROMAIN


START				= 0400, L: CPC_CRT0
TILEMAPCONF			= 0406, G: TILEMAPCONF
POSICIONES_PANTALLA		= 0406, G: TILEMAPCONF
POSICIONES_SUPER_BUFFER		= 0436, G: TILEMAPCONF
_SCRIPT_N			= 0466, G: SHJO_1
_SCRIPT_RESULT			= 0468, G: SHJO_1
SCRIPT				= 0469, L: SHJO_1
SKIP				= 046B, L: SHJO_1
SC_X				= 046D, L: SHJO_1
SC_Y				= 046E, L: SHJO_1
_SCRIPT_TX			= 046F, L: SHJO_1
_SCRIPT_TY			= 0470, L: SHJO_1
_SCRIPT_TN			= 0471, L: SHJO_1
SC_TERMINADO			= 0472, L: SHJO_1
_SCRIPT_DO			= 0473, G: SHJO_1
SCRIPT_LOOP			= 0485, L: SHJO_1
SCRIPT_CLAUSULE			= 0497, L: SHJO_1
COPCODE_01			= 04A3, L: SHJO_1
COPCODE_01_END			= 04B1, L: SHJO_1
OPCODE23			= 04B5, L: SHJO_1
COPCODE_23_END			= 04CE, L: SHJO_1
SKIP_CLAUSULE			= 04D1, L: SHJO_1
SCRIPT_ACTIONS			= 04DA, L: SHJO_1
AOPCODE_00			= 04E6, L: SHJO_1
AOPCODE_00_END			= 04ED, L: SHJO_1
AOPCODE_01			= 04F1, L: SHJO_1
AOPCODE_01_END			= 04FA, L: SHJO_1
AOPCODE_20			= 04FE, L: SHJO_1
AOPCODE_20_END			= 0525, L: SHJO_1
AOPCODE_E0			= 0529, L: SHJO_1
AOPCODE_E0_END			= 0535, L: SHJO_1
AOPCODE_E3			= 0539, L: SHJO_1
AOPCODE_E3_END			= 054E, L: SHJO_1
AOPCODE_F0			= 0552, L: SHJO_1
AOPCODE_F0_END			= 0558, L: SHJO_1
READ_BYTE			= 055B, L: SHJO_1
READ_VBYTE			= 0564, L: SHJO_1
READ_VBYTE_REC			= 056C, L: SHJO_1
RVB_SET_PLAYER_KILLED_DONE	= 0577, L: SHJO_1
RVB_SET_PLAYER_OBJS_DONE	= 057F, L: SHJO_1
RVB_SET_EN_T_DONE		= 0587, L: SHJO_1
READ_X_Y			= 0590, L: SHJO_1
READ_I_V			= 059D, L: SHJO_1
RIV_SET_PLAYER_OBJS_DONE	= 05B1, L: SHJO_1
READ_I_V_CONT			= 05B7, L: SHJO_1
_COMPORTAMIENTO_TILES		= 05BB, G: CHURROMAIN
_TILESET			= 05EB, G: CHURROMAIN
_FONT				= 05EB, L: CHURROMAIN
TILES				= 05EB, G: CHURROMAIN
_TSPATTERNS			= 09EB, G: CHURROMAIN
_SPRITES			= 15EB, G: CHURROMAIN
_SPRITE_17_A			= 19EB, G: CHURROMAIN
_SPRITE_18_A			= 1A2B, G: CHURROMAIN
_EN_TOCADO			= 1A8B, G: CHURROMAIN
_PAD1				= 1A8C, G: CHURROMAIN
_PAD_THIS_FRAME			= 1A8D, G: CHURROMAIN
_BITMASK			= 1A8E, G: CHURROMAIN
MY_INKS				= 1A96, L: CHURROMAIN
_SM_COX				= 1B19, G: CHURROMAIN
_SM_COY				= 1B29, G: CHURROMAIN
_SM_INVFUNC			= 1B39, G: CHURROMAIN
_SM_UPDFUNC			= 1B59, G: CHURROMAIN
_SM_SPRPTR			= 1B79, G: CHURROMAIN
EFECTO5				= 1B99, L: CHURROMAIN
EFECTO0				= 1B99, L: CHURROMAIN
EFECTO4				= 1BB8, L: CHURROMAIN
EFECTO1				= 1BB8, L: CHURROMAIN
EFECTO2				= 1BC8, L: CHURROMAIN
EFECTO3				= 1BE7, L: CHURROMAIN
EFECTO6				= 1C03, L: CHURROMAIN
EFECTO7				= 1C22, L: CHURROMAIN
EFECTO8				= 1C41, L: CHURROMAIN
EFECTO9				= 1C60, L: CHURROMAIN
TABLA_PAUTAS			= 1D03, L: CHURROMAIN
TABLA_SONIDOS			= 1D25, L: CHURROMAIN
PAUTA_0				= 1D39, L: CHURROMAIN
PAUTA_1				= 1D42, L: CHURROMAIN
PAUTA_2				= 1D5F, L: CHURROMAIN
PAUTA_3				= 1D70, L: CHURROMAIN
PAUTA_4				= 1D87, L: CHURROMAIN
PAUTA_5				= 1D9E, L: CHURROMAIN
PAUTA_7				= 1DC5, L: CHURROMAIN
PAUTA_8				= 1DE4, L: CHURROMAIN
PAUTA_9				= 1E15, L: CHURROMAIN
PAUTA_10			= 1E22, L: CHURROMAIN
PAUTA_11			= 1E41, L: CHURROMAIN
PAUTA_12			= 1E4E, L: CHURROMAIN
PAUTA_13			= 1E69, L: CHURROMAIN
PAUTA_14			= 1E72, L: CHURROMAIN
PAUTA_15			= 1E7F, L: CHURROMAIN
PAUTA_16			= 1E90, L: CHURROMAIN
SONIDO0				= 1EAB, L: CHURROMAIN
SONIDO1				= 1EB2, L: CHURROMAIN
SONIDO2				= 1EBC, L: CHURROMAIN
SONIDO3				= 1EC6, L: CHURROMAIN
SONIDO4				= 1ED3, L: CHURROMAIN
SONIDO5				= 1EDA, L: CHURROMAIN
SONIDO6				= 1EDE, L: CHURROMAIN
SONIDO7				= 1EEB, L: CHURROMAIN
SONIDO8				= 1EF8, L: CHURROMAIN
SONIDO9				= 1F05, L: CHURROMAIN
_00_TITLE_MUS_BIN		= 1F09, L: CHURROMAIN
_01_INGAME_MUS_BIN		= 1FDE, L: CHURROMAIN
_02_GOVER_MUS_BIN		= 20F5, L: CHURROMAIN
_WYZ_SONGS			= 2132, G: CHURROMAIN
_WYZ_INIT			= 2138, G: CHURROMAIN
_WYZ_PLAY_MUSIC			= 2143, G: CHURROMAIN
_PETA_EL_BEEPER			= 215D, G: CHURROMAIN
_WYZ_STOP_SOUND			= 2164, G: CHURROMAIN
WYZPLAYER_INIT			= 216C, L: CHURROMAIN
WYZ_PLAYER_ISR			= 2185, L: CHURROMAIN
INICIO				= 2185, L: CHURROMAIN
INICIA_SONIDO			= 219C, L: CHURROMAIN
INICIA_EFECTO			= 21AC, L: CHURROMAIN
REPRODUCE_SONIDO		= 21C7, L: CHURROMAIN
REPRODUCE_SONIDO_LIMPIA_BIT	= 21E0, L: CHURROMAIN
REPRODUCE_EFECTO		= 21E6, L: CHURROMAIN
REPRODUCE_EFECTO_LIMPIA_BIT	= 21FF, L: CHURROMAIN
REPRODUCE_SONIDO_O_EFECTO	= 2205, L: CHURROMAIN
NO_ENVOLVENTES_SONIDO		= 2247, L: CHURROMAIN
NO_RUIDO			= 2254, L: CHURROMAIN
SI_RUIDO			= 225A, L: CHURROMAIN
FIN_SONIDO			= 2261, L: CHURROMAIN
FIN_NOPLAYER			= 226A, L: CHURROMAIN
ROUT				= 2271, L: CHURROMAIN
NO_BACKUP_ENVOLVENTE		= 227B, L: CHURROMAIN
LOUT				= 227E, L: CHURROMAIN
WRITEPSGHL			= 2296, L: CHURROMAIN
PLAYER_OFF			= 22AD, L: CHURROMAIN
CLEAR_PSG_BUFFER		= 22B1, L: CHURROMAIN
CARGA_CANCION			= 22D0, L: CHURROMAIN
DECODE_SONG			= 22D9, L: CHURROMAIN
NPTJP0				= 22F5, L: CHURROMAIN
INIT_DECODER			= 2341, L: CHURROMAIN
BGICMODBC1			= 2386, L: CHURROMAIN
BGICMODBC2			= 2388, L: CHURROMAIN
DECODE_CANAL			= 23A0, L: CHURROMAIN
NO_SILENCIO			= 23AF, L: CHURROMAIN
NO_PUNTILLO			= 23B9, L: CHURROMAIN
NO_INSTRUMENTO			= 23CC, L: CHURROMAIN
NO_ENVOLVENTE			= 23D9, L: CHURROMAIN
NO_MODIFICA			= 23E6, L: CHURROMAIN
FIN_DEC_CANAL			= 23F1, L: CHURROMAIN
GETLEN				= 23F6, L: CHURROMAIN
DCBC0				= 2403, L: CHURROMAIN
PLAY				= 2409, L: CHURROMAIN
NONEWBLACK			= 2428, L: CHURROMAIN
PAUTAS				= 245C, L: CHURROMAIN
LOCALIZA_NOTA			= 2486, L: CHURROMAIN
COMANDOS			= 2493, L: CHURROMAIN
NO_DEC_TEMPO			= 24A5, L: CHURROMAIN
NO_INC_TEMPO			= 24AA, L: CHURROMAIN
COM_EFECTO			= 24D8, L: CHURROMAIN
COM_ENVOLVENTE			= 24E8, L: CHURROMAIN
LNJP0				= 24FD, L: CHURROMAIN
FIN_NOTA_A			= 2507, L: CHURROMAIN
FIN_CANAL_A			= 2527, L: CHURROMAIN
FCA_CONT			= 2532, L: CHURROMAIN
NO_FIN_CANAL_A			= 2540, L: CHURROMAIN
SILENCIO_ENVOLVENTE		= 255B, L: CHURROMAIN
NO_SILENCIO_A			= 256E, L: CHURROMAIN
FIN_RUTINA			= 2580, L: CHURROMAIN
LOCALIZA_EFECTO			= 2581, L: CHURROMAIN
LEJP0				= 2598, L: CHURROMAIN
FIN_NOTA_P			= 25A1, L: CHURROMAIN
FIN_CANAL_P			= 25B9, L: CHURROMAIN
NO_FIN_CANAL_P			= 25C1, L: CHURROMAIN
PAUTA				= 25C8, L: CHURROMAIN
PCAJP4				= 25D4, L: CHURROMAIN
PCAJP0				= 25E8, L: CHURROMAIN
PCAJP1				= 25FF, L: CHURROMAIN
PCAJP2				= 2614, L: CHURROMAIN
ORNNEG				= 2634, L: CHURROMAIN
PCAJP3				= 2636, L: CHURROMAIN
PCAJP6				= 2646, L: CHURROMAIN
ORNMJP1				= 2652, L: CHURROMAIN
PCAJP5				= 265A, L: CHURROMAIN
PCAJP7				= 2664, L: CHURROMAIN
NOTA				= 2668, L: CHURROMAIN
TABLA_NOTAS			= 2670, L: CHURROMAIN
EVOLVENTES			= 267D, L: CHURROMAIN
FRECUENCIA_OFF			= 2697, L: CHURROMAIN
CONT_ENV			= 26A0, L: CHURROMAIN
CRTBC0				= 26AA, L: CHURROMAIN
EXT_WORD			= 26C8, L: CHURROMAIN
TABLA_DATOS_CANAL_SFX		= 26D1, L: CHURROMAIN
SELECT_CANAL_A			= 26D7, L: CHURROMAIN
SELECT_CANAL_B			= 26DE, L: CHURROMAIN
SELECT_CANAL_C			= 26E5, L: CHURROMAIN
INTERR				= 26EC, L: CHURROMAIN
SONG				= 26ED, L: CHURROMAIN
TEMPO				= 26EE, L: CHURROMAIN
TTEMPO				= 26EF, L: CHURROMAIN
PUNTERO_A			= 26F0, L: CHURROMAIN
PUNTERO_B			= 26F2, L: CHURROMAIN
PUNTERO_C			= 26F4, L: CHURROMAIN
CANAL_A				= 26F6, L: CHURROMAIN
CANAL_B				= 26F8, L: CHURROMAIN
CANAL_C				= 26FA, L: CHURROMAIN
PUNTERO_P_A			= 26FC, L: CHURROMAIN
PUNTERO_P_B			= 26FE, L: CHURROMAIN
PUNTERO_P_C			= 2700, L: CHURROMAIN
PUNTERO_P_A0			= 2702, L: CHURROMAIN
PUNTERO_P_B0			= 2704, L: CHURROMAIN
PUNTERO_P_C0			= 2706, L: CHURROMAIN
PUNTERO_P_DECA			= 2708, L: CHURROMAIN
PUNTERO_P_DECB			= 270A, L: CHURROMAIN
PUNTERO_P_DECC			= 270C, L: CHURROMAIN
PUNTERO_DECA			= 270E, L: CHURROMAIN
PUNTERO_DECB			= 2710, L: CHURROMAIN
PUNTERO_DECC			= 2712, L: CHURROMAIN
PUNTERO_EFECTO			= 2714, L: CHURROMAIN
REG_NOTA_A			= 2716, L: CHURROMAIN
VOL_INST_A			= 2717, L: CHURROMAIN
REG_NOTA_B			= 2718, L: CHURROMAIN
VOL_INST_B			= 2719, L: CHURROMAIN
REG_NOTA_C			= 271A, L: CHURROMAIN
VOL_INST_C			= 271B, L: CHURROMAIN
PUNTERO_L_DECA			= 271C, L: CHURROMAIN
PUNTERO_L_DECB			= 271E, L: CHURROMAIN
PUNTERO_L_DECC			= 2720, L: CHURROMAIN
PUNTERO_P			= 2722, L: CHURROMAIN
CANAL_P				= 2724, L: CHURROMAIN
PUNTERO_P_DECP			= 2726, L: CHURROMAIN
PUNTERO_DECP			= 2728, L: CHURROMAIN
PUNTERO_L_DECP			= 272A, L: CHURROMAIN
SFX_L				= 272C, L: CHURROMAIN
SFX_H				= 272E, L: CHURROMAIN
SFX_V				= 2730, L: CHURROMAIN
SFX_MIX				= 2732, L: CHURROMAIN
N_SONIDO			= 2734, L: CHURROMAIN
PUNTERO_SONIDO			= 2735, L: CHURROMAIN
EFECTO_REGS			= 2737, L: CHURROMAIN
SONIDO_REGS			= 2739, L: CHURROMAIN
PSG_REG				= 273B, L: CHURROMAIN
PSG_REG_SEC			= 274B, L: CHURROMAIN
ENVOLVENTE			= 275B, L: CHURROMAIN
ENVOLVENTE_BACK			= 275C, L: CHURROMAIN
DATOS_NOTAS			= 275D, L: CHURROMAIN
TABLA_SONG			= 27D9, L: CHURROMAIN
TABLA_EFECTOS			= 27DB, L: CHURROMAIN
LINE_COUNTER			= 27EF, L: CHURROMAIN
_TRPIXLUTC			= 27F0, G: CHURROMAIN
_DEF_KEYS			= 2815, G: CHURROMAIN
_DEF_KEYS_JOY			= 282D, G: CHURROMAIN
_PLAYER_CELLS			= 2845, G: CHURROMAIN
_ENEM_CELLS			= 2855, G: CHURROMAIN
_BLACKOUT			= 2865, G: CHURROMAIN
BO_L1				= 286E, L: CHURROMAIN
_CPC_BORDER			= 2884, G: CHURROMAIN
_SYSTEM_INIT			= 288D, G: CHURROMAIN
WAIT_VSYNC			= 28AB, L: CHURROMAIN
_ISR				= 28B9, L: CHURROMAIN
_SKIP_AY_PLAYER			= 28D6, L: CHURROMAIN
_ISR_DONE			= 28D7, L: CHURROMAIN
ISR_C1				= 28E4, L: CHURROMAIN
ISR_C2				= 28E5, L: CHURROMAIN
AFTER_ISR			= 28E6, L: CHURROMAIN
SPRITE_CREATION			= 2922, L: CHURROMAIN
SP_SW_INIT_ENEMS_LOOP		= 295C, L: CHURROMAIN
SP_SW_INIT_TURNOFF_LOOP		= 297B, L: CHURROMAIN
__TILE_ADDRESS			= 298A, G: CHURROMAIN
_DRAW_COLOURED_TILE		= 29A2, G: CHURROMAIN
_DRAW_COLOURED_TILE_DO		= 29B6, L: CHURROMAIN
_SET_MAP_TILE			= 29E9, G: CHURROMAIN
SET_MAP_TILE_DO			= 2A04, G: CHURROMAIN
SET_MAP_TILE_DO_PRINT		= 2A25, L: CHURROMAIN
_INVALIDATE_VIEWPORT		= 2A3D, G: CHURROMAIN
_DRAW_2_DIGITS			= 2A49, G: CHURROMAIN
DRAW_2_DIGITS_SHORTCUT		= 2A5A, L: CHURROMAIN
_DRAW_TEXT			= 2A8B, G: CHURROMAIN
DRAW_TEXT_PRE_LOOP		= 2AA1, L: CHURROMAIN
DRAW_TEXT_LOOP			= 2AAA, L: CHURROMAIN
DRAW_LINE_OF_TEXT		= 2AC0, G: CHURROMAIN
PRINT_STR_INV			= 2ACC, L: CHURROMAIN
_PAD_READ			= 2ADF, G: CHURROMAIN
PAD_READ_LOOP			= 2AF1, L: CHURROMAIN
PAD_READ_NOT_PRESSED		= 2B04, L: CHURROMAIN
_NO_BREAK			= 2B2A, G: CHURROMAIN
I_12				= 2B34, L: CHURROMAIN
I_14				= 2B39, L: CHURROMAIN
I_13				= 2B4C, L: CHURROMAIN
_ESPERA_ACTIVA			= 2B4D, G: CHURROMAIN
I_17				= 2B4D, L: CHURROMAIN
I_18				= 2B65, L: CHURROMAIN
I_15				= 2B65, L: CHURROMAIN
I_16				= 2B6F, L: CHURROMAIN
_CORTINA			= 2B70, G: CHURROMAIN
_STEP				= 2B71, G: CHURROMAIN
_UNPACK_SCREEN			= 2B72, G: CHURROMAIN
_DRAW_RECTANGLE			= 2B79, G: CHURROMAIN
DRAW_RECTANGLE_IT1		= 2B92, L: CHURROMAIN
DRAW_RECTANGLE_IT2		= 2B97, L: CHURROMAIN
_RENDER_THIS_ENEMY		= 2BC0, G: CHURROMAIN
_RENDER_ALL_SPRITES		= 2BF4, G: CHURROMAIN
I_19				= 2BFE, L: CHURROMAIN
I_21				= 2C03, L: CHURROMAIN
I_20				= 2C2E, L: CHURROMAIN
RENDER_PLAYER_OFF_SCREEN	= 2C41, L: CHURROMAIN
RENDER_PLAYER_ON_SCREEN		= 2C45, L: CHURROMAIN
RENDER_PLAYER_SET_X		= 2C48, L: CHURROMAIN
RENDER_PLAYER			= 2C4B, L: CHURROMAIN
PLAYER_RENDER_EMPTY		= 2C74, L: CHURROMAIN
PLAYER_RENDER_GRAPHIC		= 2C79, L: CHURROMAIN
PLAYER_RENDER_SET_SP0		= 2C7C, L: CHURROMAIN
_SACA_A_TODO_EL_MUNDO_DE_AQUI	= 2C8C, G: CHURROMAIN
CLEAR_SPRITES_LOOP		= 2C94, L: CHURROMAIN
_CPC_UPDATENOW			= 2C9F, G: CHURROMAIN
_CPC_SCREEN_UPDATE_INV_LOOP	= 2CAD, L: CHURROMAIN
_CPC_SCREEN_UPDATE_INV_RET	= 2CC8, L: CHURROMAIN
_CPC_SCREEN_UPDATE_UPD_BUFFER	= 2CCC, L: CHURROMAIN
I_22				= 2CCC, L: CHURROMAIN
_CPC_SCREEN_UPDATE_UPD_LOOP	= 2CDD, L: CHURROMAIN
_CPC_SCREEN_UPDATE_UPD_RET	= 2CF8, L: CHURROMAIN
_CPC_SCREEN_UPDATE_DONE		= 2CFC, L: CHURROMAIN
ML_MIN_FAPS_LOOP		= 2CFC, L: CHURROMAIN
I_23				= 2CFC, L: CHURROMAIN
ML_MIN_FAPS_LOOP_END		= 2D06, L: CHURROMAIN
_CPC_HARDPAUSE			= 2D11, G: CHURROMAIN
CPC_HARDPAUSE_OUTER		= 2D12, L: CHURROMAIN
CPC_HARDPAUSE_INNER		= 2D14, L: CHURROMAIN
_GET_POINTER_TO_ENEM_OR_COCO	= 2D1B, G: CHURROMAIN
_ENEMS_EN_AN_CALC		= 2D2E, G: CHURROMAIN
_SELECT_CONTROLS		= 2D75, G: CHURROMAIN
TITLE_LOOP			= 2D84, L: CHURROMAIN
TITLE_NOT_AUX3			= 2D93, L: CHURROMAIN
COPY_KEYS_TO_EXTERN		= 2D9D, L: CHURROMAIN
_SCRIPT				= 2DA9, G: CHURROMAIN
SCRIPT_BYTECODE			= 2DB1, G: CHURROMAIN
DZX0_STANDARD			= 2F22, L: CHURROMAIN
DEPACK				= 2F22, L: CHURROMAIN
DZX0S_LITERALS			= 2F29, L: CHURROMAIN
DZX0S_COPY			= 2F34, L: CHURROMAIN
DZX0S_NEW_OFFSET		= 2F3E, L: CHURROMAIN
DZX0S_ELIAS			= 2F57, L: CHURROMAIN
DZX0S_ELIAS_LOOP		= 2F58, L: CHURROMAIN
DZX0S_ELIAS_SKIP		= 2F5E, L: CHURROMAIN
DZX0S_ELIAS_BACKTRACK		= 2F5F, L: CHURROMAIN
_MAPA				= 2F66, G: CHURROMAIN
_CERROJOS			= 3427, G: CHURROMAIN
_MALOTES			= 3437, G: CHURROMAIN
_HOTSPOTS			= 3653, G: CHURROMAIN
HLSHR6_A			= 368F, L: CHURROMAIN
ASHL16_HL			= 369A, L: CHURROMAIN
WITHSIGN			= 36A6, L: CHURROMAIN
_ABS_A				= 36AE, L: CHURROMAIN
_PLAYER_WALK_CYCLE		= 36B4, G: CHURROMAIN
_QTILE				= 36B8, G: CHURROMAIN
QTILE_DO			= 36C0, G: CHURROMAIN
_ATTR				= 36D6, G: CHURROMAIN
_ATTR_2				= 36DE, G: CHURROMAIN
_ATTR_1				= 36E6, L: CHURROMAIN
_ATTR_ENEMS			= 36F0, L: CHURROMAIN
_ATTR_ENEMS_SKIP_1		= 36F8, L: CHURROMAIN
_ATTR_1B			= 3702, L: CHURROMAIN
_ATTR_END			= 3715, L: CHURROMAIN
_COLLIDE_ENEM			= 3718, G: CHURROMAIN
_RAND				= 374A, G: CHURROMAIN
RAND16				= 374A, L: CHURROMAIN
NEXTRAND			= 3766, L: CHURROMAIN
_ABS				= 3774, G: CHURROMAIN
_CHECK_AND_CLEAR_CERROJO	= 377B, G: CHURROMAIN
I_28				= 37A0, L: CHURROMAIN
I_29_I_28			= 37A3, L: CHURROMAIN
CLEAR_CERROJO_LOOP		= 37C1, L: CHURROMAIN
CLEAR_CERROJO_LOOP_CONTINUE	= 37DD, L: CHURROMAIN
CLEAR_CERROJO_LOOP_DONE		= 37E0, L: CHURROMAIN
I_27				= 37F1, L: CHURROMAIN
_INIT_CERROJOS			= 37F2, G: CHURROMAIN
INIT_CERROJOS_LOOP		= 37FC, L: CHURROMAIN
_INIT_MALOTES			= 3801, G: CHURROMAIN
INIT_MALOTES_LOOP		= 380B, L: CHURROMAIN
_PLAYER_FLICKER			= 381B, G: CHURROMAIN
_CM_TWO_POINTS			= 3826, G: CHURROMAIN
_CM_TWO_POINTS_AT1_RESET	= 3834, L: CHURROMAIN
_CM_TWO_POINTS_AT1_DO		= 3837, L: CHURROMAIN
_CM_TWO_POINTS_AT1_DONE		= 3851, L: CHURROMAIN
_CM_TWO_POINTS_AT2_RESET	= 3862, L: CHURROMAIN
_CM_TWO_POINTS_AT2_DO		= 3865, L: CHURROMAIN
_CM_TWO_POINTS_AT2_DONE		= 387F, L: CHURROMAIN
_CHECK_LOCK_OR_BOX_HORZ		= 3883, G: CHURROMAIN
LOCK_HORZ_DONE			= 38AB, L: CHURROMAIN
_CHECK_LOCK_OR_BOX_VERT		= 38AC, G: CHURROMAIN
LOCK_VERT_DONE			= 38D4, L: CHURROMAIN
_MOVE				= 38D5, G: CHURROMAIN
M_VERT_GRAVITY_DO		= 38E5, L: CHURROMAIN
M_VERT_GRAVITY_DONE		= 38F5, L: CHURROMAIN
M_JUMP_START_DONE		= 391D, L: CHURROMAIN
M_JUMP_PERFORM_WRITE_VY		= 3948, L: CHURROMAIN
M_JUMP_PERFORM_NOT_PRESSING	= 3956, L: CHURROMAIN
M_JUMP_PERFORM_DONE		= 395A, L: CHURROMAIN
M_VERT_THRUST_NOTNEG		= 396B, L: CHURROMAIN
M_VERT_THURST_WRITE		= 3974, L: CHURROMAIN
M_VERT_COLL_DO			= 39AC, L: CHURROMAIN
M_VERT_COLL_DOWN		= 39B0, L: CHURROMAIN
M_VERT_COLL_DOWN_CH2		= 39EA, L: CHURROMAIN
M_VERT_COLL_DOWN_ADJUST		= 39F3, L: CHURROMAIN
M_VERT_COLL_UP			= 3A0E, L: CHURROMAIN
M_VERT_COLL_UP_ADJUST		= 3A32, L: CHURROMAIN
M_VERT_COLL_DONE		= 3A4D, L: CHURROMAIN
M_VERT_COLL_CHECKS_DONE		= 3A4D, L: CHURROMAIN
M_VERT_SET_POSSEE		= 3A74, L: CHURROMAIN
M_VERT_SET_POSSEE_WRITE		= 3A76, L: CHURROMAIN
M_HORZ_KP_RX_POSITIVE		= 3A91, L: CHURROMAIN
M_HORZ_KP_RX_NEGATIVE		= 3A9E, L: CHURROMAIN
M_HORZ_KP_LEFT_OR_RIGHT_P	= 3AAB, L: CHURROMAIN
M_HORZ_KP_LEFT_DO		= 3AB5, L: CHURROMAIN
M_HORZ_KP_LEFT_FACING		= 3AC5, L: CHURROMAIN
M_HORZ_KP_LEFT_DONE		= 3ACC, L: CHURROMAIN
M_HORZ_KP_RIGHT_DO		= 3AD1, L: CHURROMAIN
M_HORZ_KP_RIGHT_FACING		= 3AE1, L: CHURROMAIN
M_HORZ_KP_VX_WRITE		= 3AE6, L: CHURROMAIN
M_HORZ_KP_RIGHT_DONE		= 3AE6, L: CHURROMAIN
M_HORZ_KP_DONE			= 3AE9, L: CHURROMAIN
M_HORZ_THRUST_NOTNEG		= 3AFF, L: CHURROMAIN
M_HORZ_THURST_WRITE		= 3B08, L: CHURROMAIN
M_HORZ_COLL_DO			= 3B21, L: CHURROMAIN
M_HORZ_COLL_RIGHT		= 3B44, L: CHURROMAIN
M_HORZ_COLL_RIGHT_ADJUST	= 3B68, L: CHURROMAIN
M_HORZ_COLL_LEFT		= 3B88, L: CHURROMAIN
M_HORZ_COLL_LEFT_ADJUST		= 3BAC, L: CHURROMAIN
M_HORZ_COLL_DONE		= 3BCA, L: CHURROMAIN
M_HORZ_COLL_CHECKS_DONE		= 3BCA, L: CHURROMAIN
NOSPECIAL			= 3C21, L: CHURROMAIN
M_FRAME_ON_SOMETHING		= 3C2D, L: CHURROMAIN
M_FRAME_STILL			= 3C4F, L: CHURROMAIN
M_FRAME_SET			= 3C51, L: CHURROMAIN
_INIT_PLAYER_VALUES		= 3C6A, G: CHURROMAIN
_INIT_PLAYER			= 3CA5, G: CHURROMAIN
_INIT_HOTSPOTS			= 3CB9, G: CHURROMAIN
INIT_HOTSPOTS_LOOP		= 3CC3, L: CHURROMAIN
_DRAW_AND_ADVANCE		= 3CC8, G: CHURROMAIN
DRAW_AND_ADVANCE_X_SET		= 3D16, L: CHURROMAIN
_CALC_HOTSPOT_PTR		= 3D1E, G: CHURROMAIN
_HOTSPOT_PAINT			= 3D29, G: CHURROMAIN
HOTSPOT_PAINT_ACT_SKIP		= 3D50, L: CHURROMAIN
HOTSPOT_PAINT_NOACT_SKIP	= 3D65, L: CHURROMAIN
HOTSPOT_PAINT_SET_T		= 3DBD, L: CHURROMAIN
_DRAW_SCR_BACKGROUND		= 3DC4, G: CHURROMAIN
_DRAW_SCR_GET_SCR_ADDRESS	= 3DCE, L: CHURROMAIN
_DRAW_SCR_RLE			= 3DE2, L: CHURROMAIN
_DRAW_SCR_LOOP			= 3DE2, L: CHURROMAIN
_DRAW_SCR_ADVANCE_LOOP		= 3DF9, L: CHURROMAIN
_DRAW_SCR_ADVANCE_LOOP_DONE	= 3E0A, L: CHURROMAIN
_ADVANCE_WORM			= 3E0F, L: CHURROMAIN
_DRAW_SCR_LOOP_DONE		= 3E19, L: CHURROMAIN
DRAW_SCR_BOLTS_LOOP		= 3E21, L: CHURROMAIN
DRAW_SCR_BOLTS_CONTINUE		= 3E4A, L: CHURROMAIN
_ENEMS_CALC_FRAME		= 3E4D, G: CHURROMAIN
_DRAW_SCR			= 3E77, G: CHURROMAIN
_ENEMS_INIT			= 3E83, L: CHURROMAIN
I_30				= 3E99, L: CHURROMAIN
I_32				= 3E9E, L: CHURROMAIN
I_35				= 3ECC, L: CHURROMAIN
I_36				= 3EE4, L: CHURROMAIN
I_39				= 3EE4, L: CHURROMAIN
I_37				= 3EE4, L: CHURROMAIN
I_38				= 3EE4, L: CHURROMAIN
I_40				= 3EF0, L: CHURROMAIN
I_34				= 3F04, L: CHURROMAIN
I_31				= 3F0A, L: CHURROMAIN
_PLATFORM_GET_PLAYER		= 3F23, G: CHURROMAIN
_ENEMS_KILL			= 3F51, G: CHURROMAIN
I_41				= 3FC4, L: CHURROMAIN
I_42				= 3FCA, L: CHURROMAIN
_MUEVE_BICHARRACOS		= 3FCB, G: CHURROMAIN
I_43				= 3FE8, L: CHURROMAIN
I_45				= 3FED, L: CHURROMAIN
I_46				= 4016, L: CHURROMAIN
ENEMS_ANIMATE_DONE		= 4035, L: CHURROMAIN
I_49				= 4047, L: CHURROMAIN
I_51				= 407D, L: CHURROMAIN
MOVING_PLATFORMS		= 4080, L: CHURROMAIN
I_52_I_51			= 4080, L: CHURROMAIN
MOVING_PLATFORMS_DO		= 408E, L: CHURROMAIN
MOVING_PLATFORMS_VERT		= 408E, L: CHURROMAIN
MOVING_PLATFORMS_VERT_UP	= 4098, L: CHURROMAIN
MOVING_PLATFORMS_VERT_DOWN	= 40B5, L: CHURROMAIN
MOVING_PLATFORMS_VERT_DONE	= 40D0, L: CHURROMAIN
MOVING_PLATFORMS_HORZ		= 40D0, L: CHURROMAIN
MOVING_PLATFORMS_DONE		= 4104, L: CHURROMAIN
I_50				= 4107, L: CHURROMAIN
I_56				= 4127, L: CHURROMAIN
I_57_I_56			= 412A, L: CHURROMAIN
I_59_UGE			= 4157, L: CHURROMAIN
I_59				= 4159, L: CHURROMAIN
I_60_I_59			= 415C, L: CHURROMAIN
CWEPKE_ZERO			= 416D, L: CHURROMAIN
CWEPKE_W			= 416E, L: CHURROMAIN
I_58				= 4182, L: CHURROMAIN
I_62				= 41A6, L: CHURROMAIN
I_61				= 41A6, L: CHURROMAIN
I_55				= 41A6, L: CHURROMAIN
I_63				= 41AC, L: CHURROMAIN
I_53				= 41AC, L: CHURROMAIN
I_54				= 41AC, L: CHURROMAIN
I_47				= 41AC, L: CHURROMAIN
I_48				= 41AC, L: CHURROMAIN
ENEMS_UPDATE_VALUES_AND_EXIT	= 41AC, L: CHURROMAIN
I_44				= 41B2, L: CHURROMAIN
_CALC_BADDIES_POINTER		= 41B3, L: CHURROMAIN
ENEMS_GET_VALUES		= 41BE, L: CHURROMAIN
ENEMS_UPDATE_VALUES_STORE	= 41F4, L: CHURROMAIN
EN_LINEAR_HORIZONTAL_AXIS	= 4225, L: CHURROMAIN
EN_LINEAL_DO			= 4225, L: CHURROMAIN
EN_LINEAR_HORZ_BOUNDS		= 4233, L: CHURROMAIN
HORZ_LIMIT_SKIP_1		= 424E, L: CHURROMAIN
HORZ_LIMIT_SKIP_2		= 4269, L: CHURROMAIN
EN_LINEAR_HORIZONTAL_AXIS_DONE	= 4269, L: CHURROMAIN
EN_LINEAR_VERTICAL_AXIS		= 4269, L: CHURROMAIN
EN_LINEAR_VERT_BOUNDS		= 4277, L: CHURROMAIN
VERT_LIMIT_SKIP_1		= 4292, L: CHURROMAIN
VERT_LIMIT_SKIP_2		= 42AD, L: CHURROMAIN
EN_LINEAR_VERTICAL_AXIS_DONE	= 42AD, L: CHURROMAIN
EN_LINEAR_DONE			= 42AD, L: CHURROMAIN
_DO_EXTERN_ACTION		= 42AE, G: CHURROMAIN
_S_TITLE			= 42AF, G: CHURROMAIN
_S_MARCO			= 4A37, G: CHURROMAIN
_S_ENDING			= 4A37, G: CHURROMAIN
_TITLE_SCREEN			= 4CEB, G: CHURROMAIN
_GAME_ENDING			= 4D18, G: CHURROMAIN
_GAME_OVER			= 4D3C, G: CHURROMAIN
_MAIN				= 4D8A, G: CHURROMAIN
I_64				= 4D8D, L: CHURROMAIN
I_66				= 4DE7, L: CHURROMAIN
ML_UD_SKIP			= 4E09, L: CHURROMAIN
I_69				= 4E34, L: CHURROMAIN
I_70				= 4E37, L: CHURROMAIN
I_68				= 4E4A, L: CHURROMAIN
I_71				= 4E78, L: CHURROMAIN
I_73				= 4E9F, L: CHURROMAIN
I_74				= 4EA6, L: CHURROMAIN
I_72				= 4EC3, L: CHURROMAIN
I_75				= 4EE8, L: CHURROMAIN
I_76				= 4F16, L: CHURROMAIN
I_80				= 4F79, L: CHURROMAIN
I_81				= 4F8C, L: CHURROMAIN
I_82				= 4FAB, L: CHURROMAIN
I_84				= 4FBD, L: CHURROMAIN
I_83				= 4FBD, L: CHURROMAIN
I_85				= 4FC0, L: CHURROMAIN
I_86				= 4FD4, L: CHURROMAIN
I_87				= 4FF2, L: CHURROMAIN
I_79				= 4FFD, L: CHURROMAIN
_HOTSPOTS_FINALLY		= 5054, L: CHURROMAIN
I_88				= 5054, L: CHURROMAIN
I_77				= 5054, L: CHURROMAIN
_HOTSPOTS_ELSE			= 505B, L: CHURROMAIN
_HOTSPOTS_DONE			= 505F, L: CHURROMAIN
PLAYER_FLICKER_DONE_CHECK	= 5067, L: CHURROMAIN
PLAYER_FLICKER_CT_WRITE		= 5078, L: CHURROMAIN
PLAYER_FLICKER_CHECK_DONE	= 507B, L: CHURROMAIN
I_89				= 509C, L: CHURROMAIN
I_91				= 50B0, L: CHURROMAIN
I_92_I_91			= 50B3, L: CHURROMAIN
FLICK_LEFT_DONE			= 50C2, L: CHURROMAIN
I_90				= 50C5, L: CHURROMAIN
I_95				= 50D9, L: CHURROMAIN
I_96_I_95			= 50DC, L: CHURROMAIN
I_93				= 50EA, L: CHURROMAIN
I_94				= 50EA, L: CHURROMAIN
FLICK_RIGHT_DONE		= 50EA, L: CHURROMAIN
I_98_UGE			= 5109, L: CHURROMAIN
I_98				= 510B, L: CHURROMAIN
I_99_I_98			= 510E, L: CHURROMAIN
FLICK_UP_DONE			= 5121, L: CHURROMAIN
I_97				= 5124, L: CHURROMAIN
I_102				= 5138, L: CHURROMAIN
I_103_I_102			= 513B, L: CHURROMAIN
I_101				= 514D, L: CHURROMAIN
I_100				= 514D, L: CHURROMAIN
FLICK_DOWN_DONE			= 514D, L: CHURROMAIN
I_104				= 516C, L: CHURROMAIN
PLAYER_IS_DEAD			= 5176, L: CHURROMAIN
I_105				= 5194, L: CHURROMAIN
I_107				= 51A9, L: CHURROMAIN
I_106				= 51B6, L: CHURROMAIN
I_67				= 51BD, L: CHURROMAIN
I_65				= 51C0, L: CHURROMAIN
I_1				= 51C1, L: CHURROMAIN
__EN_T				= 51D5, G: CHURROMAIN
__EN_X				= 51D6, G: CHURROMAIN
__EN_Y				= 51D7, G: CHURROMAIN
_ISR_PLAYER_ON			= 51D8, G: CHURROMAIN
__EN_X1				= 51D9, G: CHURROMAIN
__EN_X2				= 51DA, G: CHURROMAIN
__EN_Y1				= 51DB, G: CHURROMAIN
__EN_Y2				= 51DC, G: CHURROMAIN
_HOTSPOT_T			= 51DD, G: CHURROMAIN
_HOTSPOT_X			= 51DE, G: CHURROMAIN
_HOTSPOT_Y			= 51DF, G: CHURROMAIN
_HALF_LIFE			= 51E0, G: CHURROMAIN
__EN_MX				= 51E1, G: CHURROMAIN
__EN_MY				= 51E2, G: CHURROMAIN
_FLAGS				= 51E3, G: CHURROMAIN
_GP_GEN_ALT			= 51F3, G: CHURROMAIN
_EN_XX				= 51F5, G: CHURROMAIN
_EN_YY				= 51F6, G: CHURROMAIN
_HIT_H				= 51F7, G: CHURROMAIN
_GP_GEN_ORG			= 51F8, G: CHURROMAIN
_HIT_V				= 51FA, G: CHURROMAIN
_KILLED_OLD			= 51FB, G: CHURROMAIN
_THRUSTING			= 51FC, G: CHURROMAIN
_WYZ_BEAT_CT			= 51FD, G: CHURROMAIN
_T_ALT				= 51FE, G: CHURROMAIN
__N				= 51FF, G: CHURROMAIN
__T				= 5200, G: CHURROMAIN
__X				= 5201, G: CHURROMAIN
__Y				= 5202, G: CHURROMAIN
_HOTSPOT_FLAG			= 5203, G: CHURROMAIN
_LIFE_OLD			= 5204, G: CHURROMAIN
_PTGMX				= 5205, G: CHURROMAIN
_PTGMY				= 5207, G: CHURROMAIN
_GP_GEN				= 5209, G: CHURROMAIN
_ON_PANT			= 520B, G: CHURROMAIN
_ENOFFS				= 520C, G: CHURROMAIN
_PAD0				= 520E, G: CHURROMAIN
_N_PANT				= 520F, G: CHURROMAIN
_EN_J				= 5210, G: CHURROMAIN
_ENIT				= 5211, G: CHURROMAIN
_GPCX				= 5212, G: CHURROMAIN
_GPCY				= 5214, G: CHURROMAIN
_RDT1				= 5216, G: CHURROMAIN
_RDT2				= 5217, G: CHURROMAIN
_GPIT				= 5218, G: CHURROMAIN
_PLAYING			= 5219, G: CHURROMAIN
_SCENERY_INFO			= 521A, G: CHURROMAIN
_SEED				= 521C, G: CHURROMAIN
_OBJS_OLD			= 521E, G: CHURROMAIN
_MAINCOUNTER			= 521F, G: CHURROMAIN
_RDMT				= 5220, G: CHURROMAIN
_PTX1				= 5221, G: CHURROMAIN
_PTX2				= 5222, G: CHURROMAIN
_PTY1				= 5223, G: CHURROMAIN
_PTY2				= 5224, G: CHURROMAIN
_FLAG_OLD			= 5225, G: CHURROMAIN
_WALL				= 5226, G: CHURROMAIN
_PVX_TOTAL			= 5227, G: CHURROMAIN
_HOTSPOT_T_R			= 5229, G: CHURROMAIN
_AT1				= 522A, G: CHURROMAIN
_AT2				= 522B, G: CHURROMAIN
__X2				= 522C, G: CHURROMAIN
__Y2				= 522D, G: CHURROMAIN
__EN_LIFE			= 522E, G: CHURROMAIN
_CX1				= 522F, G: CHURROMAIN
_CX2				= 5230, G: CHURROMAIN
_CY1				= 5231, G: CHURROMAIN
_CY2				= 5232, G: CHURROMAIN
_PRXX				= 5233, G: CHURROMAIN
_PRYY				= 5234, G: CHURROMAIN
_PVY_TOTAL			= 5235, G: CHURROMAIN
_IDX				= 5237, G: CHURROMAIN
_PLAYER				= 5239, G: CHURROMAIN
_RDA				= 5268, G: CHURROMAIN
_RDB				= 5269, G: CHURROMAIN
_RDC				= 526A, G: CHURROMAIN
_GPX				= 526B, G: CHURROMAIN
_GPY				= 526C, G: CHURROMAIN
_RDD				= 526D, G: CHURROMAIN
_RDI				= 526E, G: CHURROMAIN
_RDN				= 526F, G: CHURROMAIN
_KEYS_OLD			= 5270, G: CHURROMAIN
_TAT				= 5271, G: CHURROMAIN
_RDX				= 5272, G: CHURROMAIN
_RDY				= 5273, G: CHURROMAIN
_PTI				= 5274, G: CHURROMAIN
_PTJ				= 5275, G: CHURROMAIN
_TQT				= 5276, G: CHURROMAIN
_TPX				= 5277, G: CHURROMAIN
_TPY				= 5278, G: CHURROMAIN
_ENOFFSMASI			= 5279, G: CHURROMAIN
_PANT_JUST_RENDERED		= 527B, G: CHURROMAIN
__BADDIES_POINTER		= 527C, G: CHURROMAIN
_ORIG_TILE			= 527E, G: CHURROMAIN
_SUCCESS			= 527F, G: CHURROMAIN
CPC_INVALIDATERECT		= 5280, G: CPC_INVALIDATERECT
CPC_INVALIDATERECT_P		= 5288, L: CPC_INVALIDATERECT
NOINC1				= 52AE, L: CPC_INVALIDATERECT
INVCOLLP			= 52B2, L: CPC_INVALIDATERECT
NOINC2				= 52C1, L: CPC_INVALIDATERECT
INVFULLCHAR			= 52C5, L: CPC_INVALIDATERECT
INVROWLP			= 52C7, L: CPC_INVALIDATERECT
NOINC3				= 52D2, L: CPC_INVALIDATERECT
CPC_BITLEFT2MASK		= 52E0, G: CPC_BITLEFT2MASK
CPC_BITRIGHT2MASK		= 52E8, G: CPC_BITRIGHT2MASK
KEYMAP0				= 52F0, L: CPC_KEYSDATA
CPC_KEYSDATA			= 52F0, G: CPC_KEYSDATA
TECLA_0				= 52FA, L: CPC_KEYSDATA
TABLA_TECLAS0			= 52FC, G: CPC_KEYSDATA
CPC_PUTSPTILEMAP8X16PX		= 5315, G: CPC_PUTSPTILEMAP8X16PX
DO_UPDATE			= 532F, L: CPC_PUTSPTILEMAP8X16PX
ORIGIN_NEXT_ROW			= 5354, L: CPC_PUTSPTILEMAP8X16PX
ORIGIN_LAST_ROW			= 5367, L: CPC_PUTSPTILEMAP8X16PX
FIN				= 537E, L: CPC_PUTSPTILEMAP8X16PX
CPC_UPDTILETABLECLP		= 537F, G: CPC_UPDTILETABLE
CPC_UPDTILETABLE		= 538D, G: CPC_UPDTILETABLE
CPC_BIT2MASK			= 53AC, G: CPC_BIT2MASK
CPC_TBLLOOKUP			= 53B4, G: CPC_TBLLOOKUP
NOINC				= 53B9, L: CPC_TBLLOOKUP
CPC_PUTTRSP8X16TILEMAPPX	= 53BB, G: CPC_PUTTRSP8X16TILEMAPPX
TRANSFERIR_SPRITE		= 53C9, L: CPC_PUTTRSP8X16TILEMAPPX
PASA_BLOQUE_A_SBUFFER		= 53C9, L: CPC_PUTTRSP8X16TILEMAPPX
SP_BUFFER_MASK			= 53E0, L: CPC_PUTTRSP8X16TILEMAPPX
LOOP_ALTO_MAP_SBUFFER		= 53EA, L: CPC_PUTTRSP8X16TILEMAPPX
LOOP_ALTO_MAP_SBUFFER_SHIFTED	= 5417, L: CPC_PUTTRSP8X16TILEMAPPX
CPC_RESETTOUCHEDTILES		= 5495, G: CPC_RESETTOUCHEDTILES
CPC_SETMODE			= 54A3, G: CPC_SETMODE
CPC_SHOWTILEMAP			= 54AD, G: CPC_SHOWTILEMAP
SOLOCOPIA			= 54C2, L: CPC_SHOWTILEMAP
TRANSFERIR_PANTALLA_A_SUPERBUFFER	= 54CF, L: CPC_SHOWTILEMAP
BUCLE_DIBUJADO_FONDO		= 54D6, L: CPC_SHOWTILEMAP
INCREMENTO2			= 5507, L: CPC_SHOWTILEMAP
CONTADOR_TILES			= 5514, L: CPC_SHOWTILEMAP
CONTADOR_TILES2			= 5515, L: CPC_SHOWTILEMAP
TRANSFERIR_MAP_SBUFFER		= 5517, L: CPC_SHOWTILEMAP
LOOP_ALTO_MAP_SBUFFER		= 551D, L: CPC_SHOWTILEMAP
LOOP_ANCHO_MAP_SBUFFER		= 551D, L: CPC_SHOWTILEMAP
CPC_PUTSP			= 552B, L: CPC_SHOWTILEMAP
LOOP_ALTO_2			= 552D, L: CPC_SHOWTILEMAP
SIG_LINEA_2			= 5544, L: CPC_SHOWTILEMAP
CPC_SHOWTOUCHEDTILES		= 5548, G: CPC_SHOWTOUCHEDTILES
BUCLE_CPC_SHOWTOUCHEDTILES	= 5550, L: CPC_SHOWTOUCHEDTILES
PROCESS				= 555A, L: CPC_SHOWTOUCHEDTILES
SKIPALL				= 5586, L: CPC_SHOWTOUCHEDTILES
NOINCD				= 558E, L: CPC_SHOWTOUCHEDTILES
CHECKBIT			= 5592, L: CPC_SHOWTOUCHEDTILES
COPYTILE			= 5595, L: CPC_SHOWTOUCHEDTILES
POSICIONAR_SUPERBUFFER		= 5597, L: CPC_SHOWTOUCHEDTILES
POSICIONAR_PANTALLA		= 55A0, L: CPC_SHOWTOUCHEDTILES
TRANSF_BLOQUE_SB_PANTALLA	= 55AE, L: CPC_SHOWTOUCHEDTILES
COPYCELL_DONE			= 55EC, L: CPC_SHOWTOUCHEDTILES
CHECKBIT_DONE			= 55EE, L: CPC_SHOWTOUCHEDTILES
CPC_TESTKEYBOARD		= 55F2, G: CPC_TESTKEYBOARD
CPC_UPDSCR			= 5616, G: CPC_UPDSCR
MAIN_LOOP			= 5624, L: CPC_UPDSCR
_TILES_TOCADOS_PTR		= 5639, L: CPC_UPDSCR
PROCESS_TOUCHED_BYTE		= 563B, L: CPC_UPDSCR
BIT0_SKIP			= 564C, L: CPC_UPDSCR
BIT1_SKIP			= 5656, L: CPC_UPDSCR
BIT2_SKIP			= 5660, L: CPC_UPDSCR
BIT3_SKIP			= 566A, L: CPC_UPDSCR
BIT4_SKIP			= 5674, L: CPC_UPDSCR
BIT5_SKIP			= 567E, L: CPC_UPDSCR
BIT6_SKIP			= 5688, L: CPC_UPDSCR
BIT7_SKIP			= 5692, L: CPC_UPDSCR
UCOPYTILE			= 5696, L: CPC_UPDSCR
TRANSFERIR_MAP_SBUFFER_GREY	= 56A4, L: CPC_UPDSCR
SKEEP				= 56E1, L: CPC_UPDSCR
L_ASL				= 56E5, G: L_ASL
L_ASL1				= 56E6, L: L_ASL
L_ASR_U				= 56EC, G: L_ASR_U
L_ASR_U_1			= 56ED, L: L_ASR_U
L_COM				= 56F6, G: L_COM
L_DIV_U				= 56FD, G: L_DIV_U
ENTRY				= 5701, L: L_DIV_U
L_DIV1				= 5708, L: L_DIV_U
L_DIV2				= 5712, L: L_DIV_U
L_EQ				= 571C, G: L_EQ
L_GCHAR				= 5723, G: L_GCHAR
L_SXT				= 5724, L: L_GCHAR
L_GE				= 5729, G: L_GE
L_GT				= 5737, G: L_GT
L_LT				= 5743, G: L_LT
L_NE				= 574F, G: L_NE
L_NEG				= 5756, G: L_NEG
L_OR				= 575E, G: L_OR
L_PINT				= 5765, G: L_PINT
L_UGE				= 576B, G: L_UGE
L_ULE				= 5773, G: L_ULE
L_ULT				= 577B, G: L_ULT
